Loading tilelang libs from dev root: /opt/tilelang-metax-v0.1.10/build
{"case": {"B": 4, "SEQ_LEN": 1024, "H": 1, "HQ": 16, "D": 32, "S": 1, "block_size": 16, "is_causal": true}, "candidate": "baseline", "phase": "compile_correctness"}
{"case": {"B": 4, "SEQ_LEN": 1024, "H": 1, "HQ": 16, "D": 32, "S": 1, "block_size": 16, "is_causal": true}, "candidate": "candidate", "phase": "compile_correctness"}
2026-09-07 09:23:17  [TileLang:tilelang.cache.kernel_cache:WARNING] (kernel_cache.py:342): Found kernel 'kernel' in memory cache. For better performance, consider using `@tilelang.jit` instead of direct kernel caching.
{"case": {"B": 4, "SEQ_LEN": 1024, "H": 1, "HQ": 16, "D": 32, "S": 1, "block_size": 16, "is_causal": true}, "seed": 336, "status": "PASS", "call_event_ms": {"baseline": [0.01530880033969879, 0.015027199685573579, 0.0151296004652977, 0.0151296004652977], "candidate": [0.015999999642372132, 0.01510400027036667, 0.01525759994983673, 0.015001599490642548]}, "median_ms": {"baseline": 0.0151296004652977, "candidate": 0.0151808001101017}, "baseline_over_candidate": 0.9966273421405548}
{"case": {"B": 4, "SEQ_LEN": 1024, "H": 1, "HQ": 16, "D": 32, "S": 1, "block_size": 32, "is_causal": true}, "candidate": "baseline", "phase": "compile_correctness"}
{"case": {"B": 4, "SEQ_LEN": 1024, "H": 1, "HQ": 16, "D": 32, "S": 1, "block_size": 32, "is_causal": true}, "candidate": "candidate", "phase": "compile_correctness"}
2026-09-07 09:23:17  [TileLang:tilelang.cache.kernel_cache:WARNING] (kernel_cache.py:342): Found kernel 'kernel' in memory cache. For better performance, consider using `@tilelang.jit` instead of direct kernel caching.
{"case": {"B": 4, "SEQ_LEN": 1024, "H": 1, "HQ": 16, "D": 32, "S": 1, "block_size": 32, "is_causal": true}, "seed": 336, "status": "PASS", "call_event_ms": {"baseline": [0.021913599967956544, 0.02173440009355545, 0.02242559939622879, 0.02099200040102005], "candidate": [0.021887999773025513, 0.02176000028848648, 0.02173440009355545, 0.02181120067834854]}, "median_ms": {"baseline": 0.021824000030755998, "candidate": 0.02178560048341751}, "baseline_over_candidate": 1.0017626113802884}
{"case": {"B": 4, "SEQ_LEN": 1024, "H": 1, "HQ": 16, "D": 64, "S": 1, "block_size": 16, "is_causal": true}, "candidate": "baseline", "phase": "compile_correctness"}
{"case": {"B": 4, "SEQ_LEN": 1024, "H": 1, "HQ": 16, "D": 64, "S": 1, "block_size": 16, "is_causal": true}, "candidate": "candidate", "phase": "compile_correctness"}
2026-09-07 09:23:18  [TileLang:tilelang.cache.kernel_cache:WARNING] (kernel_cache.py:342): Found kernel 'kernel' in memory cache. For better performance, consider using `@tilelang.jit` instead of direct kernel caching.
{"case": {"B": 4, "SEQ_LEN": 1024, "H": 1, "HQ": 16, "D": 64, "S": 1, "block_size": 16, "is_causal": true}, "seed": 336, "status": "PASS", "call_event_ms": {"baseline": [0.029772800207138062, 0.029414400458335876, 0.029772800207138062, 0.02905600070953369], "candidate": [0.029849600791931153, 0.029977598786354066, 0.029875200986862183, 0.03036159873008728]}, "median_ms": {"baseline": 0.029593600332736968, "candidate": 0.029926399886608127}, "baseline_over_candidate": 0.9888793989543632}
{"case": {"B": 4, "SEQ_LEN": 1024, "H": 1, "HQ": 16, "D": 64, "S": 1, "block_size": 32, "is_causal": true}, "candidate": "baseline", "phase": "compile_correctness"}
{"case": {"B": 4, "SEQ_LEN": 1024, "H": 1, "HQ": 16, "D": 64, "S": 1, "block_size": 32, "is_causal": true}, "candidate": "candidate", "phase": "compile_correctness"}
{"case": {"B": 4, "SEQ_LEN": 1024, "H": 1, "HQ": 16, "D": 64, "S": 1, "block_size": 32, "is_causal": true}, "seed": 336, "status": "PASS", "call_event_ms": {"baseline": [0.046105599403381346, 0.045772799849510194, 0.045491200685501096, 0.04526079893112182], "candidate": [0.03709439933300018, 0.03694080114364624, 0.03694080114364624, 0.03686400055885315]}, "median_ms": {"baseline": 0.04563200026750565, "candidate": 0.03694080114364624}, "baseline_over_candidate": 1.2352737042724986}
{"case": {"B": 4, "SEQ_LEN": 1024, "H": 1, "HQ": 16, "D": 128, "S": 1, "block_size": 16, "is_causal": true}, "candidate": "baseline", "phase": "compile_correctness"}
{"case": {"B": 4, "SEQ_LEN": 1024, "H": 1, "HQ": 16, "D": 128, "S": 1, "block_size": 16, "is_causal": true}, "candidate": "candidate", "phase": "compile_correctness"}
{"case": {"B": 4, "SEQ_LEN": 1024, "H": 1, "HQ": 16, "D": 128, "S": 1, "block_size": 16, "is_causal": true}, "seed": 336, "status": "PASS", "call_event_ms": {"baseline": [0.05606399774551392, 0.05483520030975342, 0.05493760108947754, 0.05529599785804749], "candidate": [0.050457602739334105, 0.04997119903564453, 0.050329601764678954, 0.05055999755859375]}, "median_ms": {"baseline": 0.05511679947376251, "candidate": 0.05039360225200653}, "baseline_over_candidate": 1.0937261281330195}
{"case": {"B": 4, "SEQ_LEN": 1024, "H": 1, "HQ": 16, "D": 128, "S": 1, "block_size": 32, "is_causal": true}, "candidate": "baseline", "phase": "compile_correctness"}
{"case": {"B": 4, "SEQ_LEN": 1024, "H": 1, "HQ": 16, "D": 128, "S": 1, "block_size": 32, "is_causal": true}, "candidate": "candidate", "phase": "compile_correctness"}
2026-09-07 09:23:18  [TileLang:tilelang.jit.kernel:INFO] (kernel.py:129): TileLang begins to compile kernel `kernel` with `out_idx=None`
2026-09-07 09:23:21  [TileLang:tilelang.jit.kernel:INFO] (kernel.py:137): TileLang completes to compile kernel `kernel`
{"case": {"B": 4, "SEQ_LEN": 1024, "H": 1, "HQ": 16, "D": 128, "S": 1, "block_size": 32, "is_causal": true}, "seed": 336, "status": "PASS", "call_event_ms": {"baseline": [0.08394240140914917, 0.08161280155181885, 0.08104959726333619, 0.08163840174674988], "candidate": [0.06228479743003845, 0.062003201246261595, 0.061977601051330565, 0.062003201246261595]}, "median_ms": {"baseline": 0.08162560164928437, "candidate": 0.062003201246261595}, "baseline_over_candidate": 1.3164739885782248}
