Loading tilelang libs from dev root: /opt/tilelang-metax-v0.1.10/build
{"case": {"B": 2, "SEQ_LEN": 512, "H": 1, "HQ": 16, "D": 32, "S": 2, "block_size": 16, "is_causal": true}, "candidate": "baseline", "phase": "compile_correctness"}
2026-09-07 14:38:10  [TileLang:tilelang.jit.kernel:INFO] (kernel.py:129): TileLang begins to compile kernel `kernel` with `out_idx=None`
2026-09-07 14:38:13  [TileLang:tilelang.jit.kernel:INFO] (kernel.py:137): TileLang completes to compile kernel `kernel`
{"case": {"B": 2, "SEQ_LEN": 512, "H": 1, "HQ": 16, "D": 32, "S": 2, "block_size": 16, "is_causal": true}, "candidate": "candidate", "phase": "compile_correctness"}
2026-09-07 14:38:14  [TileLang:tilelang.jit.kernel:INFO] (kernel.py:129): TileLang begins to compile kernel `kernel` with `out_idx=None`
2026-09-07 14:38:18  [TileLang:tilelang.jit.kernel:INFO] (kernel.py:137): TileLang completes to compile kernel `kernel`
{"case": {"B": 2, "SEQ_LEN": 512, "H": 1, "HQ": 16, "D": 32, "S": 2, "block_size": 16, "is_causal": true}, "seed": 447, "status": "PASS", "call_event_ms": {"baseline": [0.013849599659442902, 0.011033599823713302, 0.010931199789047242, 0.010828799754381179], "candidate": [0.011468800157308579, 0.011161600053310395, 0.01090560033917427, 0.01085439994931221]}, "median_ms": {"baseline": 0.010982399806380272, "candidate": 0.011033600196242332}, "baseline_over_candidate": 0.9953595935187594}
{"case": {"B": 2, "SEQ_LEN": 512, "H": 1, "HQ": 16, "D": 32, "S": 2, "block_size": 32, "is_causal": true}, "candidate": "baseline", "phase": "compile_correctness"}
2026-09-07 14:38:18  [TileLang:tilelang.jit.kernel:INFO] (kernel.py:129): TileLang begins to compile kernel `kernel` with `out_idx=None`
2026-09-07 14:38:22  [TileLang:tilelang.jit.kernel:INFO] (kernel.py:137): TileLang completes to compile kernel `kernel`
{"case": {"B": 2, "SEQ_LEN": 512, "H": 1, "HQ": 16, "D": 32, "S": 2, "block_size": 32, "is_causal": true}, "candidate": "candidate", "phase": "compile_correctness"}
2026-09-07 14:38:23  [TileLang:tilelang.jit.kernel:INFO] (kernel.py:129): TileLang begins to compile kernel `kernel` with `out_idx=None`
2026-09-07 14:38:26  [TileLang:tilelang.jit.kernel:INFO] (kernel.py:137): TileLang completes to compile kernel `kernel`
{"case": {"B": 2, "SEQ_LEN": 512, "H": 1, "HQ": 16, "D": 32, "S": 2, "block_size": 32, "is_causal": true}, "seed": 447, "status": "PASS", "call_event_ms": {"baseline": [0.017023999989032746, 0.01530880033969879, 0.016179199516773223, 0.01525759994983673], "candidate": [0.015411199629306793, 0.01518079936504364, 0.015078400075435639, 0.015052799880504609]}, "median_ms": {"baseline": 0.015743999928236007, "candidate": 0.01512959972023964}, "baseline_over_candidate": 1.0406091515543834}
{"case": {"B": 2, "SEQ_LEN": 512, "H": 1, "HQ": 16, "D": 32, "S": 4, "block_size": 16, "is_causal": true}, "candidate": "baseline", "phase": "compile_correctness"}
2026-09-07 14:38:27  [TileLang:tilelang.jit.kernel:INFO] (kernel.py:129): TileLang begins to compile kernel `kernel` with `out_idx=None`
2026-09-07 14:38:31  [TileLang:tilelang.jit.kernel:INFO] (kernel.py:137): TileLang completes to compile kernel `kernel`
{"case": {"B": 2, "SEQ_LEN": 512, "H": 1, "HQ": 16, "D": 32, "S": 4, "block_size": 16, "is_causal": true}, "candidate": "candidate", "phase": "compile_correctness"}
2026-09-07 14:38:31  [TileLang:tilelang.jit.kernel:INFO] (kernel.py:129): TileLang begins to compile kernel `kernel` with `out_idx=None`
2026-09-07 14:38:35  [TileLang:tilelang.jit.kernel:INFO] (kernel.py:137): TileLang completes to compile kernel `kernel`
{"case": {"B": 2, "SEQ_LEN": 512, "H": 1, "HQ": 16, "D": 32, "S": 4, "block_size": 16, "is_causal": true}, "seed": 447, "status": "PASS", "call_event_ms": {"baseline": [0.017535999417304993, 0.016179199516773223, 0.016128000617027283, 0.015999999642372132], "candidate": [0.016128000617027283, 0.015744000673294067, 0.015718400478363037, 0.015718400478363037]}, "median_ms": {"baseline": 0.016153600066900253, "candidate": 0.015731200575828552}, "baseline_over_candidate": 1.0268510651196407}
{"case": {"B": 2, "SEQ_LEN": 512, "H": 1, "HQ": 16, "D": 32, "S": 4, "block_size": 32, "is_causal": true}, "candidate": "baseline", "phase": "compile_correctness"}
2026-09-07 14:38:36  [TileLang:tilelang.jit.kernel:INFO] (kernel.py:129): TileLang begins to compile kernel `kernel` with `out_idx=None`
2026-09-07 14:38:39  [TileLang:tilelang.jit.kernel:INFO] (kernel.py:137): TileLang completes to compile kernel `kernel`
{"case": {"B": 2, "SEQ_LEN": 512, "H": 1, "HQ": 16, "D": 32, "S": 4, "block_size": 32, "is_causal": true}, "candidate": "candidate", "phase": "compile_correctness"}
2026-09-07 14:38:40  [TileLang:tilelang.jit.kernel:INFO] (kernel.py:129): TileLang begins to compile kernel `kernel` with `out_idx=None`
2026-09-07 14:38:44  [TileLang:tilelang.jit.kernel:INFO] (kernel.py:137): TileLang completes to compile kernel `kernel`
{"case": {"B": 2, "SEQ_LEN": 512, "H": 1, "HQ": 16, "D": 32, "S": 4, "block_size": 32, "is_causal": true}, "seed": 447, "status": "PASS", "call_event_ms": {"baseline": [0.025139200687408447, 0.02388480007648468, 0.023680000007152556, 0.02393600046634674], "candidate": [0.02393600046634674, 0.02383359968662262, 0.023680000007152556, 0.023654399812221526]}, "median_ms": {"baseline": 0.02391040027141571, "candidate": 0.02375679984688759}, "baseline_over_candidate": 1.0064655351528016}
{"case": {"B": 2, "SEQ_LEN": 512, "H": 1, "HQ": 16, "D": 32, "S": 8, "block_size": 16, "is_causal": true}, "candidate": "baseline", "phase": "compile_correctness"}
2026-09-07 14:38:45  [TileLang:tilelang.jit.kernel:INFO] (kernel.py:129): TileLang begins to compile kernel `kernel` with `out_idx=None`
2026-09-07 14:38:48  [TileLang:tilelang.jit.kernel:INFO] (kernel.py:137): TileLang completes to compile kernel `kernel`
{"case": {"B": 2, "SEQ_LEN": 512, "H": 1, "HQ": 16, "D": 32, "S": 8, "block_size": 16, "is_causal": true}, "candidate": "candidate", "phase": "compile_correctness"}
2026-09-07 14:38:49  [TileLang:tilelang.jit.kernel:INFO] (kernel.py:129): TileLang begins to compile kernel `kernel` with `out_idx=None`
2026-09-07 14:38:52  [TileLang:tilelang.jit.kernel:INFO] (kernel.py:137): TileLang completes to compile kernel `kernel`
{"case": {"B": 2, "SEQ_LEN": 512, "H": 1, "HQ": 16, "D": 32, "S": 8, "block_size": 16, "is_causal": true}, "seed": 447, "status": "PASS", "call_event_ms": {"baseline": [0.02536959946155548, 0.02383359968662262, 0.023705600202083586, 0.023628799617290495], "candidate": [0.023552000522613525, 0.02306559979915619, 0.02311680018901825, 0.02314240038394928]}, "median_ms": {"baseline": 0.023769599944353105, "candidate": 0.023129600286483764}, "baseline_over_candidate": 1.0276701564204436}
{"case": {"B": 2, "SEQ_LEN": 512, "H": 1, "HQ": 16, "D": 32, "S": 8, "block_size": 32, "is_causal": true}, "candidate": "baseline", "phase": "compile_correctness"}
2026-09-07 14:38:53  [TileLang:tilelang.jit.kernel:INFO] (kernel.py:129): TileLang begins to compile kernel `kernel` with `out_idx=None`
2026-09-07 14:38:56  [TileLang:tilelang.jit.kernel:INFO] (kernel.py:137): TileLang completes to compile kernel `kernel`
{"case": {"B": 2, "SEQ_LEN": 512, "H": 1, "HQ": 16, "D": 32, "S": 8, "block_size": 32, "is_causal": true}, "candidate": "candidate", "phase": "compile_correctness"}
2026-09-07 14:38:57  [TileLang:tilelang.jit.kernel:INFO] (kernel.py:129): TileLang begins to compile kernel `kernel` with `out_idx=None`
2026-09-07 14:39:00  [TileLang:tilelang.jit.kernel:INFO] (kernel.py:137): TileLang completes to compile kernel `kernel`
{"case": {"B": 2, "SEQ_LEN": 512, "H": 1, "HQ": 16, "D": 32, "S": 8, "block_size": 32, "is_causal": true}, "seed": 447, "status": "PASS", "call_event_ms": {"baseline": [0.03637759983539581, 0.03374080061912536, 0.0336896002292633, 0.03366400003433227], "candidate": [0.03409920036792755, 0.03386879861354828, 0.03366400003433227, 0.033843201398849485]}, "median_ms": {"baseline": 0.03371520042419433, "candidate": 0.033856000006198886}, "baseline_over_candidate": 0.995841222176903}
{"case": {"B": 2, "SEQ_LEN": 512, "H": 1, "HQ": 16, "D": 64, "S": 2, "block_size": 16, "is_causal": true}, "candidate": "baseline", "phase": "compile_correctness"}
{"case": {"B": 2, "SEQ_LEN": 512, "H": 1, "HQ": 16, "D": 64, "S": 2, "block_size": 16, "is_causal": true}, "candidate": "candidate", "phase": "compile_correctness"}
{"case": {"B": 2, "SEQ_LEN": 512, "H": 1, "HQ": 16, "D": 64, "S": 2, "block_size": 16, "is_causal": true}, "seed": 447, "status": "PASS", "call_event_ms": {"baseline": [0.019968000054359437, 0.01930239945650101, 0.019276799261569978, 0.019276799261569978], "candidate": [0.012876799702644348, 0.012697599828243256, 0.012569600343704223, 0.012518399953842163]}, "median_ms": {"baseline": 0.019289599359035493, "candidate": 0.01263360008597374}, "baseline_over_candidate": 1.5268489763619693}
{"case": {"B": 2, "SEQ_LEN": 512, "H": 1, "HQ": 16, "D": 64, "S": 2, "block_size": 32, "is_causal": true}, "candidate": "baseline", "phase": "compile_correctness"}
2026-09-07 14:39:01  [TileLang:tilelang.jit.kernel:INFO] (kernel.py:129): TileLang begins to compile kernel `kernel` with `out_idx=None`
2026-09-07 14:39:05  [TileLang:tilelang.jit.kernel:INFO] (kernel.py:137): TileLang completes to compile kernel `kernel`
{"case": {"B": 2, "SEQ_LEN": 512, "H": 1, "HQ": 16, "D": 64, "S": 2, "block_size": 32, "is_causal": true}, "candidate": "candidate", "phase": "compile_correctness"}
2026-09-07 14:39:06  [TileLang:tilelang.jit.kernel:INFO] (kernel.py:129): TileLang begins to compile kernel `kernel` with `out_idx=None`
2026-09-07 14:39:10  [TileLang:tilelang.jit.kernel:INFO] (kernel.py:137): TileLang completes to compile kernel `kernel`
{"case": {"B": 2, "SEQ_LEN": 512, "H": 1, "HQ": 16, "D": 64, "S": 2, "block_size": 32, "is_causal": true}, "seed": 447, "status": "PASS", "call_event_ms": {"baseline": [0.0302592009305954, 0.02800639867782593, 0.028262400627136232, 0.027852800488471986], "candidate": [0.02903040051460266, 0.028569599986076354, 0.028620800375938414, 0.028467199206352232]}, "median_ms": {"baseline": 0.02813439965248108, "candidate": 0.028595200181007384}, "baseline_over_candidate": 0.9838853889600548}
{"case": {"B": 2, "SEQ_LEN": 512, "H": 1, "HQ": 16, "D": 64, "S": 4, "block_size": 16, "is_causal": true}, "candidate": "baseline", "phase": "compile_correctness"}
{"case": {"B": 2, "SEQ_LEN": 512, "H": 1, "HQ": 16, "D": 64, "S": 4, "block_size": 16, "is_causal": true}, "candidate": "candidate", "phase": "compile_correctness"}
{"case": {"B": 2, "SEQ_LEN": 512, "H": 1, "HQ": 16, "D": 64, "S": 4, "block_size": 16, "is_causal": true}, "seed": 447, "status": "PASS", "call_event_ms": {"baseline": [0.029286399483680725, 0.02900480031967163, 0.028799998760223388, 0.028595200181007384], "candidate": [0.0193792000412941, 0.019148799777030944, 0.018969599902629853, 0.018918399512767792]}, "median_ms": {"baseline": 0.02890239953994751, "candidate": 0.0190591998398304}, "baseline_over_candidate": 1.5164539845763378}
{"case": {"B": 2, "SEQ_LEN": 512, "H": 1, "HQ": 16, "D": 64, "S": 4, "block_size": 32, "is_causal": true}, "candidate": "baseline", "phase": "compile_correctness"}
2026-09-07 14:39:11  [TileLang:tilelang.jit.kernel:INFO] (kernel.py:129): TileLang begins to compile kernel `kernel` with `out_idx=None`
2026-09-07 14:39:15  [TileLang:tilelang.jit.kernel:INFO] (kernel.py:137): TileLang completes to compile kernel `kernel`
{"case": {"B": 2, "SEQ_LEN": 512, "H": 1, "HQ": 16, "D": 64, "S": 4, "block_size": 32, "is_causal": true}, "candidate": "candidate", "phase": "compile_correctness"}
2026-09-07 14:39:16  [TileLang:tilelang.jit.kernel:INFO] (kernel.py:129): TileLang begins to compile kernel `kernel` with `out_idx=None`
2026-09-07 14:39:20  [TileLang:tilelang.jit.kernel:INFO] (kernel.py:137): TileLang completes to compile kernel `kernel`
{"case": {"B": 2, "SEQ_LEN": 512, "H": 1, "HQ": 16, "D": 64, "S": 4, "block_size": 32, "is_causal": true}, "seed": 447, "status": "PASS", "call_event_ms": {"baseline": [0.04935680031776428, 0.04715520143508911, 0.04700160026550293, 0.04705280065536499], "candidate": [0.04789760112762451, 0.04730879962444305, 0.04761599898338318, 0.04741120040416717]}, "median_ms": {"baseline": 0.04710400104522705, "candidate": 0.04751359969377518}, "baseline_over_candidate": 0.991379338732742}
{"case": {"B": 2, "SEQ_LEN": 512, "H": 1, "HQ": 16, "D": 64, "S": 8, "block_size": 16, "is_causal": true}, "candidate": "baseline", "phase": "compile_correctness"}
{"case": {"B": 2, "SEQ_LEN": 512, "H": 1, "HQ": 16, "D": 64, "S": 8, "block_size": 16, "is_causal": true}, "candidate": "candidate", "phase": "compile_correctness"}
{"case": {"B": 2, "SEQ_LEN": 512, "H": 1, "HQ": 16, "D": 64, "S": 8, "block_size": 16, "is_causal": true}, "seed": 447, "status": "PASS", "call_event_ms": {"baseline": [0.04165120124816894, 0.040729600191116336, 0.04088320136070252, 0.04101119935512543], "candidate": [0.03304960131645203, 0.03287039995193482, 0.033024001121521, 0.03292160034179688]}, "median_ms": {"baseline": 0.04094720035791397, "candidate": 0.03297280073165894}, "baseline_over_candidate": 1.2418478093854608}
{"case": {"B": 2, "SEQ_LEN": 512, "H": 1, "HQ": 16, "D": 64, "S": 8, "block_size": 32, "is_causal": true}, "candidate": "baseline", "phase": "compile_correctness"}
2026-09-07 14:39:21  [TileLang:tilelang.jit.kernel:INFO] (kernel.py:129): TileLang begins to compile kernel `kernel` with `out_idx=None`
2026-09-07 14:39:25  [TileLang:tilelang.jit.kernel:INFO] (kernel.py:137): TileLang completes to compile kernel `kernel`
{"case": {"B": 2, "SEQ_LEN": 512, "H": 1, "HQ": 16, "D": 64, "S": 8, "block_size": 32, "is_causal": true}, "candidate": "candidate", "phase": "compile_correctness"}
2026-09-07 14:39:26  [TileLang:tilelang.jit.kernel:INFO] (kernel.py:129): TileLang begins to compile kernel `kernel` with `out_idx=None`
2026-09-07 14:39:30  [TileLang:tilelang.jit.kernel:INFO] (kernel.py:137): TileLang completes to compile kernel `kernel`
{"case": {"B": 2, "SEQ_LEN": 512, "H": 1, "HQ": 16, "D": 64, "S": 8, "block_size": 32, "is_causal": true}, "seed": 447, "status": "PASS", "call_event_ms": {"baseline": [0.07805439829826355, 0.07585279941558838, 0.07623680233955384, 0.07559679746627808], "candidate": [0.06722559928894042, 0.06702079772949218, 0.06696959733963012, 0.06702079772949218]}, "median_ms": {"baseline": 0.07604480087757111, "candidate": 0.06702079772949218}, "baseline_over_candidate": 1.1346448185308298}
{"case": {"B": 2, "SEQ_LEN": 512, "H": 1, "HQ": 16, "D": 128, "S": 2, "block_size": 16, "is_causal": true}, "candidate": "baseline", "phase": "compile_correctness"}
2026-09-07 14:39:31  [TileLang:tilelang.jit.kernel:INFO] (kernel.py:129): TileLang begins to compile kernel `kernel` with `out_idx=None`
2026-09-07 14:39:35  [TileLang:tilelang.jit.kernel:INFO] (kernel.py:137): TileLang completes to compile kernel `kernel`
{"case": {"B": 2, "SEQ_LEN": 512, "H": 1, "HQ": 16, "D": 128, "S": 2, "block_size": 16, "is_causal": true}, "candidate": "candidate", "phase": "compile_correctness"}
2026-09-07 14:39:36  [TileLang:tilelang.jit.kernel:INFO] (kernel.py:129): TileLang begins to compile kernel `kernel` with `out_idx=None`
2026-09-07 14:39:40  [TileLang:tilelang.jit.kernel:INFO] (kernel.py:137): TileLang completes to compile kernel `kernel`
{"case": {"B": 2, "SEQ_LEN": 512, "H": 1, "HQ": 16, "D": 128, "S": 2, "block_size": 16, "is_causal": true}, "seed": 447, "status": "PASS", "call_event_ms": {"baseline": [0.03563520014286041, 0.03404799997806549, 0.03404799997806549, 0.03391999900341034], "candidate": [0.034329599142074584, 0.033792001008987424, 0.03371520042419433, 0.0336896002292633]}, "median_ms": {"baseline": 0.03404799997806549, "candidate": 0.03375360071659088}, "baseline_over_candidate": 1.008722010547749}
{"case": {"B": 2, "SEQ_LEN": 512, "H": 1, "HQ": 16, "D": 128, "S": 2, "block_size": 32, "is_causal": true}, "candidate": "baseline", "phase": "compile_correctness"}
2026-09-07 14:39:41  [TileLang:tilelang.jit.kernel:INFO] (kernel.py:129): TileLang begins to compile kernel `kernel` with `out_idx=None`
2026-09-07 14:39:46  [TileLang:tilelang.jit.kernel:INFO] (kernel.py:137): TileLang completes to compile kernel `kernel`
{"case": {"B": 2, "SEQ_LEN": 512, "H": 1, "HQ": 16, "D": 128, "S": 2, "block_size": 32, "is_causal": true}, "candidate": "candidate", "phase": "compile_correctness"}
2026-09-07 14:39:47  [TileLang:tilelang.jit.kernel:INFO] (kernel.py:129): TileLang begins to compile kernel `kernel` with `out_idx=None`
2026-09-07 14:39:51  [TileLang:tilelang.jit.kernel:INFO] (kernel.py:137): TileLang completes to compile kernel `kernel`
{"case": {"B": 2, "SEQ_LEN": 512, "H": 1, "HQ": 16, "D": 128, "S": 2, "block_size": 32, "is_causal": true}, "seed": 447, "status": "PASS", "call_event_ms": {"baseline": [0.07856640219688416, 0.07659519910812378, 0.07705600261688232, 0.07649279832839966], "candidate": [0.07882239818572997, 0.07869439721107482, 0.07836160063743591, 0.0785152018070221]}, "median_ms": {"baseline": 0.07682560086250305, "candidate": 0.07860479950904846}, "baseline_over_candidate": 0.97736526703639}
{"case": {"B": 2, "SEQ_LEN": 512, "H": 1, "HQ": 16, "D": 128, "S": 4, "block_size": 16, "is_causal": true}, "candidate": "baseline", "phase": "compile_correctness"}
2026-09-07 14:39:52  [TileLang:tilelang.jit.kernel:INFO] (kernel.py:129): TileLang begins to compile kernel `kernel` with `out_idx=None`
2026-09-07 14:39:56  [TileLang:tilelang.jit.kernel:INFO] (kernel.py:137): TileLang completes to compile kernel `kernel`
{"case": {"B": 2, "SEQ_LEN": 512, "H": 1, "HQ": 16, "D": 128, "S": 4, "block_size": 16, "is_causal": true}, "candidate": "candidate", "phase": "compile_correctness"}
2026-09-07 14:39:57  [TileLang:tilelang.jit.kernel:INFO] (kernel.py:129): TileLang begins to compile kernel `kernel` with `out_idx=None`
2026-09-07 14:40:01  [TileLang:tilelang.jit.kernel:INFO] (kernel.py:137): TileLang completes to compile kernel `kernel`
{"case": {"B": 2, "SEQ_LEN": 512, "H": 1, "HQ": 16, "D": 128, "S": 4, "block_size": 16, "is_causal": true}, "seed": 447, "status": "PASS", "call_event_ms": {"baseline": [0.05488640069961548, 0.0529151976108551, 0.05253120064735413, 0.05368319749832153], "candidate": [0.05084159970283508, 0.0506879985332489, 0.05061119794845581, 0.051712000370025636]}, "median_ms": {"baseline": 0.05329919755458831, "candidate": 0.05076479911804199}, "baseline_over_candidate": 1.0499243271041643}
{"case": {"B": 2, "SEQ_LEN": 512, "H": 1, "HQ": 16, "D": 128, "S": 4, "block_size": 32, "is_causal": true}, "candidate": "baseline", "phase": "compile_correctness"}
2026-09-07 14:40:02  [TileLang:tilelang.jit.kernel:INFO] (kernel.py:129): TileLang begins to compile kernel `kernel` with `out_idx=None`
2026-09-07 14:40:07  [TileLang:tilelang.jit.kernel:INFO] (kernel.py:137): TileLang completes to compile kernel `kernel`
{"case": {"B": 2, "SEQ_LEN": 512, "H": 1, "HQ": 16, "D": 128, "S": 4, "block_size": 32, "is_causal": true}, "candidate": "candidate", "phase": "compile_correctness"}
2026-09-07 14:40:08  [TileLang:tilelang.jit.kernel:INFO] (kernel.py:129): TileLang begins to compile kernel `kernel` with `out_idx=None`
2026-09-07 14:40:13  [TileLang:tilelang.jit.kernel:INFO] (kernel.py:137): TileLang completes to compile kernel `kernel`
{"case": {"B": 2, "SEQ_LEN": 512, "H": 1, "HQ": 16, "D": 128, "S": 4, "block_size": 32, "is_causal": true}, "seed": 447, "status": "PASS", "call_event_ms": {"baseline": [0.11921919584274292, 0.11678719520568848, 0.11694079637527466, 0.11706880331039429], "candidate": [0.11568640470504761, 0.11502079963684082, 0.11512320041656494, 0.11532800197601319]}, "median_ms": {"baseline": 0.11700479984283448, "candidate": 0.11522560119628907}, "baseline_over_candidate": 1.0154410012017598}
{"case": {"B": 2, "SEQ_LEN": 512, "H": 1, "HQ": 16, "D": 128, "S": 8, "block_size": 16, "is_causal": true}, "candidate": "baseline", "phase": "compile_correctness"}
2026-09-07 14:40:14  [TileLang:tilelang.jit.kernel:INFO] (kernel.py:129): TileLang begins to compile kernel `kernel` with `out_idx=None`
2026-09-07 14:40:18  [TileLang:tilelang.jit.kernel:INFO] (kernel.py:137): TileLang completes to compile kernel `kernel`
{"case": {"B": 2, "SEQ_LEN": 512, "H": 1, "HQ": 16, "D": 128, "S": 8, "block_size": 16, "is_causal": true}, "candidate": "candidate", "phase": "compile_correctness"}
2026-09-07 14:40:19  [TileLang:tilelang.jit.kernel:INFO] (kernel.py:129): TileLang begins to compile kernel `kernel` with `out_idx=None`
2026-09-07 14:40:23  [TileLang:tilelang.jit.kernel:INFO] (kernel.py:137): TileLang completes to compile kernel `kernel`
{"case": {"B": 2, "SEQ_LEN": 512, "H": 1, "HQ": 16, "D": 128, "S": 8, "block_size": 16, "is_causal": true}, "seed": 447, "status": "PASS", "call_event_ms": {"baseline": [0.08350719809532166, 0.08102399706840516, 0.08079360127449035, 0.08056319952011108], "candidate": [0.07836160063743591, 0.07841280102729797, 0.07848960161209106, 0.07831040024757385]}, "median_ms": {"baseline": 0.08090879917144775, "candidate": 0.07838720083236694}, "baseline_over_candidate": 1.032168495778709}
{"case": {"B": 2, "SEQ_LEN": 512, "H": 1, "HQ": 16, "D": 128, "S": 8, "block_size": 32, "is_causal": true}, "candidate": "baseline", "phase": "compile_correctness"}
2026-09-07 14:40:24  [TileLang:tilelang.jit.kernel:INFO] (kernel.py:129): TileLang begins to compile kernel `kernel` with `out_idx=None`
2026-09-07 14:40:28  [TileLang:tilelang.jit.kernel:INFO] (kernel.py:137): TileLang completes to compile kernel `kernel`
{"case": {"B": 2, "SEQ_LEN": 512, "H": 1, "HQ": 16, "D": 128, "S": 8, "block_size": 32, "is_causal": true}, "candidate": "candidate", "phase": "compile_correctness"}
2026-09-07 14:40:29  [TileLang:tilelang.jit.kernel:INFO] (kernel.py:129): TileLang begins to compile kernel `kernel` with `out_idx=None`
2026-09-07 14:40:33  [TileLang:tilelang.jit.kernel:INFO] (kernel.py:137): TileLang completes to compile kernel `kernel`
{"case": {"B": 2, "SEQ_LEN": 512, "H": 1, "HQ": 16, "D": 128, "S": 8, "block_size": 32, "is_causal": true}, "seed": 447, "status": "PASS", "call_event_ms": {"baseline": [0.19230719804763793, 0.19059200286865235, 0.19071999788284302, 0.19046399593353272], "candidate": [0.18895360231399536, 0.18803199529647827, 0.1883903980255127, 0.18851840496063232]}, "median_ms": {"baseline": 0.1906560003757477, "candidate": 0.18845440149307252}, "baseline_over_candidate": 1.0116823956629961}
{"case": {"B": 2, "SEQ_LEN": 512, "H": 1, "HQ": 32, "D": 32, "S": 2, "block_size": 16, "is_causal": true}, "candidate": "baseline", "phase": "compile_correctness"}
2026-09-07 14:40:34  [TileLang:tilelang.jit.kernel:INFO] (kernel.py:129): TileLang begins to compile kernel `kernel` with `out_idx=None`
2026-09-07 14:40:38  [TileLang:tilelang.jit.kernel:INFO] (kernel.py:137): TileLang completes to compile kernel `kernel`
{"case": {"B": 2, "SEQ_LEN": 512, "H": 1, "HQ": 32, "D": 32, "S": 2, "block_size": 16, "is_causal": true}, "candidate": "candidate", "phase": "compile_correctness"}
2026-09-07 14:40:39  [TileLang:tilelang.jit.kernel:INFO] (kernel.py:129): TileLang begins to compile kernel `kernel` with `out_idx=None`
2026-09-07 14:40:42  [TileLang:tilelang.jit.kernel:INFO] (kernel.py:137): TileLang completes to compile kernel `kernel`
{"case": {"B": 2, "SEQ_LEN": 512, "H": 1, "HQ": 32, "D": 32, "S": 2, "block_size": 16, "is_causal": true}, "seed": 447, "status": "PASS", "call_event_ms": {"baseline": [0.0166143998503685, 0.014745600521564484, 0.014336000382900237, 0.0144896000623703], "candidate": [0.014975999295711518, 0.014694400131702423, 0.015052799880504609, 0.01454080045223236]}, "median_ms": {"baseline": 0.014617600291967393, "candidate": 0.01483519971370697}, "baseline_over_candidate": 0.9853322216121886}
{"case": {"B": 2, "SEQ_LEN": 512, "H": 1, "HQ": 32, "D": 32, "S": 2, "block_size": 32, "is_causal": true}, "candidate": "baseline", "phase": "compile_correctness"}
2026-09-07 14:40:43  [TileLang:tilelang.jit.kernel:INFO] (kernel.py:129): TileLang begins to compile kernel `kernel` with `out_idx=None`
2026-09-07 14:40:46  [TileLang:tilelang.jit.kernel:INFO] (kernel.py:137): TileLang completes to compile kernel `kernel`
{"case": {"B": 2, "SEQ_LEN": 512, "H": 1, "HQ": 32, "D": 32, "S": 2, "block_size": 32, "is_causal": true}, "candidate": "candidate", "phase": "compile_correctness"}
2026-09-07 14:40:47  [TileLang:tilelang.jit.kernel:INFO] (kernel.py:129): TileLang begins to compile kernel `kernel` with `out_idx=None`
2026-09-07 14:40:51  [TileLang:tilelang.jit.kernel:INFO] (kernel.py:137): TileLang completes to compile kernel `kernel`
{"case": {"B": 2, "SEQ_LEN": 512, "H": 1, "HQ": 32, "D": 32, "S": 2, "block_size": 32, "is_causal": true}, "seed": 447, "status": "PASS", "call_event_ms": {"baseline": [0.026316800713539125, 0.025088000297546386, 0.024780799448490144, 0.02460159957408905], "candidate": [0.02094080001115799, 0.020582400262355804, 0.020479999482631683, 0.020377600193023683]}, "median_ms": {"baseline": 0.024934399873018265, "candidate": 0.020531199872493744}, "baseline_over_candidate": 1.2144638417564488}
{"case": {"B": 2, "SEQ_LEN": 512, "H": 1, "HQ": 32, "D": 32, "S": 4, "block_size": 16, "is_causal": true}, "candidate": "baseline", "phase": "compile_correctness"}
2026-09-07 14:40:52  [TileLang:tilelang.jit.kernel:INFO] (kernel.py:129): TileLang begins to compile kernel `kernel` with `out_idx=None`
2026-09-07 14:40:55  [TileLang:tilelang.jit.kernel:INFO] (kernel.py:137): TileLang completes to compile kernel `kernel`
{"case": {"B": 2, "SEQ_LEN": 512, "H": 1, "HQ": 32, "D": 32, "S": 4, "block_size": 16, "is_causal": true}, "candidate": "candidate", "phase": "compile_correctness"}
2026-09-07 14:40:56  [TileLang:tilelang.jit.kernel:INFO] (kernel.py:129): TileLang begins to compile kernel `kernel` with `out_idx=None`
2026-09-07 14:41:00  [TileLang:tilelang.jit.kernel:INFO] (kernel.py:137): TileLang completes to compile kernel `kernel`
{"case": {"B": 2, "SEQ_LEN": 512, "H": 1, "HQ": 32, "D": 32, "S": 4, "block_size": 16, "is_causal": true}, "seed": 447, "status": "PASS", "call_event_ms": {"baseline": [0.02467840015888214, 0.022809599339962006, 0.022784000635147093, 0.022758400440216063], "candidate": [0.022809599339962006, 0.02240000069141388, 0.02229759991168976, 0.02234880030155182]}, "median_ms": {"baseline": 0.02279679998755455, "candidate": 0.02237440049648285}, "baseline_over_candidate": 1.0188786953705464}
{"case": {"B": 2, "SEQ_LEN": 512, "H": 1, "HQ": 32, "D": 32, "S": 4, "block_size": 32, "is_causal": true}, "candidate": "baseline", "phase": "compile_correctness"}
2026-09-07 14:41:01  [TileLang:tilelang.jit.kernel:INFO] (kernel.py:129): TileLang begins to compile kernel `kernel` with `out_idx=None`
2026-09-07 14:41:04  [TileLang:tilelang.jit.kernel:INFO] (kernel.py:137): TileLang completes to compile kernel `kernel`
{"case": {"B": 2, "SEQ_LEN": 512, "H": 1, "HQ": 32, "D": 32, "S": 4, "block_size": 32, "is_causal": true}, "candidate": "candidate", "phase": "compile_correctness"}
2026-09-07 14:41:05  [TileLang:tilelang.jit.kernel:INFO] (kernel.py:129): TileLang begins to compile kernel `kernel` with `out_idx=None`
2026-09-07 14:41:09  [TileLang:tilelang.jit.kernel:INFO] (kernel.py:137): TileLang completes to compile kernel `kernel`
{"case": {"B": 2, "SEQ_LEN": 512, "H": 1, "HQ": 32, "D": 32, "S": 4, "block_size": 32, "is_causal": true}, "seed": 447, "status": "PASS", "call_event_ms": {"baseline": [0.037503999471664426, 0.03589119911193848, 0.03563520014286041, 0.03568640053272247], "candidate": [0.030720001459121703, 0.03041279911994934, 0.03018240034580231, 0.030924800038337707]}, "median_ms": {"baseline": 0.03578879982233048, "candidate": 0.03056640028953552}, "baseline_over_candidate": 1.1708542544534712}
{"case": {"B": 2, "SEQ_LEN": 512, "H": 1, "HQ": 32, "D": 32, "S": 8, "block_size": 16, "is_causal": true}, "candidate": "baseline", "phase": "compile_correctness"}
2026-09-07 14:41:10  [TileLang:tilelang.jit.kernel:INFO] (kernel.py:129): TileLang begins to compile kernel `kernel` with `out_idx=None`
2026-09-07 14:41:13  [TileLang:tilelang.jit.kernel:INFO] (kernel.py:137): TileLang completes to compile kernel `kernel`
{"case": {"B": 2, "SEQ_LEN": 512, "H": 1, "HQ": 32, "D": 32, "S": 8, "block_size": 16, "is_causal": true}, "candidate": "candidate", "phase": "compile_correctness"}
2026-09-07 14:41:14  [TileLang:tilelang.jit.kernel:INFO] (kernel.py:129): TileLang begins to compile kernel `kernel` with `out_idx=None`
2026-09-07 14:41:18  [TileLang:tilelang.jit.kernel:INFO] (kernel.py:137): TileLang completes to compile kernel `kernel`
{"case": {"B": 2, "SEQ_LEN": 512, "H": 1, "HQ": 32, "D": 32, "S": 8, "block_size": 16, "is_causal": true}, "seed": 447, "status": "PASS", "call_event_ms": {"baseline": [0.03768320083618164, 0.03560959994792938, 0.035046398639678955, 0.034892800450325015], "candidate": [0.034944000840187076, 0.034790399670600894, 0.03461120128631592, 0.03466239869594574]}, "median_ms": {"baseline": 0.03532799929380417, "candidate": 0.03472639918327332}, "baseline_over_candidate": 1.017323999167199}
{"case": {"B": 2, "SEQ_LEN": 512, "H": 1, "HQ": 32, "D": 32, "S": 8, "block_size": 32, "is_causal": true}, "candidate": "baseline", "phase": "compile_correctness"}
2026-09-07 14:41:18  [TileLang:tilelang.jit.kernel:INFO] (kernel.py:129): TileLang begins to compile kernel `kernel` with `out_idx=None`
2026-09-07 14:41:22  [TileLang:tilelang.jit.kernel:INFO] (kernel.py:137): TileLang completes to compile kernel `kernel`
{"case": {"B": 2, "SEQ_LEN": 512, "H": 1, "HQ": 32, "D": 32, "S": 8, "block_size": 32, "is_causal": true}, "candidate": "candidate", "phase": "compile_correctness"}
2026-09-07 14:41:23  [TileLang:tilelang.jit.kernel:INFO] (kernel.py:129): TileLang begins to compile kernel `kernel` with `out_idx=None`
2026-09-07 14:41:26  [TileLang:tilelang.jit.kernel:INFO] (kernel.py:137): TileLang completes to compile kernel `kernel`
{"case": {"B": 2, "SEQ_LEN": 512, "H": 1, "HQ": 32, "D": 32, "S": 8, "block_size": 32, "is_causal": true}, "seed": 447, "status": "PASS", "call_event_ms": {"baseline": [0.059571200609207155, 0.05739520192146301, 0.05767679810523987, 0.05742080211639404], "candidate": [0.05066239833831787, 0.05002239942550659, 0.050329601764678954, 0.050432002544403075]}, "median_ms": {"baseline": 0.05754880011081695, "candidate": 0.050380802154541014}, "baseline_over_candidate": 1.142276376114227}
{"case": {"B": 2, "SEQ_LEN": 512, "H": 1, "HQ": 32, "D": 64, "S": 2, "block_size": 16, "is_causal": true}, "candidate": "baseline", "phase": "compile_correctness"}
2026-09-07 14:41:27  [TileLang:tilelang.jit.kernel:INFO] (kernel.py:129): TileLang begins to compile kernel `kernel` with `out_idx=None`
2026-09-07 14:41:31  [TileLang:tilelang.jit.kernel:INFO] (kernel.py:137): TileLang completes to compile kernel `kernel`
{"case": {"B": 2, "SEQ_LEN": 512, "H": 1, "HQ": 32, "D": 64, "S": 2, "block_size": 16, "is_causal": true}, "candidate": "candidate", "phase": "compile_correctness"}
2026-09-07 14:41:32  [TileLang:tilelang.jit.kernel:INFO] (kernel.py:129): TileLang begins to compile kernel `kernel` with `out_idx=None`
2026-09-07 14:41:36  [TileLang:tilelang.jit.kernel:INFO] (kernel.py:137): TileLang completes to compile kernel `kernel`
{"case": {"B": 2, "SEQ_LEN": 512, "H": 1, "HQ": 32, "D": 64, "S": 2, "block_size": 16, "is_causal": true}, "seed": 447, "status": "PASS", "call_event_ms": {"baseline": [0.029977598786354066, 0.028288000822067262, 0.02821120023727417, 0.02821120023727417], "candidate": [0.024217599630355836, 0.023705600202083586, 0.023705600202083586, 0.02385919988155365]}, "median_ms": {"baseline": 0.028249600529670717, "candidate": 0.02378240004181862}, "baseline_over_candidate": 1.1878364033906181}
{"case": {"B": 2, "SEQ_LEN": 512, "H": 1, "HQ": 32, "D": 64, "S": 2, "block_size": 32, "is_causal": true}, "candidate": "baseline", "phase": "compile_correctness"}
2026-09-07 14:41:37  [TileLang:tilelang.jit.kernel:INFO] (kernel.py:129): TileLang begins to compile kernel `kernel` with `out_idx=None`
2026-09-07 14:41:41  [TileLang:tilelang.jit.kernel:INFO] (kernel.py:137): TileLang completes to compile kernel `kernel`
{"case": {"B": 2, "SEQ_LEN": 512, "H": 1, "HQ": 32, "D": 64, "S": 2, "block_size": 32, "is_causal": true}, "candidate": "candidate", "phase": "compile_correctness"}
2026-09-07 14:41:42  [TileLang:tilelang.jit.kernel:INFO] (kernel.py:129): TileLang begins to compile kernel `kernel` with `out_idx=None`
2026-09-07 14:41:46  [TileLang:tilelang.jit.kernel:INFO] (kernel.py:137): TileLang completes to compile kernel `kernel`
{"case": {"B": 2, "SEQ_LEN": 512, "H": 1, "HQ": 32, "D": 64, "S": 2, "block_size": 32, "is_causal": true}, "seed": 447, "status": "PASS", "call_event_ms": {"baseline": [0.04382719993591309, 0.04183039963245392, 0.0419840008020401, 0.0419840008020401], "candidate": [0.04044800102710724, 0.040038400888442995, 0.0404992014169693, 0.039987200498580934]}, "median_ms": {"baseline": 0.0419840008020401, "candidate": 0.040243200957775116}, "baseline_over_candidate": 1.0432569925561217}
{"case": {"B": 2, "SEQ_LEN": 512, "H": 1, "HQ": 32, "D": 64, "S": 4, "block_size": 16, "is_causal": true}, "candidate": "baseline", "phase": "compile_correctness"}
2026-09-07 14:41:47  [TileLang:tilelang.jit.kernel:INFO] (kernel.py:129): TileLang begins to compile kernel `kernel` with `out_idx=None`
2026-09-07 14:41:51  [TileLang:tilelang.jit.kernel:INFO] (kernel.py:137): TileLang completes to compile kernel `kernel`
{"case": {"B": 2, "SEQ_LEN": 512, "H": 1, "HQ": 32, "D": 64, "S": 4, "block_size": 16, "is_causal": true}, "candidate": "candidate", "phase": "compile_correctness"}
2026-09-07 14:41:52  [TileLang:tilelang.jit.kernel:INFO] (kernel.py:129): TileLang begins to compile kernel `kernel` with `out_idx=None`
2026-09-07 14:41:56  [TileLang:tilelang.jit.kernel:INFO] (kernel.py:137): TileLang completes to compile kernel `kernel`
{"case": {"B": 2, "SEQ_LEN": 512, "H": 1, "HQ": 32, "D": 64, "S": 4, "block_size": 16, "is_causal": true}, "seed": 447, "status": "PASS", "call_event_ms": {"baseline": [0.04712960124015808, 0.04423680007457733, 0.04387840032577515, 0.04387840032577515], "candidate": [0.034457600116729735, 0.034227201342582704, 0.0347135990858078, 0.034201601147651674]}, "median_ms": {"baseline": 0.04405760020017624, "candidate": 0.03434240072965622}, "baseline_over_candidate": 1.2828922633277209}
{"case": {"B": 2, "SEQ_LEN": 512, "H": 1, "HQ": 32, "D": 64, "S": 4, "block_size": 32, "is_causal": true}, "candidate": "baseline", "phase": "compile_correctness"}
2026-09-07 14:41:57  [TileLang:tilelang.jit.kernel:INFO] (kernel.py:129): TileLang begins to compile kernel `kernel` with `out_idx=None`
2026-09-07 14:42:01  [TileLang:tilelang.jit.kernel:INFO] (kernel.py:137): TileLang completes to compile kernel `kernel`
{"case": {"B": 2, "SEQ_LEN": 512, "H": 1, "HQ": 32, "D": 64, "S": 4, "block_size": 32, "is_causal": true}, "candidate": "candidate", "phase": "compile_correctness"}
2026-09-07 14:42:02  [TileLang:tilelang.jit.kernel:INFO] (kernel.py:129): TileLang begins to compile kernel `kernel` with `out_idx=None`
2026-09-07 14:42:06  [TileLang:tilelang.jit.kernel:INFO] (kernel.py:137): TileLang completes to compile kernel `kernel`
{"case": {"B": 2, "SEQ_LEN": 512, "H": 1, "HQ": 32, "D": 64, "S": 4, "block_size": 32, "is_causal": true}, "seed": 447, "status": "PASS", "call_event_ms": {"baseline": [0.06392319798469544, 0.06254079937934875, 0.0626688003540039, 0.06261759996414185], "candidate": [0.06228479743003845, 0.06251519918441772, 0.061875200271606444, 0.061926400661468504]}, "median_ms": {"baseline": 0.06264320015907288, "candidate": 0.06210559904575348}, "baseline_over_candidate": 1.0086562422966623}
{"case": {"B": 2, "SEQ_LEN": 512, "H": 1, "HQ": 32, "D": 64, "S": 8, "block_size": 16, "is_causal": true}, "candidate": "baseline", "phase": "compile_correctness"}
2026-09-07 14:42:07  [TileLang:tilelang.jit.kernel:INFO] (kernel.py:129): TileLang begins to compile kernel `kernel` with `out_idx=None`
2026-09-07 14:42:11  [TileLang:tilelang.jit.kernel:INFO] (kernel.py:137): TileLang completes to compile kernel `kernel`
{"case": {"B": 2, "SEQ_LEN": 512, "H": 1, "HQ": 32, "D": 64, "S": 8, "block_size": 16, "is_causal": true}, "candidate": "candidate", "phase": "compile_correctness"}
2026-09-07 14:42:12  [TileLang:tilelang.jit.kernel:INFO] (kernel.py:129): TileLang begins to compile kernel `kernel` with `out_idx=None`
2026-09-07 14:42:15  [TileLang:tilelang.jit.kernel:INFO] (kernel.py:137): TileLang completes to compile kernel `kernel`
{"case": {"B": 2, "SEQ_LEN": 512, "H": 1, "HQ": 32, "D": 64, "S": 8, "block_size": 16, "is_causal": true}, "seed": 447, "status": "PASS", "call_event_ms": {"baseline": [0.07011839747428894, 0.06855679750442505, 0.06863359808921814, 0.0686847984790802], "candidate": [0.04968959987163544, 0.04938240051269531, 0.04951040148735046, 0.04943360090255737]}, "median_ms": {"baseline": 0.06865919828414917, "candidate": 0.049472001194953916}, "baseline_over_candidate": 1.38783951782311}
{"case": {"B": 2, "SEQ_LEN": 512, "H": 1, "HQ": 32, "D": 64, "S": 8, "block_size": 32, "is_causal": true}, "candidate": "baseline", "phase": "compile_correctness"}
2026-09-07 14:42:16  [TileLang:tilelang.jit.kernel:INFO] (kernel.py:129): TileLang begins to compile kernel `kernel` with `out_idx=None`
2026-09-07 14:42:21  [TileLang:tilelang.jit.kernel:INFO] (kernel.py:137): TileLang completes to compile kernel `kernel`
{"case": {"B": 2, "SEQ_LEN": 512, "H": 1, "HQ": 32, "D": 64, "S": 8, "block_size": 32, "is_causal": true}, "candidate": "candidate", "phase": "compile_correctness"}
2026-09-07 14:42:21  [TileLang:tilelang.jit.kernel:INFO] (kernel.py:129): TileLang begins to compile kernel `kernel` with `out_idx=None`
2026-09-07 14:42:25  [TileLang:tilelang.jit.kernel:INFO] (kernel.py:137): TileLang completes to compile kernel `kernel`
{"case": {"B": 2, "SEQ_LEN": 512, "H": 1, "HQ": 32, "D": 64, "S": 8, "block_size": 32, "is_causal": true}, "seed": 447, "status": "PASS", "call_event_ms": {"baseline": [0.10557440519332886, 0.10273280143737792, 0.10176000595092774, 0.10304000377655029], "candidate": [0.0899071991443634, 0.08993279933929443, 0.08972799777984619, 0.0896511971950531]}, "median_ms": {"baseline": 0.1028864026069641, "candidate": 0.0898175984621048}, "baseline_over_candidate": 1.1455038251815786}
{"case": {"B": 2, "SEQ_LEN": 512, "H": 1, "HQ": 32, "D": 128, "S": 2, "block_size": 16, "is_causal": true}, "candidate": "baseline", "phase": "compile_correctness"}
2026-09-07 14:42:26  [TileLang:tilelang.jit.kernel:INFO] (kernel.py:129): TileLang begins to compile kernel `kernel` with `out_idx=None`
2026-09-07 14:42:31  [TileLang:tilelang.jit.kernel:INFO] (kernel.py:137): TileLang completes to compile kernel `kernel`
{"case": {"B": 2, "SEQ_LEN": 512, "H": 1, "HQ": 32, "D": 128, "S": 2, "block_size": 16, "is_causal": true}, "candidate": "candidate", "phase": "compile_correctness"}
2026-09-07 14:42:32  [TileLang:tilelang.jit.kernel:INFO] (kernel.py:129): TileLang begins to compile kernel `kernel` with `out_idx=None`
2026-09-07 14:42:36  [TileLang:tilelang.jit.kernel:INFO] (kernel.py:137): TileLang completes to compile kernel `kernel`
{"case": {"B": 2, "SEQ_LEN": 512, "H": 1, "HQ": 32, "D": 128, "S": 2, "block_size": 16, "is_causal": true}, "seed": 447, "status": "PASS", "call_event_ms": {"baseline": [0.07613440155982971, 0.07262719869613647, 0.07272959947586059, 0.07257599830627441], "candidate": [0.048819199204444885, 0.04843519926071167, 0.048153600096702574, 0.048614400625228885]}, "median_ms": {"baseline": 0.07267839908599853, "candidate": 0.04852479994297028}, "baseline_over_candidate": 1.4977578304581418}
{"case": {"B": 2, "SEQ_LEN": 512, "H": 1, "HQ": 32, "D": 128, "S": 2, "block_size": 32, "is_causal": true}, "candidate": "baseline", "phase": "compile_correctness"}
2026-09-07 14:42:37  [TileLang:tilelang.jit.kernel:INFO] (kernel.py:129): TileLang begins to compile kernel `kernel` with `out_idx=None`
2026-09-07 14:42:42  [TileLang:tilelang.jit.kernel:INFO] (kernel.py:137): TileLang completes to compile kernel `kernel`
{"case": {"B": 2, "SEQ_LEN": 512, "H": 1, "HQ": 32, "D": 128, "S": 2, "block_size": 32, "is_causal": true}, "candidate": "candidate", "phase": "compile_correctness"}
2026-09-07 14:42:43  [TileLang:tilelang.jit.kernel:INFO] (kernel.py:129): TileLang begins to compile kernel `kernel` with `out_idx=None`
2026-09-07 14:42:47  [TileLang:tilelang.jit.kernel:INFO] (kernel.py:137): TileLang completes to compile kernel `kernel`
{"case": {"B": 2, "SEQ_LEN": 512, "H": 1, "HQ": 32, "D": 128, "S": 2, "block_size": 32, "is_causal": true}, "seed": 447, "status": "PASS", "call_event_ms": {"baseline": [0.12625919580459594, 0.12395520210266113, 0.12410880327224731, 0.12372479438781739], "candidate": [0.10055680274963379, 0.10024960041046142, 0.1004032015800476, 0.1004032015800476]}, "median_ms": {"baseline": 0.12403200268745422, "candidate": 0.1004032015800476}, "baseline_over_candidate": 1.2353391200236605}
{"case": {"B": 2, "SEQ_LEN": 512, "H": 1, "HQ": 32, "D": 128, "S": 4, "block_size": 16, "is_causal": true}, "candidate": "baseline", "phase": "compile_correctness"}
2026-09-07 14:42:48  [TileLang:tilelang.jit.kernel:INFO] (kernel.py:129): TileLang begins to compile kernel `kernel` with `out_idx=None`
2026-09-07 14:42:53  [TileLang:tilelang.jit.kernel:INFO] (kernel.py:137): TileLang completes to compile kernel `kernel`
{"case": {"B": 2, "SEQ_LEN": 512, "H": 1, "HQ": 32, "D": 128, "S": 4, "block_size": 16, "is_causal": true}, "candidate": "candidate", "phase": "compile_correctness"}
2026-09-07 14:42:54  [TileLang:tilelang.jit.kernel:INFO] (kernel.py:129): TileLang begins to compile kernel `kernel` with `out_idx=None`
2026-09-07 14:42:58  [TileLang:tilelang.jit.kernel:INFO] (kernel.py:137): TileLang completes to compile kernel `kernel`
{"case": {"B": 2, "SEQ_LEN": 512, "H": 1, "HQ": 32, "D": 128, "S": 4, "block_size": 16, "is_causal": true}, "seed": 447, "status": "PASS", "call_event_ms": {"baseline": [0.10831359624862671, 0.10565119981765747, 0.10547200441360474, 0.1055232048034668], "candidate": [0.06684160232543945, 0.06691840291023254, 0.06686720252037048, 0.06681600213050842]}, "median_ms": {"baseline": 0.10558720231056214, "candidate": 0.06685440242290497}, "baseline_over_candidate": 1.5793604980961873}
{"case": {"B": 2, "SEQ_LEN": 512, "H": 1, "HQ": 32, "D": 128, "S": 4, "block_size": 32, "is_causal": true}, "candidate": "baseline", "phase": "compile_correctness"}
2026-09-07 14:42:59  [TileLang:tilelang.jit.kernel:INFO] (kernel.py:129): TileLang begins to compile kernel `kernel` with `out_idx=None`
2026-09-07 14:43:04  [TileLang:tilelang.jit.kernel:INFO] (kernel.py:137): TileLang completes to compile kernel `kernel`
{"case": {"B": 2, "SEQ_LEN": 512, "H": 1, "HQ": 32, "D": 128, "S": 4, "block_size": 32, "is_causal": true}, "candidate": "candidate", "phase": "compile_correctness"}
2026-09-07 14:43:05  [TileLang:tilelang.jit.kernel:INFO] (kernel.py:129): TileLang begins to compile kernel `kernel` with `out_idx=None`
2026-09-07 14:43:09  [TileLang:tilelang.jit.kernel:INFO] (kernel.py:137): TileLang completes to compile kernel `kernel`
{"case": {"B": 2, "SEQ_LEN": 512, "H": 1, "HQ": 32, "D": 128, "S": 4, "block_size": 32, "is_causal": true}, "seed": 447, "status": "PASS", "call_event_ms": {"baseline": [0.2071295976638794, 0.20433919429779052, 0.20433919429779052, 0.20441598892211915], "candidate": [0.15754239559173583, 0.15726079940795898, 0.15656960010528564, 0.15656960010528564]}, "median_ms": {"baseline": 0.20437759160995483, "candidate": 0.15691519975662233}, "baseline_over_candidate": 1.3024716020305702}
{"case": {"B": 2, "SEQ_LEN": 512, "H": 1, "HQ": 32, "D": 128, "S": 8, "block_size": 16, "is_causal": true}, "candidate": "baseline", "phase": "compile_correctness"}
2026-09-07 14:43:10  [TileLang:tilelang.jit.kernel:INFO] (kernel.py:129): TileLang begins to compile kernel `kernel` with `out_idx=None`
2026-09-07 14:43:14  [TileLang:tilelang.jit.kernel:INFO] (kernel.py:137): TileLang completes to compile kernel `kernel`
{"case": {"B": 2, "SEQ_LEN": 512, "H": 1, "HQ": 32, "D": 128, "S": 8, "block_size": 16, "is_causal": true}, "candidate": "candidate", "phase": "compile_correctness"}
2026-09-07 14:43:15  [TileLang:tilelang.jit.kernel:INFO] (kernel.py:129): TileLang begins to compile kernel `kernel` with `out_idx=None`
2026-09-07 14:43:19  [TileLang:tilelang.jit.kernel:INFO] (kernel.py:137): TileLang completes to compile kernel `kernel`
{"case": {"B": 2, "SEQ_LEN": 512, "H": 1, "HQ": 32, "D": 128, "S": 8, "block_size": 16, "is_causal": true}, "seed": 447, "status": "PASS", "call_event_ms": {"baseline": [0.16727039813995362, 0.1651968002319336, 0.16532479524612426, 0.16514559984207153], "candidate": [0.10792959928512573, 0.1075711965560913, 0.10764800310134888, 0.10769920349121094]}, "median_ms": {"baseline": 0.1652607977390289, "candidate": 0.10767360329627991}, "baseline_over_candidate": 1.5348311255479143}
{"case": {"B": 2, "SEQ_LEN": 512, "H": 1, "HQ": 32, "D": 128, "S": 8, "block_size": 32, "is_causal": true}, "candidate": "baseline", "phase": "compile_correctness"}
2026-09-07 14:43:20  [TileLang:tilelang.jit.kernel:INFO] (kernel.py:129): TileLang begins to compile kernel `kernel` with `out_idx=None`
2026-09-07 14:43:25  [TileLang:tilelang.jit.kernel:INFO] (kernel.py:137): TileLang completes to compile kernel `kernel`
{"case": {"B": 2, "SEQ_LEN": 512, "H": 1, "HQ": 32, "D": 128, "S": 8, "block_size": 32, "is_causal": true}, "candidate": "candidate", "phase": "compile_correctness"}
2026-09-07 14:43:26  [TileLang:tilelang.jit.kernel:INFO] (kernel.py:129): TileLang begins to compile kernel `kernel` with `out_idx=None`
2026-09-07 14:43:30  [TileLang:tilelang.jit.kernel:INFO] (kernel.py:137): TileLang completes to compile kernel `kernel`
{"case": {"B": 2, "SEQ_LEN": 512, "H": 1, "HQ": 32, "D": 128, "S": 8, "block_size": 32, "is_causal": true}, "seed": 447, "status": "PASS", "call_event_ms": {"baseline": [0.3368191957473755, 0.3350271940231323, 0.33438720703125, 0.33420801162719727], "candidate": [0.24596478939056396, 0.24529919624328614, 0.24537599086761475, 0.24576001167297362]}, "median_ms": {"baseline": 0.33470720052719116, "candidate": 0.24556800127029418}, "baseline_over_candidate": 1.3629919158676638}
{"case": {"B": 2, "SEQ_LEN": 512, "H": 2, "HQ": 32, "D": 32, "S": 2, "block_size": 16, "is_causal": true}, "candidate": "baseline", "phase": "compile_correctness"}
2026-09-07 14:43:31  [TileLang:tilelang.jit.kernel:INFO] (kernel.py:129): TileLang begins to compile kernel `kernel` with `out_idx=None`
2026-09-07 14:43:35  [TileLang:tilelang.jit.kernel:INFO] (kernel.py:137): TileLang completes to compile kernel `kernel`
{"case": {"B": 2, "SEQ_LEN": 512, "H": 2, "HQ": 32, "D": 32, "S": 2, "block_size": 16, "is_causal": true}, "candidate": "candidate", "phase": "compile_correctness"}
2026-09-07 14:43:36  [TileLang:tilelang.jit.kernel:INFO] (kernel.py:129): TileLang begins to compile kernel `kernel` with `out_idx=None`
2026-09-07 14:43:39  [TileLang:tilelang.jit.kernel:INFO] (kernel.py:137): TileLang completes to compile kernel `kernel`
{"case": {"B": 2, "SEQ_LEN": 512, "H": 2, "HQ": 32, "D": 32, "S": 2, "block_size": 16, "is_causal": true}, "seed": 447, "status": "PASS", "call_event_ms": {"baseline": [0.018457600474357606, 0.016179199516773223, 0.015974399447441102, 0.01592320054769516], "candidate": [0.015052799880504609, 0.014387199282646179, 0.014310400187969207, 0.014233599603176116]}, "median_ms": {"baseline": 0.016076799482107162, "candidate": 0.014348799735307692}, "baseline_over_candidate": 1.1204281736922865}
{"case": {"B": 2, "SEQ_LEN": 512, "H": 2, "HQ": 32, "D": 32, "S": 2, "block_size": 32, "is_causal": true}, "candidate": "baseline", "phase": "compile_correctness"}
2026-09-07 14:43:40  [TileLang:tilelang.jit.kernel:INFO] (kernel.py:129): TileLang begins to compile kernel `kernel` with `out_idx=None`
2026-09-07 14:43:43  [TileLang:tilelang.jit.kernel:INFO] (kernel.py:137): TileLang completes to compile kernel `kernel`
{"case": {"B": 2, "SEQ_LEN": 512, "H": 2, "HQ": 32, "D": 32, "S": 2, "block_size": 32, "is_causal": true}, "candidate": "candidate", "phase": "compile_correctness"}
2026-09-07 14:43:44  [TileLang:tilelang.jit.kernel:INFO] (kernel.py:129): TileLang begins to compile kernel `kernel` with `out_idx=None`
2026-09-07 14:43:48  [TileLang:tilelang.jit.kernel:INFO] (kernel.py:137): TileLang completes to compile kernel `kernel`
{"case": {"B": 2, "SEQ_LEN": 512, "H": 2, "HQ": 32, "D": 32, "S": 2, "block_size": 32, "is_causal": true}, "seed": 447, "status": "PASS", "call_event_ms": {"baseline": [0.02744320034980774, 0.024780799448490144, 0.02465279996395111, 0.02452480047941208], "candidate": [0.02470400035381317, 0.024396799504756927, 0.024063999950885772, 0.024268800020217897]}, "median_ms": {"baseline": 0.024716799706220628, "candidate": 0.024332799762487412}, "baseline_over_candidate": 1.0157811656480735}
{"case": {"B": 2, "SEQ_LEN": 512, "H": 2, "HQ": 32, "D": 32, "S": 4, "block_size": 16, "is_causal": true}, "candidate": "baseline", "phase": "compile_correctness"}
2026-09-07 14:43:49  [TileLang:tilelang.jit.kernel:INFO] (kernel.py:129): TileLang begins to compile kernel `kernel` with `out_idx=None`
2026-09-07 14:43:52  [TileLang:tilelang.jit.kernel:INFO] (kernel.py:137): TileLang completes to compile kernel `kernel`
{"case": {"B": 2, "SEQ_LEN": 512, "H": 2, "HQ": 32, "D": 32, "S": 4, "block_size": 16, "is_causal": true}, "candidate": "candidate", "phase": "compile_correctness"}
2026-09-07 14:43:53  [TileLang:tilelang.jit.kernel:INFO] (kernel.py:129): TileLang begins to compile kernel `kernel` with `out_idx=None`
2026-09-07 14:43:56  [TileLang:tilelang.jit.kernel:INFO] (kernel.py:137): TileLang completes to compile kernel `kernel`
{"case": {"B": 2, "SEQ_LEN": 512, "H": 2, "HQ": 32, "D": 32, "S": 4, "block_size": 16, "is_causal": true}, "seed": 447, "status": "PASS", "call_event_ms": {"baseline": [0.02752000093460083, 0.025574401021003723, 0.02536959946155548, 0.025472000241279602], "candidate": [0.022988800704479218, 0.022732800245285033, 0.02255360037088394, 0.023296000063419343]}, "median_ms": {"baseline": 0.025523200631141663, "candidate": 0.022860800474882127}, "baseline_over_candidate": 1.1164613705974469}
{"case": {"B": 2, "SEQ_LEN": 512, "H": 2, "HQ": 32, "D": 32, "S": 4, "block_size": 32, "is_causal": true}, "candidate": "baseline", "phase": "compile_correctness"}
2026-09-07 14:43:57  [TileLang:tilelang.jit.kernel:INFO] (kernel.py:129): TileLang begins to compile kernel `kernel` with `out_idx=None`
2026-09-07 14:44:01  [TileLang:tilelang.jit.kernel:INFO] (kernel.py:137): TileLang completes to compile kernel `kernel`
{"case": {"B": 2, "SEQ_LEN": 512, "H": 2, "HQ": 32, "D": 32, "S": 4, "block_size": 32, "is_causal": true}, "candidate": "candidate", "phase": "compile_correctness"}
2026-09-07 14:44:02  [TileLang:tilelang.jit.kernel:INFO] (kernel.py:129): TileLang begins to compile kernel `kernel` with `out_idx=None`
2026-09-07 14:44:06  [TileLang:tilelang.jit.kernel:INFO] (kernel.py:137): TileLang completes to compile kernel `kernel`
{"case": {"B": 2, "SEQ_LEN": 512, "H": 2, "HQ": 32, "D": 32, "S": 4, "block_size": 32, "is_causal": true}, "seed": 447, "status": "PASS", "call_event_ms": {"baseline": [0.04426240026950836, 0.04126720130443573, 0.04175359904766083, 0.04134399890899658], "candidate": [0.03973119854927063, 0.03927040100097656, 0.03924480080604553, 0.03927040100097656]}, "median_ms": {"baseline": 0.04154879897832871, "candidate": 0.03927040100097656}, "baseline_over_candidate": 1.058018199949002}
{"case": {"B": 2, "SEQ_LEN": 512, "H": 2, "HQ": 32, "D": 32, "S": 8, "block_size": 16, "is_causal": true}, "candidate": "baseline", "phase": "compile_correctness"}
2026-09-07 14:44:07  [TileLang:tilelang.jit.kernel:INFO] (kernel.py:129): TileLang begins to compile kernel `kernel` with `out_idx=None`
2026-09-07 14:44:10  [TileLang:tilelang.jit.kernel:INFO] (kernel.py:137): TileLang completes to compile kernel `kernel`
{"case": {"B": 2, "SEQ_LEN": 512, "H": 2, "HQ": 32, "D": 32, "S": 8, "block_size": 16, "is_causal": true}, "candidate": "candidate", "phase": "compile_correctness"}
2026-09-07 14:44:11  [TileLang:tilelang.jit.kernel:INFO] (kernel.py:129): TileLang begins to compile kernel `kernel` with `out_idx=None`
2026-09-07 14:44:14  [TileLang:tilelang.jit.kernel:INFO] (kernel.py:137): TileLang completes to compile kernel `kernel`
{"case": {"B": 2, "SEQ_LEN": 512, "H": 2, "HQ": 32, "D": 32, "S": 8, "block_size": 16, "is_causal": true}, "seed": 447, "status": "PASS", "call_event_ms": {"baseline": [0.03901439905166626, 0.03648000061511993, 0.03653120100498199, 0.0364544004201889], "candidate": [0.03338240087032318, 0.03317759931087494, 0.032742398977279666, 0.03304960131645203]}, "median_ms": {"baseline": 0.03650560081005096, "candidate": 0.033113600313663484}, "baseline_over_candidate": 1.102435267209161}
{"case": {"B": 2, "SEQ_LEN": 512, "H": 2, "HQ": 32, "D": 32, "S": 8, "block_size": 32, "is_causal": true}, "candidate": "baseline", "phase": "compile_correctness"}
2026-09-07 14:44:15  [TileLang:tilelang.jit.kernel:INFO] (kernel.py:129): TileLang begins to compile kernel `kernel` with `out_idx=None`
2026-09-07 14:44:18  [TileLang:tilelang.jit.kernel:INFO] (kernel.py:137): TileLang completes to compile kernel `kernel`
{"case": {"B": 2, "SEQ_LEN": 512, "H": 2, "HQ": 32, "D": 32, "S": 8, "block_size": 32, "is_causal": true}, "candidate": "candidate", "phase": "compile_correctness"}
2026-09-07 14:44:19  [TileLang:tilelang.jit.kernel:INFO] (kernel.py:129): TileLang begins to compile kernel `kernel` with `out_idx=None`
2026-09-07 14:44:23  [TileLang:tilelang.jit.kernel:INFO] (kernel.py:137): TileLang completes to compile kernel `kernel`
{"case": {"B": 2, "SEQ_LEN": 512, "H": 2, "HQ": 32, "D": 32, "S": 8, "block_size": 32, "is_causal": true}, "seed": 447, "status": "PASS", "call_event_ms": {"baseline": [0.06433280110359192, 0.06254079937934875, 0.06256639957427979, 0.06254079937934875], "candidate": [0.0599295973777771, 0.059059202671051025, 0.05921279788017273, 0.05936639904975891]}, "median_ms": {"baseline": 0.06255359947681427, "candidate": 0.05928959846496582}, "baseline_over_candidate": 1.0550518319630238}
{"case": {"B": 2, "SEQ_LEN": 512, "H": 2, "HQ": 32, "D": 64, "S": 2, "block_size": 16, "is_causal": true}, "candidate": "baseline", "phase": "compile_correctness"}
2026-09-07 14:44:24  [TileLang:tilelang.jit.kernel:INFO] (kernel.py:129): TileLang begins to compile kernel `kernel` with `out_idx=None`
2026-09-07 14:44:27  [TileLang:tilelang.jit.kernel:INFO] (kernel.py:137): TileLang completes to compile kernel `kernel`
{"case": {"B": 2, "SEQ_LEN": 512, "H": 2, "HQ": 32, "D": 64, "S": 2, "block_size": 16, "is_causal": true}, "candidate": "candidate", "phase": "compile_correctness"}
2026-09-07 14:44:28  [TileLang:tilelang.jit.kernel:INFO] (kernel.py:129): TileLang begins to compile kernel `gather_kernel` with `out_idx=None`
2026-09-07 14:44:31  [TileLang:tilelang.jit.kernel:INFO] (kernel.py:137): TileLang completes to compile kernel `gather_kernel`
{"case": {"B": 2, "SEQ_LEN": 512, "H": 2, "HQ": 32, "D": 64, "S": 2, "block_size": 16, "is_causal": true}, "seed": 447, "status": "PASS", "call_event_ms": {"baseline": [0.031999999284744264, 0.03033599853515625, 0.03031040132045746, 0.030131199955940248], "candidate": [0.021171200275421142, 0.02099200040102005, 0.020608000457286835, 0.020735999941825865]}, "median_ms": {"baseline": 0.030323199927806854, "candidate": 0.02086400017142296}, "baseline_over_candidate": 1.4533742177274322}
{"case": {"B": 2, "SEQ_LEN": 512, "H": 2, "HQ": 32, "D": 64, "S": 2, "block_size": 32, "is_causal": true}, "candidate": "baseline", "phase": "compile_correctness"}
2026-09-07 14:44:32  [TileLang:tilelang.jit.kernel:INFO] (kernel.py:129): TileLang begins to compile kernel `kernel` with `out_idx=None`
2026-09-07 14:44:36  [TileLang:tilelang.jit.kernel:INFO] (kernel.py:137): TileLang completes to compile kernel `kernel`
{"case": {"B": 2, "SEQ_LEN": 512, "H": 2, "HQ": 32, "D": 64, "S": 2, "block_size": 32, "is_causal": true}, "candidate": "candidate", "phase": "compile_correctness"}
2026-09-07 14:44:37  [TileLang:tilelang.jit.kernel:INFO] (kernel.py:129): TileLang begins to compile kernel `kernel` with `out_idx=None`
2026-09-07 14:44:41  [TileLang:tilelang.jit.kernel:INFO] (kernel.py:137): TileLang completes to compile kernel `kernel`
{"case": {"B": 2, "SEQ_LEN": 512, "H": 2, "HQ": 32, "D": 64, "S": 2, "block_size": 32, "is_causal": true}, "seed": 447, "status": "PASS", "call_event_ms": {"baseline": [0.05588480234146118, 0.053939199447631835, 0.05322239995002746, 0.05324800014495849], "candidate": [0.04715520143508911, 0.04692479968070984, 0.04725759923458099, 0.04700160026550293]}, "median_ms": {"baseline": 0.05359359979629516, "candidate": 0.04707840085029602}, "baseline_over_candidate": 1.138390404693582}
{"case": {"B": 2, "SEQ_LEN": 512, "H": 2, "HQ": 32, "D": 64, "S": 4, "block_size": 16, "is_causal": true}, "candidate": "baseline", "phase": "compile_correctness"}
2026-09-07 14:44:42  [TileLang:tilelang.jit.kernel:INFO] (kernel.py:129): TileLang begins to compile kernel `kernel` with `out_idx=None`
2026-09-07 14:44:46  [TileLang:tilelang.jit.kernel:INFO] (kernel.py:137): TileLang completes to compile kernel `kernel`
{"case": {"B": 2, "SEQ_LEN": 512, "H": 2, "HQ": 32, "D": 64, "S": 4, "block_size": 16, "is_causal": true}, "candidate": "candidate", "phase": "compile_correctness"}
2026-09-07 14:44:47  [TileLang:tilelang.jit.kernel:INFO] (kernel.py:129): TileLang begins to compile kernel `gather_kernel` with `out_idx=None`
2026-09-07 14:44:50  [TileLang:tilelang.jit.kernel:INFO] (kernel.py:137): TileLang completes to compile kernel `gather_kernel`
{"case": {"B": 2, "SEQ_LEN": 512, "H": 2, "HQ": 32, "D": 64, "S": 4, "block_size": 16, "is_causal": true}, "seed": 447, "status": "PASS", "call_event_ms": {"baseline": [0.04759039878845215, 0.045849600434303285, 0.045977601408958436, 0.04561919867992401], "candidate": [0.033024001121521, 0.03330560028553009, 0.03281919956207276, 0.03284479975700379]}, "median_ms": {"baseline": 0.04591360092163086, "candidate": 0.03293440043926239}, "baseline_over_candidate": 1.394092508418506}
{"case": {"B": 2, "SEQ_LEN": 512, "H": 2, "HQ": 32, "D": 64, "S": 4, "block_size": 32, "is_causal": true}, "candidate": "baseline", "phase": "compile_correctness"}
2026-09-07 14:44:50  [TileLang:tilelang.jit.kernel:INFO] (kernel.py:129): TileLang begins to compile kernel `kernel` with `out_idx=None`
2026-09-07 14:44:55  [TileLang:tilelang.jit.kernel:INFO] (kernel.py:137): TileLang completes to compile kernel `kernel`
{"case": {"B": 2, "SEQ_LEN": 512, "H": 2, "HQ": 32, "D": 64, "S": 4, "block_size": 32, "is_causal": true}, "candidate": "candidate", "phase": "compile_correctness"}
2026-09-07 14:44:56  [TileLang:tilelang.jit.kernel:INFO] (kernel.py:129): TileLang begins to compile kernel `kernel` with `out_idx=None`
2026-09-07 14:45:00  [TileLang:tilelang.jit.kernel:INFO] (kernel.py:137): TileLang completes to compile kernel `kernel`
{"case": {"B": 2, "SEQ_LEN": 512, "H": 2, "HQ": 32, "D": 64, "S": 4, "block_size": 32, "is_causal": true}, "seed": 447, "status": "PASS", "call_event_ms": {"baseline": [0.08837119936943054, 0.0861952006816864, 0.08558080196380616, 0.08578559756278992], "candidate": [0.07567359805107117, 0.07572479844093323, 0.0754688024520874, 0.0754688024520874]}, "median_ms": {"baseline": 0.08599039912223816, "candidate": 0.07557120025157929}, "baseline_over_candidate": 1.1378726133232366}
{"case": {"B": 2, "SEQ_LEN": 512, "H": 2, "HQ": 32, "D": 64, "S": 8, "block_size": 16, "is_causal": true}, "candidate": "baseline", "phase": "compile_correctness"}
2026-09-07 14:45:01  [TileLang:tilelang.jit.kernel:INFO] (kernel.py:129): TileLang begins to compile kernel `kernel` with `out_idx=None`
2026-09-07 14:45:04  [TileLang:tilelang.jit.kernel:INFO] (kernel.py:137): TileLang completes to compile kernel `kernel`
{"case": {"B": 2, "SEQ_LEN": 512, "H": 2, "HQ": 32, "D": 64, "S": 8, "block_size": 16, "is_causal": true}, "candidate": "candidate", "phase": "compile_correctness"}
2026-09-07 14:45:05  [TileLang:tilelang.jit.kernel:INFO] (kernel.py:129): TileLang begins to compile kernel `kernel` with `out_idx=None`
2026-09-07 14:45:09  [TileLang:tilelang.jit.kernel:INFO] (kernel.py:137): TileLang completes to compile kernel `kernel`
{"case": {"B": 2, "SEQ_LEN": 512, "H": 2, "HQ": 32, "D": 64, "S": 8, "block_size": 16, "is_causal": true}, "seed": 447, "status": "PASS", "call_event_ms": {"baseline": [0.06776319742202759, 0.06612480282783509, 0.06584320068359376, 0.0659712016582489], "candidate": [0.056729602813720706, 0.05642240047454834, 0.05624319911003113, 0.056576001644134524]}, "median_ms": {"baseline": 0.066048002243042, "candidate": 0.05649920105934143}, "baseline_over_candidate": 1.169007720545843}
{"case": {"B": 2, "SEQ_LEN": 512, "H": 2, "HQ": 32, "D": 64, "S": 8, "block_size": 32, "is_causal": true}, "candidate": "baseline", "phase": "compile_correctness"}
2026-09-07 14:45:10  [TileLang:tilelang.jit.kernel:INFO] (kernel.py:129): TileLang begins to compile kernel `kernel` with `out_idx=None`
2026-09-07 14:45:14  [TileLang:tilelang.jit.kernel:INFO] (kernel.py:137): TileLang completes to compile kernel `kernel`
{"case": {"B": 2, "SEQ_LEN": 512, "H": 2, "HQ": 32, "D": 64, "S": 8, "block_size": 32, "is_causal": true}, "candidate": "candidate", "phase": "compile_correctness"}
2026-09-07 14:45:15  [TileLang:tilelang.jit.kernel:INFO] (kernel.py:129): TileLang begins to compile kernel `kernel` with `out_idx=None`
2026-09-07 14:45:18  [TileLang:tilelang.jit.kernel:INFO] (kernel.py:137): TileLang completes to compile kernel `kernel`
{"case": {"B": 2, "SEQ_LEN": 512, "H": 2, "HQ": 32, "D": 64, "S": 8, "block_size": 32, "is_causal": true}, "seed": 447, "status": "PASS", "call_event_ms": {"baseline": [0.12666879892349242, 0.12387839555740357, 0.12408319711685181, 0.12344319820404052], "candidate": [0.11499520540237426, 0.11404800415039062, 0.1139456033706665, 0.11389440298080444]}, "median_ms": {"baseline": 0.12398079633712769, "candidate": 0.11399680376052856}, "baseline_over_candidate": 1.0875813377853325}
{"case": {"B": 2, "SEQ_LEN": 512, "H": 2, "HQ": 32, "D": 128, "S": 2, "block_size": 16, "is_causal": true}, "candidate": "baseline", "phase": "compile_correctness"}
2026-09-07 14:45:19  [TileLang:tilelang.jit.kernel:INFO] (kernel.py:129): TileLang begins to compile kernel `kernel` with `out_idx=None`
2026-09-07 14:45:24  [TileLang:tilelang.jit.kernel:INFO] (kernel.py:137): TileLang completes to compile kernel `kernel`
{"case": {"B": 2, "SEQ_LEN": 512, "H": 2, "HQ": 32, "D": 128, "S": 2, "block_size": 16, "is_causal": true}, "candidate": "candidate", "phase": "compile_correctness"}
2026-09-07 14:45:24  [TileLang:tilelang.jit.kernel:INFO] (kernel.py:129): TileLang begins to compile kernel `kernel` with `out_idx=None`
2026-09-07 14:45:28  [TileLang:tilelang.jit.kernel:INFO] (kernel.py:137): TileLang completes to compile kernel `kernel`
{"case": {"B": 2, "SEQ_LEN": 512, "H": 2, "HQ": 32, "D": 128, "S": 2, "block_size": 16, "is_causal": true}, "seed": 447, "status": "PASS", "call_event_ms": {"baseline": [0.06553599834442139, 0.06330879926681518, 0.06346240043640136, 0.0634112000465393], "candidate": [0.05470719933509827, 0.05414400100708008, 0.05429760217666626, 0.054016000032424925]}, "median_ms": {"baseline": 0.06343680024147033, "candidate": 0.05422080159187317}, "baseline_over_candidate": 1.1699716414922663}
{"case": {"B": 2, "SEQ_LEN": 512, "H": 2, "HQ": 32, "D": 128, "S": 2, "block_size": 32, "is_causal": true}, "candidate": "baseline", "phase": "compile_correctness"}
2026-09-07 14:45:29  [TileLang:tilelang.jit.kernel:INFO] (kernel.py:129): TileLang begins to compile kernel `kernel` with `out_idx=None`
2026-09-07 14:45:34  [TileLang:tilelang.jit.kernel:INFO] (kernel.py:137): TileLang completes to compile kernel `kernel`
{"case": {"B": 2, "SEQ_LEN": 512, "H": 2, "HQ": 32, "D": 128, "S": 2, "block_size": 32, "is_causal": true}, "candidate": "candidate", "phase": "compile_correctness"}
2026-09-07 14:45:35  [TileLang:tilelang.jit.kernel:INFO] (kernel.py:129): TileLang begins to compile kernel `kernel` with `out_idx=None`
2026-09-07 14:45:39  [TileLang:tilelang.jit.kernel:INFO] (kernel.py:137): TileLang completes to compile kernel `kernel`
{"case": {"B": 2, "SEQ_LEN": 512, "H": 2, "HQ": 32, "D": 128, "S": 2, "block_size": 32, "is_causal": true}, "seed": 447, "status": "PASS", "call_event_ms": {"baseline": [0.1423359990119934, 0.1405184030532837, 0.14028799533843994, 0.14008320569992067], "candidate": [0.14305280447006224, 0.14302719831466676, 0.14269440174102782, 0.14289920330047606]}, "median_ms": {"baseline": 0.1404031991958618, "candidate": 0.1429632008075714}, "baseline_over_candidate": 0.9820932827661338}
{"case": {"B": 2, "SEQ_LEN": 512, "H": 2, "HQ": 32, "D": 128, "S": 4, "block_size": 16, "is_causal": true}, "candidate": "baseline", "phase": "compile_correctness"}
2026-09-07 14:45:40  [TileLang:tilelang.jit.kernel:INFO] (kernel.py:129): TileLang begins to compile kernel `kernel` with `out_idx=None`
2026-09-07 14:45:44  [TileLang:tilelang.jit.kernel:INFO] (kernel.py:137): TileLang completes to compile kernel `kernel`
{"case": {"B": 2, "SEQ_LEN": 512, "H": 2, "HQ": 32, "D": 128, "S": 4, "block_size": 16, "is_causal": true}, "candidate": "candidate", "phase": "compile_correctness"}
2026-09-07 14:45:45  [TileLang:tilelang.jit.kernel:INFO] (kernel.py:129): TileLang begins to compile kernel `kernel` with `out_idx=None`
2026-09-07 14:45:50  [TileLang:tilelang.jit.kernel:INFO] (kernel.py:137): TileLang completes to compile kernel `kernel`
{"case": {"B": 2, "SEQ_LEN": 512, "H": 2, "HQ": 32, "D": 128, "S": 4, "block_size": 16, "is_causal": true}, "seed": 447, "status": "PASS", "call_event_ms": {"baseline": [0.10081280469894409, 0.09797120094299316, 0.09761279821395874, 0.09797120094299316], "candidate": [0.0826367974281311, 0.08217599987983704, 0.08202239871025085, 0.08156160116195679]}, "median_ms": {"baseline": 0.09797120094299316, "candidate": 0.08209919929504395}, "baseline_over_candidate": 1.193327118708055}
{"case": {"B": 2, "SEQ_LEN": 512, "H": 2, "HQ": 32, "D": 128, "S": 4, "block_size": 32, "is_causal": true}, "candidate": "baseline", "phase": "compile_correctness"}
2026-09-07 14:45:51  [TileLang:tilelang.jit.kernel:INFO] (kernel.py:129): TileLang begins to compile kernel `kernel` with `out_idx=None`
2026-09-07 14:45:56  [TileLang:tilelang.jit.kernel:INFO] (kernel.py:137): TileLang completes to compile kernel `kernel`
{"case": {"B": 2, "SEQ_LEN": 512, "H": 2, "HQ": 32, "D": 128, "S": 4, "block_size": 32, "is_causal": true}, "candidate": "candidate", "phase": "compile_correctness"}
2026-09-07 14:45:57  [TileLang:tilelang.jit.kernel:INFO] (kernel.py:129): TileLang begins to compile kernel `kernel` with `out_idx=None`
2026-09-07 14:46:01  [TileLang:tilelang.jit.kernel:INFO] (kernel.py:137): TileLang completes to compile kernel `kernel`
{"case": {"B": 2, "SEQ_LEN": 512, "H": 2, "HQ": 32, "D": 128, "S": 4, "block_size": 32, "is_causal": true}, "seed": 447, "status": "PASS", "call_event_ms": {"baseline": [0.2130944013595581, 0.210150408744812, 0.210150408744812, 0.210099196434021], "candidate": [0.2095616102218628, 0.20838398933410646, 0.20861439704895018, 0.20874240398406982]}, "median_ms": {"baseline": 0.210150408744812, "candidate": 0.20867840051651}, "baseline_over_candidate": 1.0070539558701743}
{"case": {"B": 2, "SEQ_LEN": 512, "H": 2, "HQ": 32, "D": 128, "S": 8, "block_size": 16, "is_causal": true}, "candidate": "baseline", "phase": "compile_correctness"}
2026-09-07 14:46:02  [TileLang:tilelang.jit.kernel:INFO] (kernel.py:129): TileLang begins to compile kernel `kernel` with `out_idx=None`
2026-09-07 14:46:07  [TileLang:tilelang.jit.kernel:INFO] (kernel.py:137): TileLang completes to compile kernel `kernel`
{"case": {"B": 2, "SEQ_LEN": 512, "H": 2, "HQ": 32, "D": 128, "S": 8, "block_size": 16, "is_causal": true}, "candidate": "candidate", "phase": "compile_correctness"}
2026-09-07 14:46:07  [TileLang:tilelang.jit.kernel:INFO] (kernel.py:129): TileLang begins to compile kernel `kernel` with `out_idx=None`
2026-09-07 14:46:12  [TileLang:tilelang.jit.kernel:INFO] (kernel.py:137): TileLang completes to compile kernel `kernel`
{"case": {"B": 2, "SEQ_LEN": 512, "H": 2, "HQ": 32, "D": 128, "S": 8, "block_size": 16, "is_causal": true}, "seed": 447, "status": "PASS", "call_event_ms": {"baseline": [0.1525760054588318, 0.15063040256500243, 0.15057920217514037, 0.15014400482177734], "candidate": [0.12108800411224366, 0.12108800411224366, 0.12144639492034912, 0.12088320255279542]}, "median_ms": {"baseline": 0.1506048023700714, "candidate": 0.12108800411224366}, "baseline_over_candidate": 1.2437631908646118}
{"case": {"B": 2, "SEQ_LEN": 512, "H": 2, "HQ": 32, "D": 128, "S": 8, "block_size": 32, "is_causal": true}, "candidate": "baseline", "phase": "compile_correctness"}
2026-09-07 14:46:12  [TileLang:tilelang.jit.kernel:INFO] (kernel.py:129): TileLang begins to compile kernel `kernel` with `out_idx=None`
2026-09-07 14:46:17  [TileLang:tilelang.jit.kernel:INFO] (kernel.py:137): TileLang completes to compile kernel `kernel`
{"case": {"B": 2, "SEQ_LEN": 512, "H": 2, "HQ": 32, "D": 128, "S": 8, "block_size": 32, "is_causal": true}, "candidate": "candidate", "phase": "compile_correctness"}
2026-09-07 14:46:18  [TileLang:tilelang.jit.kernel:INFO] (kernel.py:129): TileLang begins to compile kernel `kernel` with `out_idx=None`
2026-09-07 14:46:22  [TileLang:tilelang.jit.kernel:INFO] (kernel.py:137): TileLang completes to compile kernel `kernel`
{"case": {"B": 2, "SEQ_LEN": 512, "H": 2, "HQ": 32, "D": 128, "S": 8, "block_size": 32, "is_causal": true}, "seed": 447, "status": "PASS", "call_event_ms": {"baseline": [0.3488768100738525, 0.3473920106887817, 0.34657280445098876, 0.3477247953414917], "candidate": [0.3436543941497803, 0.3433471918106079, 0.3437824010848999, 0.3430912017822266]}, "median_ms": {"baseline": 0.34755840301513674, "candidate": 0.3435007929801941}, "baseline_over_candidate": 1.0118125201392958}
