Loading tilelang libs from dev root: /opt/tilelang-metax-v0.1.10/build
{"case": {"B": 1, "SEQ_LEN": 512, "H": 1, "HQ": 16, "D": 128, "S": 1, "block_size": 32, "is_causal": true}, "candidate": "baseline", "phase": "compile_correctness"}
2026-09-07 07:57:21  [TileLang:tilelang.jit.kernel:INFO] (kernel.py:129): TileLang begins to compile kernel `kernel` with `out_idx=None`
2026-09-07 07:57:25  [TileLang:tilelang.jit.kernel:INFO] (kernel.py:137): TileLang completes to compile kernel `kernel`
{"case": {"B": 1, "SEQ_LEN": 512, "H": 1, "HQ": 16, "D": 128, "S": 1, "block_size": 32, "is_causal": true}, "candidate": "candidate", "phase": "compile_correctness"}
2026-09-07 07:57:25  [TileLang:tilelang.jit.kernel:INFO] (kernel.py:129): TileLang begins to compile kernel `kernel` with `out_idx=None`
2026-09-07 07:57:28  [TileLang:tilelang.jit.kernel:INFO] (kernel.py:137): TileLang completes to compile kernel `kernel`
{"case": {"B": 1, "SEQ_LEN": 512, "H": 1, "HQ": 16, "D": 128, "S": 1, "block_size": 32, "is_causal": true}, "status": "PASS", "call_event_ms": {"baseline": [0.0194815993309021, 0.017843200266361235, 0.017664000391960144, 0.017638400197029114], "candidate": [0.018662400543689728, 0.018432000279426576, 0.018585599958896637, 0.018380799889564516]}, "median_ms": {"baseline": 0.01775360032916069, "candidate": 0.018508800119161607}, "baseline_over_candidate": 0.9591977986072105}
{"case": {"B": 2, "SEQ_LEN": 512, "H": 1, "HQ": 16, "D": 128, "S": 1, "block_size": 32, "is_causal": true}, "candidate": "baseline", "phase": "compile_correctness"}
2026-09-07 07:57:29  [TileLang:tilelang.jit.kernel:INFO] (kernel.py:129): TileLang begins to compile kernel `kernel` with `out_idx=None`
2026-09-07 07:57:32  [TileLang:tilelang.jit.kernel:INFO] (kernel.py:137): TileLang completes to compile kernel `kernel`
{"case": {"B": 2, "SEQ_LEN": 512, "H": 1, "HQ": 16, "D": 128, "S": 1, "block_size": 32, "is_causal": true}, "candidate": "candidate", "phase": "compile_correctness"}
2026-09-07 07:57:33  [TileLang:tilelang.jit.kernel:INFO] (kernel.py:129): TileLang begins to compile kernel `kernel` with `out_idx=None`
2026-09-07 07:57:36  [TileLang:tilelang.jit.kernel:INFO] (kernel.py:137): TileLang completes to compile kernel `kernel`
{"case": {"B": 2, "SEQ_LEN": 512, "H": 1, "HQ": 16, "D": 128, "S": 1, "block_size": 32, "is_causal": true}, "status": "PASS", "call_event_ms": {"baseline": [0.026163199543952943, 0.024831999838352204, 0.024959999322891235, 0.023731200397014617], "candidate": [0.02470400035381317, 0.024806399643421174, 0.024371199309825897, 0.02452480047941208]}, "median_ms": {"baseline": 0.02489599958062172, "candidate": 0.024614400416612624}, "baseline_over_candidate": 1.01144042346118}
{"case": {"B": 4, "SEQ_LEN": 1024, "H": 1, "HQ": 16, "D": 128, "S": 1, "block_size": 32, "is_causal": true}, "candidate": "baseline", "phase": "compile_correctness"}
2026-09-07 07:57:37  [TileLang:tilelang.jit.kernel:INFO] (kernel.py:129): TileLang begins to compile kernel `kernel` with `out_idx=None`
2026-09-07 07:57:40  [TileLang:tilelang.jit.kernel:INFO] (kernel.py:137): TileLang completes to compile kernel `kernel`
{"case": {"B": 4, "SEQ_LEN": 1024, "H": 1, "HQ": 16, "D": 128, "S": 1, "block_size": 32, "is_causal": true}, "candidate": "candidate", "phase": "compile_correctness"}
2026-09-07 07:57:41  [TileLang:tilelang.jit.kernel:INFO] (kernel.py:129): TileLang begins to compile kernel `kernel` with `out_idx=None`
2026-09-07 07:57:44  [TileLang:tilelang.jit.kernel:INFO] (kernel.py:137): TileLang completes to compile kernel `kernel`
{"case": {"B": 4, "SEQ_LEN": 1024, "H": 1, "HQ": 16, "D": 128, "S": 1, "block_size": 32, "is_causal": true}, "status": "PASS", "call_event_ms": {"baseline": [0.08161280155181885, 0.08028159737586975, 0.08087040185928344, 0.0804095983505249], "candidate": [0.0695039987564087, 0.06899200081825256, 0.06909440159797668, 0.06912000179290771]}, "median_ms": {"baseline": 0.08064000010490417, "candidate": 0.0691072016954422}, "baseline_over_candidate": 1.1668827289562007}
{"case": {"B": 8, "SEQ_LEN": 512, "H": 1, "HQ": 16, "D": 128, "S": 1, "block_size": 32, "is_causal": true}, "candidate": "baseline", "phase": "compile_correctness"}
2026-09-07 07:57:45  [TileLang:tilelang.jit.kernel:INFO] (kernel.py:129): TileLang begins to compile kernel `kernel` with `out_idx=None`
2026-09-07 07:57:48  [TileLang:tilelang.jit.kernel:INFO] (kernel.py:137): TileLang completes to compile kernel `kernel`
{"case": {"B": 8, "SEQ_LEN": 512, "H": 1, "HQ": 16, "D": 128, "S": 1, "block_size": 32, "is_causal": true}, "candidate": "candidate", "phase": "compile_correctness"}
2026-09-07 07:57:49  [TileLang:tilelang.jit.kernel:INFO] (kernel.py:129): TileLang begins to compile kernel `kernel` with `out_idx=None`
2026-09-07 07:57:52  [TileLang:tilelang.jit.kernel:INFO] (kernel.py:137): TileLang completes to compile kernel `kernel`
{"case": {"B": 8, "SEQ_LEN": 512, "H": 1, "HQ": 16, "D": 128, "S": 1, "block_size": 32, "is_causal": true}, "status": "PASS", "call_event_ms": {"baseline": [0.08279039859771728, 0.08087040185928344, 0.08007680177688599, 0.0804095983505249], "candidate": [0.0709119975566864, 0.07052800059318542, 0.07063040137290955, 0.07014399766921997]}, "median_ms": {"baseline": 0.08064000010490417, "candidate": 0.07057920098304749}, "baseline_over_candidate": 1.1425462314920964}
{"case": {"B": 1, "SEQ_LEN": 1024, "H": 1, "HQ": 16, "D": 128, "S": 1, "block_size": 32, "is_causal": true}, "candidate": "baseline", "phase": "compile_correctness"}
2026-09-07 07:57:53  [TileLang:tilelang.jit.kernel:INFO] (kernel.py:129): TileLang begins to compile kernel `kernel` with `out_idx=None`
2026-09-07 07:57:56  [TileLang:tilelang.jit.kernel:INFO] (kernel.py:137): TileLang completes to compile kernel `kernel`
{"case": {"B": 1, "SEQ_LEN": 1024, "H": 1, "HQ": 16, "D": 128, "S": 1, "block_size": 32, "is_causal": true}, "candidate": "candidate", "phase": "compile_correctness"}
2026-09-07 07:57:57  [TileLang:tilelang.jit.kernel:INFO] (kernel.py:129): TileLang begins to compile kernel `kernel` with `out_idx=None`
2026-09-07 07:58:00  [TileLang:tilelang.jit.kernel:INFO] (kernel.py:137): TileLang completes to compile kernel `kernel`
{"case": {"B": 1, "SEQ_LEN": 1024, "H": 1, "HQ": 16, "D": 128, "S": 1, "block_size": 32, "is_causal": true}, "status": "PASS", "call_event_ms": {"baseline": [0.025241601467132568, 0.024089600145816802, 0.024934400618076325, 0.02388480007648468], "candidate": [0.0247296005487442, 0.02462719976902008, 0.02465279996395111, 0.02447360008955002]}, "median_ms": {"baseline": 0.024512000381946564, "candidate": 0.024639999866485594}, "baseline_over_candidate": 0.9948052156967285}
{"case": {"B": 2, "SEQ_LEN": 1024, "H": 1, "HQ": 16, "D": 128, "S": 1, "block_size": 32, "is_causal": true}, "candidate": "baseline", "phase": "compile_correctness"}
2026-09-07 07:58:01  [TileLang:tilelang.jit.kernel:INFO] (kernel.py:129): TileLang begins to compile kernel `kernel` with `out_idx=None`
2026-09-07 07:58:04  [TileLang:tilelang.jit.kernel:INFO] (kernel.py:137): TileLang completes to compile kernel `kernel`
{"case": {"B": 2, "SEQ_LEN": 1024, "H": 1, "HQ": 16, "D": 128, "S": 1, "block_size": 32, "is_causal": true}, "candidate": "candidate", "phase": "compile_correctness"}
2026-09-07 07:58:05  [TileLang:tilelang.jit.kernel:INFO] (kernel.py:129): TileLang begins to compile kernel `kernel` with `out_idx=None`
2026-09-07 07:58:08  [TileLang:tilelang.jit.kernel:INFO] (kernel.py:137): TileLang completes to compile kernel `kernel`
{"case": {"B": 2, "SEQ_LEN": 1024, "H": 1, "HQ": 16, "D": 128, "S": 1, "block_size": 32, "is_causal": true}, "status": "PASS", "call_event_ms": {"baseline": [0.045772799849510194, 0.0444927990436554, 0.04469760060310364, 0.04441600143909454], "candidate": [0.0414463996887207, 0.04139519929885864, 0.04095999896526337, 0.04106239974498749]}, "median_ms": {"baseline": 0.04459519982337952, "candidate": 0.041228799521923064}, "baseline_over_candidate": 1.0816516692334541}
{"case": {"B": 4, "SEQ_LEN": 512, "H": 1, "HQ": 16, "D": 128, "S": 1, "block_size": 32, "is_causal": true}, "candidate": "baseline", "phase": "compile_correctness"}
2026-09-07 07:58:09  [TileLang:tilelang.jit.kernel:INFO] (kernel.py:129): TileLang begins to compile kernel `kernel` with `out_idx=None`
2026-09-07 07:58:12  [TileLang:tilelang.jit.kernel:INFO] (kernel.py:137): TileLang completes to compile kernel `kernel`
{"case": {"B": 4, "SEQ_LEN": 512, "H": 1, "HQ": 16, "D": 128, "S": 1, "block_size": 32, "is_causal": true}, "candidate": "candidate", "phase": "compile_correctness"}
2026-09-07 07:58:13  [TileLang:tilelang.jit.kernel:INFO] (kernel.py:129): TileLang begins to compile kernel `kernel` with `out_idx=None`
2026-09-07 07:58:16  [TileLang:tilelang.jit.kernel:INFO] (kernel.py:137): TileLang completes to compile kernel `kernel`
{"case": {"B": 4, "SEQ_LEN": 512, "H": 1, "HQ": 16, "D": 128, "S": 1, "block_size": 32, "is_causal": true}, "status": "PASS", "call_event_ms": {"baseline": [0.04656639993190766, 0.04480000138282776, 0.04508160054683685, 0.04454399943351746], "candidate": [0.04088320136070252, 0.0404992014169693, 0.04039680063724518, 0.040524798631668094]}, "median_ms": {"baseline": 0.04494080096483231, "candidate": 0.04051200002431869}, "baseline_over_candidate": 1.1093207182527418}
{"case": {"B": 8, "SEQ_LEN": 256, "H": 1, "HQ": 16, "D": 128, "S": 1, "block_size": 32, "is_causal": true}, "candidate": "baseline", "phase": "compile_correctness"}
2026-09-07 07:58:17  [TileLang:tilelang.jit.kernel:INFO] (kernel.py:129): TileLang begins to compile kernel `kernel` with `out_idx=None`
2026-09-07 07:58:20  [TileLang:tilelang.jit.kernel:INFO] (kernel.py:137): TileLang completes to compile kernel `kernel`
{"case": {"B": 8, "SEQ_LEN": 256, "H": 1, "HQ": 16, "D": 128, "S": 1, "block_size": 32, "is_causal": true}, "candidate": "candidate", "phase": "compile_correctness"}
2026-09-07 07:58:21  [TileLang:tilelang.jit.kernel:INFO] (kernel.py:129): TileLang begins to compile kernel `kernel` with `out_idx=None`
2026-09-07 07:58:24  [TileLang:tilelang.jit.kernel:INFO] (kernel.py:137): TileLang completes to compile kernel `kernel`
{"case": {"B": 8, "SEQ_LEN": 256, "H": 1, "HQ": 16, "D": 128, "S": 1, "block_size": 32, "is_causal": true}, "status": "PASS", "call_event_ms": {"baseline": [0.046463999152183535, 0.045184001326560974, 0.04500479996204376, 0.04485119879245758], "candidate": [0.040627199411392215, 0.040217599272727965, 0.040294399857521056, 0.040268799662590025]}, "median_ms": {"baseline": 0.04509440064430237, "candidate": 0.04028159976005554}, "baseline_over_candidate": 1.1194788914272304}
{"case": {"B": 2, "SEQ_LEN": 512, "H": 2, "HQ": 16, "D": 128, "S": 1, "block_size": 32, "is_causal": true}, "candidate": "baseline", "phase": "compile_correctness"}
2026-09-07 07:58:25  [TileLang:tilelang.jit.kernel:INFO] (kernel.py:129): TileLang begins to compile kernel `kernel` with `out_idx=None`
Traceback (most recent call last):
  File "/root/nsa_20260907_codex/nsa/tests/compare_s1.py", line 78, in <module>
    main()
  File "/root/nsa_20260907_codex/nsa/tests/compare_s1.py", line 55, in main
    mod.run_kernel(q,k,v,idx,outs[name],*args)
  File "/root/nsa_20260907_codex/nsa/baselines/oj_115804.py", line 293, in run_kernel
    kernel = _get_kernel(
             ^^^^^^^^^^^^
  File "/root/nsa_20260907_codex/nsa/baselines/oj_115804.py", line 262, in _get_kernel
    kernel = fn(
             ^^^
  File "/opt/tilelang-metax-v0.1.10/tilelang/jit/__init__.py", line 461, in __call__
    kernel = self.compile(*args, **kwargs)
             ^^^^^^^^^^^^^^^^^^^^^^^^^^^^^
  File "/opt/tilelang-metax-v0.1.10/tilelang/jit/__init__.py", line 391, in compile
    kernel_result = compile(
                    ^^^^^^^^
  File "/opt/tilelang-metax-v0.1.10/tilelang/jit/__init__.py", line 111, in compile
    return cached(
           ^^^^^^^
  File "/opt/tilelang-metax-v0.1.10/tilelang/cache/__init__.py", line 74, in cached
    return _dispatch_map[execution_backend].cached(
           ^^^^^^^^^^^^^^^^^^^^^^^^^^^^^^^^^^^^^^^^
  File "/opt/tilelang-metax-v0.1.10/tilelang/cache/kernel_cache.py", line 365, in cached
    kernel = JITKernel(
             ^^^^^^^^^^
  File "/opt/tilelang-metax-v0.1.10/tilelang/jit/kernel.py", line 132, in __init__
    adapter = self._compile_and_create_adapter(func, out_idx)
              ^^^^^^^^^^^^^^^^^^^^^^^^^^^^^^^^^^^^^^^^^^^^^^^
  File "/opt/tilelang-metax-v0.1.10/tilelang/jit/kernel.py", line 247, in _compile_and_create_adapter
    artifact = tilelang.lower(
               ^^^^^^^^^^^^^^^
  File "/opt/tilelang-metax-v0.1.10/tilelang/engine/lower.py", line 384, in lower
    host_mod, device_mod, params, target, target_host = lower_to_host_device_ir(
                                                        ^^^^^^^^^^^^^^^^^^^^^^^^
  File "/opt/tilelang-metax-v0.1.10/tilelang/engine/lower.py", line 358, in lower_to_host_device_ir
    mod = LowerAndLegalize(mod, target)
          ^^^^^^^^^^^^^^^^^^^^^^^^^^^^^
  File "/opt/tilelang-metax-v0.1.10/tilelang/engine/phase.py", line 206, in LowerAndLegalize
    mod = tilelang.transform.LayoutInference()(mod)
          ^^^^^^^^^^^^^^^^^^^^^^^^^^^^^^^^^^^^^^^^^
  File "/opt/tilelang-metax-v0.1.10/3rdparty/tvm/python/tvm/ir/transform.py", line 171, in __call__
    return _ffi_transform_api.RunPass(self, mod)
           ^^^^^^^^^^^^^^^^^^^^^^^^^^^^^^^^^^^^^
  File "python/tvm_ffi/cython/function.pxi", line 968, in tvm_ffi.core.Function.__call__
  File "<unknown>", line 0, in tvm::transform::Pass::operator()(tvm::IRModule) const
  File "<unknown>", line 0, in tvm::transform::Pass::operator()(tvm::IRModule, tvm::transform::PassContext const&) const
  File "<unknown>", line 0, in tvm::tirx::transform::PrimFuncPassNode::operator()(tvm::IRModule, tvm::transform::PassContext const&) const
  File "<unknown>", line 0, in std::_Function_handler<tvm::tirx::PrimFunc (tvm::tirx::PrimFunc, tvm::IRModule, tvm::transform::PassContext), tvm::tl::LayoutInference()::{lambda(tvm::tirx::PrimFunc, tvm::IRModule const&, tvm::transform::PassContext const&)#1}>::_M_invoke(std::_Any_data const&, tvm::tirx::PrimFunc&&, tvm::IRModule&&, tvm::transform::PassContext&&)
  File "<unknown>", line 0, in std::enable_if<is_invocable_r_v<tvm::tirx::PrimFunc, tvm::tl::LayoutInference()::{lambda(tvm::tirx::PrimFunc, tvm::IRModule const&, tvm::transform::PassContext const&)#1}&, tvm::tirx::PrimFunc, tvm::IRModule, tvm::transform::PassContext>, tvm::tirx::PrimFunc>::type std::__invoke_r<tvm::tirx::PrimFunc, tvm::tl::LayoutInference()::{lambda(tvm::tirx::PrimFunc, tvm::IRModule const&, tvm::transform::PassContext const&)#1}&, tvm::tirx::PrimFunc, tvm::IRModule, tvm::transform::PassContext>(tvm::tl::LayoutInference()::{lambda(tvm::tirx::PrimFunc, tvm::IRModule const&, tvm::transform::PassContext const&)#1}&, tvm::tirx::PrimFunc&&, tvm::IRModule&&, tvm::transform::PassContext&&)
  File "<unknown>", line 0, in tvm::tirx::PrimFunc std::__invoke_impl<tvm::tirx::PrimFunc, tvm::tl::LayoutInference()::{lambda(tvm::tirx::PrimFunc, tvm::IRModule const&, tvm::transform::PassContext const&)#1}&, tvm::tirx::PrimFunc, tvm::IRModule, tvm::transform::PassContext>(std::__invoke_other, tvm::tl::LayoutInference()::{lambda(tvm::tirx::PrimFunc, tvm::IRModule const&, tvm::transform::PassContext const&)#1}&, tvm::tirx::PrimFunc&&, tvm::IRModule&&, tvm::transform::PassContext&&)
  File "<unknown>", line 0, in tvm::tl::LayoutInference()::{lambda(tvm::tirx::PrimFunc, tvm::IRModule const&, tvm::transform::PassContext const&)#1}::operator()(tvm::tirx::PrimFunc, tvm::IRModule const&, tvm::transform::PassContext const&) const
  File "<unknown>", line 0, in tvm::tl::LayoutInferencer::Substitute(tvm::tirx::PrimFunc, bool)
  File "<unknown>", line 0, in tvm::tl::BufferUseDefCollector::Run()
  File "<unknown>", line 0, in tvm::tl::BufferUseDefCollector::RunInferStep(int, tvm::tl::InferLevel, bool, tvm::ffi::Map<tvm::tirx::Buffer, tvm::tl::Layout, void>&, tvm::ffi::Map<tvm::tirx::Buffer, tvm::tl::Layout, void> const&, std::deque<int, std::allocator<int> >&, std::vector<bool, std::allocator<bool> >&)
  File "<unknown>", line 0, in tvm::tl::GemmNode::InferLayout(tvm::tl::LayoutInferArgs const&, tvm::tl::InferLevel) const
  File "<unknown>", line 0, in TVMFFIPyCallback(void*, TVMFFIAny const*, int, TVMFFIAny*)
  File "<unknown>", line 0, in TVMFFICyErrorSetRaisedFromPyError(_object*)
  File "/opt/tilelang-metax-v0.1.10/tilelang/tileop/gemm/__init__.py", line 15, in gemm_infer_layout
    return gemm.infer_layout(target, thread_nums)

  File "/opt/tilelang-metax-v0.1.10/tilelang/tileop/gemm/__init__.py", line 129, in infer_layout
    return impl_class(self).infer_layout(target, thread_nums)

  File "/opt/tilelang-metax-v0.1.10/tilelang/maca/op/gemm/gemm_mma.py", line 41, in infer_layout
    mma_emitter = self._make_mma_emitter(target, thread_nums)

  File "/opt/tilelang-metax-v0.1.10/tilelang/maca/op/gemm/gemm_mma.py", line 22, in _make_mma_emitter
    m_warp, n_warp = self.policy.compute_warp_partition(self.M, self.N, thread_nums, target, GEMM_INST_MMA)

  File "/opt/tilelang-metax-v0.1.10/tilelang/ir.py", line 32, in compute_warp_partition
    _ffi_api.GemmWarpPolicyComputeWarpPartition(self, int(M), int(N), int(block_size), target, gemm_inst)

  File "python/tvm_ffi/cython/function.pxi", line 968, in tvm_ffi.core.Function.__call__
  File "<unknown>", line 0, in tvm::tl::__TVMFFIStaticInitFunc4()::{lambda(tvm::tl::GemmWarpPolicy, int, int, int, tvm::Target, tvm::ffi::String)#1}::operator()(tvm::tl::GemmWarpPolicy, int, int, int, tvm::Target, tvm::ffi::String) const
  File "<unknown>", line 0, in tvm::tl::GemmWarpPolicyNode::computeWarpPartition(int, int, int, tvm::Target, tvm::ffi::String) const
  File "<unknown>", line 0, in tvm::tl::maca::Gemm::ComputeWarpPartition(tvm::tl::GemmWarpPolicyNode const&, int, int, int, tvm::Target, tvm::ffi::String)
  File "/opt/tilelang-metax-v0.1.10/src/backend/maca/op/gemm.cc", line 75, in std::pair<int, int> tvm::tl::maca::{anonymous}::ComputeDefaultWarpPartition(const tvm::tl::GemmWarpPolicyNode&, int, int, int, int)
    ICHECK(M % kMPerWarp == 0)
  
tvm.error.InternalError: Check failed: (M % kMPerWarp == 0) is false: M must be divisible by 16, but got 8
