Loading tilelang libs from dev root: /opt/tilelang-metax-v0.1.10/build
{"case": [4, 1024, 1, 16, 128, 1, 16, 1], "variant": "ck2_cv4", "phase": "compile"}
{"case": [4, 1024, 1, 16, 128, 1, 16, 1], "variant": "ck2_cv1", "phase": "compile"}
2026-09-07 08:28:25  [TileLang:tilelang.jit.kernel:INFO] (kernel.py:129): TileLang begins to compile kernel `kernel` with `out_idx=None`
2026-09-07 08:28:29  [TileLang:tilelang.jit.kernel:INFO] (kernel.py:137): TileLang completes to compile kernel `kernel`
{"case": [4, 1024, 1, 16, 128, 1, 16, 1], "variant": "ck1_cv1", "phase": "compile"}
2026-09-07 08:28:30  [TileLang:tilelang.jit.kernel:INFO] (kernel.py:129): TileLang begins to compile kernel `kernel` with `out_idx=None`
2026-09-07 08:28:33  [TileLang:tilelang.jit.kernel:INFO] (kernel.py:137): TileLang completes to compile kernel `kernel`
{"case": [4, 1024, 1, 16, 128, 1, 16, 1], "variant": "ck4_cv1", "phase": "compile"}
2026-09-07 08:28:34  [TileLang:tilelang.jit.kernel:INFO] (kernel.py:129): TileLang begins to compile kernel `kernel` with `out_idx=None`
2026-09-07 08:28:37  [TileLang:tilelang.jit.kernel:INFO] (kernel.py:137): TileLang completes to compile kernel `kernel`
{"case": [4, 1024, 1, 16, 128, 1, 16, 1], "seed": 324, "status": "PASS", "direct_callable_us": {"ck2_cv4": [55.244797468185425, 54.425597190856934, 54.527997970581055, 54.80960011482239], "ck2_cv1": [54.01600003242493, 54.2464017868042, 53.964799642562866, 53.939199447631836], "ck1_cv1": [70.4255998134613, 69.60639953613281, 69.96480226516724, 69.91360187530518], "ck4_cv1": [57.19040036201477, 57.11359977722168, 57.4720025062561, 56.9599986076355]}, "median_us": {"ck2_cv4": 54.66879904270172, "ck2_cv1": 53.9903998374939, "ck1_cv1": 69.9392020702362, "ck4_cv1": 57.152000069618225}}
{"case": [2, 2048, 1, 16, 128, 1, 32, 1], "variant": "ck2_cv4", "phase": "compile"}
{"case": [2, 2048, 1, 16, 128, 1, 32, 1], "variant": "ck2_cv1", "phase": "compile"}
2026-09-07 08:28:38  [TileLang:tilelang.jit.kernel:INFO] (kernel.py:129): TileLang begins to compile kernel `kernel` with `out_idx=None`
2026-09-07 08:28:42  [TileLang:tilelang.jit.kernel:INFO] (kernel.py:137): TileLang completes to compile kernel `kernel`
{"case": [2, 2048, 1, 16, 128, 1, 32, 1], "variant": "ck1_cv1", "phase": "compile"}
2026-09-07 08:28:42  [TileLang:tilelang.jit.kernel:INFO] (kernel.py:129): TileLang begins to compile kernel `kernel` with `out_idx=None`
2026-09-07 08:28:46  [TileLang:tilelang.jit.kernel:INFO] (kernel.py:137): TileLang completes to compile kernel `kernel`
{"case": [2, 2048, 1, 16, 128, 1, 32, 1], "variant": "ck4_cv1", "phase": "compile"}
2026-09-07 08:28:47  [TileLang:tilelang.jit.kernel:INFO] (kernel.py:129): TileLang begins to compile kernel `kernel` with `out_idx=None`
2026-09-07 08:28:50  [TileLang:tilelang.jit.kernel:INFO] (kernel.py:137): TileLang completes to compile kernel `kernel`
{"case": [2, 2048, 1, 16, 128, 1, 32, 1], "seed": 324, "status": "PASS", "direct_callable_us": {"ck2_cv4": [79.84640002250671, 79.46239709854126, 79.48799729347229, 79.84640002250671], "ck2_cv1": [91.6480004787445, 92.26239919662476, 92.10879802703857, 92.18559861183167], "ck1_cv1": [111.10399961471558, 111.25760078430176, 111.30880117416382, 110.89919805526733], "ck4_cv1": [91.80160164833069, 92.03199744224548, 91.49439930915833, 91.36639833450317]}, "median_us": {"ck2_cv4": 79.6671986579895, "ck2_cv1": 92.14719831943512, "ck1_cv1": 111.18080019950867, "ck4_cv1": 91.6480004787445}}
