Loading tilelang libs from dev root: /opt/tilelang-metax-v0.1.10/build
{"case": {"B": 1, "SEQ_LEN": 64, "H": 1, "HQ": 16, "D": 64, "S": 1, "block_size": 16, "is_causal": true}, "candidate": "baseline", "phase": "compile_correctness"}
{"case": {"B": 1, "SEQ_LEN": 64, "H": 1, "HQ": 16, "D": 64, "S": 1, "block_size": 16, "is_causal": true}, "candidate": "candidate", "phase": "compile_correctness"}
2026-09-07 12:36:45  [TileLang:tilelang.jit.kernel:INFO] (kernel.py:129): TileLang begins to compile kernel `kernel` with `out_idx=None`
2026-09-07 12:36:48  [TileLang:tilelang.jit.kernel:INFO] (kernel.py:137): TileLang completes to compile kernel `kernel`
{"case": {"B": 1, "SEQ_LEN": 64, "H": 1, "HQ": 16, "D": 64, "S": 1, "block_size": 16, "is_causal": true}, "seed": 421, "status": "PASS", "call_event_ms": {"baseline": [0.01369599997997284, 0.010726399719715118, 0.010470400005578995, 0.010393600165843963], "candidate": [0.011596799641847611, 0.01090560033917427, 0.010931199789047242, 0.010751999914646149]}, "median_ms": {"baseline": 0.010598399862647056, "candidate": 0.010918400064110757}, "baseline_over_candidate": 0.9706916581564404}
{"case": {"B": 1, "SEQ_LEN": 128, "H": 1, "HQ": 16, "D": 64, "S": 1, "block_size": 16, "is_causal": true}, "candidate": "baseline", "phase": "compile_correctness"}
{"case": {"B": 1, "SEQ_LEN": 128, "H": 1, "HQ": 16, "D": 64, "S": 1, "block_size": 16, "is_causal": true}, "candidate": "candidate", "phase": "compile_correctness"}
2026-09-07 12:36:49  [TileLang:tilelang.jit.kernel:INFO] (kernel.py:129): TileLang begins to compile kernel `kernel` with `out_idx=None`
2026-09-07 12:36:52  [TileLang:tilelang.jit.kernel:INFO] (kernel.py:137): TileLang completes to compile kernel `kernel`
{"case": {"B": 1, "SEQ_LEN": 128, "H": 1, "HQ": 16, "D": 64, "S": 1, "block_size": 16, "is_causal": true}, "seed": 421, "status": "PASS", "call_event_ms": {"baseline": [0.012825599312782288, 0.01080320030450821, 0.010726399719715118, 0.011852800101041793], "candidate": [0.01157120019197464, 0.011187200248241425, 0.01090560033917427, 0.011007999628782272]}, "median_ms": {"baseline": 0.011328000202775001, "candidate": 0.011097599938511848}, "baseline_over_candidate": 1.0207612696024118}
{"case": {"B": 1, "SEQ_LEN": 256, "H": 1, "HQ": 16, "D": 64, "S": 1, "block_size": 16, "is_causal": true}, "candidate": "baseline", "phase": "compile_correctness"}
{"case": {"B": 1, "SEQ_LEN": 256, "H": 1, "HQ": 16, "D": 64, "S": 1, "block_size": 16, "is_causal": true}, "candidate": "candidate", "phase": "compile_correctness"}
2026-09-07 12:36:53  [TileLang:tilelang.jit.kernel:INFO] (kernel.py:129): TileLang begins to compile kernel `kernel` with `out_idx=None`
2026-09-07 12:36:55  [TileLang:tilelang.jit.kernel:INFO] (kernel.py:137): TileLang completes to compile kernel `kernel`
{"case": {"B": 1, "SEQ_LEN": 256, "H": 1, "HQ": 16, "D": 64, "S": 1, "block_size": 16, "is_causal": true}, "seed": 421, "status": "PASS", "call_event_ms": {"baseline": [0.013849599659442902, 0.010828799754381179, 0.010496000200510025, 0.010726399719715118], "candidate": [0.011750400066375732, 0.010931199789047242, 0.01080320030450821, 0.010956799983978272]}, "median_ms": {"baseline": 0.010777599737048149, "candidate": 0.010943999886512757}, "baseline_over_candidate": 0.9847953078225378}
{"case": {"B": 1, "SEQ_LEN": 512, "H": 1, "HQ": 16, "D": 64, "S": 1, "block_size": 16, "is_causal": true}, "candidate": "baseline", "phase": "compile_correctness"}
{"case": {"B": 1, "SEQ_LEN": 512, "H": 1, "HQ": 16, "D": 64, "S": 1, "block_size": 16, "is_causal": true}, "candidate": "candidate", "phase": "compile_correctness"}
2026-09-07 12:36:56  [TileLang:tilelang.jit.kernel:INFO] (kernel.py:129): TileLang begins to compile kernel `kernel` with `out_idx=None`
2026-09-07 12:36:59  [TileLang:tilelang.jit.kernel:INFO] (kernel.py:137): TileLang completes to compile kernel `kernel`
{"case": {"B": 1, "SEQ_LEN": 512, "H": 1, "HQ": 16, "D": 64, "S": 1, "block_size": 16, "is_causal": true}, "seed": 421, "status": "PASS", "call_event_ms": {"baseline": [0.014003199338912965, 0.010393600165843963, 0.010367999970912933, 0.010342399775981902], "candidate": [0.011801599711179733, 0.011494400352239609, 0.011519999802112579, 0.011443199962377549]}, "median_ms": {"baseline": 0.010380800068378448, "candidate": 0.011507200077176094}, "baseline_over_candidate": 0.9021134592913006}
{"case": {"B": 1, "SEQ_LEN": 1024, "H": 1, "HQ": 16, "D": 64, "S": 1, "block_size": 16, "is_causal": true}, "candidate": "baseline", "phase": "compile_correctness"}
{"case": {"B": 1, "SEQ_LEN": 1024, "H": 1, "HQ": 16, "D": 64, "S": 1, "block_size": 16, "is_causal": true}, "candidate": "candidate", "phase": "compile_correctness"}
2026-09-07 12:37:00  [TileLang:tilelang.jit.kernel:INFO] (kernel.py:129): TileLang begins to compile kernel `kernel` with `out_idx=None`
2026-09-07 12:37:03  [TileLang:tilelang.jit.kernel:INFO] (kernel.py:137): TileLang completes to compile kernel `kernel`
{"case": {"B": 1, "SEQ_LEN": 1024, "H": 1, "HQ": 16, "D": 64, "S": 1, "block_size": 16, "is_causal": true}, "seed": 421, "status": "PASS", "call_event_ms": {"baseline": [0.014079999923706055, 0.011084800213575363, 0.011007999628782272, 0.010956799983978272], "candidate": [0.013952000439167023, 0.013952000439167023, 0.0137472003698349, 0.013875199854373932]}, "median_ms": {"baseline": 0.011046399921178817, "candidate": 0.013913600146770478}, "baseline_over_candidate": 0.7939282288303238}
{"case": {"B": 2, "SEQ_LEN": 64, "H": 1, "HQ": 16, "D": 64, "S": 1, "block_size": 16, "is_causal": true}, "candidate": "baseline", "phase": "compile_correctness"}
{"case": {"B": 2, "SEQ_LEN": 64, "H": 1, "HQ": 16, "D": 64, "S": 1, "block_size": 16, "is_causal": true}, "candidate": "candidate", "phase": "compile_correctness"}
2026-09-07 12:37:04  [TileLang:tilelang.jit.kernel:INFO] (kernel.py:129): TileLang begins to compile kernel `kernel` with `out_idx=None`
2026-09-07 12:37:07  [TileLang:tilelang.jit.kernel:INFO] (kernel.py:137): TileLang completes to compile kernel `kernel`
{"case": {"B": 2, "SEQ_LEN": 64, "H": 1, "HQ": 16, "D": 64, "S": 1, "block_size": 16, "is_causal": true}, "seed": 421, "status": "PASS", "call_event_ms": {"baseline": [0.01295360028743744, 0.010675200074911118, 0.010547199845314026, 0.010675200074911118], "candidate": [0.011494400352239609, 0.01085439994931221, 0.01080320030450821, 0.010777600109577179]}, "median_ms": {"baseline": 0.010675200074911118, "candidate": 0.01082880012691021}, "baseline_over_candidate": 0.9858155982011907}
{"case": {"B": 2, "SEQ_LEN": 128, "H": 1, "HQ": 16, "D": 64, "S": 1, "block_size": 16, "is_causal": true}, "candidate": "baseline", "phase": "compile_correctness"}
{"case": {"B": 2, "SEQ_LEN": 128, "H": 1, "HQ": 16, "D": 64, "S": 1, "block_size": 16, "is_causal": true}, "candidate": "candidate", "phase": "compile_correctness"}
2026-09-07 12:37:08  [TileLang:tilelang.jit.kernel:INFO] (kernel.py:129): TileLang begins to compile kernel `kernel` with `out_idx=None`
2026-09-07 12:37:10  [TileLang:tilelang.jit.kernel:INFO] (kernel.py:137): TileLang completes to compile kernel `kernel`
{"case": {"B": 2, "SEQ_LEN": 128, "H": 1, "HQ": 16, "D": 64, "S": 1, "block_size": 16, "is_causal": true}, "seed": 421, "status": "PASS", "call_event_ms": {"baseline": [0.012928000092506409, 0.010572800040245056, 0.010828799754381179, 0.010291200131177902], "candidate": [0.011673600226640702, 0.01085439994931221, 0.011007999628782272, 0.010931199789047242]}, "median_ms": {"baseline": 0.010700799897313117, "candidate": 0.010969599708914757}, "baseline_over_candidate": 0.9754959325103547}
{"case": {"B": 2, "SEQ_LEN": 256, "H": 1, "HQ": 16, "D": 64, "S": 1, "block_size": 16, "is_causal": true}, "candidate": "baseline", "phase": "compile_correctness"}
{"case": {"B": 2, "SEQ_LEN": 256, "H": 1, "HQ": 16, "D": 64, "S": 1, "block_size": 16, "is_causal": true}, "candidate": "candidate", "phase": "compile_correctness"}
2026-09-07 12:37:11  [TileLang:tilelang.jit.kernel:INFO] (kernel.py:129): TileLang begins to compile kernel `kernel` with `out_idx=None`
2026-09-07 12:37:14  [TileLang:tilelang.jit.kernel:INFO] (kernel.py:137): TileLang completes to compile kernel `kernel`
{"case": {"B": 2, "SEQ_LEN": 256, "H": 1, "HQ": 16, "D": 64, "S": 1, "block_size": 16, "is_causal": true}, "seed": 421, "status": "PASS", "call_event_ms": {"baseline": [0.01297920048236847, 0.010751999914646149, 0.010700800269842149, 0.010496000200510025], "candidate": [0.011903999745845795, 0.011519999802112579, 0.011417599767446518, 0.011417599767446518]}, "median_ms": {"baseline": 0.010726400092244149, "candidate": 0.011468799784779549}, "baseline_over_candidate": 0.935267882736897}
{"case": {"B": 2, "SEQ_LEN": 512, "H": 1, "HQ": 16, "D": 64, "S": 1, "block_size": 16, "is_causal": true}, "candidate": "baseline", "phase": "compile_correctness"}
{"case": {"B": 2, "SEQ_LEN": 512, "H": 1, "HQ": 16, "D": 64, "S": 1, "block_size": 16, "is_causal": true}, "candidate": "candidate", "phase": "compile_correctness"}
2026-09-07 12:37:15  [TileLang:tilelang.jit.kernel:INFO] (kernel.py:129): TileLang begins to compile kernel `kernel` with `out_idx=None`
2026-09-07 12:37:18  [TileLang:tilelang.jit.kernel:INFO] (kernel.py:137): TileLang completes to compile kernel `kernel`
{"case": {"B": 2, "SEQ_LEN": 512, "H": 1, "HQ": 16, "D": 64, "S": 1, "block_size": 16, "is_causal": true}, "seed": 421, "status": "PASS", "call_event_ms": {"baseline": [0.013619199395179749, 0.010828799754381179, 0.010751999914646149, 0.010751999914646149], "candidate": [0.013900800049304963, 0.01372160017490387, 0.013516800105571746, 0.013542400300502777]}, "median_ms": {"baseline": 0.010790399834513664, "candidate": 0.013632000237703324}, "baseline_over_candidate": 0.7915492698327297}
{"case": {"B": 2, "SEQ_LEN": 1024, "H": 1, "HQ": 16, "D": 64, "S": 1, "block_size": 16, "is_causal": true}, "candidate": "baseline", "phase": "compile_correctness"}
{"case": {"B": 2, "SEQ_LEN": 1024, "H": 1, "HQ": 16, "D": 64, "S": 1, "block_size": 16, "is_causal": true}, "candidate": "candidate", "phase": "compile_correctness"}
2026-09-07 12:37:19  [TileLang:tilelang.jit.kernel:INFO] (kernel.py:129): TileLang begins to compile kernel `kernel` with `out_idx=None`
2026-09-07 12:37:22  [TileLang:tilelang.jit.kernel:INFO] (kernel.py:137): TileLang completes to compile kernel `kernel`
{"case": {"B": 2, "SEQ_LEN": 1024, "H": 1, "HQ": 16, "D": 64, "S": 1, "block_size": 16, "is_causal": true}, "seed": 421, "status": "PASS", "call_event_ms": {"baseline": [0.020300799608230592, 0.01822720021009445, 0.01797119975090027, 0.017740799486637114], "candidate": [0.026214399933815004, 0.026137599349021913, 0.025625601410865784, 0.025600001215934753]}, "median_ms": {"baseline": 0.01809919998049736, "candidate": 0.02588160037994385}, "baseline_over_candidate": 0.6993076052021412}
{"case": {"B": 4, "SEQ_LEN": 64, "H": 1, "HQ": 16, "D": 64, "S": 1, "block_size": 16, "is_causal": true}, "candidate": "baseline", "phase": "compile_correctness"}
{"case": {"B": 4, "SEQ_LEN": 64, "H": 1, "HQ": 16, "D": 64, "S": 1, "block_size": 16, "is_causal": true}, "candidate": "candidate", "phase": "compile_correctness"}
2026-09-07 12:37:23  [TileLang:tilelang.jit.kernel:INFO] (kernel.py:129): TileLang begins to compile kernel `kernel` with `out_idx=None`
2026-09-07 12:37:25  [TileLang:tilelang.jit.kernel:INFO] (kernel.py:137): TileLang completes to compile kernel `kernel`
{"case": {"B": 4, "SEQ_LEN": 64, "H": 1, "HQ": 16, "D": 64, "S": 1, "block_size": 16, "is_causal": true}, "seed": 421, "status": "PASS", "call_event_ms": {"baseline": [0.013107199966907502, 0.010828799754381179, 0.010496000200510025, 0.010367999970912933], "candidate": [0.011340799927711486, 0.010982400178909302, 0.01085439994931221, 0.010777600109577179]}, "median_ms": {"baseline": 0.010662399977445603, "candidate": 0.010918400064110757}, "baseline_over_candidate": 0.9765533333490283}
{"case": {"B": 4, "SEQ_LEN": 128, "H": 1, "HQ": 16, "D": 64, "S": 1, "block_size": 16, "is_causal": true}, "candidate": "baseline", "phase": "compile_correctness"}
{"case": {"B": 4, "SEQ_LEN": 128, "H": 1, "HQ": 16, "D": 64, "S": 1, "block_size": 16, "is_causal": true}, "candidate": "candidate", "phase": "compile_correctness"}
2026-09-07 12:37:26  [TileLang:tilelang.jit.kernel:INFO] (kernel.py:129): TileLang begins to compile kernel `kernel` with `out_idx=None`
2026-09-07 12:37:29  [TileLang:tilelang.jit.kernel:INFO] (kernel.py:137): TileLang completes to compile kernel `kernel`
{"case": {"B": 4, "SEQ_LEN": 128, "H": 1, "HQ": 16, "D": 64, "S": 1, "block_size": 16, "is_causal": true}, "seed": 421, "status": "PASS", "call_event_ms": {"baseline": [0.013312000036239623, 0.010623999685049058, 0.3093760013580322, 0.011084800213575363], "candidate": [0.011494400352239609, 0.011289600282907486, 0.011366400122642516, 0.012006399780511856]}, "median_ms": {"baseline": 0.012198400124907492, "candidate": 0.011430400237441064}, "baseline_over_candidate": 1.0671892384792259}
{"case": {"B": 4, "SEQ_LEN": 256, "H": 1, "HQ": 16, "D": 64, "S": 1, "block_size": 16, "is_causal": true}, "candidate": "baseline", "phase": "compile_correctness"}
{"case": {"B": 4, "SEQ_LEN": 256, "H": 1, "HQ": 16, "D": 64, "S": 1, "block_size": 16, "is_causal": true}, "candidate": "candidate", "phase": "compile_correctness"}
2026-09-07 12:37:30  [TileLang:tilelang.jit.kernel:INFO] (kernel.py:129): TileLang begins to compile kernel `kernel` with `out_idx=None`
2026-09-07 12:37:33  [TileLang:tilelang.jit.kernel:INFO] (kernel.py:137): TileLang completes to compile kernel `kernel`
{"case": {"B": 4, "SEQ_LEN": 256, "H": 1, "HQ": 16, "D": 64, "S": 1, "block_size": 16, "is_causal": true}, "seed": 421, "status": "PASS", "call_event_ms": {"baseline": [0.014796799421310425, 0.01090560033917427, 0.01088000014424324, 0.01090560033917427], "candidate": [0.014284799993038177, 0.013670399785041809, 0.013670399785041809, 0.013568000495433807]}, "median_ms": {"baseline": 0.01090560033917427, "candidate": 0.013670399785041809}, "baseline_over_candidate": 0.7977528463437631}
{"case": {"B": 4, "SEQ_LEN": 512, "H": 1, "HQ": 16, "D": 64, "S": 1, "block_size": 16, "is_causal": true}, "candidate": "baseline", "phase": "compile_correctness"}
{"case": {"B": 4, "SEQ_LEN": 512, "H": 1, "HQ": 16, "D": 64, "S": 1, "block_size": 16, "is_causal": true}, "candidate": "candidate", "phase": "compile_correctness"}
2026-09-07 12:37:34  [TileLang:tilelang.jit.kernel:INFO] (kernel.py:129): TileLang begins to compile kernel `kernel` with `out_idx=None`
2026-09-07 12:37:37  [TileLang:tilelang.jit.kernel:INFO] (kernel.py:137): TileLang completes to compile kernel `kernel`
{"case": {"B": 4, "SEQ_LEN": 512, "H": 1, "HQ": 16, "D": 64, "S": 1, "block_size": 16, "is_causal": true}, "seed": 421, "status": "PASS", "call_event_ms": {"baseline": [0.020454399287700653, 0.018329599499702455, 0.01809920072555542, 0.018406400084495546], "candidate": [0.025651198625564576, 0.025548800826072693, 0.025497600436210632, 0.02542079985141754]}, "median_ms": {"baseline": 0.018367999792099, "candidate": 0.025523200631141663}, "baseline_over_candidate": 0.7196589509893843}
{"case": {"B": 4, "SEQ_LEN": 1024, "H": 1, "HQ": 16, "D": 64, "S": 1, "block_size": 16, "is_causal": true}, "candidate": "baseline", "phase": "compile_correctness"}
{"case": {"B": 4, "SEQ_LEN": 1024, "H": 1, "HQ": 16, "D": 64, "S": 1, "block_size": 16, "is_causal": true}, "candidate": "candidate", "phase": "compile_correctness"}
2026-09-07 12:37:38  [TileLang:tilelang.jit.kernel:INFO] (kernel.py:129): TileLang begins to compile kernel `kernel` with `out_idx=None`
2026-09-07 12:37:40  [TileLang:tilelang.jit.kernel:INFO] (kernel.py:137): TileLang completes to compile kernel `kernel`
{"case": {"B": 4, "SEQ_LEN": 1024, "H": 1, "HQ": 16, "D": 64, "S": 1, "block_size": 16, "is_causal": true}, "seed": 421, "status": "PASS", "call_event_ms": {"baseline": [0.03184640109539032, 0.03036159873008728, 0.030054399371147157, 0.031385600566864014], "candidate": [0.04229120016098022, 0.04211199879646301, 0.0417279988527298, 0.04195840060710907]}, "median_ms": {"baseline": 0.030873599648475646, "candidate": 0.04203519970178604}, "baseline_over_candidate": 0.73447015519148}
{"case": {"B": 8, "SEQ_LEN": 64, "H": 1, "HQ": 16, "D": 64, "S": 1, "block_size": 16, "is_causal": true}, "candidate": "baseline", "phase": "compile_correctness"}
{"case": {"B": 8, "SEQ_LEN": 64, "H": 1, "HQ": 16, "D": 64, "S": 1, "block_size": 16, "is_causal": true}, "candidate": "candidate", "phase": "compile_correctness"}
2026-09-07 12:37:41  [TileLang:tilelang.jit.kernel:INFO] (kernel.py:129): TileLang begins to compile kernel `kernel` with `out_idx=None`
2026-09-07 12:37:44  [TileLang:tilelang.jit.kernel:INFO] (kernel.py:137): TileLang completes to compile kernel `kernel`
{"case": {"B": 8, "SEQ_LEN": 64, "H": 1, "HQ": 16, "D": 64, "S": 1, "block_size": 16, "is_causal": true}, "seed": 421, "status": "PASS", "call_event_ms": {"baseline": [0.013235199451446533, 0.010700800269842149, 0.010444799810647965, 0.010342399775981902], "candidate": [0.011673600226640702, 0.011212799698114395, 0.011187200248241425, 0.011212799698114395]}, "median_ms": {"baseline": 0.010572800040245058, "candidate": 0.011212799698114395}, "baseline_over_candidate": 0.9429224034050154}
{"case": {"B": 8, "SEQ_LEN": 128, "H": 1, "HQ": 16, "D": 64, "S": 1, "block_size": 16, "is_causal": true}, "candidate": "baseline", "phase": "compile_correctness"}
{"case": {"B": 8, "SEQ_LEN": 128, "H": 1, "HQ": 16, "D": 64, "S": 1, "block_size": 16, "is_causal": true}, "candidate": "candidate", "phase": "compile_correctness"}
2026-09-07 12:37:45  [TileLang:tilelang.jit.kernel:INFO] (kernel.py:129): TileLang begins to compile kernel `kernel` with `out_idx=None`
2026-09-07 12:37:48  [TileLang:tilelang.jit.kernel:INFO] (kernel.py:137): TileLang completes to compile kernel `kernel`
{"case": {"B": 8, "SEQ_LEN": 128, "H": 1, "HQ": 16, "D": 64, "S": 1, "block_size": 16, "is_causal": true}, "seed": 421, "status": "PASS", "call_event_ms": {"baseline": [0.013363200426101684, 0.010931199789047242, 0.01088000014424324, 0.010751999914646149], "candidate": [0.013875199854373932, 0.013644799590110779, 0.013516800105571746, 0.013619199395179749]}, "median_ms": {"baseline": 0.010905599966645241, "candidate": 0.013631999492645264}, "baseline_over_candidate": 0.8000000273275414}
{"case": {"B": 8, "SEQ_LEN": 256, "H": 1, "HQ": 16, "D": 64, "S": 1, "block_size": 16, "is_causal": true}, "candidate": "baseline", "phase": "compile_correctness"}
{"case": {"B": 8, "SEQ_LEN": 256, "H": 1, "HQ": 16, "D": 64, "S": 1, "block_size": 16, "is_causal": true}, "candidate": "candidate", "phase": "compile_correctness"}
2026-09-07 12:37:49  [TileLang:tilelang.jit.kernel:INFO] (kernel.py:129): TileLang begins to compile kernel `kernel` with `out_idx=None`
2026-09-07 12:37:52  [TileLang:tilelang.jit.kernel:INFO] (kernel.py:137): TileLang completes to compile kernel `kernel`
{"case": {"B": 8, "SEQ_LEN": 256, "H": 1, "HQ": 16, "D": 64, "S": 1, "block_size": 16, "is_causal": true}, "seed": 421, "status": "PASS", "call_event_ms": {"baseline": [0.01940480023622513, 0.01822720021009445, 0.017868800461292265, 0.017894400656223296], "candidate": [0.026188799738883974, 0.02588160037994385, 0.02598400115966797, 0.026009601354599]}, "median_ms": {"baseline": 0.018060800433158872, "candidate": 0.025996801257133485}, "baseline_over_candidate": 0.6947316423478451}
{"case": {"B": 8, "SEQ_LEN": 512, "H": 1, "HQ": 16, "D": 64, "S": 1, "block_size": 16, "is_causal": true}, "candidate": "baseline", "phase": "compile_correctness"}
{"case": {"B": 8, "SEQ_LEN": 512, "H": 1, "HQ": 16, "D": 64, "S": 1, "block_size": 16, "is_causal": true}, "candidate": "candidate", "phase": "compile_correctness"}
2026-09-07 12:37:53  [TileLang:tilelang.jit.kernel:INFO] (kernel.py:129): TileLang begins to compile kernel `kernel` with `out_idx=None`
2026-09-07 12:37:56  [TileLang:tilelang.jit.kernel:INFO] (kernel.py:137): TileLang completes to compile kernel `kernel`
{"case": {"B": 8, "SEQ_LEN": 512, "H": 1, "HQ": 16, "D": 64, "S": 1, "block_size": 16, "is_causal": true}, "seed": 421, "status": "PASS", "call_event_ms": {"baseline": [0.031948798894882204, 0.031206399202346802, 0.030694401264190672, 0.03107840120792389], "candidate": [0.04349440038204193, 0.043673598766326906, 0.04336639940738678, 0.043110400438308716]}, "median_ms": {"baseline": 0.031142400205135347, "candidate": 0.04343039989471435}, "baseline_over_candidate": 0.7170645511123994}
{"case": {"B": 8, "SEQ_LEN": 1024, "H": 1, "HQ": 16, "D": 64, "S": 1, "block_size": 16, "is_causal": true}, "candidate": "baseline", "phase": "compile_correctness"}
{"case": {"B": 8, "SEQ_LEN": 1024, "H": 1, "HQ": 16, "D": 64, "S": 1, "block_size": 16, "is_causal": true}, "candidate": "candidate", "phase": "compile_correctness"}
2026-09-07 12:37:57  [TileLang:tilelang.jit.kernel:INFO] (kernel.py:129): TileLang begins to compile kernel `kernel` with `out_idx=None`
2026-09-07 12:37:59  [TileLang:tilelang.jit.kernel:INFO] (kernel.py:137): TileLang completes to compile kernel `kernel`
{"case": {"B": 8, "SEQ_LEN": 1024, "H": 1, "HQ": 16, "D": 64, "S": 1, "block_size": 16, "is_causal": true}, "seed": 421, "status": "PASS", "call_event_ms": {"baseline": [0.05025280117988586, 0.04958719909191132, 0.04956159889698029, 0.05027840137481689], "candidate": [0.07285760045051574, 0.07283200025558471, 0.07275519967079162, 0.07313920259475708]}, "median_ms": {"baseline": 0.04992000013589859, "candidate": 0.07284480035305023}, "baseline_over_candidate": 0.6852925657556325}
{"case": {"B": 1, "SEQ_LEN": 256, "H": 2, "HQ": 32, "D": 64, "S": 1, "block_size": 16, "is_causal": true}, "candidate": "baseline", "phase": "compile_correctness"}
{"case": {"B": 1, "SEQ_LEN": 256, "H": 2, "HQ": 32, "D": 64, "S": 1, "block_size": 16, "is_causal": true}, "candidate": "candidate", "phase": "compile_correctness"}
2026-09-07 12:38:00  [TileLang:tilelang.jit.kernel:INFO] (kernel.py:129): TileLang begins to compile kernel `kernel` with `out_idx=None`
2026-09-07 12:38:03  [TileLang:tilelang.jit.kernel:INFO] (kernel.py:137): TileLang completes to compile kernel `kernel`
{"case": {"B": 1, "SEQ_LEN": 256, "H": 2, "HQ": 32, "D": 64, "S": 1, "block_size": 16, "is_causal": true}, "seed": 421, "status": "PASS", "call_event_ms": {"baseline": [0.014899200201034546, 0.013542400300502777, 0.013926400244235993, 0.013465599715709686], "candidate": [0.014336000382900237, 0.013158400356769562, 0.014233599603176116, 0.014131200313568116]}, "median_ms": {"baseline": 0.013734400272369385, "candidate": 0.014182399958372116}, "baseline_over_candidate": 0.9684115743937775}
{"case": {"B": 2, "SEQ_LEN": 512, "H": 2, "HQ": 32, "D": 64, "S": 1, "block_size": 16, "is_causal": true}, "candidate": "baseline", "phase": "compile_correctness"}
{"case": {"B": 2, "SEQ_LEN": 512, "H": 2, "HQ": 32, "D": 64, "S": 1, "block_size": 16, "is_causal": true}, "candidate": "candidate", "phase": "compile_correctness"}
2026-09-07 12:38:04  [TileLang:tilelang.jit.kernel:INFO] (kernel.py:129): TileLang begins to compile kernel `kernel` with `out_idx=None`
2026-09-07 12:38:07  [TileLang:tilelang.jit.kernel:INFO] (kernel.py:137): TileLang completes to compile kernel `kernel`
{"case": {"B": 2, "SEQ_LEN": 512, "H": 2, "HQ": 32, "D": 64, "S": 1, "block_size": 16, "is_causal": true}, "seed": 421, "status": "PASS", "call_event_ms": {"baseline": [0.020633600652217865, 0.018457600474357606, 0.018969599902629853, 0.018969599902629853], "candidate": [0.027110400795936584, 0.026521599292755126, 0.026291200518608095, 0.026137599349021913]}, "median_ms": {"baseline": 0.018969599902629853, "candidate": 0.02640639990568161}, "baseline_over_candidate": 0.7183713028048305}
{"case": {"B": 1, "SEQ_LEN": 4096, "H": 1, "HQ": 16, "D": 64, "S": 1, "block_size": 16, "is_causal": true}, "candidate": "baseline", "phase": "compile_correctness"}
{"case": {"B": 1, "SEQ_LEN": 4096, "H": 1, "HQ": 16, "D": 64, "S": 1, "block_size": 16, "is_causal": true}, "candidate": "candidate", "phase": "compile_correctness"}
2026-09-07 12:38:08  [TileLang:tilelang.jit.kernel:INFO] (kernel.py:129): TileLang begins to compile kernel `kernel` with `out_idx=None`
2026-09-07 12:38:11  [TileLang:tilelang.jit.kernel:INFO] (kernel.py:137): TileLang completes to compile kernel `kernel`
{"case": {"B": 1, "SEQ_LEN": 4096, "H": 1, "HQ": 16, "D": 64, "S": 1, "block_size": 16, "is_causal": true}, "seed": 421, "status": "PASS", "call_event_ms": {"baseline": [0.03187200129032135, 0.031001600623130798, 0.03054080009460449, 0.0304639995098114], "candidate": [0.04472320079803467, 0.04206080138683319, 0.04188160002231598, 0.04200960099697113]}, "median_ms": {"baseline": 0.030771200358867642, "candidate": 0.04203520119190216}, "baseline_over_candidate": 0.7320340925308938}
{"case": {"B": 2, "SEQ_LEN": 4096, "H": 1, "HQ": 16, "D": 64, "S": 1, "block_size": 16, "is_causal": true}, "candidate": "baseline", "phase": "compile_correctness"}
{"case": {"B": 2, "SEQ_LEN": 4096, "H": 1, "HQ": 16, "D": 64, "S": 1, "block_size": 16, "is_causal": true}, "candidate": "candidate", "phase": "compile_correctness"}
2026-09-07 12:38:12  [TileLang:tilelang.jit.kernel:INFO] (kernel.py:129): TileLang begins to compile kernel `kernel` with `out_idx=None`
2026-09-07 12:38:14  [TileLang:tilelang.jit.kernel:INFO] (kernel.py:137): TileLang completes to compile kernel `kernel`
{"case": {"B": 2, "SEQ_LEN": 4096, "H": 1, "HQ": 16, "D": 64, "S": 1, "block_size": 16, "is_causal": true}, "seed": 421, "status": "PASS", "call_event_ms": {"baseline": [0.050918400287628174, 0.05055999755859375, 0.05027840137481689, 0.05066239833831787], "candidate": [0.07272959947586059, 0.07275519967079162, 0.07293440103530884, 0.07329279780387879]}, "median_ms": {"baseline": 0.05061119794845581, "candidate": 0.07284480035305023}, "baseline_over_candidate": 0.6947812019960676}
{"case": {"B": 4, "SEQ_LEN": 4096, "H": 1, "HQ": 16, "D": 64, "S": 1, "block_size": 16, "is_causal": true}, "candidate": "baseline", "phase": "compile_correctness"}
{"case": {"B": 4, "SEQ_LEN": 4096, "H": 1, "HQ": 16, "D": 64, "S": 1, "block_size": 16, "is_causal": true}, "candidate": "candidate", "phase": "compile_correctness"}
2026-09-07 12:38:16  [TileLang:tilelang.jit.kernel:INFO] (kernel.py:129): TileLang begins to compile kernel `kernel` with `out_idx=None`
2026-09-07 12:38:18  [TileLang:tilelang.jit.kernel:INFO] (kernel.py:137): TileLang completes to compile kernel `kernel`
{"case": {"B": 4, "SEQ_LEN": 4096, "H": 1, "HQ": 16, "D": 64, "S": 1, "block_size": 16, "is_causal": true}, "seed": 421, "status": "PASS", "call_event_ms": {"baseline": [0.09198079705238342, 0.09098240137100219, 0.09095680117607116, 0.09059839844703674], "candidate": [0.13043199777603148, 0.13068799972534179, 0.130457603931427, 0.12963839769363403]}, "median_ms": {"baseline": 0.09096960127353668, "candidate": 0.13044480085372923}, "baseline_over_candidate": 0.6973800464116848}
{"case": {"B": 8, "SEQ_LEN": 4096, "H": 1, "HQ": 16, "D": 64, "S": 1, "block_size": 16, "is_causal": true}, "candidate": "baseline", "phase": "compile_correctness"}
{"case": {"B": 8, "SEQ_LEN": 4096, "H": 1, "HQ": 16, "D": 64, "S": 1, "block_size": 16, "is_causal": true}, "candidate": "candidate", "phase": "compile_correctness"}
2026-09-07 12:38:20  [TileLang:tilelang.jit.kernel:INFO] (kernel.py:129): TileLang begins to compile kernel `kernel` with `out_idx=None`
2026-09-07 12:38:23  [TileLang:tilelang.jit.kernel:INFO] (kernel.py:137): TileLang completes to compile kernel `kernel`
{"case": {"B": 8, "SEQ_LEN": 4096, "H": 1, "HQ": 16, "D": 64, "S": 1, "block_size": 16, "is_causal": true}, "seed": 421, "status": "PASS", "call_event_ms": {"baseline": [0.17011200189590453, 0.16814080476760865, 0.16944639682769774, 0.1692415952682495], "candidate": [0.24570879936218262, 0.24424960613250732, 0.24401919841766356, 0.24401919841766356]}, "median_ms": {"baseline": 0.16934399604797362, "candidate": 0.24413440227508543}, "baseline_over_candidate": 0.6936506877763193}
{"case": {"B": 1, "SEQ_LEN": 8192, "H": 1, "HQ": 16, "D": 64, "S": 1, "block_size": 16, "is_causal": true}, "candidate": "baseline", "phase": "compile_correctness"}
{"case": {"B": 1, "SEQ_LEN": 8192, "H": 1, "HQ": 16, "D": 64, "S": 1, "block_size": 16, "is_causal": true}, "candidate": "candidate", "phase": "compile_correctness"}
2026-09-07 12:38:24  [TileLang:tilelang.jit.kernel:INFO] (kernel.py:129): TileLang begins to compile kernel `kernel` with `out_idx=None`
2026-09-07 12:38:26  [TileLang:tilelang.jit.kernel:INFO] (kernel.py:137): TileLang completes to compile kernel `kernel`
{"case": {"B": 1, "SEQ_LEN": 8192, "H": 1, "HQ": 16, "D": 64, "S": 1, "block_size": 16, "is_causal": true}, "seed": 421, "status": "PASS", "call_event_ms": {"baseline": [0.0517632007598877, 0.05050879716873169, 0.05076479911804199, 0.05055999755859375], "candidate": [0.07103999853134155, 0.07088639736175537, 0.07101439833641052, 0.07137280106544494]}, "median_ms": {"baseline": 0.05066239833831787, "candidate": 0.07102719843387603}, "baseline_over_candidate": 0.7132816647059913}
{"case": {"B": 2, "SEQ_LEN": 8192, "H": 1, "HQ": 16, "D": 64, "S": 1, "block_size": 16, "is_causal": true}, "candidate": "baseline", "phase": "compile_correctness"}
{"case": {"B": 2, "SEQ_LEN": 8192, "H": 1, "HQ": 16, "D": 64, "S": 1, "block_size": 16, "is_causal": true}, "candidate": "candidate", "phase": "compile_correctness"}
2026-09-07 12:38:28  [TileLang:tilelang.jit.kernel:INFO] (kernel.py:129): TileLang begins to compile kernel `kernel` with `out_idx=None`
2026-09-07 12:38:30  [TileLang:tilelang.jit.kernel:INFO] (kernel.py:137): TileLang completes to compile kernel `kernel`
{"case": {"B": 2, "SEQ_LEN": 8192, "H": 1, "HQ": 16, "D": 64, "S": 1, "block_size": 16, "is_causal": true}, "seed": 421, "status": "PASS", "call_event_ms": {"baseline": [0.09231359958648681, 0.0906495988368988, 0.09077759981155395, 0.09105920195579528], "candidate": [0.13260799646377563, 0.13271039724349976, 0.13150719404220582, 0.13140480518341063]}, "median_ms": {"baseline": 0.09091840088367462, "candidate": 0.1320575952529907}, "baseline_over_candidate": 0.6884753634162181}
{"case": {"B": 1, "SEQ_LEN": 16384, "H": 1, "HQ": 16, "D": 64, "S": 1, "block_size": 16, "is_causal": true}, "candidate": "baseline", "phase": "compile_correctness"}
{"case": {"B": 1, "SEQ_LEN": 16384, "H": 1, "HQ": 16, "D": 64, "S": 1, "block_size": 16, "is_causal": true}, "candidate": "candidate", "phase": "compile_correctness"}
2026-09-07 12:38:32  [TileLang:tilelang.jit.kernel:INFO] (kernel.py:129): TileLang begins to compile kernel `kernel` with `out_idx=None`
2026-09-07 12:38:35  [TileLang:tilelang.jit.kernel:INFO] (kernel.py:137): TileLang completes to compile kernel `kernel`
{"case": {"B": 1, "SEQ_LEN": 16384, "H": 1, "HQ": 16, "D": 64, "S": 1, "block_size": 16, "is_causal": true}, "seed": 421, "status": "PASS", "call_event_ms": {"baseline": [0.09323520064353943, 0.09231359958648681, 0.09185280203819275, 0.09223679900169372], "candidate": [0.13696000576019288, 0.13852159976959227, 0.13708800077438354, 0.13706239461898803]}, "median_ms": {"baseline": 0.09227519929409027, "candidate": 0.1370751976966858}, "baseline_over_candidate": 0.6731721043968357}
