Loading tilelang libs from dev root: /opt/tilelang-metax-v0.1.10/build
{"case": {"B": 1, "SEQ_LEN": 64, "H": 1, "HQ": 16, "D": 64, "S": 1, "block_size": 16, "is_causal": true}, "candidate": "baseline", "phase": "compile_correctness"}
{"case": {"B": 1, "SEQ_LEN": 64, "H": 1, "HQ": 16, "D": 64, "S": 1, "block_size": 16, "is_causal": true}, "candidate": "candidate", "phase": "compile_correctness"}
2026-09-07 12:53:55  [TileLang:tilelang.jit.kernel:INFO] (kernel.py:129): TileLang begins to compile kernel `kernel` with `out_idx=None`
2026-09-07 12:53:58  [TileLang:tilelang.jit.kernel:INFO] (kernel.py:137): TileLang completes to compile kernel `kernel`
{"case": {"B": 1, "SEQ_LEN": 64, "H": 1, "HQ": 16, "D": 64, "S": 1, "block_size": 16, "is_causal": true}, "seed": 425, "status": "PASS", "call_event_ms": {"baseline": [0.013900800049304963, 0.010598400235176086, 0.010444799810647965, 0.010367999970912933], "candidate": [0.011827199906110763, 0.011187200248241425, 0.010649599879980088, 0.01090560033917427]}, "median_ms": {"baseline": 0.010521600022912025, "candidate": 0.011046400293707848}, "baseline_over_candidate": 0.9524912861346556}
{"case": {"B": 1, "SEQ_LEN": 128, "H": 1, "HQ": 16, "D": 64, "S": 1, "block_size": 16, "is_causal": true}, "candidate": "baseline", "phase": "compile_correctness"}
{"case": {"B": 1, "SEQ_LEN": 128, "H": 1, "HQ": 16, "D": 64, "S": 1, "block_size": 16, "is_causal": true}, "candidate": "candidate", "phase": "compile_correctness"}
2026-09-07 12:53:59  [TileLang:tilelang.jit.kernel:INFO] (kernel.py:129): TileLang begins to compile kernel `kernel` with `out_idx=None`
2026-09-07 12:54:02  [TileLang:tilelang.jit.kernel:INFO] (kernel.py:137): TileLang completes to compile kernel `kernel`
{"case": {"B": 1, "SEQ_LEN": 128, "H": 1, "HQ": 16, "D": 64, "S": 1, "block_size": 16, "is_causal": true}, "seed": 425, "status": "PASS", "call_event_ms": {"baseline": [0.01369599997997284, 0.010777600109577179, 0.010649599879980088, 0.012108799815177918], "candidate": [0.011776000261306763, 0.011417599767446518, 0.010751999914646149, 0.011007999628782272]}, "median_ms": {"baseline": 0.011443199962377549, "candidate": 0.011212799698114395}, "baseline_over_candidate": 1.0205479693266881}
{"case": {"B": 1, "SEQ_LEN": 256, "H": 1, "HQ": 16, "D": 64, "S": 1, "block_size": 16, "is_causal": true}, "candidate": "baseline", "phase": "compile_correctness"}
{"case": {"B": 1, "SEQ_LEN": 256, "H": 1, "HQ": 16, "D": 64, "S": 1, "block_size": 16, "is_causal": true}, "candidate": "candidate", "phase": "compile_correctness"}
2026-09-07 12:54:03  [TileLang:tilelang.jit.kernel:INFO] (kernel.py:129): TileLang begins to compile kernel `kernel` with `out_idx=None`
2026-09-07 12:54:06  [TileLang:tilelang.jit.kernel:INFO] (kernel.py:137): TileLang completes to compile kernel `kernel`
{"case": {"B": 1, "SEQ_LEN": 256, "H": 1, "HQ": 16, "D": 64, "S": 1, "block_size": 16, "is_causal": true}, "seed": 425, "status": "PASS", "call_event_ms": {"baseline": [0.013619199395179749, 0.010598400235176086, 0.010444799810647965, 0.01674239933490753], "candidate": [0.011289600282907486, 0.011238399893045425, 0.010828799754381179, 0.011264000087976456]}, "median_ms": {"baseline": 0.012108799815177918, "candidate": 0.01125119999051094}, "baseline_over_candidate": 1.0762229651406305}
{"case": {"B": 1, "SEQ_LEN": 512, "H": 1, "HQ": 16, "D": 64, "S": 1, "block_size": 16, "is_causal": true}, "candidate": "baseline", "phase": "compile_correctness"}
{"case": {"B": 1, "SEQ_LEN": 512, "H": 1, "HQ": 16, "D": 64, "S": 1, "block_size": 16, "is_causal": true}, "candidate": "candidate", "phase": "compile_correctness"}
2026-09-07 12:54:07  [TileLang:tilelang.jit.kernel:INFO] (kernel.py:129): TileLang begins to compile kernel `kernel` with `out_idx=None`
2026-09-07 12:54:10  [TileLang:tilelang.jit.kernel:INFO] (kernel.py:137): TileLang completes to compile kernel `kernel`
{"case": {"B": 1, "SEQ_LEN": 512, "H": 1, "HQ": 16, "D": 64, "S": 1, "block_size": 16, "is_causal": true}, "seed": 425, "status": "PASS", "call_event_ms": {"baseline": [0.014079999923706055, 0.010675200074911118, 0.010572800040245056, 0.010572800040245056], "candidate": [0.011699199676513672, 0.011007999628782272, 0.011264000087976456, 0.010982400178909302]}, "median_ms": {"baseline": 0.010624000057578086, "candidate": 0.011135999858379365}, "baseline_over_candidate": 0.9540230058088569}
{"case": {"B": 1, "SEQ_LEN": 1024, "H": 1, "HQ": 16, "D": 64, "S": 1, "block_size": 16, "is_causal": true}, "candidate": "baseline", "phase": "compile_correctness"}
{"case": {"B": 1, "SEQ_LEN": 1024, "H": 1, "HQ": 16, "D": 64, "S": 1, "block_size": 16, "is_causal": true}, "candidate": "candidate", "phase": "compile_correctness"}
2026-09-07 12:54:10  [TileLang:tilelang.jit.kernel:INFO] (kernel.py:129): TileLang begins to compile kernel `kernel` with `out_idx=None`
2026-09-07 12:54:13  [TileLang:tilelang.jit.kernel:INFO] (kernel.py:137): TileLang completes to compile kernel `kernel`
{"case": {"B": 1, "SEQ_LEN": 1024, "H": 1, "HQ": 16, "D": 64, "S": 1, "block_size": 16, "is_causal": true}, "seed": 425, "status": "PASS", "call_event_ms": {"baseline": [0.013977600634098053, 0.011007999628782272, 0.010931199789047242, 0.011033599823713302], "candidate": [0.011340799927711486, 0.010931199789047242, 0.011007999628782272, 0.010931199789047242]}, "median_ms": {"baseline": 0.011020799726247787, "candidate": 0.010969599708914757}, "baseline_over_candidate": 1.004667446278046}
{"case": {"B": 2, "SEQ_LEN": 64, "H": 1, "HQ": 16, "D": 64, "S": 1, "block_size": 16, "is_causal": true}, "candidate": "baseline", "phase": "compile_correctness"}
{"case": {"B": 2, "SEQ_LEN": 64, "H": 1, "HQ": 16, "D": 64, "S": 1, "block_size": 16, "is_causal": true}, "candidate": "candidate", "phase": "compile_correctness"}
2026-09-07 12:54:14  [TileLang:tilelang.jit.kernel:INFO] (kernel.py:129): TileLang begins to compile kernel `kernel` with `out_idx=None`
2026-09-07 12:54:17  [TileLang:tilelang.jit.kernel:INFO] (kernel.py:137): TileLang completes to compile kernel `kernel`
{"case": {"B": 2, "SEQ_LEN": 64, "H": 1, "HQ": 16, "D": 64, "S": 1, "block_size": 16, "is_causal": true}, "seed": 425, "status": "PASS", "call_event_ms": {"baseline": [0.014105600118637086, 0.010598400235176086, 0.010393600165843963, 0.010547199845314026], "candidate": [0.011929599940776825, 0.010700800269842149, 0.010623999685049058, 0.010982400178909302]}, "median_ms": {"baseline": 0.010572800040245056, "candidate": 0.010841600224375726}, "baseline_over_candidate": 0.9752065950996502}
{"case": {"B": 2, "SEQ_LEN": 128, "H": 1, "HQ": 16, "D": 64, "S": 1, "block_size": 16, "is_causal": true}, "candidate": "baseline", "phase": "compile_correctness"}
{"case": {"B": 2, "SEQ_LEN": 128, "H": 1, "HQ": 16, "D": 64, "S": 1, "block_size": 16, "is_causal": true}, "candidate": "candidate", "phase": "compile_correctness"}
2026-09-07 12:54:18  [TileLang:tilelang.jit.kernel:INFO] (kernel.py:129): TileLang begins to compile kernel `kernel` with `out_idx=None`
2026-09-07 12:54:21  [TileLang:tilelang.jit.kernel:INFO] (kernel.py:137): TileLang completes to compile kernel `kernel`
{"case": {"B": 2, "SEQ_LEN": 128, "H": 1, "HQ": 16, "D": 64, "S": 1, "block_size": 16, "is_causal": true}, "seed": 425, "status": "PASS", "call_event_ms": {"baseline": [0.013849599659442902, 0.010521599650382995, 0.010367999970912933, 0.010367999970912933], "candidate": [0.011443199962377549, 0.010777600109577179, 0.010828799754381179, 0.010598400235176086]}, "median_ms": {"baseline": 0.010444799810647963, "candidate": 0.010803199931979179}, "baseline_over_candidate": 0.9668246331098349}
{"case": {"B": 2, "SEQ_LEN": 256, "H": 1, "HQ": 16, "D": 64, "S": 1, "block_size": 16, "is_causal": true}, "candidate": "baseline", "phase": "compile_correctness"}
{"case": {"B": 2, "SEQ_LEN": 256, "H": 1, "HQ": 16, "D": 64, "S": 1, "block_size": 16, "is_causal": true}, "candidate": "candidate", "phase": "compile_correctness"}
2026-09-07 12:54:22  [TileLang:tilelang.jit.kernel:INFO] (kernel.py:129): TileLang begins to compile kernel `kernel` with `out_idx=None`
2026-09-07 12:54:25  [TileLang:tilelang.jit.kernel:INFO] (kernel.py:137): TileLang completes to compile kernel `kernel`
{"case": {"B": 2, "SEQ_LEN": 256, "H": 1, "HQ": 16, "D": 64, "S": 1, "block_size": 16, "is_causal": true}, "seed": 425, "status": "PASS", "call_event_ms": {"baseline": [0.013209599256515502, 0.010572800040245056, 0.010547199845314026, 0.010316800326108932], "candidate": [0.011929599940776825, 0.01088000014424324, 0.010751999914646149, 0.010700800269842149]}, "median_ms": {"baseline": 0.01055999994277954, "candidate": 0.010816000029444694}, "baseline_over_candidate": 0.9763313529984987}
{"case": {"B": 2, "SEQ_LEN": 512, "H": 1, "HQ": 16, "D": 64, "S": 1, "block_size": 16, "is_causal": true}, "candidate": "baseline", "phase": "compile_correctness"}
{"case": {"B": 2, "SEQ_LEN": 512, "H": 1, "HQ": 16, "D": 64, "S": 1, "block_size": 16, "is_causal": true}, "candidate": "candidate", "phase": "compile_correctness"}
2026-09-07 12:54:26  [TileLang:tilelang.jit.kernel:INFO] (kernel.py:129): TileLang begins to compile kernel `kernel` with `out_idx=None`
2026-09-07 12:54:29  [TileLang:tilelang.jit.kernel:INFO] (kernel.py:137): TileLang completes to compile kernel `kernel`
{"case": {"B": 2, "SEQ_LEN": 512, "H": 1, "HQ": 16, "D": 64, "S": 1, "block_size": 16, "is_causal": true}, "seed": 425, "status": "PASS", "call_event_ms": {"baseline": [0.01372160017490387, 0.011033599823713302, 0.010828799754381179, 0.01088000014424324], "candidate": [0.01154559999704361, 0.010982400178909302, 0.010982400178909302, 0.01085439994931221]}, "median_ms": {"baseline": 0.01095679998397827, "candidate": 0.010982400178909302}, "baseline_over_candidate": 0.9976689799575693}
{"case": {"B": 2, "SEQ_LEN": 1024, "H": 1, "HQ": 16, "D": 64, "S": 1, "block_size": 16, "is_causal": true}, "candidate": "baseline", "phase": "compile_correctness"}
{"case": {"B": 2, "SEQ_LEN": 1024, "H": 1, "HQ": 16, "D": 64, "S": 1, "block_size": 16, "is_causal": true}, "candidate": "candidate", "phase": "compile_correctness"}
2026-09-07 12:54:30  [TileLang:tilelang.jit.kernel:INFO] (kernel.py:129): TileLang begins to compile kernel `kernel` with `out_idx=None`
2026-09-07 12:54:33  [TileLang:tilelang.jit.kernel:INFO] (kernel.py:137): TileLang completes to compile kernel `kernel`
{"case": {"B": 2, "SEQ_LEN": 1024, "H": 1, "HQ": 16, "D": 64, "S": 1, "block_size": 16, "is_causal": true}, "seed": 425, "status": "PASS", "call_event_ms": {"baseline": [0.020531199872493744, 0.01822720021009445, 0.017817600071430205, 0.017894400656223296], "candidate": [0.01822720021009445, 0.017766399681568144, 0.01794559955596924, 0.017791999876499175]}, "median_ms": {"baseline": 0.018060800433158872, "candidate": 0.01786879971623421}, "baseline_over_candidate": 1.0107450259655788}
{"case": {"B": 4, "SEQ_LEN": 64, "H": 1, "HQ": 16, "D": 64, "S": 1, "block_size": 16, "is_causal": true}, "candidate": "baseline", "phase": "compile_correctness"}
{"case": {"B": 4, "SEQ_LEN": 64, "H": 1, "HQ": 16, "D": 64, "S": 1, "block_size": 16, "is_causal": true}, "candidate": "candidate", "phase": "compile_correctness"}
2026-09-07 12:54:34  [TileLang:tilelang.jit.kernel:INFO] (kernel.py:129): TileLang begins to compile kernel `kernel` with `out_idx=None`
2026-09-07 12:54:37  [TileLang:tilelang.jit.kernel:INFO] (kernel.py:137): TileLang completes to compile kernel `kernel`
{"case": {"B": 4, "SEQ_LEN": 64, "H": 1, "HQ": 16, "D": 64, "S": 1, "block_size": 16, "is_causal": true}, "seed": 425, "status": "PASS", "call_event_ms": {"baseline": [0.013132800161838532, 0.010700800269842149, 0.010547199845314026, 0.010547199845314026], "candidate": [0.011648000031709672, 0.010777600109577179, 0.01085439994931221, 0.010700800269842149]}, "median_ms": {"baseline": 0.010624000057578086, "candidate": 0.010816000029444694}, "baseline_over_candidate": 0.9822485233594748}
{"case": {"B": 4, "SEQ_LEN": 128, "H": 1, "HQ": 16, "D": 64, "S": 1, "block_size": 16, "is_causal": true}, "candidate": "baseline", "phase": "compile_correctness"}
{"case": {"B": 4, "SEQ_LEN": 128, "H": 1, "HQ": 16, "D": 64, "S": 1, "block_size": 16, "is_causal": true}, "candidate": "candidate", "phase": "compile_correctness"}
2026-09-07 12:54:38  [TileLang:tilelang.jit.kernel:INFO] (kernel.py:129): TileLang begins to compile kernel `kernel` with `out_idx=None`
2026-09-07 12:54:41  [TileLang:tilelang.jit.kernel:INFO] (kernel.py:137): TileLang completes to compile kernel `kernel`
{"case": {"B": 4, "SEQ_LEN": 128, "H": 1, "HQ": 16, "D": 64, "S": 1, "block_size": 16, "is_causal": true}, "seed": 425, "status": "PASS", "call_event_ms": {"baseline": [0.014207999408245086, 0.010777600109577179, 0.01080320030450821, 0.010675200074911118], "candidate": [0.012006399780511856, 0.01090560033917427, 0.010777600109577179, 0.01090560033917427]}, "median_ms": {"baseline": 0.010790400207042694, "candidate": 0.01090560033917427}, "baseline_over_candidate": 0.9894366079309029}
{"case": {"B": 4, "SEQ_LEN": 256, "H": 1, "HQ": 16, "D": 64, "S": 1, "block_size": 16, "is_causal": true}, "candidate": "baseline", "phase": "compile_correctness"}
{"case": {"B": 4, "SEQ_LEN": 256, "H": 1, "HQ": 16, "D": 64, "S": 1, "block_size": 16, "is_causal": true}, "candidate": "candidate", "phase": "compile_correctness"}
2026-09-07 12:54:42  [TileLang:tilelang.jit.kernel:INFO] (kernel.py:129): TileLang begins to compile kernel `kernel` with `out_idx=None`
2026-09-07 12:54:45  [TileLang:tilelang.jit.kernel:INFO] (kernel.py:137): TileLang completes to compile kernel `kernel`
{"case": {"B": 4, "SEQ_LEN": 256, "H": 1, "HQ": 16, "D": 64, "S": 1, "block_size": 16, "is_causal": true}, "seed": 425, "status": "PASS", "call_event_ms": {"baseline": [0.014720000326633453, 0.010956799983978272, 0.01090560033917427, 0.010777600109577179], "candidate": [0.012569600343704223, 0.011929599940776825, 0.011135999858379365, 0.011033599823713302]}, "median_ms": {"baseline": 0.010931200161576272, "candidate": 0.011532799899578096}, "baseline_over_candidate": 0.9478357603322475}
{"case": {"B": 4, "SEQ_LEN": 512, "H": 1, "HQ": 16, "D": 64, "S": 1, "block_size": 16, "is_causal": true}, "candidate": "baseline", "phase": "compile_correctness"}
{"case": {"B": 4, "SEQ_LEN": 512, "H": 1, "HQ": 16, "D": 64, "S": 1, "block_size": 16, "is_causal": true}, "candidate": "candidate", "phase": "compile_correctness"}
2026-09-07 12:54:46  [TileLang:tilelang.jit.kernel:INFO] (kernel.py:129): TileLang begins to compile kernel `kernel` with `out_idx=None`
2026-09-07 12:54:49  [TileLang:tilelang.jit.kernel:INFO] (kernel.py:137): TileLang completes to compile kernel `kernel`
{"case": {"B": 4, "SEQ_LEN": 512, "H": 1, "HQ": 16, "D": 64, "S": 1, "block_size": 16, "is_causal": true}, "seed": 425, "status": "PASS", "call_event_ms": {"baseline": [0.020531199872493744, 0.018508799374103546, 0.018559999763965607, 0.018406400084495546], "candidate": [0.01802240014076233, 0.017689600586891174, 0.017689600586891174, 0.01797119975090027]}, "median_ms": {"baseline": 0.018534399569034576, "candidate": 0.01783040016889572}, "baseline_over_candidate": 1.0394830959187864}
{"case": {"B": 4, "SEQ_LEN": 1024, "H": 1, "HQ": 16, "D": 64, "S": 1, "block_size": 16, "is_causal": true}, "candidate": "baseline", "phase": "compile_correctness"}
{"case": {"B": 4, "SEQ_LEN": 1024, "H": 1, "HQ": 16, "D": 64, "S": 1, "block_size": 16, "is_causal": true}, "candidate": "candidate", "phase": "compile_correctness"}
2026-09-07 12:54:50  [TileLang:tilelang.jit.kernel:INFO] (kernel.py:129): TileLang begins to compile kernel `kernel` with `out_idx=None`
2026-09-07 12:54:53  [TileLang:tilelang.jit.kernel:INFO] (kernel.py:137): TileLang completes to compile kernel `kernel`
{"case": {"B": 4, "SEQ_LEN": 1024, "H": 1, "HQ": 16, "D": 64, "S": 1, "block_size": 16, "is_causal": true}, "seed": 425, "status": "PASS", "call_event_ms": {"baseline": [0.032102400064468385, 0.029798400402069092, 0.030643200874328612, 0.030822399258613586], "candidate": [0.03018240034580231, 0.030079999566078187, 0.029440000653266907, 0.02964479923248291]}, "median_ms": {"baseline": 0.030732800066471097, "candidate": 0.02986239939928055}, "baseline_over_candidate": 1.0291470439314905}
{"case": {"B": 8, "SEQ_LEN": 64, "H": 1, "HQ": 16, "D": 64, "S": 1, "block_size": 16, "is_causal": true}, "candidate": "baseline", "phase": "compile_correctness"}
{"case": {"B": 8, "SEQ_LEN": 64, "H": 1, "HQ": 16, "D": 64, "S": 1, "block_size": 16, "is_causal": true}, "candidate": "candidate", "phase": "compile_correctness"}
2026-09-07 12:54:53  [TileLang:tilelang.jit.kernel:INFO] (kernel.py:129): TileLang begins to compile kernel `kernel` with `out_idx=None`
2026-09-07 12:54:56  [TileLang:tilelang.jit.kernel:INFO] (kernel.py:137): TileLang completes to compile kernel `kernel`
{"case": {"B": 8, "SEQ_LEN": 64, "H": 1, "HQ": 16, "D": 64, "S": 1, "block_size": 16, "is_causal": true}, "seed": 425, "status": "PASS", "call_event_ms": {"baseline": [0.0144896000623703, 0.010444799810647965, 0.010291200131177902, 0.010367999970912933], "candidate": [0.01154559999704361, 0.010649599879980088, 0.010649599879980088, 0.010649599879980088]}, "median_ms": {"baseline": 0.01040639989078045, "candidate": 0.010649599879980088}, "baseline_over_candidate": 0.9771634622952526}
{"case": {"B": 8, "SEQ_LEN": 128, "H": 1, "HQ": 16, "D": 64, "S": 1, "block_size": 16, "is_causal": true}, "candidate": "baseline", "phase": "compile_correctness"}
{"case": {"B": 8, "SEQ_LEN": 128, "H": 1, "HQ": 16, "D": 64, "S": 1, "block_size": 16, "is_causal": true}, "candidate": "candidate", "phase": "compile_correctness"}
2026-09-07 12:54:57  [TileLang:tilelang.jit.kernel:INFO] (kernel.py:129): TileLang begins to compile kernel `kernel` with `out_idx=None`
2026-09-07 12:55:00  [TileLang:tilelang.jit.kernel:INFO] (kernel.py:137): TileLang completes to compile kernel `kernel`
{"case": {"B": 8, "SEQ_LEN": 128, "H": 1, "HQ": 16, "D": 64, "S": 1, "block_size": 16, "is_causal": true}, "seed": 425, "status": "PASS", "call_event_ms": {"baseline": [0.014207999408245086, 0.01088000014424324, 0.010751999914646149, 0.010726399719715118], "candidate": [0.011852800101041793, 0.011135999858379365, 0.01088000014424324, 0.01088000014424324]}, "median_ms": {"baseline": 0.010816000029444694, "candidate": 0.011008000001311302}, "baseline_over_candidate": 0.9825581420926838}
{"case": {"B": 8, "SEQ_LEN": 256, "H": 1, "HQ": 16, "D": 64, "S": 1, "block_size": 16, "is_causal": true}, "candidate": "baseline", "phase": "compile_correctness"}
{"case": {"B": 8, "SEQ_LEN": 256, "H": 1, "HQ": 16, "D": 64, "S": 1, "block_size": 16, "is_causal": true}, "candidate": "candidate", "phase": "compile_correctness"}
2026-09-07 12:55:01  [TileLang:tilelang.jit.kernel:INFO] (kernel.py:129): TileLang begins to compile kernel `kernel` with `out_idx=None`
2026-09-07 12:55:04  [TileLang:tilelang.jit.kernel:INFO] (kernel.py:137): TileLang completes to compile kernel `kernel`
{"case": {"B": 8, "SEQ_LEN": 256, "H": 1, "HQ": 16, "D": 64, "S": 1, "block_size": 16, "is_causal": true}, "seed": 425, "status": "PASS", "call_event_ms": {"baseline": [0.019123199582099914, 0.017126399278640746, 0.017100800573825837, 0.016921600699424742], "candidate": [0.01804800033569336, 0.017715199291706084, 0.017689600586891174, 0.017484800517559053]}, "median_ms": {"baseline": 0.01711359992623329, "candidate": 0.01770239993929863}, "baseline_over_candidate": 0.966738972394459}
{"case": {"B": 8, "SEQ_LEN": 512, "H": 1, "HQ": 16, "D": 64, "S": 1, "block_size": 16, "is_causal": true}, "candidate": "baseline", "phase": "compile_correctness"}
{"case": {"B": 8, "SEQ_LEN": 512, "H": 1, "HQ": 16, "D": 64, "S": 1, "block_size": 16, "is_causal": true}, "candidate": "candidate", "phase": "compile_correctness"}
2026-09-07 12:55:05  [TileLang:tilelang.jit.kernel:INFO] (kernel.py:129): TileLang begins to compile kernel `kernel` with `out_idx=None`
2026-09-07 12:55:08  [TileLang:tilelang.jit.kernel:INFO] (kernel.py:137): TileLang completes to compile kernel `kernel`
{"case": {"B": 8, "SEQ_LEN": 512, "H": 1, "HQ": 16, "D": 64, "S": 1, "block_size": 16, "is_causal": true}, "seed": 425, "status": "PASS", "call_event_ms": {"baseline": [0.03251200020313263, 0.029926401376724244, 0.02967039942741394, 0.029926401376724244], "candidate": [0.031641599535942075, 0.03115519881248474, 0.03110400140285492, 0.031027200818061828]}, "median_ms": {"baseline": 0.029926401376724244, "candidate": 0.03112960010766983}, "baseline_over_candidate": 0.9613487251110193}
{"case": {"B": 8, "SEQ_LEN": 1024, "H": 1, "HQ": 16, "D": 64, "S": 1, "block_size": 16, "is_causal": true}, "candidate": "baseline", "phase": "compile_correctness"}
{"case": {"B": 8, "SEQ_LEN": 1024, "H": 1, "HQ": 16, "D": 64, "S": 1, "block_size": 16, "is_causal": true}, "candidate": "candidate", "phase": "compile_correctness"}
2026-09-07 12:55:09  [TileLang:tilelang.jit.kernel:INFO] (kernel.py:129): TileLang begins to compile kernel `kernel` with `out_idx=None`
2026-09-07 12:55:12  [TileLang:tilelang.jit.kernel:INFO] (kernel.py:137): TileLang completes to compile kernel `kernel`
{"case": {"B": 8, "SEQ_LEN": 1024, "H": 1, "HQ": 16, "D": 64, "S": 1, "block_size": 16, "is_causal": true}, "seed": 425, "status": "PASS", "call_event_ms": {"baseline": [0.05127679705619812, 0.048767998814582825, 0.048870399594306946, 0.048307201266288756], "candidate": [0.05007359981536865, 0.04935680031776428, 0.048793599009513855, 0.04910080134868622]}, "median_ms": {"baseline": 0.048819199204444885, "candidate": 0.04922880083322525}, "baseline_over_candidate": 0.9916796342415898}
{"case": {"B": 1, "SEQ_LEN": 256, "H": 2, "HQ": 32, "D": 64, "S": 1, "block_size": 16, "is_causal": true}, "candidate": "baseline", "phase": "compile_correctness"}
{"case": {"B": 1, "SEQ_LEN": 256, "H": 2, "HQ": 32, "D": 64, "S": 1, "block_size": 16, "is_causal": true}, "candidate": "candidate", "phase": "compile_correctness"}
2026-09-07 12:55:13  [TileLang:tilelang.jit.kernel:INFO] (kernel.py:129): TileLang begins to compile kernel `kernel` with `out_idx=None`
2026-09-07 12:55:16  [TileLang:tilelang.jit.kernel:INFO] (kernel.py:137): TileLang completes to compile kernel `kernel`
{"case": {"B": 1, "SEQ_LEN": 256, "H": 2, "HQ": 32, "D": 64, "S": 1, "block_size": 16, "is_causal": true}, "seed": 425, "status": "PASS", "call_event_ms": {"baseline": [0.01454080045223236, 0.010649599879980088, 0.010598400235176086, 0.010419200360774993], "candidate": [0.011494400352239609, 0.01088000014424324, 0.011212799698114395, 0.01080320030450821]}, "median_ms": {"baseline": 0.010624000057578086, "candidate": 0.011046399921178817}, "baseline_over_candidate": 0.961761309873375}
{"case": {"B": 2, "SEQ_LEN": 512, "H": 2, "HQ": 32, "D": 64, "S": 1, "block_size": 16, "is_causal": true}, "candidate": "baseline", "phase": "compile_correctness"}
{"case": {"B": 2, "SEQ_LEN": 512, "H": 2, "HQ": 32, "D": 64, "S": 1, "block_size": 16, "is_causal": true}, "candidate": "candidate", "phase": "compile_correctness"}
2026-09-07 12:55:17  [TileLang:tilelang.jit.kernel:INFO] (kernel.py:129): TileLang begins to compile kernel `kernel` with `out_idx=None`
2026-09-07 12:55:20  [TileLang:tilelang.jit.kernel:INFO] (kernel.py:137): TileLang completes to compile kernel `kernel`
{"case": {"B": 2, "SEQ_LEN": 512, "H": 2, "HQ": 32, "D": 64, "S": 1, "block_size": 16, "is_causal": true}, "seed": 425, "status": "PASS", "call_event_ms": {"baseline": [0.019916799664497376, 0.01825280040502548, 0.01794559955596924, 0.01802240014076233], "candidate": [0.018534399569034576, 0.01794559955596924, 0.017740799486637114, 0.018457600474357606]}, "median_ms": {"baseline": 0.018137600272893906, "candidate": 0.018201600015163424}, "baseline_over_candidate": 0.9964838397604495}
{"case": {"B": 1, "SEQ_LEN": 4096, "H": 1, "HQ": 16, "D": 64, "S": 1, "block_size": 16, "is_causal": true}, "candidate": "baseline", "phase": "compile_correctness"}
{"case": {"B": 1, "SEQ_LEN": 4096, "H": 1, "HQ": 16, "D": 64, "S": 1, "block_size": 16, "is_causal": true}, "candidate": "candidate", "phase": "compile_correctness"}
2026-09-07 12:55:21  [TileLang:tilelang.jit.kernel:INFO] (kernel.py:129): TileLang begins to compile kernel `kernel` with `out_idx=None`
2026-09-07 12:55:24  [TileLang:tilelang.jit.kernel:INFO] (kernel.py:137): TileLang completes to compile kernel `kernel`
{"case": {"B": 1, "SEQ_LEN": 4096, "H": 1, "HQ": 16, "D": 64, "S": 1, "block_size": 16, "is_causal": true}, "seed": 425, "status": "PASS", "call_event_ms": {"baseline": [0.03189760148525238, 0.029747200012207032, 0.02967039942741394, 0.029286399483680725], "candidate": [0.03054080009460449, 0.03036159873008728, 0.03018240034580231, 0.03048959970474243]}, "median_ms": {"baseline": 0.029708799719810487, "candidate": 0.030425599217414855}, "baseline_over_candidate": 0.9764409077868189}
{"case": {"B": 2, "SEQ_LEN": 4096, "H": 1, "HQ": 16, "D": 64, "S": 1, "block_size": 16, "is_causal": true}, "candidate": "baseline", "phase": "compile_correctness"}
{"case": {"B": 2, "SEQ_LEN": 4096, "H": 1, "HQ": 16, "D": 64, "S": 1, "block_size": 16, "is_causal": true}, "candidate": "candidate", "phase": "compile_correctness"}
2026-09-07 12:55:25  [TileLang:tilelang.jit.kernel:INFO] (kernel.py:129): TileLang begins to compile kernel `kernel` with `out_idx=None`
2026-09-07 12:55:28  [TileLang:tilelang.jit.kernel:INFO] (kernel.py:137): TileLang completes to compile kernel `kernel`
{"case": {"B": 2, "SEQ_LEN": 4096, "H": 1, "HQ": 16, "D": 64, "S": 1, "block_size": 16, "is_causal": true}, "seed": 425, "status": "PASS", "call_event_ms": {"baseline": [0.05132799744606018, 0.04910080134868622, 0.04927999973297119, 0.04951040148735046], "candidate": [0.05002239942550659, 0.04999679923057556, 0.04943360090255737, 0.04933120012283325]}, "median_ms": {"baseline": 0.049395200610160825, "candidate": 0.04971520006656646}, "baseline_over_candidate": 0.9935633477090071}
{"case": {"B": 4, "SEQ_LEN": 4096, "H": 1, "HQ": 16, "D": 64, "S": 1, "block_size": 16, "is_causal": true}, "candidate": "baseline", "phase": "compile_correctness"}
{"case": {"B": 4, "SEQ_LEN": 4096, "H": 1, "HQ": 16, "D": 64, "S": 1, "block_size": 16, "is_causal": true}, "candidate": "candidate", "phase": "compile_correctness"}
2026-09-07 12:55:29  [TileLang:tilelang.jit.kernel:INFO] (kernel.py:129): TileLang begins to compile kernel `kernel` with `out_idx=None`
2026-09-07 12:55:32  [TileLang:tilelang.jit.kernel:INFO] (kernel.py:137): TileLang completes to compile kernel `kernel`
{"case": {"B": 4, "SEQ_LEN": 4096, "H": 1, "HQ": 16, "D": 64, "S": 1, "block_size": 16, "is_causal": true}, "seed": 425, "status": "PASS", "call_event_ms": {"baseline": [0.09169920086860657, 0.08908799886703492, 0.08985599875450134, 0.08993279933929443], "candidate": [0.08883200287818908, 0.09054719805717468, 0.08862720131874084, 0.08865280151367187]}, "median_ms": {"baseline": 0.08989439904689789, "candidate": 0.08874240219593048}, "baseline_over_candidate": 1.0129813575298983}
{"case": {"B": 8, "SEQ_LEN": 4096, "H": 1, "HQ": 16, "D": 64, "S": 1, "block_size": 16, "is_causal": true}, "candidate": "baseline", "phase": "compile_correctness"}
{"case": {"B": 8, "SEQ_LEN": 4096, "H": 1, "HQ": 16, "D": 64, "S": 1, "block_size": 16, "is_causal": true}, "candidate": "candidate", "phase": "compile_correctness"}
2026-09-07 12:55:34  [TileLang:tilelang.jit.kernel:INFO] (kernel.py:129): TileLang begins to compile kernel `kernel` with `out_idx=None`
2026-09-07 12:55:37  [TileLang:tilelang.jit.kernel:INFO] (kernel.py:137): TileLang completes to compile kernel `kernel`
{"case": {"B": 8, "SEQ_LEN": 4096, "H": 1, "HQ": 16, "D": 64, "S": 1, "block_size": 16, "is_causal": true}, "seed": 425, "status": "PASS", "call_event_ms": {"baseline": [0.17341439723968505, 0.16878080368041992, 0.16811519861221313, 0.16972800493240356], "candidate": [0.1704192042350769, 0.16944639682769774, 0.16947200298309326, 0.1701375961303711]}, "median_ms": {"baseline": 0.16925440430641175, "candidate": 0.16980479955673217}, "baseline_over_candidate": 0.9967586590499373}
{"case": {"B": 1, "SEQ_LEN": 8192, "H": 1, "HQ": 16, "D": 64, "S": 1, "block_size": 16, "is_causal": true}, "candidate": "baseline", "phase": "compile_correctness"}
{"case": {"B": 1, "SEQ_LEN": 8192, "H": 1, "HQ": 16, "D": 64, "S": 1, "block_size": 16, "is_causal": true}, "candidate": "candidate", "phase": "compile_correctness"}
2026-09-07 12:55:38  [TileLang:tilelang.jit.kernel:INFO] (kernel.py:129): TileLang begins to compile kernel `kernel` with `out_idx=None`
2026-09-07 12:55:41  [TileLang:tilelang.jit.kernel:INFO] (kernel.py:137): TileLang completes to compile kernel `kernel`
{"case": {"B": 1, "SEQ_LEN": 8192, "H": 1, "HQ": 16, "D": 64, "S": 1, "block_size": 16, "is_causal": true}, "seed": 425, "status": "PASS", "call_event_ms": {"baseline": [0.05309439897537231, 0.04997119903564453, 0.05027840137481689, 0.0502016007900238], "candidate": [0.050483202934265135, 0.04976640045642853, 0.05022720098495483, 0.050380802154541014]}, "median_ms": {"baseline": 0.05024000108242035, "candidate": 0.05030400156974792}, "baseline_over_candidate": 0.9987277257210078}
{"case": {"B": 2, "SEQ_LEN": 8192, "H": 1, "HQ": 16, "D": 64, "S": 1, "block_size": 16, "is_causal": true}, "candidate": "baseline", "phase": "compile_correctness"}
{"case": {"B": 2, "SEQ_LEN": 8192, "H": 1, "HQ": 16, "D": 64, "S": 1, "block_size": 16, "is_causal": true}, "candidate": "candidate", "phase": "compile_correctness"}
2026-09-07 12:55:42  [TileLang:tilelang.jit.kernel:INFO] (kernel.py:129): TileLang begins to compile kernel `kernel` with `out_idx=None`
2026-09-07 12:55:45  [TileLang:tilelang.jit.kernel:INFO] (kernel.py:137): TileLang completes to compile kernel `kernel`
{"case": {"B": 2, "SEQ_LEN": 8192, "H": 1, "HQ": 16, "D": 64, "S": 1, "block_size": 16, "is_causal": true}, "seed": 425, "status": "PASS", "call_event_ms": {"baseline": [0.092467200756073, 0.08980479836463928, 0.09049599766731262, 0.08977919816970825], "candidate": [0.09006080031394958, 0.08977919816970825, 0.08942080140113831, 0.08960000276565552]}, "median_ms": {"baseline": 0.09015039801597595, "candidate": 0.08968960046768189}, "baseline_over_candidate": 1.0051376920611894}
{"case": {"B": 1, "SEQ_LEN": 16384, "H": 1, "HQ": 16, "D": 64, "S": 1, "block_size": 16, "is_causal": true}, "candidate": "baseline", "phase": "compile_correctness"}
{"case": {"B": 1, "SEQ_LEN": 16384, "H": 1, "HQ": 16, "D": 64, "S": 1, "block_size": 16, "is_causal": true}, "candidate": "candidate", "phase": "compile_correctness"}
2026-09-07 12:55:46  [TileLang:tilelang.jit.kernel:INFO] (kernel.py:129): TileLang begins to compile kernel `kernel` with `out_idx=None`
2026-09-07 12:55:49  [TileLang:tilelang.jit.kernel:INFO] (kernel.py:137): TileLang completes to compile kernel `kernel`
{"case": {"B": 1, "SEQ_LEN": 16384, "H": 1, "HQ": 16, "D": 64, "S": 1, "block_size": 16, "is_causal": true}, "seed": 425, "status": "PASS", "call_event_ms": {"baseline": [0.09349120259284974, 0.0921343982219696, 0.09134079813957215, 0.09111040234565734], "candidate": [0.09149439930915833, 0.0917248010635376, 0.09187840223312378, 0.0913919985294342]}, "median_ms": {"baseline": 0.09173759818077087, "candidate": 0.09160960018634796}, "baseline_over_candidate": 1.00139721158222}
