Loading tilelang libs from dev root: /opt/tilelang-metax-v0.1.10/build
{"case": {"B": 1, "SEQ_LEN": 64, "H": 1, "HQ": 16, "D": 64, "S": 1, "block_size": 16, "is_causal": true}, "candidate": "baseline", "phase": "compile_correctness"}
{"case": {"B": 1, "SEQ_LEN": 64, "H": 1, "HQ": 16, "D": 64, "S": 1, "block_size": 16, "is_causal": true}, "candidate": "candidate", "phase": "compile_correctness"}
2026-09-07 13:07:28  [TileLang:tilelang.jit.kernel:INFO] (kernel.py:129): TileLang begins to compile kernel `kernel` with `out_idx=None`
2026-09-07 13:07:31  [TileLang:tilelang.jit.kernel:INFO] (kernel.py:137): TileLang completes to compile kernel `kernel`
{"case": {"B": 1, "SEQ_LEN": 64, "H": 1, "HQ": 16, "D": 64, "S": 1, "block_size": 16, "is_causal": true}, "seed": 427, "status": "PASS", "call_event_ms": {"baseline": [0.013388800621032714, 0.010700800269842149, 0.010316800326108932, 0.010239999741315842], "candidate": [0.015334400534629821, 0.011238399893045425, 0.011135999858379365, 0.01088000014424324]}, "median_ms": {"baseline": 0.01050880029797554, "candidate": 0.011187199875712395}, "baseline_over_candidate": 0.9393593048060515}
{"case": {"B": 1, "SEQ_LEN": 128, "H": 1, "HQ": 16, "D": 64, "S": 1, "block_size": 16, "is_causal": true}, "candidate": "baseline", "phase": "compile_correctness"}
{"case": {"B": 1, "SEQ_LEN": 128, "H": 1, "HQ": 16, "D": 64, "S": 1, "block_size": 16, "is_causal": true}, "candidate": "candidate", "phase": "compile_correctness"}
2026-09-07 13:07:32  [TileLang:tilelang.jit.kernel:INFO] (kernel.py:129): TileLang begins to compile kernel `kernel` with `out_idx=None`
2026-09-07 13:07:35  [TileLang:tilelang.jit.kernel:INFO] (kernel.py:137): TileLang completes to compile kernel `kernel`
{"case": {"B": 1, "SEQ_LEN": 128, "H": 1, "HQ": 16, "D": 64, "S": 1, "block_size": 16, "is_causal": true}, "seed": 427, "status": "PASS", "call_event_ms": {"baseline": [0.013030399382114411, 0.01088000014424324, 0.010444799810647965, 0.011622399836778641], "candidate": [0.011366400122642516, 0.011366400122642516, 0.01088000014424324, 0.010956799983978272]}, "median_ms": {"baseline": 0.01125119999051094, "candidate": 0.011161600053310395}, "baseline_over_candidate": 1.008027517271054}
{"case": {"B": 1, "SEQ_LEN": 256, "H": 1, "HQ": 16, "D": 64, "S": 1, "block_size": 16, "is_causal": true}, "candidate": "baseline", "phase": "compile_correctness"}
{"case": {"B": 1, "SEQ_LEN": 256, "H": 1, "HQ": 16, "D": 64, "S": 1, "block_size": 16, "is_causal": true}, "candidate": "candidate", "phase": "compile_correctness"}
2026-09-07 13:07:36  [TileLang:tilelang.jit.kernel:INFO] (kernel.py:129): TileLang begins to compile kernel `kernel` with `out_idx=None`
2026-09-07 13:07:39  [TileLang:tilelang.jit.kernel:INFO] (kernel.py:137): TileLang completes to compile kernel `kernel`
{"case": {"B": 1, "SEQ_LEN": 256, "H": 1, "HQ": 16, "D": 64, "S": 1, "block_size": 16, "is_causal": true}, "seed": 427, "status": "PASS", "call_event_ms": {"baseline": [0.013465599715709686, 0.010751999914646149, 0.01080320030450821, 0.010598400235176086], "candidate": [0.01228799968957901, 0.013823999464511872, 0.011084800213575363, 0.011187200248241425]}, "median_ms": {"baseline": 0.010777600109577179, "candidate": 0.011737599968910217}, "baseline_over_candidate": 0.9182115712006013}
{"case": {"B": 1, "SEQ_LEN": 512, "H": 1, "HQ": 16, "D": 64, "S": 1, "block_size": 16, "is_causal": true}, "candidate": "baseline", "phase": "compile_correctness"}
{"case": {"B": 1, "SEQ_LEN": 512, "H": 1, "HQ": 16, "D": 64, "S": 1, "block_size": 16, "is_causal": true}, "candidate": "candidate", "phase": "compile_correctness"}
2026-09-07 13:07:39  [TileLang:tilelang.jit.kernel:INFO] (kernel.py:129): TileLang begins to compile kernel `kernel` with `out_idx=None`
2026-09-07 13:07:42  [TileLang:tilelang.jit.kernel:INFO] (kernel.py:137): TileLang completes to compile kernel `kernel`
{"case": {"B": 1, "SEQ_LEN": 512, "H": 1, "HQ": 16, "D": 64, "S": 1, "block_size": 16, "is_causal": true}, "seed": 427, "status": "PASS", "call_event_ms": {"baseline": [0.01297920048236847, 0.010828799754381179, 0.010342399775981902, 0.010316800326108932], "candidate": [0.01377280056476593, 0.01226240023970604, 0.011776000261306763, 0.011750400066375732]}, "median_ms": {"baseline": 0.01058559976518154, "candidate": 0.012019200250506401}, "baseline_over_candidate": 0.880724136760725}
{"case": {"B": 1, "SEQ_LEN": 1024, "H": 1, "HQ": 16, "D": 64, "S": 1, "block_size": 16, "is_causal": true}, "candidate": "baseline", "phase": "compile_correctness"}
{"case": {"B": 1, "SEQ_LEN": 1024, "H": 1, "HQ": 16, "D": 64, "S": 1, "block_size": 16, "is_causal": true}, "candidate": "candidate", "phase": "compile_correctness"}
2026-09-07 13:07:43  [TileLang:tilelang.jit.kernel:INFO] (kernel.py:129): TileLang begins to compile kernel `kernel` with `out_idx=None`
2026-09-07 13:07:46  [TileLang:tilelang.jit.kernel:INFO] (kernel.py:137): TileLang completes to compile kernel `kernel`
{"case": {"B": 1, "SEQ_LEN": 1024, "H": 1, "HQ": 16, "D": 64, "S": 1, "block_size": 16, "is_causal": true}, "seed": 427, "status": "PASS", "call_event_ms": {"baseline": [0.013312000036239623, 0.011059200018644333, 0.011084800213575363, 0.010777600109577179], "candidate": [0.01372160017490387, 0.013414399325847625, 0.013388800621032714, 0.013388800621032714]}, "median_ms": {"baseline": 0.011072000116109848, "candidate": 0.013401599973440169}, "baseline_over_candidate": 0.826170019852315}
{"case": {"B": 2, "SEQ_LEN": 64, "H": 1, "HQ": 16, "D": 64, "S": 1, "block_size": 16, "is_causal": true}, "candidate": "baseline", "phase": "compile_correctness"}
{"case": {"B": 2, "SEQ_LEN": 64, "H": 1, "HQ": 16, "D": 64, "S": 1, "block_size": 16, "is_causal": true}, "candidate": "candidate", "phase": "compile_correctness"}
2026-09-07 13:07:47  [TileLang:tilelang.jit.kernel:INFO] (kernel.py:129): TileLang begins to compile kernel `kernel` with `out_idx=None`
2026-09-07 13:07:50  [TileLang:tilelang.jit.kernel:INFO] (kernel.py:137): TileLang completes to compile kernel `kernel`
{"case": {"B": 2, "SEQ_LEN": 64, "H": 1, "HQ": 16, "D": 64, "S": 1, "block_size": 16, "is_causal": true}, "seed": 427, "status": "PASS", "call_event_ms": {"baseline": [0.014054399728775025, 0.010726399719715118, 0.010700800269842149, 0.010496000200510025], "candidate": [0.012928000092506409, 0.011366400122642516, 0.014361600577831268, 0.011238399893045425]}, "median_ms": {"baseline": 0.010713599994778633, "candidate": 0.012147200107574464}, "baseline_over_candidate": 0.8819810244253818}
{"case": {"B": 2, "SEQ_LEN": 128, "H": 1, "HQ": 16, "D": 64, "S": 1, "block_size": 16, "is_causal": true}, "candidate": "baseline", "phase": "compile_correctness"}
{"case": {"B": 2, "SEQ_LEN": 128, "H": 1, "HQ": 16, "D": 64, "S": 1, "block_size": 16, "is_causal": true}, "candidate": "candidate", "phase": "compile_correctness"}
2026-09-07 13:07:51  [TileLang:tilelang.jit.kernel:INFO] (kernel.py:129): TileLang begins to compile kernel `kernel` with `out_idx=None`
2026-09-07 13:07:53  [TileLang:tilelang.jit.kernel:INFO] (kernel.py:137): TileLang completes to compile kernel `kernel`
{"case": {"B": 2, "SEQ_LEN": 128, "H": 1, "HQ": 16, "D": 64, "S": 1, "block_size": 16, "is_causal": true}, "seed": 427, "status": "PASS", "call_event_ms": {"baseline": [0.012825599312782288, 0.011084800213575363, 0.014310400187969207, 0.010470400005578995], "candidate": [0.011750400066375732, 0.011417599767446518, 0.011084800213575363, 0.011033599823713302]}, "median_ms": {"baseline": 0.011955199763178825, "candidate": 0.01125119999051094}, "baseline_over_candidate": 1.0625710833743622}
{"case": {"B": 2, "SEQ_LEN": 256, "H": 1, "HQ": 16, "D": 64, "S": 1, "block_size": 16, "is_causal": true}, "candidate": "baseline", "phase": "compile_correctness"}
{"case": {"B": 2, "SEQ_LEN": 256, "H": 1, "HQ": 16, "D": 64, "S": 1, "block_size": 16, "is_causal": true}, "candidate": "candidate", "phase": "compile_correctness"}
2026-09-07 13:07:54  [TileLang:tilelang.jit.kernel:INFO] (kernel.py:129): TileLang begins to compile kernel `kernel` with `out_idx=None`
2026-09-07 13:07:57  [TileLang:tilelang.jit.kernel:INFO] (kernel.py:137): TileLang completes to compile kernel `kernel`
{"case": {"B": 2, "SEQ_LEN": 256, "H": 1, "HQ": 16, "D": 64, "S": 1, "block_size": 16, "is_causal": true}, "seed": 427, "status": "PASS", "call_event_ms": {"baseline": [0.01223680004477501, 0.01090560033917427, 0.010547199845314026, 0.010393600165843963], "candidate": [0.012134400010108948, 0.011750400066375732, 0.011648000031709672, 0.011648000031709672]}, "median_ms": {"baseline": 0.010726400092244147, "candidate": 0.011699200049042702}, "baseline_over_candidate": 0.9168490193585368}
{"case": {"B": 2, "SEQ_LEN": 512, "H": 1, "HQ": 16, "D": 64, "S": 1, "block_size": 16, "is_causal": true}, "candidate": "baseline", "phase": "compile_correctness"}
{"case": {"B": 2, "SEQ_LEN": 512, "H": 1, "HQ": 16, "D": 64, "S": 1, "block_size": 16, "is_causal": true}, "candidate": "candidate", "phase": "compile_correctness"}
2026-09-07 13:07:58  [TileLang:tilelang.jit.kernel:INFO] (kernel.py:129): TileLang begins to compile kernel `kernel` with `out_idx=None`
2026-09-07 13:08:01  [TileLang:tilelang.jit.kernel:INFO] (kernel.py:137): TileLang completes to compile kernel `kernel`
{"case": {"B": 2, "SEQ_LEN": 512, "H": 1, "HQ": 16, "D": 64, "S": 1, "block_size": 16, "is_causal": true}, "seed": 427, "status": "PASS", "call_event_ms": {"baseline": [0.013798399269580841, 0.011007999628782272, 0.011084800213575363, 0.010828799754381179], "candidate": [0.01369599997997284, 0.013798399269580841, 0.013312000036239623, 0.013363200426101684]}, "median_ms": {"baseline": 0.011046399921178817, "candidate": 0.013529600203037262}, "baseline_over_candidate": 0.8164616659329674}
{"case": {"B": 2, "SEQ_LEN": 1024, "H": 1, "HQ": 16, "D": 64, "S": 1, "block_size": 16, "is_causal": true}, "candidate": "baseline", "phase": "compile_correctness"}
{"case": {"B": 2, "SEQ_LEN": 1024, "H": 1, "HQ": 16, "D": 64, "S": 1, "block_size": 16, "is_causal": true}, "candidate": "candidate", "phase": "compile_correctness"}
2026-09-07 13:08:02  [TileLang:tilelang.jit.kernel:INFO] (kernel.py:129): TileLang begins to compile kernel `kernel` with `out_idx=None`
2026-09-07 13:08:05  [TileLang:tilelang.jit.kernel:INFO] (kernel.py:137): TileLang completes to compile kernel `kernel`
{"case": {"B": 2, "SEQ_LEN": 1024, "H": 1, "HQ": 16, "D": 64, "S": 1, "block_size": 16, "is_causal": true}, "seed": 427, "status": "PASS", "call_event_ms": {"baseline": [0.020147199928760528, 0.017587199807167053, 0.017766399681568144, 0.01804800033569336], "candidate": [0.02542079985141754, 0.025088000297546386, 0.025011199712753295, 0.025164800882339477]}, "median_ms": {"baseline": 0.017907200008630754, "candidate": 0.02512640058994293}, "baseline_over_candidate": 0.7126846499374158}
{"case": {"B": 4, "SEQ_LEN": 64, "H": 1, "HQ": 16, "D": 64, "S": 1, "block_size": 16, "is_causal": true}, "candidate": "baseline", "phase": "compile_correctness"}
{"case": {"B": 4, "SEQ_LEN": 64, "H": 1, "HQ": 16, "D": 64, "S": 1, "block_size": 16, "is_causal": true}, "candidate": "candidate", "phase": "compile_correctness"}
2026-09-07 13:08:05  [TileLang:tilelang.jit.kernel:INFO] (kernel.py:129): TileLang begins to compile kernel `kernel` with `out_idx=None`
2026-09-07 13:08:08  [TileLang:tilelang.jit.kernel:INFO] (kernel.py:137): TileLang completes to compile kernel `kernel`
{"case": {"B": 4, "SEQ_LEN": 64, "H": 1, "HQ": 16, "D": 64, "S": 1, "block_size": 16, "is_causal": true}, "seed": 427, "status": "PASS", "call_event_ms": {"baseline": [0.013542400300502777, 0.010726399719715118, 0.01088000014424324, 0.010521599650382995], "candidate": [0.011392000317573547, 0.011264000087976456, 0.010982400178909302, 0.010956799983978272]}, "median_ms": {"baseline": 0.010803199931979179, "candidate": 0.011123200133442878}, "baseline_over_candidate": 0.9712312825783301}
{"case": {"B": 4, "SEQ_LEN": 128, "H": 1, "HQ": 16, "D": 64, "S": 1, "block_size": 16, "is_causal": true}, "candidate": "baseline", "phase": "compile_correctness"}
{"case": {"B": 4, "SEQ_LEN": 128, "H": 1, "HQ": 16, "D": 64, "S": 1, "block_size": 16, "is_causal": true}, "candidate": "candidate", "phase": "compile_correctness"}
2026-09-07 13:08:09  [TileLang:tilelang.jit.kernel:INFO] (kernel.py:129): TileLang begins to compile kernel `kernel` with `out_idx=None`
2026-09-07 13:08:12  [TileLang:tilelang.jit.kernel:INFO] (kernel.py:137): TileLang completes to compile kernel `kernel`
{"case": {"B": 4, "SEQ_LEN": 128, "H": 1, "HQ": 16, "D": 64, "S": 1, "block_size": 16, "is_causal": true}, "seed": 427, "status": "PASS", "call_event_ms": {"baseline": [0.014028799533843995, 0.01090560033917427, 0.010956799983978272, 0.010700800269842149], "candidate": [0.012928000092506409, 0.012108799815177918, 0.01443839967250824, 0.011648000031709672]}, "median_ms": {"baseline": 0.010931200161576272, "candidate": 0.012518399953842164}, "baseline_over_candidate": 0.8732106500736344}
{"case": {"B": 4, "SEQ_LEN": 256, "H": 1, "HQ": 16, "D": 64, "S": 1, "block_size": 16, "is_causal": true}, "candidate": "baseline", "phase": "compile_correctness"}
{"case": {"B": 4, "SEQ_LEN": 256, "H": 1, "HQ": 16, "D": 64, "S": 1, "block_size": 16, "is_causal": true}, "candidate": "candidate", "phase": "compile_correctness"}
2026-09-07 13:08:13  [TileLang:tilelang.jit.kernel:INFO] (kernel.py:129): TileLang begins to compile kernel `kernel` with `out_idx=None`
2026-09-07 13:08:16  [TileLang:tilelang.jit.kernel:INFO] (kernel.py:137): TileLang completes to compile kernel `kernel`
{"case": {"B": 4, "SEQ_LEN": 256, "H": 1, "HQ": 16, "D": 64, "S": 1, "block_size": 16, "is_causal": true}, "seed": 427, "status": "PASS", "call_event_ms": {"baseline": [0.013055999577045441, 0.011007999628782272, 0.012083200365304947, 0.010751999914646149], "candidate": [0.013491199910640716, 0.013286399841308593, 0.013260799646377563, 0.013184000551700593]}, "median_ms": {"baseline": 0.01154559999704361, "candidate": 0.013273599743843078}, "baseline_over_candidate": 0.8698167957338779}
{"case": {"B": 4, "SEQ_LEN": 512, "H": 1, "HQ": 16, "D": 64, "S": 1, "block_size": 16, "is_causal": true}, "candidate": "baseline", "phase": "compile_correctness"}
{"case": {"B": 4, "SEQ_LEN": 512, "H": 1, "HQ": 16, "D": 64, "S": 1, "block_size": 16, "is_causal": true}, "candidate": "candidate", "phase": "compile_correctness"}
2026-09-07 13:08:17  [TileLang:tilelang.jit.kernel:INFO] (kernel.py:129): TileLang begins to compile kernel `kernel` with `out_idx=None`
2026-09-07 13:08:19  [TileLang:tilelang.jit.kernel:INFO] (kernel.py:137): TileLang completes to compile kernel `kernel`
{"case": {"B": 4, "SEQ_LEN": 512, "H": 1, "HQ": 16, "D": 64, "S": 1, "block_size": 16, "is_causal": true}, "seed": 427, "status": "PASS", "call_event_ms": {"baseline": [0.02306559979915619, 0.018278400599956512, 0.018483200669288637, 0.018432000279426576], "candidate": [0.02598400115966797, 0.025497600436210632, 0.02536959946155548, 0.02536959946155548]}, "median_ms": {"baseline": 0.018457600474357606, "candidate": 0.025433599948883057}, "baseline_over_candidate": 0.7257171816594603}
{"case": {"B": 4, "SEQ_LEN": 1024, "H": 1, "HQ": 16, "D": 64, "S": 1, "block_size": 16, "is_causal": true}, "candidate": "baseline", "phase": "compile_correctness"}
{"case": {"B": 4, "SEQ_LEN": 1024, "H": 1, "HQ": 16, "D": 64, "S": 1, "block_size": 16, "is_causal": true}, "candidate": "candidate", "phase": "compile_correctness"}
{"case": {"B": 4, "SEQ_LEN": 1024, "H": 1, "HQ": 16, "D": 64, "S": 1, "block_size": 16, "is_causal": true}, "seed": 427, "status": "PASS", "call_event_ms": {"baseline": [0.03107840120792389, 0.03056640028953552, 0.03048959970474243, 0.03061760067939758], "candidate": [0.043161600828170776, 0.04321280121803284, 0.042854401469230655, 0.043059200048446655]}, "median_ms": {"baseline": 0.03059200048446655, "candidate": 0.043110400438308716}, "baseline_over_candidate": 0.7096199565170803}
{"case": {"B": 8, "SEQ_LEN": 64, "H": 1, "HQ": 16, "D": 64, "S": 1, "block_size": 16, "is_causal": true}, "candidate": "baseline", "phase": "compile_correctness"}
{"case": {"B": 8, "SEQ_LEN": 64, "H": 1, "HQ": 16, "D": 64, "S": 1, "block_size": 16, "is_causal": true}, "candidate": "candidate", "phase": "compile_correctness"}
2026-09-07 13:08:20  [TileLang:tilelang.jit.kernel:INFO] (kernel.py:129): TileLang begins to compile kernel `kernel` with `out_idx=None`
2026-09-07 13:08:23  [TileLang:tilelang.jit.kernel:INFO] (kernel.py:137): TileLang completes to compile kernel `kernel`
{"case": {"B": 8, "SEQ_LEN": 64, "H": 1, "HQ": 16, "D": 64, "S": 1, "block_size": 16, "is_causal": true}, "seed": 427, "status": "PASS", "call_event_ms": {"baseline": [0.013388800621032714, 0.010751999914646149, 0.010367999970912933, 0.010239999741315842], "candidate": [0.01295360028743744, 0.011724799871444702, 0.011648000031709672, 0.01157120019197464]}, "median_ms": {"baseline": 0.01055999994277954, "candidate": 0.011686399951577187}, "baseline_over_candidate": 0.9036144566791394}
{"case": {"B": 8, "SEQ_LEN": 128, "H": 1, "HQ": 16, "D": 64, "S": 1, "block_size": 16, "is_causal": true}, "candidate": "baseline", "phase": "compile_correctness"}
{"case": {"B": 8, "SEQ_LEN": 128, "H": 1, "HQ": 16, "D": 64, "S": 1, "block_size": 16, "is_causal": true}, "candidate": "candidate", "phase": "compile_correctness"}
2026-09-07 13:08:24  [TileLang:tilelang.jit.kernel:INFO] (kernel.py:129): TileLang begins to compile kernel `kernel` with `out_idx=None`
2026-09-07 13:08:27  [TileLang:tilelang.jit.kernel:INFO] (kernel.py:137): TileLang completes to compile kernel `kernel`
{"case": {"B": 8, "SEQ_LEN": 128, "H": 1, "HQ": 16, "D": 64, "S": 1, "block_size": 16, "is_causal": true}, "seed": 427, "status": "PASS", "call_event_ms": {"baseline": [0.01443839967250824, 0.011135999858379365, 0.010931199789047242, 0.01085439994931221], "candidate": [0.013644799590110779, 0.016179199516773223, 0.013312000036239623, 0.013312000036239623]}, "median_ms": {"baseline": 0.011033599823713304, "candidate": 0.013478399813175201}, "baseline_over_candidate": 0.8186134835477953}
{"case": {"B": 8, "SEQ_LEN": 256, "H": 1, "HQ": 16, "D": 64, "S": 1, "block_size": 16, "is_causal": true}, "candidate": "baseline", "phase": "compile_correctness"}
{"case": {"B": 8, "SEQ_LEN": 256, "H": 1, "HQ": 16, "D": 64, "S": 1, "block_size": 16, "is_causal": true}, "candidate": "candidate", "phase": "compile_correctness"}
2026-09-07 13:08:28  [TileLang:tilelang.jit.kernel:INFO] (kernel.py:129): TileLang begins to compile kernel `kernel` with `out_idx=None`
2026-09-07 13:08:31  [TileLang:tilelang.jit.kernel:INFO] (kernel.py:137): TileLang completes to compile kernel `kernel`
{"case": {"B": 8, "SEQ_LEN": 256, "H": 1, "HQ": 16, "D": 64, "S": 1, "block_size": 16, "is_causal": true}, "seed": 427, "status": "PASS", "call_event_ms": {"baseline": [0.01879040002822876, 0.017382399737834932, 0.017254400253295898, 0.017100800573825837], "candidate": [0.02593280076980591, 0.025727999210357667, 0.02534399926662445, 0.02542079985141754]}, "median_ms": {"baseline": 0.017318399995565413, "candidate": 0.025574399530887602}, "baseline_over_candidate": 0.6771771894252702}
{"case": {"B": 8, "SEQ_LEN": 512, "H": 1, "HQ": 16, "D": 64, "S": 1, "block_size": 16, "is_causal": true}, "candidate": "baseline", "phase": "compile_correctness"}
{"case": {"B": 8, "SEQ_LEN": 512, "H": 1, "HQ": 16, "D": 64, "S": 1, "block_size": 16, "is_causal": true}, "candidate": "candidate", "phase": "compile_correctness"}
2026-09-07 13:08:32  [TileLang:tilelang.jit.kernel:INFO] (kernel.py:129): TileLang begins to compile kernel `kernel` with `out_idx=None`
2026-09-07 13:08:34  [TileLang:tilelang.jit.kernel:INFO] (kernel.py:137): TileLang completes to compile kernel `kernel`
{"case": {"B": 8, "SEQ_LEN": 512, "H": 1, "HQ": 16, "D": 64, "S": 1, "block_size": 16, "is_causal": true}, "seed": 427, "status": "PASS", "call_event_ms": {"baseline": [0.031718400120735166, 0.029926401376724244, 0.029824000597000123, 0.030079999566078187], "candidate": [0.045414400100708005, 0.04431360065937042, 0.04505600035190582, 0.04469760060310364]}, "median_ms": {"baseline": 0.030003200471401217, "candidate": 0.04487680047750473}, "baseline_over_candidate": 0.6685681722439379}
{"case": {"B": 8, "SEQ_LEN": 1024, "H": 1, "HQ": 16, "D": 64, "S": 1, "block_size": 16, "is_causal": true}, "candidate": "baseline", "phase": "compile_correctness"}
{"case": {"B": 8, "SEQ_LEN": 1024, "H": 1, "HQ": 16, "D": 64, "S": 1, "block_size": 16, "is_causal": true}, "candidate": "candidate", "phase": "compile_correctness"}
2026-09-07 13:08:35  [TileLang:tilelang.jit.kernel:INFO] (kernel.py:129): TileLang begins to compile kernel `kernel` with `out_idx=None`
2026-09-07 13:08:38  [TileLang:tilelang.jit.kernel:INFO] (kernel.py:137): TileLang completes to compile kernel `kernel`
{"case": {"B": 8, "SEQ_LEN": 1024, "H": 1, "HQ": 16, "D": 64, "S": 1, "block_size": 16, "is_causal": true}, "seed": 427, "status": "PASS", "call_event_ms": {"baseline": [0.05050879716873169, 0.04915199875831604, 0.048742398619651794, 0.048537600040435794], "candidate": [0.07283200025558471, 0.07244799733161926, 0.07252479791641235, 0.07303680181503296]}, "median_ms": {"baseline": 0.048947198688983916, "candidate": 0.07267839908599853}, "baseline_over_candidate": 0.673476566690275}
{"case": {"B": 1, "SEQ_LEN": 256, "H": 2, "HQ": 32, "D": 64, "S": 1, "block_size": 16, "is_causal": true}, "candidate": "baseline", "phase": "compile_correctness"}
{"case": {"B": 1, "SEQ_LEN": 256, "H": 2, "HQ": 32, "D": 64, "S": 1, "block_size": 16, "is_causal": true}, "candidate": "candidate", "phase": "compile_correctness"}
2026-09-07 13:08:39  [TileLang:tilelang.jit.kernel:INFO] (kernel.py:129): TileLang begins to compile kernel `kernel` with `out_idx=None`
2026-09-07 13:08:42  [TileLang:tilelang.jit.kernel:INFO] (kernel.py:137): TileLang completes to compile kernel `kernel`
{"case": {"B": 1, "SEQ_LEN": 256, "H": 2, "HQ": 32, "D": 64, "S": 1, "block_size": 16, "is_causal": true}, "seed": 427, "status": "PASS", "call_event_ms": {"baseline": [0.013644799590110779, 0.010751999914646149, 0.010572800040245056, 0.010367999970912933], "candidate": [0.011980800330638886, 0.011724799871444702, 0.011699199676513672, 0.011494400352239609]}, "median_ms": {"baseline": 0.010662399977445603, "candidate": 0.011711999773979187}, "baseline_over_candidate": 0.9103825293042181}
{"case": {"B": 2, "SEQ_LEN": 512, "H": 2, "HQ": 32, "D": 64, "S": 1, "block_size": 16, "is_causal": true}, "candidate": "baseline", "phase": "compile_correctness"}
{"case": {"B": 2, "SEQ_LEN": 512, "H": 2, "HQ": 32, "D": 64, "S": 1, "block_size": 16, "is_causal": true}, "candidate": "candidate", "phase": "compile_correctness"}
2026-09-07 13:08:43  [TileLang:tilelang.jit.kernel:INFO] (kernel.py:129): TileLang begins to compile kernel `kernel` with `out_idx=None`
2026-09-07 13:08:46  [TileLang:tilelang.jit.kernel:INFO] (kernel.py:137): TileLang completes to compile kernel `kernel`
{"case": {"B": 2, "SEQ_LEN": 512, "H": 2, "HQ": 32, "D": 64, "S": 1, "block_size": 16, "is_causal": true}, "seed": 427, "status": "PASS", "call_event_ms": {"baseline": [0.019942399859428406, 0.017612800002098083, 0.018278400599956512, 0.01791999936103821], "candidate": [0.026009601354599, 0.025676798820495606, 0.025676798820495606, 0.02539519965648651]}, "median_ms": {"baseline": 0.01809919998049736, "candidate": 0.025676798820495606}, "baseline_over_candidate": 0.7048853755885763}
{"case": {"B": 1, "SEQ_LEN": 4096, "H": 1, "HQ": 16, "D": 64, "S": 1, "block_size": 16, "is_causal": true}, "candidate": "baseline", "phase": "compile_correctness"}
{"case": {"B": 1, "SEQ_LEN": 4096, "H": 1, "HQ": 16, "D": 64, "S": 1, "block_size": 16, "is_causal": true}, "candidate": "candidate", "phase": "compile_correctness"}
2026-09-07 13:08:47  [TileLang:tilelang.jit.kernel:INFO] (kernel.py:129): TileLang begins to compile kernel `kernel` with `out_idx=None`
2026-09-07 13:08:50  [TileLang:tilelang.jit.kernel:INFO] (kernel.py:137): TileLang completes to compile kernel `kernel`
{"case": {"B": 1, "SEQ_LEN": 4096, "H": 1, "HQ": 16, "D": 64, "S": 1, "block_size": 16, "is_causal": true}, "seed": 427, "status": "PASS", "call_event_ms": {"baseline": [0.031513598561286923, 0.03033599853515625, 0.029824000597000123, 0.029875200986862183], "candidate": [0.042828801274299624, 0.04249599874019623, 0.0421887993812561, 0.04211199879646301]}, "median_ms": {"baseline": 0.030105599761009218, "candidate": 0.04234239906072616}, "baseline_over_candidate": 0.7110036376973514}
{"case": {"B": 2, "SEQ_LEN": 4096, "H": 1, "HQ": 16, "D": 64, "S": 1, "block_size": 16, "is_causal": true}, "candidate": "baseline", "phase": "compile_correctness"}
{"case": {"B": 2, "SEQ_LEN": 4096, "H": 1, "HQ": 16, "D": 64, "S": 1, "block_size": 16, "is_causal": true}, "candidate": "candidate", "phase": "compile_correctness"}
2026-09-07 13:08:51  [TileLang:tilelang.jit.kernel:INFO] (kernel.py:129): TileLang begins to compile kernel `kernel` with `out_idx=None`
2026-09-07 13:08:53  [TileLang:tilelang.jit.kernel:INFO] (kernel.py:137): TileLang completes to compile kernel `kernel`
{"case": {"B": 2, "SEQ_LEN": 4096, "H": 1, "HQ": 16, "D": 64, "S": 1, "block_size": 16, "is_causal": true}, "seed": 427, "status": "PASS", "call_event_ms": {"baseline": [0.05079039931297302, 0.05055999755859375, 0.04938240051269531, 0.04935680031776428], "candidate": [0.07319039702415467, 0.07293440103530884, 0.0732159972190857, 0.07221760153770447]}, "median_ms": {"baseline": 0.04997119903564453, "candidate": 0.07306239902973174}, "baseline_over_candidate": 0.6839523434661574}
{"case": {"B": 4, "SEQ_LEN": 4096, "H": 1, "HQ": 16, "D": 64, "S": 1, "block_size": 16, "is_causal": true}, "candidate": "baseline", "phase": "compile_correctness"}
{"case": {"B": 4, "SEQ_LEN": 4096, "H": 1, "HQ": 16, "D": 64, "S": 1, "block_size": 16, "is_causal": true}, "candidate": "candidate", "phase": "compile_correctness"}
2026-09-07 13:08:54  [TileLang:tilelang.jit.kernel:INFO] (kernel.py:129): TileLang begins to compile kernel `kernel` with `out_idx=None`
2026-09-07 13:08:57  [TileLang:tilelang.jit.kernel:INFO] (kernel.py:137): TileLang completes to compile kernel `kernel`
{"case": {"B": 4, "SEQ_LEN": 4096, "H": 1, "HQ": 16, "D": 64, "S": 1, "block_size": 16, "is_causal": true}, "seed": 427, "status": "PASS", "call_event_ms": {"baseline": [0.09164800047874451, 0.09029120206832886, 0.09029120206832886, 0.09031680226325989], "candidate": [0.13895679712295533, 0.13941760063171388, 0.1388543963432312, 0.13857280015945433]}, "median_ms": {"baseline": 0.09030400216579437, "candidate": 0.13890559673309327}, "baseline_over_candidate": 0.6501106095769004}
{"case": {"B": 8, "SEQ_LEN": 4096, "H": 1, "HQ": 16, "D": 64, "S": 1, "block_size": 16, "is_causal": true}, "candidate": "baseline", "phase": "compile_correctness"}
{"case": {"B": 8, "SEQ_LEN": 4096, "H": 1, "HQ": 16, "D": 64, "S": 1, "block_size": 16, "is_causal": true}, "candidate": "candidate", "phase": "compile_correctness"}
2026-09-07 13:08:59  [TileLang:tilelang.jit.kernel:INFO] (kernel.py:129): TileLang begins to compile kernel `kernel` with `out_idx=None`
2026-09-07 13:09:01  [TileLang:tilelang.jit.kernel:INFO] (kernel.py:137): TileLang completes to compile kernel `kernel`
{"case": {"B": 8, "SEQ_LEN": 4096, "H": 1, "HQ": 16, "D": 64, "S": 1, "block_size": 16, "is_causal": true}, "seed": 427, "status": "PASS", "call_event_ms": {"baseline": [0.17031680345535277, 0.16872960329055786, 0.1676800012588501, 0.16898560523986816], "candidate": [0.27118079662322997, 0.27174398899078367, 0.27054080963134763, 0.2708224058151245]}, "median_ms": {"baseline": 0.168857604265213, "candidate": 0.27100160121917727}, "baseline_over_candidate": 0.623087109100313}
{"case": {"B": 1, "SEQ_LEN": 8192, "H": 1, "HQ": 16, "D": 64, "S": 1, "block_size": 16, "is_causal": true}, "candidate": "baseline", "phase": "compile_correctness"}
{"case": {"B": 1, "SEQ_LEN": 8192, "H": 1, "HQ": 16, "D": 64, "S": 1, "block_size": 16, "is_causal": true}, "candidate": "candidate", "phase": "compile_correctness"}
2026-09-07 13:09:03  [TileLang:tilelang.jit.kernel:INFO] (kernel.py:129): TileLang begins to compile kernel `kernel` with `out_idx=None`
2026-09-07 13:09:05  [TileLang:tilelang.jit.kernel:INFO] (kernel.py:137): TileLang completes to compile kernel `kernel`
{"case": {"B": 1, "SEQ_LEN": 8192, "H": 1, "HQ": 16, "D": 64, "S": 1, "block_size": 16, "is_causal": true}, "seed": 427, "status": "PASS", "call_event_ms": {"baseline": [0.05132799744606018, 0.05055999755859375, 0.04940800070762634, 0.05002239942550659], "candidate": [0.07418879866600037, 0.07398399710655212, 0.07339519858360291, 0.07385600209236146]}, "median_ms": {"baseline": 0.050291198492050174, "candidate": 0.07391999959945679}, "baseline_over_candidate": 0.6803463036330935}
{"case": {"B": 2, "SEQ_LEN": 8192, "H": 1, "HQ": 16, "D": 64, "S": 1, "block_size": 16, "is_causal": true}, "candidate": "baseline", "phase": "compile_correctness"}
{"case": {"B": 2, "SEQ_LEN": 8192, "H": 1, "HQ": 16, "D": 64, "S": 1, "block_size": 16, "is_causal": true}, "candidate": "candidate", "phase": "compile_correctness"}
2026-09-07 13:09:06  [TileLang:tilelang.jit.kernel:INFO] (kernel.py:129): TileLang begins to compile kernel `kernel` with `out_idx=None`
2026-09-07 13:09:09  [TileLang:tilelang.jit.kernel:INFO] (kernel.py:137): TileLang completes to compile kernel `kernel`
{"case": {"B": 2, "SEQ_LEN": 8192, "H": 1, "HQ": 16, "D": 64, "S": 1, "block_size": 16, "is_causal": true}, "seed": 427, "status": "PASS", "call_event_ms": {"baseline": [0.0921343982219696, 0.08947200179100037, 0.09026560187339783, 0.08967679738998413], "candidate": [0.14131200313568115, 0.1401087999343872, 0.14069759845733643, 0.14220800399780273]}, "median_ms": {"baseline": 0.08997119963169098, "candidate": 0.1410048007965088}, "baseline_over_candidate": 0.6380718892084604}
{"case": {"B": 1, "SEQ_LEN": 16384, "H": 1, "HQ": 16, "D": 64, "S": 1, "block_size": 16, "is_causal": true}, "candidate": "baseline", "phase": "compile_correctness"}
{"case": {"B": 1, "SEQ_LEN": 16384, "H": 1, "HQ": 16, "D": 64, "S": 1, "block_size": 16, "is_causal": true}, "candidate": "candidate", "phase": "compile_correctness"}
2026-09-07 13:09:11  [TileLang:tilelang.jit.kernel:INFO] (kernel.py:129): TileLang begins to compile kernel `kernel` with `out_idx=None`
2026-09-07 13:09:13  [TileLang:tilelang.jit.kernel:INFO] (kernel.py:137): TileLang completes to compile kernel `kernel`
{"case": {"B": 1, "SEQ_LEN": 16384, "H": 1, "HQ": 16, "D": 64, "S": 1, "block_size": 16, "is_causal": true}, "seed": 427, "status": "PASS", "call_event_ms": {"baseline": [0.09285119771957398, 0.09162240028381348, 0.09118720293045043, 0.09052159786224365], "candidate": [0.14443520307540894, 0.14507520198822021, 0.14443520307540894, 0.14384640455245973]}, "median_ms": {"baseline": 0.09140480160713196, "candidate": 0.14443520307540894}, "baseline_over_candidate": 0.632842961140228}
