Loading tilelang libs from dev root: /opt/tilelang-metax-v0.1.10/build
{"case": {"B": 1, "SEQ_LEN": 64, "H": 1, "HQ": 16, "D": 64, "S": 1, "block_size": 16, "is_causal": true}, "candidate": "baseline", "phase": "compile_correctness"}
{"case": {"B": 1, "SEQ_LEN": 64, "H": 1, "HQ": 16, "D": 64, "S": 1, "block_size": 16, "is_causal": true}, "candidate": "candidate", "phase": "compile_correctness"}
2026-09-07 13:02:25  [TileLang:tilelang.jit.kernel:INFO] (kernel.py:129): TileLang begins to compile kernel `kernel` with `out_idx=None`
2026-09-07 13:02:28  [TileLang:tilelang.jit.kernel:INFO] (kernel.py:137): TileLang completes to compile kernel `kernel`
{"case": {"B": 1, "SEQ_LEN": 64, "H": 1, "HQ": 16, "D": 64, "S": 1, "block_size": 16, "is_causal": true}, "seed": 426, "status": "PASS", "call_event_ms": {"baseline": [0.014233599603176116, 0.01080320030450821, 0.010700800269842149, 0.010316800326108932], "candidate": [0.011699199676513672, 0.010982400178909302, 0.010931199789047242, 0.01454080045223236]}, "median_ms": {"baseline": 0.010752000287175179, "candidate": 0.011340799927711486}, "baseline_over_candidate": 0.9480812954739143}
{"case": {"B": 1, "SEQ_LEN": 128, "H": 1, "HQ": 16, "D": 64, "S": 1, "block_size": 16, "is_causal": true}, "candidate": "baseline", "phase": "compile_correctness"}
{"case": {"B": 1, "SEQ_LEN": 128, "H": 1, "HQ": 16, "D": 64, "S": 1, "block_size": 16, "is_causal": true}, "candidate": "candidate", "phase": "compile_correctness"}
2026-09-07 13:02:29  [TileLang:tilelang.jit.kernel:INFO] (kernel.py:129): TileLang begins to compile kernel `kernel` with `out_idx=None`
2026-09-07 13:02:32  [TileLang:tilelang.jit.kernel:INFO] (kernel.py:137): TileLang completes to compile kernel `kernel`
{"case": {"B": 1, "SEQ_LEN": 128, "H": 1, "HQ": 16, "D": 64, "S": 1, "block_size": 16, "is_causal": true}, "seed": 426, "status": "PASS", "call_event_ms": {"baseline": [0.013286399841308593, 0.01085439994931221, 0.010521599650382995, 0.011801599711179733], "candidate": [0.011366400122642516, 0.011289600282907486, 0.011007999628782272, 0.01088000014424324]}, "median_ms": {"baseline": 0.011327999830245971, "candidate": 0.01114879995584488}, "baseline_over_candidate": 1.0160734675580168}
{"case": {"B": 1, "SEQ_LEN": 256, "H": 1, "HQ": 16, "D": 64, "S": 1, "block_size": 16, "is_causal": true}, "candidate": "baseline", "phase": "compile_correctness"}
{"case": {"B": 1, "SEQ_LEN": 256, "H": 1, "HQ": 16, "D": 64, "S": 1, "block_size": 16, "is_causal": true}, "candidate": "candidate", "phase": "compile_correctness"}
2026-09-07 13:02:33  [TileLang:tilelang.jit.kernel:INFO] (kernel.py:129): TileLang begins to compile kernel `kernel` with `out_idx=None`
2026-09-07 13:02:36  [TileLang:tilelang.jit.kernel:INFO] (kernel.py:137): TileLang completes to compile kernel `kernel`
{"case": {"B": 1, "SEQ_LEN": 256, "H": 1, "HQ": 16, "D": 64, "S": 1, "block_size": 16, "is_causal": true}, "seed": 426, "status": "PASS", "call_event_ms": {"baseline": [0.014310400187969207, 0.011084800213575363, 0.010982400178909302, 0.01085439994931221], "candidate": [0.011980800330638886, 0.011264000087976456, 0.011212799698114395, 0.011289600282907486]}, "median_ms": {"baseline": 0.011033600196242332, "candidate": 0.01127680018544197}, "baseline_over_candidate": 0.9784335994962824}
{"case": {"B": 1, "SEQ_LEN": 512, "H": 1, "HQ": 16, "D": 64, "S": 1, "block_size": 16, "is_causal": true}, "candidate": "baseline", "phase": "compile_correctness"}
{"case": {"B": 1, "SEQ_LEN": 512, "H": 1, "HQ": 16, "D": 64, "S": 1, "block_size": 16, "is_causal": true}, "candidate": "candidate", "phase": "compile_correctness"}
2026-09-07 13:02:37  [TileLang:tilelang.jit.kernel:INFO] (kernel.py:129): TileLang begins to compile kernel `kernel` with `out_idx=None`
2026-09-07 13:02:39  [TileLang:tilelang.jit.kernel:INFO] (kernel.py:137): TileLang completes to compile kernel `kernel`
{"case": {"B": 1, "SEQ_LEN": 512, "H": 1, "HQ": 16, "D": 64, "S": 1, "block_size": 16, "is_causal": true}, "seed": 426, "status": "PASS", "call_event_ms": {"baseline": [0.013977600634098053, 0.010777600109577179, 0.010444799810647965, 0.010598400235176086], "candidate": [0.012390399724245072, 0.012160000205039979, 0.012057600170373916, 0.012108799815177918]}, "median_ms": {"baseline": 0.010688000172376633, "candidate": 0.012134400010108948}, "baseline_over_candidate": 0.8808017012355497}
{"case": {"B": 1, "SEQ_LEN": 1024, "H": 1, "HQ": 16, "D": 64, "S": 1, "block_size": 16, "is_causal": true}, "candidate": "baseline", "phase": "compile_correctness"}
{"case": {"B": 1, "SEQ_LEN": 1024, "H": 1, "HQ": 16, "D": 64, "S": 1, "block_size": 16, "is_causal": true}, "candidate": "candidate", "phase": "compile_correctness"}
2026-09-07 13:02:40  [TileLang:tilelang.jit.kernel:INFO] (kernel.py:129): TileLang begins to compile kernel `kernel` with `out_idx=None`
2026-09-07 13:02:43  [TileLang:tilelang.jit.kernel:INFO] (kernel.py:137): TileLang completes to compile kernel `kernel`
{"case": {"B": 1, "SEQ_LEN": 1024, "H": 1, "HQ": 16, "D": 64, "S": 1, "block_size": 16, "is_causal": true}, "seed": 426, "status": "PASS", "call_event_ms": {"baseline": [0.0144896000623703, 0.010751999914646149, 0.01085439994931221, 0.010931199789047242], "candidate": [0.014207999408245086, 0.014156800508499146, 0.014131200313568116, 0.014003199338912965]}, "median_ms": {"baseline": 0.010892799869179726, "candidate": 0.014144000411033631}, "baseline_over_candidate": 0.7701357149765304}
{"case": {"B": 2, "SEQ_LEN": 64, "H": 1, "HQ": 16, "D": 64, "S": 1, "block_size": 16, "is_causal": true}, "candidate": "baseline", "phase": "compile_correctness"}
{"case": {"B": 2, "SEQ_LEN": 64, "H": 1, "HQ": 16, "D": 64, "S": 1, "block_size": 16, "is_causal": true}, "candidate": "candidate", "phase": "compile_correctness"}
2026-09-07 13:02:44  [TileLang:tilelang.jit.kernel:INFO] (kernel.py:129): TileLang begins to compile kernel `kernel` with `out_idx=None`
2026-09-07 13:02:47  [TileLang:tilelang.jit.kernel:INFO] (kernel.py:137): TileLang completes to compile kernel `kernel`
{"case": {"B": 2, "SEQ_LEN": 64, "H": 1, "HQ": 16, "D": 64, "S": 1, "block_size": 16, "is_causal": true}, "seed": 426, "status": "PASS", "call_event_ms": {"baseline": [0.01648640036582947, 0.010828799754381179, 0.010419200360774993, 0.010521599650382995], "candidate": [0.011315199732780456, 0.01088000014424324, 0.01090560033917427, 0.01090560033917427]}, "median_ms": {"baseline": 0.010675199702382086, "candidate": 0.01090560033917427}, "baseline_over_candidate": 0.9788731817023814}
{"case": {"B": 2, "SEQ_LEN": 128, "H": 1, "HQ": 16, "D": 64, "S": 1, "block_size": 16, "is_causal": true}, "candidate": "baseline", "phase": "compile_correctness"}
{"case": {"B": 2, "SEQ_LEN": 128, "H": 1, "HQ": 16, "D": 64, "S": 1, "block_size": 16, "is_causal": true}, "candidate": "candidate", "phase": "compile_correctness"}
2026-09-07 13:02:48  [TileLang:tilelang.jit.kernel:INFO] (kernel.py:129): TileLang begins to compile kernel `kernel` with `out_idx=None`
2026-09-07 13:02:51  [TileLang:tilelang.jit.kernel:INFO] (kernel.py:137): TileLang completes to compile kernel `kernel`
{"case": {"B": 2, "SEQ_LEN": 128, "H": 1, "HQ": 16, "D": 64, "S": 1, "block_size": 16, "is_causal": true}, "seed": 426, "status": "PASS", "call_event_ms": {"baseline": [0.013670399785041809, 0.010470400005578995, 0.010342399775981902, 0.010214400291442872], "candidate": [0.011315199732780456, 0.010931199789047242, 0.01090560033917427, 0.010777600109577179]}, "median_ms": {"baseline": 0.01040639989078045, "candidate": 0.010918400064110757}, "baseline_over_candidate": 0.9531066666980565}
{"case": {"B": 2, "SEQ_LEN": 256, "H": 1, "HQ": 16, "D": 64, "S": 1, "block_size": 16, "is_causal": true}, "candidate": "baseline", "phase": "compile_correctness"}
{"case": {"B": 2, "SEQ_LEN": 256, "H": 1, "HQ": 16, "D": 64, "S": 1, "block_size": 16, "is_causal": true}, "candidate": "candidate", "phase": "compile_correctness"}
2026-09-07 13:02:51  [TileLang:tilelang.jit.kernel:INFO] (kernel.py:129): TileLang begins to compile kernel `kernel` with `out_idx=None`
2026-09-07 13:02:54  [TileLang:tilelang.jit.kernel:INFO] (kernel.py:137): TileLang completes to compile kernel `kernel`
{"case": {"B": 2, "SEQ_LEN": 256, "H": 1, "HQ": 16, "D": 64, "S": 1, "block_size": 16, "is_causal": true}, "seed": 426, "status": "PASS", "call_event_ms": {"baseline": [0.014668799936771393, 0.010521599650382995, 0.011059200018644333, 0.010982400178909302], "candidate": [0.012697599828243256, 0.011980800330638886, 0.011980800330638886, 0.012083200365304947]}, "median_ms": {"baseline": 0.011020800098776817, "candidate": 0.012032000347971916}, "baseline_over_candidate": 0.9159574285280382}
{"case": {"B": 2, "SEQ_LEN": 512, "H": 1, "HQ": 16, "D": 64, "S": 1, "block_size": 16, "is_causal": true}, "candidate": "baseline", "phase": "compile_correctness"}
{"case": {"B": 2, "SEQ_LEN": 512, "H": 1, "HQ": 16, "D": 64, "S": 1, "block_size": 16, "is_causal": true}, "candidate": "candidate", "phase": "compile_correctness"}
2026-09-07 13:02:55  [TileLang:tilelang.jit.kernel:INFO] (kernel.py:129): TileLang begins to compile kernel `kernel` with `out_idx=None`
2026-09-07 13:02:58  [TileLang:tilelang.jit.kernel:INFO] (kernel.py:137): TileLang completes to compile kernel `kernel`
{"case": {"B": 2, "SEQ_LEN": 512, "H": 1, "HQ": 16, "D": 64, "S": 1, "block_size": 16, "is_causal": true}, "seed": 426, "status": "PASS", "call_event_ms": {"baseline": [0.014694400131702423, 0.010828799754381179, 0.011212799698114395, 0.010982400178909302], "candidate": [0.014182400703430176, 0.013900800049304963, 0.013900800049304963, 0.013952000439167023]}, "median_ms": {"baseline": 0.011097599938511848, "candidate": 0.013926400244235993}, "baseline_over_candidate": 0.7968749816094823}
{"case": {"B": 2, "SEQ_LEN": 1024, "H": 1, "HQ": 16, "D": 64, "S": 1, "block_size": 16, "is_causal": true}, "candidate": "baseline", "phase": "compile_correctness"}
{"case": {"B": 2, "SEQ_LEN": 1024, "H": 1, "HQ": 16, "D": 64, "S": 1, "block_size": 16, "is_causal": true}, "candidate": "candidate", "phase": "compile_correctness"}
2026-09-07 13:02:59  [TileLang:tilelang.jit.kernel:INFO] (kernel.py:129): TileLang begins to compile kernel `kernel` with `out_idx=None`
2026-09-07 13:03:02  [TileLang:tilelang.jit.kernel:INFO] (kernel.py:137): TileLang completes to compile kernel `kernel`
{"case": {"B": 2, "SEQ_LEN": 1024, "H": 1, "HQ": 16, "D": 64, "S": 1, "block_size": 16, "is_causal": true}, "seed": 426, "status": "PASS", "call_event_ms": {"baseline": [0.020172800123691558, 0.017791999876499175, 0.017612800002098083, 0.017510400712490083], "candidate": [0.02467840015888214, 0.02460159957408905, 0.024422399699687958, 0.024447999894618988]}, "median_ms": {"baseline": 0.01770239993929863, "candidate": 0.02452479973435402}, "baseline_over_candidate": 0.7218162892682601}
{"case": {"B": 4, "SEQ_LEN": 64, "H": 1, "HQ": 16, "D": 64, "S": 1, "block_size": 16, "is_causal": true}, "candidate": "baseline", "phase": "compile_correctness"}
{"case": {"B": 4, "SEQ_LEN": 64, "H": 1, "HQ": 16, "D": 64, "S": 1, "block_size": 16, "is_causal": true}, "candidate": "candidate", "phase": "compile_correctness"}
2026-09-07 13:03:03  [TileLang:tilelang.jit.kernel:INFO] (kernel.py:129): TileLang begins to compile kernel `kernel` with `out_idx=None`
2026-09-07 13:03:05  [TileLang:tilelang.jit.kernel:INFO] (kernel.py:137): TileLang completes to compile kernel `kernel`
{"case": {"B": 4, "SEQ_LEN": 64, "H": 1, "HQ": 16, "D": 64, "S": 1, "block_size": 16, "is_causal": true}, "seed": 426, "status": "PASS", "call_event_ms": {"baseline": [0.0137472003698349, 0.010572800040245056, 0.010572800040245056, 0.010393600165843963], "candidate": [0.011417599767446518, 0.01088000014424324, 0.010982400178909302, 0.010956799983978272]}, "median_ms": {"baseline": 0.010572800040245056, "candidate": 0.010969600081443787}, "baseline_over_candidate": 0.963827301063604}
{"case": {"B": 4, "SEQ_LEN": 128, "H": 1, "HQ": 16, "D": 64, "S": 1, "block_size": 16, "is_causal": true}, "candidate": "baseline", "phase": "compile_correctness"}
{"case": {"B": 4, "SEQ_LEN": 128, "H": 1, "HQ": 16, "D": 64, "S": 1, "block_size": 16, "is_causal": true}, "candidate": "candidate", "phase": "compile_correctness"}
2026-09-07 13:03:06  [TileLang:tilelang.jit.kernel:INFO] (kernel.py:129): TileLang begins to compile kernel `kernel` with `out_idx=None`
2026-09-07 13:03:09  [TileLang:tilelang.jit.kernel:INFO] (kernel.py:137): TileLang completes to compile kernel `kernel`
{"case": {"B": 4, "SEQ_LEN": 128, "H": 1, "HQ": 16, "D": 64, "S": 1, "block_size": 16, "is_causal": true}, "seed": 426, "status": "PASS", "call_event_ms": {"baseline": [0.015385599434375763, 0.010726399719715118, 0.010649599879980088, 0.010700800269842149], "candidate": [0.012006399780511856, 0.011673600226640702, 0.011648000031709672, 0.011776000261306763]}, "median_ms": {"baseline": 0.010713599994778633, "candidate": 0.011724800243973732}, "baseline_over_candidate": 0.9137554390562149}
{"case": {"B": 4, "SEQ_LEN": 256, "H": 1, "HQ": 16, "D": 64, "S": 1, "block_size": 16, "is_causal": true}, "candidate": "baseline", "phase": "compile_correctness"}
{"case": {"B": 4, "SEQ_LEN": 256, "H": 1, "HQ": 16, "D": 64, "S": 1, "block_size": 16, "is_causal": true}, "candidate": "candidate", "phase": "compile_correctness"}
2026-09-07 13:03:10  [TileLang:tilelang.jit.kernel:INFO] (kernel.py:129): TileLang begins to compile kernel `kernel` with `out_idx=None`
2026-09-07 13:03:13  [TileLang:tilelang.jit.kernel:INFO] (kernel.py:137): TileLang completes to compile kernel `kernel`
{"case": {"B": 4, "SEQ_LEN": 256, "H": 1, "HQ": 16, "D": 64, "S": 1, "block_size": 16, "is_causal": true}, "seed": 426, "status": "PASS", "call_event_ms": {"baseline": [0.01446399986743927, 0.01085439994931221, 0.010675200074911118, 0.010675200074911118], "candidate": [0.014182400703430176, 0.013875199854373932, 0.0137472003698349, 0.013670399785041809]}, "median_ms": {"baseline": 0.010764800012111664, "candidate": 0.013811200112104415}, "baseline_over_candidate": 0.7794253884336362}
{"case": {"B": 4, "SEQ_LEN": 512, "H": 1, "HQ": 16, "D": 64, "S": 1, "block_size": 16, "is_causal": true}, "candidate": "baseline", "phase": "compile_correctness"}
{"case": {"B": 4, "SEQ_LEN": 512, "H": 1, "HQ": 16, "D": 64, "S": 1, "block_size": 16, "is_causal": true}, "candidate": "candidate", "phase": "compile_correctness"}
2026-09-07 13:03:14  [TileLang:tilelang.jit.kernel:INFO] (kernel.py:129): TileLang begins to compile kernel `kernel` with `out_idx=None`
2026-09-07 13:03:17  [TileLang:tilelang.jit.kernel:INFO] (kernel.py:137): TileLang completes to compile kernel `kernel`
{"case": {"B": 4, "SEQ_LEN": 512, "H": 1, "HQ": 16, "D": 64, "S": 1, "block_size": 16, "is_causal": true}, "seed": 426, "status": "PASS", "call_event_ms": {"baseline": [0.020505599677562714, 0.018406400084495546, 0.018329599499702455, 0.018406400084495546], "candidate": [0.02462719976902008, 0.02449920028448105, 0.024268800020217897, 0.024089600145816802]}, "median_ms": {"baseline": 0.018406400084495546, "candidate": 0.024384000152349473}, "baseline_over_candidate": 0.7548556417935403}
{"case": {"B": 4, "SEQ_LEN": 1024, "H": 1, "HQ": 16, "D": 64, "S": 1, "block_size": 16, "is_causal": true}, "candidate": "baseline", "phase": "compile_correctness"}
{"case": {"B": 4, "SEQ_LEN": 1024, "H": 1, "HQ": 16, "D": 64, "S": 1, "block_size": 16, "is_causal": true}, "candidate": "candidate", "phase": "compile_correctness"}
{"case": {"B": 4, "SEQ_LEN": 1024, "H": 1, "HQ": 16, "D": 64, "S": 1, "block_size": 16, "is_causal": true}, "seed": 426, "status": "PASS", "call_event_ms": {"baseline": [0.031411200761795044, 0.029772800207138062, 0.03028480112552643, 0.03018240034580231], "candidate": [0.03975679874420166, 0.039552000164985654, 0.039680001139640805, 0.039654400944709775]}, "median_ms": {"baseline": 0.03023360073566437, "candidate": 0.03966720104217529}, "baseline_over_candidate": 0.7621813473433416}
{"case": {"B": 8, "SEQ_LEN": 64, "H": 1, "HQ": 16, "D": 64, "S": 1, "block_size": 16, "is_causal": true}, "candidate": "baseline", "phase": "compile_correctness"}
{"case": {"B": 8, "SEQ_LEN": 64, "H": 1, "HQ": 16, "D": 64, "S": 1, "block_size": 16, "is_causal": true}, "candidate": "candidate", "phase": "compile_correctness"}
2026-09-07 13:03:18  [TileLang:tilelang.jit.kernel:INFO] (kernel.py:129): TileLang begins to compile kernel `kernel` with `out_idx=None`
2026-09-07 13:03:21  [TileLang:tilelang.jit.kernel:INFO] (kernel.py:137): TileLang completes to compile kernel `kernel`
{"case": {"B": 8, "SEQ_LEN": 64, "H": 1, "HQ": 16, "D": 64, "S": 1, "block_size": 16, "is_causal": true}, "seed": 426, "status": "PASS", "call_event_ms": {"baseline": [0.014924800395965577, 0.013363200426101684, 0.010751999914646149, 0.010572800040245056], "candidate": [0.012031999975442886, 0.011801599711179733, 0.012390399724245072, 0.011827199906110763]}, "median_ms": {"baseline": 0.012057600170373916, "candidate": 0.011929599940776824}, "baseline_over_candidate": 1.0107296330331725}
{"case": {"B": 8, "SEQ_LEN": 128, "H": 1, "HQ": 16, "D": 64, "S": 1, "block_size": 16, "is_causal": true}, "candidate": "baseline", "phase": "compile_correctness"}
{"case": {"B": 8, "SEQ_LEN": 128, "H": 1, "HQ": 16, "D": 64, "S": 1, "block_size": 16, "is_causal": true}, "candidate": "candidate", "phase": "compile_correctness"}
2026-09-07 13:03:22  [TileLang:tilelang.jit.kernel:INFO] (kernel.py:129): TileLang begins to compile kernel `kernel` with `out_idx=None`
2026-09-07 13:03:24  [TileLang:tilelang.jit.kernel:INFO] (kernel.py:137): TileLang completes to compile kernel `kernel`
{"case": {"B": 8, "SEQ_LEN": 128, "H": 1, "HQ": 16, "D": 64, "S": 1, "block_size": 16, "is_causal": true}, "seed": 426, "status": "PASS", "call_event_ms": {"baseline": [0.0144896000623703, 0.01088000014424324, 0.010777600109577179, 0.010649599879980088], "candidate": [0.014131200313568116, 0.013823999464511872, 0.013875199854373932, 0.01372160017490387]}, "median_ms": {"baseline": 0.01082880012691021, "candidate": 0.013849599659442902}, "baseline_over_candidate": 0.7818854258019612}
{"case": {"B": 8, "SEQ_LEN": 256, "H": 1, "HQ": 16, "D": 64, "S": 1, "block_size": 16, "is_causal": true}, "candidate": "baseline", "phase": "compile_correctness"}
{"case": {"B": 8, "SEQ_LEN": 256, "H": 1, "HQ": 16, "D": 64, "S": 1, "block_size": 16, "is_causal": true}, "candidate": "candidate", "phase": "compile_correctness"}
2026-09-07 13:03:25  [TileLang:tilelang.jit.kernel:INFO] (kernel.py:129): TileLang begins to compile kernel `kernel` with `out_idx=None`
2026-09-07 13:03:28  [TileLang:tilelang.jit.kernel:INFO] (kernel.py:137): TileLang completes to compile kernel `kernel`
{"case": {"B": 8, "SEQ_LEN": 256, "H": 1, "HQ": 16, "D": 64, "S": 1, "block_size": 16, "is_causal": true}, "seed": 426, "status": "PASS", "call_event_ms": {"baseline": [0.019123199582099914, 0.017203199863433837, 0.017177599668502807, 0.017177599668502807], "candidate": [0.024780799448490144, 0.02455040067434311, 0.02452480047941208, 0.02462719976902008]}, "median_ms": {"baseline": 0.017190399765968322, "candidate": 0.024588800221681594}, "baseline_over_candidate": 0.6991150284270639}
{"case": {"B": 8, "SEQ_LEN": 512, "H": 1, "HQ": 16, "D": 64, "S": 1, "block_size": 16, "is_causal": true}, "candidate": "baseline", "phase": "compile_correctness"}
{"case": {"B": 8, "SEQ_LEN": 512, "H": 1, "HQ": 16, "D": 64, "S": 1, "block_size": 16, "is_causal": true}, "candidate": "candidate", "phase": "compile_correctness"}
2026-09-07 13:03:29  [TileLang:tilelang.jit.kernel:INFO] (kernel.py:129): TileLang begins to compile kernel `kernel` with `out_idx=None`
2026-09-07 13:03:32  [TileLang:tilelang.jit.kernel:INFO] (kernel.py:137): TileLang completes to compile kernel `kernel`
{"case": {"B": 8, "SEQ_LEN": 512, "H": 1, "HQ": 16, "D": 64, "S": 1, "block_size": 16, "is_causal": true}, "seed": 426, "status": "PASS", "call_event_ms": {"baseline": [0.04615679979324341, 0.04223999977111816, 0.04405759871006012, 0.04213759899139404], "candidate": [0.06499840021133423, 0.06714879870414733, 0.06947839856147767, 0.06607360243797303]}, "median_ms": {"baseline": 0.04314879924058914, "candidate": 0.06661120057106018}, "baseline_over_candidate": 0.6477709284725836}
{"case": {"B": 8, "SEQ_LEN": 1024, "H": 1, "HQ": 16, "D": 64, "S": 1, "block_size": 16, "is_causal": true}, "candidate": "baseline", "phase": "compile_correctness"}
{"case": {"B": 8, "SEQ_LEN": 1024, "H": 1, "HQ": 16, "D": 64, "S": 1, "block_size": 16, "is_causal": true}, "candidate": "candidate", "phase": "compile_correctness"}
2026-09-07 13:03:33  [TileLang:tilelang.jit.kernel:INFO] (kernel.py:129): TileLang begins to compile kernel `kernel` with `out_idx=None`
2026-09-07 13:03:36  [TileLang:tilelang.jit.kernel:INFO] (kernel.py:137): TileLang completes to compile kernel `kernel`
{"case": {"B": 8, "SEQ_LEN": 1024, "H": 1, "HQ": 16, "D": 64, "S": 1, "block_size": 16, "is_causal": true}, "seed": 426, "status": "PASS", "call_event_ms": {"baseline": [0.05125120282173157, 0.048819199204444885, 0.04894720017910004, 0.048665601015090945], "candidate": [0.0686079978942871, 0.06848000288009644, 0.06799359917640686, 0.06830080151557923]}, "median_ms": {"baseline": 0.04888319969177246, "candidate": 0.06839040219783783}, "baseline_over_candidate": 0.7147669573628843}
{"case": {"B": 1, "SEQ_LEN": 256, "H": 2, "HQ": 32, "D": 64, "S": 1, "block_size": 16, "is_causal": true}, "candidate": "baseline", "phase": "compile_correctness"}
{"case": {"B": 1, "SEQ_LEN": 256, "H": 2, "HQ": 32, "D": 64, "S": 1, "block_size": 16, "is_causal": true}, "candidate": "candidate", "phase": "compile_correctness"}
2026-09-07 13:03:37  [TileLang:tilelang.jit.kernel:INFO] (kernel.py:129): TileLang begins to compile kernel `kernel` with `out_idx=None`
2026-09-07 13:03:39  [TileLang:tilelang.jit.kernel:INFO] (kernel.py:137): TileLang completes to compile kernel `kernel`
{"case": {"B": 1, "SEQ_LEN": 256, "H": 2, "HQ": 32, "D": 64, "S": 1, "block_size": 16, "is_causal": true}, "seed": 426, "status": "PASS", "call_event_ms": {"baseline": [0.01454080045223236, 0.010777600109577179, 0.010649599879980088, 0.010623999685049058], "candidate": [0.012108799815177918, 0.011903999745845795, 0.011776000261306763, 0.011801599711179733]}, "median_ms": {"baseline": 0.010713599994778633, "candidate": 0.011852799728512765}, "baseline_over_candidate": 0.903887709247824}
{"case": {"B": 2, "SEQ_LEN": 512, "H": 2, "HQ": 32, "D": 64, "S": 1, "block_size": 16, "is_causal": true}, "candidate": "baseline", "phase": "compile_correctness"}
{"case": {"B": 2, "SEQ_LEN": 512, "H": 2, "HQ": 32, "D": 64, "S": 1, "block_size": 16, "is_causal": true}, "candidate": "candidate", "phase": "compile_correctness"}
2026-09-07 13:03:40  [TileLang:tilelang.jit.kernel:INFO] (kernel.py:129): TileLang begins to compile kernel `kernel` with `out_idx=None`
2026-09-07 13:03:43  [TileLang:tilelang.jit.kernel:INFO] (kernel.py:137): TileLang completes to compile kernel `kernel`
{"case": {"B": 2, "SEQ_LEN": 512, "H": 2, "HQ": 32, "D": 64, "S": 1, "block_size": 16, "is_causal": true}, "seed": 426, "status": "PASS", "call_event_ms": {"baseline": [0.021273599565029146, 0.017587199807167053, 0.01825280040502548, 0.017791999876499175], "candidate": [0.026060798764228822, 0.02462719976902008, 0.02455040067434311, 0.02447360008955002]}, "median_ms": {"baseline": 0.018022400140762326, "candidate": 0.024588800221681594}, "baseline_over_candidate": 0.7329515868314213}
{"case": {"B": 1, "SEQ_LEN": 4096, "H": 1, "HQ": 16, "D": 64, "S": 1, "block_size": 16, "is_causal": true}, "candidate": "baseline", "phase": "compile_correctness"}
{"case": {"B": 1, "SEQ_LEN": 4096, "H": 1, "HQ": 16, "D": 64, "S": 1, "block_size": 16, "is_causal": true}, "candidate": "candidate", "phase": "compile_correctness"}
2026-09-07 13:03:44  [TileLang:tilelang.jit.kernel:INFO] (kernel.py:129): TileLang begins to compile kernel `kernel` with `out_idx=None`
2026-09-07 13:03:47  [TileLang:tilelang.jit.kernel:INFO] (kernel.py:137): TileLang completes to compile kernel `kernel`
{"case": {"B": 1, "SEQ_LEN": 4096, "H": 1, "HQ": 16, "D": 64, "S": 1, "block_size": 16, "is_causal": true}, "seed": 426, "status": "PASS", "call_event_ms": {"baseline": [0.03264000117778778, 0.03018240034580231, 0.029363200068473816, 0.02964479923248291], "candidate": [0.040089601278305055, 0.039705601334571836, 0.03985919952392578, 0.039552000164985654]}, "median_ms": {"baseline": 0.02991359978914261, "candidate": 0.03978240042924881}, "baseline_over_candidate": 0.7519304885169659}
{"case": {"B": 2, "SEQ_LEN": 4096, "H": 1, "HQ": 16, "D": 64, "S": 1, "block_size": 16, "is_causal": true}, "candidate": "baseline", "phase": "compile_correctness"}
{"case": {"B": 2, "SEQ_LEN": 4096, "H": 1, "HQ": 16, "D": 64, "S": 1, "block_size": 16, "is_causal": true}, "candidate": "candidate", "phase": "compile_correctness"}
2026-09-07 13:03:48  [TileLang:tilelang.jit.kernel:INFO] (kernel.py:129): TileLang begins to compile kernel `kernel` with `out_idx=None`
2026-09-07 13:03:51  [TileLang:tilelang.jit.kernel:INFO] (kernel.py:137): TileLang completes to compile kernel `kernel`
{"case": {"B": 2, "SEQ_LEN": 4096, "H": 1, "HQ": 16, "D": 64, "S": 1, "block_size": 16, "is_causal": true}, "seed": 426, "status": "PASS", "call_event_ms": {"baseline": [0.052198398113250735, 0.04935680031776428, 0.04925439953804016, 0.04948480129241943], "candidate": [0.06822400093078614, 0.06781439781188965, 0.06786559820175171, 0.06763520240783691]}, "median_ms": {"baseline": 0.049420800805091855, "candidate": 0.06783999800682068}, "baseline_over_candidate": 0.7284905993087302}
{"case": {"B": 4, "SEQ_LEN": 4096, "H": 1, "HQ": 16, "D": 64, "S": 1, "block_size": 16, "is_causal": true}, "candidate": "baseline", "phase": "compile_correctness"}
{"case": {"B": 4, "SEQ_LEN": 4096, "H": 1, "HQ": 16, "D": 64, "S": 1, "block_size": 16, "is_causal": true}, "candidate": "candidate", "phase": "compile_correctness"}
2026-09-07 13:03:52  [TileLang:tilelang.jit.kernel:INFO] (kernel.py:129): TileLang begins to compile kernel `kernel` with `out_idx=None`
2026-09-07 13:03:55  [TileLang:tilelang.jit.kernel:INFO] (kernel.py:137): TileLang completes to compile kernel `kernel`
{"case": {"B": 4, "SEQ_LEN": 4096, "H": 1, "HQ": 16, "D": 64, "S": 1, "block_size": 16, "is_causal": true}, "seed": 426, "status": "PASS", "call_event_ms": {"baseline": [0.09249280095100403, 0.0899839997291565, 0.08885759711265565, 0.08857600092887878], "candidate": [0.12643840312957763, 0.12446719408035278, 0.12469760179519654, 0.12464640140533448]}, "median_ms": {"baseline": 0.08942079842090607, "candidate": 0.12467200160026551}, "baseline_over_candidate": 0.717248438086484}
{"case": {"B": 8, "SEQ_LEN": 4096, "H": 1, "HQ": 16, "D": 64, "S": 1, "block_size": 16, "is_causal": true}, "candidate": "baseline", "phase": "compile_correctness"}
{"case": {"B": 8, "SEQ_LEN": 4096, "H": 1, "HQ": 16, "D": 64, "S": 1, "block_size": 16, "is_causal": true}, "candidate": "candidate", "phase": "compile_correctness"}
2026-09-07 13:03:56  [TileLang:tilelang.jit.kernel:INFO] (kernel.py:129): TileLang begins to compile kernel `kernel` with `out_idx=None`
2026-09-07 13:03:59  [TileLang:tilelang.jit.kernel:INFO] (kernel.py:137): TileLang completes to compile kernel `kernel`
{"case": {"B": 8, "SEQ_LEN": 4096, "H": 1, "HQ": 16, "D": 64, "S": 1, "block_size": 16, "is_causal": true}, "seed": 426, "status": "PASS", "call_event_ms": {"baseline": [0.17464319467544556, 0.1697535991668701, 0.16957440376281738, 0.16919039487838744], "candidate": [0.23956480026245117, 0.2383359909057617, 0.23790080547332765, 0.2391808032989502]}, "median_ms": {"baseline": 0.16966400146484373, "candidate": 0.23875839710235597}, "baseline_over_candidate": 0.7106095681824695}
{"case": {"B": 1, "SEQ_LEN": 8192, "H": 1, "HQ": 16, "D": 64, "S": 1, "block_size": 16, "is_causal": true}, "candidate": "baseline", "phase": "compile_correctness"}
{"case": {"B": 1, "SEQ_LEN": 8192, "H": 1, "HQ": 16, "D": 64, "S": 1, "block_size": 16, "is_causal": true}, "candidate": "candidate", "phase": "compile_correctness"}
2026-09-07 13:04:00  [TileLang:tilelang.jit.kernel:INFO] (kernel.py:129): TileLang begins to compile kernel `kernel` with `out_idx=None`
2026-09-07 13:04:03  [TileLang:tilelang.jit.kernel:INFO] (kernel.py:137): TileLang completes to compile kernel `kernel`
{"case": {"B": 1, "SEQ_LEN": 8192, "H": 1, "HQ": 16, "D": 64, "S": 1, "block_size": 16, "is_causal": true}, "seed": 426, "status": "PASS", "call_event_ms": {"baseline": [0.051583999395370485, 0.04979200065135956, 0.04986880123615265, 0.04894720017910004], "candidate": [0.06901760101318359, 0.06835200190544129, 0.06865919828414917, 0.06881279945373535]}, "median_ms": {"baseline": 0.049830400943756105, "candidate": 0.06873599886894226}, "baseline_over_candidate": 0.7249534707245161}
{"case": {"B": 2, "SEQ_LEN": 8192, "H": 1, "HQ": 16, "D": 64, "S": 1, "block_size": 16, "is_causal": true}, "candidate": "baseline", "phase": "compile_correctness"}
{"case": {"B": 2, "SEQ_LEN": 8192, "H": 1, "HQ": 16, "D": 64, "S": 1, "block_size": 16, "is_causal": true}, "candidate": "candidate", "phase": "compile_correctness"}
2026-09-07 13:04:04  [TileLang:tilelang.jit.kernel:INFO] (kernel.py:129): TileLang begins to compile kernel `kernel` with `out_idx=None`
2026-09-07 13:04:07  [TileLang:tilelang.jit.kernel:INFO] (kernel.py:137): TileLang completes to compile kernel `kernel`
{"case": {"B": 2, "SEQ_LEN": 8192, "H": 1, "HQ": 16, "D": 64, "S": 1, "block_size": 16, "is_causal": true}, "seed": 426, "status": "PASS", "call_event_ms": {"baseline": [0.09157119989395142, 0.0902400016784668, 0.09003520011901855, 0.08939520120620728], "candidate": [0.12625919580459594, 0.12641279697418212, 0.1260800004005432, 0.12595200538635254]}, "median_ms": {"baseline": 0.09013760089874268, "candidate": 0.12616959810256956}, "baseline_over_candidate": 0.714416168825911}
{"case": {"B": 1, "SEQ_LEN": 16384, "H": 1, "HQ": 16, "D": 64, "S": 1, "block_size": 16, "is_causal": true}, "candidate": "baseline", "phase": "compile_correctness"}
{"case": {"B": 1, "SEQ_LEN": 16384, "H": 1, "HQ": 16, "D": 64, "S": 1, "block_size": 16, "is_causal": true}, "candidate": "candidate", "phase": "compile_correctness"}
2026-09-07 13:04:08  [TileLang:tilelang.jit.kernel:INFO] (kernel.py:129): TileLang begins to compile kernel `kernel` with `out_idx=None`
2026-09-07 13:04:11  [TileLang:tilelang.jit.kernel:INFO] (kernel.py:137): TileLang completes to compile kernel `kernel`
{"case": {"B": 1, "SEQ_LEN": 16384, "H": 1, "HQ": 16, "D": 64, "S": 1, "block_size": 16, "is_causal": true}, "seed": 426, "status": "PASS", "call_event_ms": {"baseline": [0.09405440092086792, 0.09374719858169556, 0.09226239919662475, 0.09169920086860657], "candidate": [0.13347840309143066, 0.1334015965461731, 0.13286399841308594, 0.13253120183944703]}, "median_ms": {"baseline": 0.09300479888916016, "candidate": 0.13313279747962953}, "baseline_over_candidate": 0.6985866792395067}
