Loading tilelang libs from dev root: /opt/tilelang-metax-v0.1.10/build
{"case": {"B": 4, "SEQ_LEN": 1024, "H": 1, "HQ": 16, "D": 32, "S": 1, "block_size": 16, "is_causal": true}, "candidate": "baseline", "phase": "compile_correctness"}
{"case": {"B": 4, "SEQ_LEN": 1024, "H": 1, "HQ": 16, "D": 32, "S": 1, "block_size": 16, "is_causal": true}, "candidate": "candidate", "phase": "compile_correctness"}
2026-09-07 09:58:54  [TileLang:tilelang.jit.kernel:INFO] (kernel.py:129): TileLang begins to compile kernel `kernel` with `out_idx=None`
2026-09-07 09:58:57  [TileLang:tilelang.jit.kernel:INFO] (kernel.py:137): TileLang completes to compile kernel `kernel`
{"case": {"B": 4, "SEQ_LEN": 1024, "H": 1, "HQ": 16, "D": 32, "S": 1, "block_size": 16, "is_causal": true}, "seed": 351, "status": "PASS", "call_event_ms": {"baseline": [0.017689600586891174, 0.015052799880504609, 0.014975999295711518, 0.014873600006103516], "candidate": [0.015513600409030914, 0.017075200378894807, 0.014822399616241455, 0.014822399616241455]}, "median_ms": {"baseline": 0.015014399588108063, "candidate": 0.015168000012636185}, "baseline_over_candidate": 0.9898733897415507}
{"case": {"B": 4, "SEQ_LEN": 1024, "H": 1, "HQ": 16, "D": 32, "S": 1, "block_size": 32, "is_causal": true}, "candidate": "baseline", "phase": "compile_correctness"}
{"case": {"B": 4, "SEQ_LEN": 1024, "H": 1, "HQ": 16, "D": 32, "S": 1, "block_size": 32, "is_causal": true}, "candidate": "candidate", "phase": "compile_correctness"}
2026-09-07 09:58:58  [TileLang:tilelang.jit.kernel:INFO] (kernel.py:129): TileLang begins to compile kernel `kernel` with `out_idx=None`
2026-09-07 09:59:01  [TileLang:tilelang.jit.kernel:INFO] (kernel.py:137): TileLang completes to compile kernel `kernel`
{"case": {"B": 4, "SEQ_LEN": 1024, "H": 1, "HQ": 16, "D": 32, "S": 1, "block_size": 32, "is_causal": true}, "seed": 351, "status": "PASS", "call_event_ms": {"baseline": [0.02383359968662262, 0.021887999773025513, 0.021913599967956544, 0.021273599565029146], "candidate": [0.026009601354599, 0.025676798820495606, 0.025651198625564576, 0.026240000128746034]}, "median_ms": {"baseline": 0.02190079987049103, "candidate": 0.025843200087547303}, "baseline_over_candidate": 0.8474492244110302}
{"case": {"B": 4, "SEQ_LEN": 1024, "H": 1, "HQ": 16, "D": 64, "S": 1, "block_size": 16, "is_causal": true}, "candidate": "baseline", "phase": "compile_correctness"}
{"case": {"B": 4, "SEQ_LEN": 1024, "H": 1, "HQ": 16, "D": 64, "S": 1, "block_size": 16, "is_causal": true}, "candidate": "candidate", "phase": "compile_correctness"}
2026-09-07 09:59:02  [TileLang:tilelang.jit.kernel:INFO] (kernel.py:129): TileLang begins to compile kernel `kernel` with `out_idx=None`
2026-09-07 09:59:05  [TileLang:tilelang.jit.kernel:INFO] (kernel.py:137): TileLang completes to compile kernel `kernel`
{"case": {"B": 4, "SEQ_LEN": 1024, "H": 1, "HQ": 16, "D": 64, "S": 1, "block_size": 16, "is_causal": true}, "seed": 351, "status": "PASS", "call_event_ms": {"baseline": [0.032691198587417605, 0.02959359884262085, 0.03033599853515625, 0.029824000597000123], "candidate": [0.034201601147651674, 0.03409920036792755, 0.03386879861354828, 0.034585601091384886]}, "median_ms": {"baseline": 0.030079999566078187, "candidate": 0.03415040075778961}, "baseline_over_candidate": 0.8808095629512348}
{"case": {"B": 4, "SEQ_LEN": 1024, "H": 1, "HQ": 16, "D": 64, "S": 1, "block_size": 32, "is_causal": true}, "candidate": "baseline", "phase": "compile_correctness"}
{"case": {"B": 4, "SEQ_LEN": 1024, "H": 1, "HQ": 16, "D": 64, "S": 1, "block_size": 32, "is_causal": true}, "candidate": "candidate", "phase": "compile_correctness"}
2026-09-07 09:59:05  [TileLang:tilelang.jit.kernel:INFO] (kernel.py:129): TileLang begins to compile kernel `kernel` with `out_idx=None`
2026-09-07 09:59:08  [TileLang:tilelang.jit.kernel:INFO] (kernel.py:137): TileLang completes to compile kernel `kernel`
{"case": {"B": 4, "SEQ_LEN": 1024, "H": 1, "HQ": 16, "D": 64, "S": 1, "block_size": 32, "is_causal": true}, "seed": 351, "status": "PASS", "call_event_ms": {"baseline": [0.048767998814582825, 0.0474368005990982, 0.046540799736976626, 0.04679679870605469], "candidate": [0.060108798742294314, 0.05987840294837952, 0.05990399718284607, 0.05998079776763916]}, "median_ms": {"baseline": 0.047116799652576445, "candidate": 0.05994239747524262}, "baseline_over_candidate": 0.7860346205210862}
{"case": {"B": 4, "SEQ_LEN": 1024, "H": 1, "HQ": 16, "D": 128, "S": 1, "block_size": 16, "is_causal": true}, "candidate": "baseline", "phase": "compile_correctness"}
{"case": {"B": 4, "SEQ_LEN": 1024, "H": 1, "HQ": 16, "D": 128, "S": 1, "block_size": 16, "is_causal": true}, "candidate": "candidate", "phase": "compile_correctness"}
2026-09-07 09:59:09  [TileLang:tilelang.cache.kernel_cache:WARNING] (kernel_cache.py:342): Found kernel 'kernel' in memory cache. For better performance, consider using `@tilelang.jit` instead of direct kernel caching.
{"case": {"B": 4, "SEQ_LEN": 1024, "H": 1, "HQ": 16, "D": 128, "S": 1, "block_size": 16, "is_causal": true}, "seed": 351, "status": "PASS", "call_event_ms": {"baseline": [0.05560320019721985, 0.05478399991989136, 0.05539839863777161, 0.05514240264892578], "candidate": [0.05557760000228882, 0.055193597078323366, 0.05568000078201294, 0.05555199980735779]}, "median_ms": {"baseline": 0.05527040064334869, "candidate": 0.055564799904823305}, "baseline_over_candidate": 0.994701694922345}
{"case": {"B": 4, "SEQ_LEN": 1024, "H": 1, "HQ": 16, "D": 128, "S": 1, "block_size": 32, "is_causal": true}, "candidate": "baseline", "phase": "compile_correctness"}
{"case": {"B": 4, "SEQ_LEN": 1024, "H": 1, "HQ": 16, "D": 128, "S": 1, "block_size": 32, "is_causal": true}, "candidate": "candidate", "phase": "compile_correctness"}
2026-09-07 09:59:10  [TileLang:tilelang.cache.kernel_cache:WARNING] (kernel_cache.py:342): Found kernel 'kernel' in memory cache. For better performance, consider using `@tilelang.jit` instead of direct kernel caching.
{"case": {"B": 4, "SEQ_LEN": 1024, "H": 1, "HQ": 16, "D": 128, "S": 1, "block_size": 32, "is_causal": true}, "seed": 351, "status": "PASS", "call_event_ms": {"baseline": [0.0809984028339386, 0.08048639893531799, 0.08117759823799134, 0.08064000010490417], "candidate": [0.0809216022491455, 0.08107519745826722, 0.08140799999237061, 0.08061439990997314]}, "median_ms": {"baseline": 0.08081920146942138, "candidate": 0.08099839985370635}, "baseline_over_candidate": 0.9977876305629664}
