Loading tilelang libs from dev root: /opt/tilelang-metax-v0.1.10/build
{"case": [1, 128, 1, 16, 128, 1, 16], "mode": "current", "status": "PASS", "max_abs": 0.001953125}
{"case": [1, 128, 1, 16, 128, 1, 16], "mode": "first", "status": "PASS", "max_abs": 0.001953125}
{"case": [1, 128, 1, 16, 128, 1, 16], "mode": "scaled", "status": "PASS", "max_abs": 0.001953125}
{"case": [1, 128, 1, 16, 128, 1, 16], "mode": "zero_query", "status": "PASS", "max_abs": 0.0009765625}
{"case": [1, 128, 1, 32, 128, 1, 32], "mode": "current", "status": "PASS", "max_abs": 0.001953125}
{"case": [1, 128, 1, 32, 128, 1, 32], "mode": "first", "status": "PASS", "max_abs": 0.001953125}
{"case": [1, 128, 1, 32, 128, 1, 32], "mode": "scaled", "status": "PASS", "max_abs": 0.001953125}
{"case": [1, 128, 1, 32, 128, 1, 32], "mode": "zero_query", "status": "PASS", "max_abs": 0.0009765625}
{"case": [1, 128, 2, 16, 128, 1, 16], "mode": "current", "status": "PASS", "max_abs": 0.001953125}
{"case": [1, 128, 2, 16, 128, 1, 16], "mode": "first", "status": "PASS", "max_abs": 0.001953125}
{"case": [1, 128, 2, 16, 128, 1, 16], "mode": "scaled", "status": "PASS", "max_abs": 0.001953125}
{"case": [1, 128, 2, 16, 128, 1, 16], "mode": "zero_query", "status": "PASS", "max_abs": 0.0009765625}
2026-09-07 13:25:58  [TileLang:tilelang.jit.kernel:INFO] (kernel.py:129): TileLang begins to compile kernel `kernel` with `out_idx=None`
2026-09-07 13:26:02  [TileLang:tilelang.jit.kernel:INFO] (kernel.py:137): TileLang completes to compile kernel `kernel`
{"case": [1, 128, 2, 32, 64, 4, 32], "mode": "current", "status": "PASS", "max_abs": 0.001953125}
{"case": [1, 128, 2, 32, 64, 4, 32], "mode": "first", "status": "PASS", "max_abs": 0.0009765625}
{"case": [1, 128, 2, 32, 64, 4, 32], "mode": "scaled", "status": "PASS", "max_abs": 0.001953125}
{"case": [1, 128, 2, 32, 64, 4, 32], "mode": "zero_query", "status": "PASS", "max_abs": 0.0009765625}
{"case": [1, 128, 2, 32, 64, 4, 32], "mode": "duplicate", "status": "PASS", "max_abs": 0.001953125}
{"case": [1, 128, 2, 32, 64, 4, 32], "mode": "two_valid", "status": "PASS", "max_abs": 0.0009765625}
{"case": [2, 1024, 1, 16, 128, 1, 32], "mode": "current", "status": "PASS", "max_abs": 0.001953125}
{"case": [2, 1024, 1, 16, 128, 1, 32], "mode": "first", "status": "PASS", "max_abs": 0.001953125}
{"case": [2, 1024, 1, 16, 128, 1, 32], "mode": "scaled", "status": "PASS", "max_abs": 0.00390625}
{"case": [2, 1024, 1, 16, 128, 1, 32], "mode": "zero_query", "status": "PASS", "max_abs": 0.0009765625}
{"case": [4, 1024, 1, 16, 128, 1, 16], "mode": "current", "status": "PASS", "max_abs": 0.00390625}
{"case": [4, 1024, 1, 16, 128, 1, 16], "mode": "first", "status": "PASS", "max_abs": 0.001953125}
{"case": [4, 1024, 1, 16, 128, 1, 16], "mode": "scaled", "status": "PASS", "max_abs": 0.00390625}
{"case": [4, 1024, 1, 16, 128, 1, 16], "mode": "zero_query", "status": "PASS", "max_abs": 0.001953125}
{"case": [4, 1024, 1, 16, 32, 1, 16], "mode": "current", "status": "PASS", "max_abs": 0.001953125}
{"case": [4, 1024, 1, 16, 32, 1, 16], "mode": "first", "status": "PASS", "max_abs": 0.001953125}
{"case": [4, 1024, 1, 16, 32, 1, 16], "mode": "scaled", "status": "PASS", "max_abs": 0.00390625}
{"case": [4, 1024, 1, 16, 32, 1, 16], "mode": "zero_query", "status": "PASS", "max_abs": 0.001953125}
{"case": [4, 1024, 1, 16, 32, 1, 32], "mode": "current", "status": "PASS", "max_abs": 0.001953125}
{"case": [4, 1024, 1, 16, 32, 1, 32], "mode": "first", "status": "PASS", "max_abs": 0.001953125}
{"case": [4, 1024, 1, 16, 32, 1, 32], "mode": "scaled", "status": "PASS", "max_abs": 0.00390625}
{"case": [4, 1024, 1, 16, 32, 1, 32], "mode": "zero_query", "status": "PASS", "max_abs": 0.001953125}
{"case": [2, 512, 1, 16, 64, 2, 16], "mode": "current", "status": "PASS", "max_abs": 0.001953125}
{"case": [2, 512, 1, 16, 64, 2, 16], "mode": "first", "status": "PASS", "max_abs": 0.001953125}
{"case": [2, 512, 1, 16, 64, 2, 16], "mode": "scaled", "status": "PASS", "max_abs": 0.001953125}
{"case": [2, 512, 1, 16, 64, 2, 16], "mode": "zero_query", "status": "PASS", "max_abs": 0.001953125}
{"case": [2, 512, 1, 16, 64, 2, 16], "mode": "duplicate", "status": "PASS", "max_abs": 0.001953125}
{"case": [2, 512, 1, 16, 64, 2, 16], "mode": "two_valid", "status": "PASS", "max_abs": 0.001953125}
{"case": [2, 512, 1, 16, 64, 4, 16], "mode": "current", "status": "PASS", "max_abs": 0.001953125}
{"case": [2, 512, 1, 16, 64, 4, 16], "mode": "first", "status": "PASS", "max_abs": 0.001953125}
{"case": [2, 512, 1, 16, 64, 4, 16], "mode": "scaled", "status": "PASS", "max_abs": 0.001953125}
{"case": [2, 512, 1, 16, 64, 4, 16], "mode": "zero_query", "status": "PASS", "max_abs": 0.001953125}
{"case": [2, 512, 1, 16, 64, 4, 16], "mode": "duplicate", "status": "PASS", "max_abs": 0.001953125}
{"case": [2, 512, 1, 16, 64, 4, 16], "mode": "two_valid", "status": "PASS", "max_abs": 0.001953125}
{"case": [1, 64, 1, 16, 64, 2, 16], "mode": "current", "status": "PASS", "max_abs": 0.001953125}
{"case": [1, 64, 1, 16, 64, 2, 16], "mode": "first", "status": "PASS", "max_abs": 0.001953125}
{"case": [1, 64, 1, 16, 64, 2, 16], "mode": "scaled", "status": "PASS", "max_abs": 0.001953125}
{"case": [1, 64, 1, 16, 64, 2, 16], "mode": "zero_query", "status": "PASS", "max_abs": 0.0009765625}
{"case": [1, 64, 1, 16, 64, 2, 16], "mode": "duplicate", "status": "PASS", "max_abs": 0.001953125}
{"case": [1, 64, 1, 16, 64, 2, 16], "mode": "two_valid", "status": "PASS", "max_abs": 0.001953125}
{"case": [1, 64, 1, 16, 64, 4, 16], "mode": "current", "status": "PASS", "max_abs": 0.001953125}
{"case": [1, 64, 1, 16, 64, 4, 16], "mode": "first", "status": "PASS", "max_abs": 0.001953125}
{"case": [1, 64, 1, 16, 64, 4, 16], "mode": "scaled", "status": "PASS", "max_abs": 0.001953125}
{"case": [1, 64, 1, 16, 64, 4, 16], "mode": "zero_query", "status": "PASS", "max_abs": 0.0009765625}
{"case": [1, 64, 1, 16, 64, 4, 16], "mode": "duplicate", "status": "PASS", "max_abs": 0.001953125}
{"case": [1, 64, 1, 16, 64, 4, 16], "mode": "two_valid", "status": "PASS", "max_abs": 0.001953125}
{"case": [1, 64, 1, 16, 64, 8, 16], "mode": "current", "status": "PASS", "max_abs": 0.001953125}
{"case": [1, 64, 1, 16, 64, 8, 16], "mode": "first", "status": "PASS", "max_abs": 0.001953125}
{"case": [1, 64, 1, 16, 64, 8, 16], "mode": "scaled", "status": "PASS", "max_abs": 0.001953125}
{"case": [1, 64, 1, 16, 64, 8, 16], "mode": "zero_query", "status": "PASS", "max_abs": 0.0009765625}
{"case": [1, 64, 1, 16, 64, 8, 16], "mode": "duplicate", "status": "PASS", "max_abs": 0.001953125}
{"case": [1, 64, 1, 16, 64, 8, 16], "mode": "two_valid", "status": "PASS", "max_abs": 0.001953125}
{"case": [1, 256, 1, 16, 64, 8, 16], "mode": "current", "status": "PASS", "max_abs": 0.001953125}
{"case": [1, 256, 1, 16, 64, 8, 16], "mode": "first", "status": "PASS", "max_abs": 0.001953125}
{"case": [1, 256, 1, 16, 64, 8, 16], "mode": "scaled", "status": "PASS", "max_abs": 0.001953125}
{"case": [1, 256, 1, 16, 64, 8, 16], "mode": "zero_query", "status": "PASS", "max_abs": 0.0009765625}
{"case": [1, 256, 1, 16, 64, 8, 16], "mode": "duplicate", "status": "PASS", "max_abs": 0.001953125}
{"case": [1, 256, 1, 16, 64, 8, 16], "mode": "two_valid", "status": "PASS", "max_abs": 0.001953125}
{"case": [2, 512, 1, 32, 64, 1, 32], "mode": "current", "status": "PASS", "max_abs": 0.001953125}
{"case": [2, 512, 1, 32, 64, 1, 32], "mode": "first", "status": "PASS", "max_abs": 0.001953125}
{"case": [2, 512, 1, 32, 64, 1, 32], "mode": "scaled", "status": "PASS", "max_abs": 0.00390625}
{"case": [2, 512, 1, 32, 64, 1, 32], "mode": "zero_query", "status": "PASS", "max_abs": 0.0009765625}
{"case": [2, 1024, 1, 32, 64, 1, 32], "mode": "current", "status": "PASS", "max_abs": 0.001953125}
{"case": [2, 1024, 1, 32, 64, 1, 32], "mode": "first", "status": "PASS", "max_abs": 0.001953125}
{"case": [2, 1024, 1, 32, 64, 1, 32], "mode": "scaled", "status": "PASS", "max_abs": 0.00390625}
{"case": [2, 1024, 1, 32, 64, 1, 32], "mode": "zero_query", "status": "PASS", "max_abs": 0.0009765625}
{"case": [2, 512, 1, 16, 64, 8, 16], "mode": "current", "status": "PASS", "max_abs": 0.001953125}
{"case": [2, 512, 1, 16, 64, 8, 16], "mode": "first", "status": "PASS", "max_abs": 0.001953125}
{"case": [2, 512, 1, 16, 64, 8, 16], "mode": "scaled", "status": "PASS", "max_abs": 0.001953125}
{"case": [2, 512, 1, 16, 64, 8, 16], "mode": "zero_query", "status": "PASS", "max_abs": 0.0009765625}
{"case": [2, 512, 1, 16, 64, 8, 16], "mode": "duplicate", "status": "PASS", "max_abs": 0.001953125}
{"case": [2, 512, 1, 16, 64, 8, 16], "mode": "two_valid", "status": "PASS", "max_abs": 0.001953125}
2026-09-07 13:26:05  [TileLang:tilelang.jit.kernel:INFO] (kernel.py:129): TileLang begins to compile kernel `kernel` with `out_idx=None`
2026-09-07 13:26:09  [TileLang:tilelang.jit.kernel:INFO] (kernel.py:137): TileLang completes to compile kernel `kernel`
{"case": [1, 128, 1, 32, 64, 8, 32], "mode": "current", "status": "PASS", "max_abs": 0.001953125}
{"case": [1, 128, 1, 32, 64, 8, 32], "mode": "first", "status": "PASS", "max_abs": 0.0009765625}
{"case": [1, 128, 1, 32, 64, 8, 32], "mode": "scaled", "status": "PASS", "max_abs": 0.001953125}
{"case": [1, 128, 1, 32, 64, 8, 32], "mode": "zero_query", "status": "PASS", "max_abs": 0.00048828125}
{"case": [1, 128, 1, 32, 64, 8, 32], "mode": "duplicate", "status": "PASS", "max_abs": 0.001953125}
{"case": [1, 128, 1, 32, 64, 8, 32], "mode": "two_valid", "status": "PASS", "max_abs": 0.0009765625}
2026-09-07 13:26:09  [TileLang:tilelang.jit.kernel:INFO] (kernel.py:129): TileLang begins to compile kernel `kernel` with `out_idx=None`
2026-09-07 13:26:13  [TileLang:tilelang.jit.kernel:INFO] (kernel.py:137): TileLang completes to compile kernel `kernel`
{"case": [1, 128, 2, 32, 128, 2, 16], "mode": "current", "status": "PASS", "max_abs": 0.001953125}
{"case": [1, 128, 2, 32, 128, 2, 16], "mode": "first", "status": "PASS", "max_abs": 0.001953125}
{"case": [1, 128, 2, 32, 128, 2, 16], "mode": "scaled", "status": "PASS", "max_abs": 0.001953125}
{"case": [1, 128, 2, 32, 128, 2, 16], "mode": "zero_query", "status": "PASS", "max_abs": 0.0009765625}
{"case": [1, 128, 2, 32, 128, 2, 16], "mode": "duplicate", "status": "PASS", "max_abs": 0.001953125}
{"case": [1, 128, 2, 32, 128, 2, 16], "mode": "two_valid", "status": "PASS", "max_abs": 0.001953125}
2026-09-07 13:26:14  [TileLang:tilelang.jit.kernel:INFO] (kernel.py:129): TileLang begins to compile kernel `kernel` with `out_idx=None`
2026-09-07 13:26:18  [TileLang:tilelang.jit.kernel:INFO] (kernel.py:137): TileLang completes to compile kernel `kernel`
{"case": [1, 128, 1, 16, 32, 4, 32], "mode": "current", "status": "PASS", "max_abs": 0.001953125}
{"case": [1, 128, 1, 16, 32, 4, 32], "mode": "first", "status": "PASS", "max_abs": 0.0009765625}
{"case": [1, 128, 1, 16, 32, 4, 32], "mode": "scaled", "status": "PASS", "max_abs": 0.001953125}
{"case": [1, 128, 1, 16, 32, 4, 32], "mode": "zero_query", "status": "PASS", "max_abs": 0.00048828125}
{"case": [1, 128, 1, 16, 32, 4, 32], "mode": "duplicate", "status": "PASS", "max_abs": 0.001953125}
{"case": [1, 128, 1, 16, 32, 4, 32], "mode": "two_valid", "status": "PASS", "max_abs": 0.0009765625}
2026-09-07 13:26:19  [TileLang:tilelang.jit.kernel:INFO] (kernel.py:129): TileLang begins to compile kernel `kernel` with `out_idx=None`
2026-09-07 13:26:23  [TileLang:tilelang.jit.kernel:INFO] (kernel.py:137): TileLang completes to compile kernel `kernel`
{"case": [1, 128, 1, 16, 128, 8, 32], "mode": "current", "status": "PASS", "max_abs": 0.0009765625}
{"case": [1, 128, 1, 16, 128, 8, 32], "mode": "first", "status": "PASS", "max_abs": 0.0009765625}
{"case": [1, 128, 1, 16, 128, 8, 32], "mode": "scaled", "status": "PASS", "max_abs": 0.001953125}
{"case": [1, 128, 1, 16, 128, 8, 32], "mode": "zero_query", "status": "PASS", "max_abs": 0.0009765625}
{"case": [1, 128, 1, 16, 128, 8, 32], "mode": "duplicate", "status": "PASS", "max_abs": 0.0009765625}
{"case": [1, 128, 1, 16, 128, 8, 32], "mode": "two_valid", "status": "PASS", "max_abs": 0.0009765625}
