Loading tilelang libs from dev root: /opt/tilelang-metax-v0.1.10/build
{"case": [1, 128, 1, 16, 128, 1, 16], "mode": "current", "status": "PASS", "max_abs": 0.001953125}
{"case": [1, 128, 1, 16, 128, 1, 16], "mode": "first", "status": "PASS", "max_abs": 0.001953125}
{"case": [1, 128, 1, 16, 128, 1, 16], "mode": "scaled", "status": "PASS", "max_abs": 0.001953125}
{"case": [1, 128, 1, 16, 128, 1, 16], "mode": "zero_query", "status": "PASS", "max_abs": 0.0009765625}
{"case": [1, 128, 1, 32, 128, 1, 32], "mode": "current", "status": "PASS", "max_abs": 0.001953125}
{"case": [1, 128, 1, 32, 128, 1, 32], "mode": "first", "status": "PASS", "max_abs": 0.001953125}
{"case": [1, 128, 1, 32, 128, 1, 32], "mode": "scaled", "status": "PASS", "max_abs": 0.001953125}
{"case": [1, 128, 1, 32, 128, 1, 32], "mode": "zero_query", "status": "PASS", "max_abs": 0.0009765625}
{"case": [1, 128, 2, 16, 128, 1, 16], "mode": "current", "status": "PASS", "max_abs": 0.001953125}
{"case": [1, 128, 2, 16, 128, 1, 16], "mode": "first", "status": "PASS", "max_abs": 0.001953125}
{"case": [1, 128, 2, 16, 128, 1, 16], "mode": "scaled", "status": "PASS", "max_abs": 0.001953125}
{"case": [1, 128, 2, 16, 128, 1, 16], "mode": "zero_query", "status": "PASS", "max_abs": 0.0009765625}
{"case": [1, 128, 2, 32, 64, 4, 32], "mode": "current", "status": "PASS", "max_abs": 0.001953125}
{"case": [1, 128, 2, 32, 64, 4, 32], "mode": "first", "status": "PASS", "max_abs": 0.0009765625}
{"case": [1, 128, 2, 32, 64, 4, 32], "mode": "scaled", "status": "PASS", "max_abs": 0.001953125}
{"case": [1, 128, 2, 32, 64, 4, 32], "mode": "zero_query", "status": "PASS", "max_abs": 0.0009765625}
{"case": [1, 128, 2, 32, 64, 4, 32], "mode": "duplicate", "status": "PASS", "max_abs": 0.001953125}
{"case": [1, 128, 2, 32, 64, 4, 32], "mode": "two_valid", "status": "PASS", "max_abs": 0.0009765625}
{"case": [2, 1024, 1, 16, 128, 1, 32], "mode": "current", "status": "PASS", "max_abs": 0.001953125}
{"case": [2, 1024, 1, 16, 128, 1, 32], "mode": "first", "status": "PASS", "max_abs": 0.001953125}
{"case": [2, 1024, 1, 16, 128, 1, 32], "mode": "scaled", "status": "PASS", "max_abs": 0.00390625}
{"case": [2, 1024, 1, 16, 128, 1, 32], "mode": "zero_query", "status": "PASS", "max_abs": 0.0009765625}
{"case": [4, 1024, 1, 16, 128, 1, 16], "mode": "current", "status": "PASS", "max_abs": 0.00390625}
{"case": [4, 1024, 1, 16, 128, 1, 16], "mode": "first", "status": "PASS", "max_abs": 0.001953125}
{"case": [4, 1024, 1, 16, 128, 1, 16], "mode": "scaled", "status": "PASS", "max_abs": 0.00390625}
{"case": [4, 1024, 1, 16, 128, 1, 16], "mode": "zero_query", "status": "PASS", "max_abs": 0.001953125}
{"case": [4, 1024, 1, 16, 32, 1, 16], "mode": "current", "status": "PASS", "max_abs": 0.001953125}
{"case": [4, 1024, 1, 16, 32, 1, 16], "mode": "first", "status": "PASS", "max_abs": 0.001953125}
{"case": [4, 1024, 1, 16, 32, 1, 16], "mode": "scaled", "status": "PASS", "max_abs": 0.00390625}
{"case": [4, 1024, 1, 16, 32, 1, 16], "mode": "zero_query", "status": "PASS", "max_abs": 0.001953125}
{"case": [4, 1024, 1, 16, 32, 1, 32], "mode": "current", "status": "PASS", "max_abs": 0.001953125}
{"case": [4, 1024, 1, 16, 32, 1, 32], "mode": "first", "status": "PASS", "max_abs": 0.001953125}
{"case": [4, 1024, 1, 16, 32, 1, 32], "mode": "scaled", "status": "PASS", "max_abs": 0.00390625}
{"case": [4, 1024, 1, 16, 32, 1, 32], "mode": "zero_query", "status": "PASS", "max_abs": 0.001953125}
{"case": [2, 512, 1, 16, 64, 2, 16], "mode": "current", "status": "PASS", "max_abs": 0.001953125}
{"case": [2, 512, 1, 16, 64, 2, 16], "mode": "first", "status": "PASS", "max_abs": 0.001953125}
{"case": [2, 512, 1, 16, 64, 2, 16], "mode": "scaled", "status": "PASS", "max_abs": 0.001953125}
{"case": [2, 512, 1, 16, 64, 2, 16], "mode": "zero_query", "status": "PASS", "max_abs": 0.001953125}
{"case": [2, 512, 1, 16, 64, 2, 16], "mode": "duplicate", "status": "PASS", "max_abs": 0.001953125}
{"case": [2, 512, 1, 16, 64, 2, 16], "mode": "two_valid", "status": "PASS", "max_abs": 0.001953125}
