Loading tilelang libs from dev root: /opt/tilelang-metax-v0.1.10/build
{"case": [1, 128, 1, 16, 128, 1, 16], "mode": "current", "status": "PASS", "max_abs": 0.001953125}
{"case": [1, 128, 1, 16, 128, 1, 16], "mode": "first", "status": "PASS", "max_abs": 0.001953125}
{"case": [1, 128, 1, 16, 128, 1, 16], "mode": "scaled", "status": "PASS", "max_abs": 0.001953125}
{"case": [1, 128, 1, 16, 128, 1, 16], "mode": "zero_query", "status": "PASS", "max_abs": 0.0009765625}
2026-09-07 09:24:29  [TileLang:tilelang.jit.kernel:INFO] (kernel.py:129): TileLang begins to compile kernel `kernel` with `out_idx=None`
2026-09-07 09:24:32  [TileLang:tilelang.jit.kernel:INFO] (kernel.py:137): TileLang completes to compile kernel `kernel`
{"case": [1, 128, 1, 32, 128, 1, 32], "mode": "current", "status": "PASS", "max_abs": 0.001953125}
{"case": [1, 128, 1, 32, 128, 1, 32], "mode": "first", "status": "PASS", "max_abs": 0.001953125}
{"case": [1, 128, 1, 32, 128, 1, 32], "mode": "scaled", "status": "PASS", "max_abs": 0.001953125}
{"case": [1, 128, 1, 32, 128, 1, 32], "mode": "zero_query", "status": "PASS", "max_abs": 0.0009765625}
2026-09-07 09:24:33  [TileLang:tilelang.jit.kernel:INFO] (kernel.py:129): TileLang begins to compile kernel `gather_kernel` with `out_idx=None`
2026-09-07 09:24:36  [TileLang:tilelang.jit.kernel:INFO] (kernel.py:137): TileLang completes to compile kernel `gather_kernel`
{"case": [1, 128, 2, 16, 128, 1, 16], "mode": "current", "status": "PASS", "max_abs": 0.001953125}
{"case": [1, 128, 2, 16, 128, 1, 16], "mode": "first", "status": "PASS", "max_abs": 0.001953125}
{"case": [1, 128, 2, 16, 128, 1, 16], "mode": "scaled", "status": "PASS", "max_abs": 0.001953125}
{"case": [1, 128, 2, 16, 128, 1, 16], "mode": "zero_query", "status": "PASS", "max_abs": 0.0009765625}
2026-09-07 09:24:37  [TileLang:tilelang.jit.kernel:INFO] (kernel.py:129): TileLang begins to compile kernel `kernel` with `out_idx=None`
2026-09-07 09:24:41  [TileLang:tilelang.jit.kernel:INFO] (kernel.py:137): TileLang completes to compile kernel `kernel`
{"case": [1, 128, 2, 32, 64, 4, 32], "mode": "current", "status": "PASS", "max_abs": 0.001953125}
{"case": [1, 128, 2, 32, 64, 4, 32], "mode": "first", "status": "PASS", "max_abs": 0.0009765625}
{"case": [1, 128, 2, 32, 64, 4, 32], "mode": "scaled", "status": "PASS", "max_abs": 0.001953125}
{"case": [1, 128, 2, 32, 64, 4, 32], "mode": "zero_query", "status": "PASS", "max_abs": 0.0009765625}
