Loading tilelang libs from dev root: /opt/tilelang-metax-v0.1.10/build
{"case": {"B": 1, "SEQ_LEN": 128, "H": 1, "HQ": 32, "D": 64, "S": 1, "block_size": 32, "is_causal": true}, "candidate": "baseline", "phase": "compile_correctness"}
{"case": {"B": 1, "SEQ_LEN": 128, "H": 1, "HQ": 32, "D": 64, "S": 1, "block_size": 32, "is_causal": true}, "candidate": "candidate", "phase": "compile_correctness"}
2026-09-07 12:05:12  [TileLang:tilelang.cache.kernel_cache:WARNING] (kernel_cache.py:342): Found kernel 'kernel' in memory cache. For better performance, consider using `@tilelang.jit` instead of direct kernel caching.
{"case": {"B": 1, "SEQ_LEN": 128, "H": 1, "HQ": 32, "D": 64, "S": 1, "block_size": 32, "is_causal": true}, "seed": 412, "status": "PASS", "call_event_ms": {"baseline": [0.0123648002743721, 0.011264000087976456, 0.011289600282907486, 0.011289600282907486], "candidate": [0.011340799927711486, 0.011417599767446518, 0.011340799927711486, 0.011289600282907486]}, "median_ms": {"baseline": 0.011289600282907486, "candidate": 0.011340799927711486}, "baseline_over_candidate": 0.9954853586051816}
{"case": {"B": 1, "SEQ_LEN": 512, "H": 1, "HQ": 32, "D": 64, "S": 1, "block_size": 32, "is_causal": true}, "candidate": "baseline", "phase": "compile_correctness"}
{"case": {"B": 1, "SEQ_LEN": 512, "H": 1, "HQ": 32, "D": 64, "S": 1, "block_size": 32, "is_causal": true}, "candidate": "candidate", "phase": "compile_correctness"}
2026-09-07 12:05:12  [TileLang:tilelang.cache.kernel_cache:WARNING] (kernel_cache.py:342): Found kernel 'kernel' in memory cache. For better performance, consider using `@tilelang.jit` instead of direct kernel caching.
{"case": {"B": 1, "SEQ_LEN": 512, "H": 1, "HQ": 32, "D": 64, "S": 1, "block_size": 32, "is_causal": true}, "seed": 412, "status": "PASS", "call_event_ms": {"baseline": [0.014310400187969207, 0.014054399728775025, 0.014003199338912965, 0.013337600231170654], "candidate": [0.014156800508499146, 0.014054399728775025, 0.013900800049304963, 0.013977600634098053]}, "median_ms": {"baseline": 0.014028799533843995, "candidate": 0.01401600018143654}, "baseline_over_candidate": 1.0009131957935051}
{"case": {"B": 1, "SEQ_LEN": 1024, "H": 1, "HQ": 32, "D": 64, "S": 1, "block_size": 32, "is_causal": true}, "candidate": "baseline", "phase": "compile_correctness"}
{"case": {"B": 1, "SEQ_LEN": 1024, "H": 1, "HQ": 32, "D": 64, "S": 1, "block_size": 32, "is_causal": true}, "candidate": "candidate", "phase": "compile_correctness"}
2026-09-07 12:05:12  [TileLang:tilelang.jit.kernel:INFO] (kernel.py:129): TileLang begins to compile kernel `kernel` with `out_idx=None`
2026-09-07 12:05:15  [TileLang:tilelang.jit.kernel:INFO] (kernel.py:137): TileLang completes to compile kernel `kernel`
{"case": {"B": 1, "SEQ_LEN": 1024, "H": 1, "HQ": 32, "D": 64, "S": 1, "block_size": 32, "is_causal": true}, "seed": 412, "status": "PASS", "call_event_ms": {"baseline": [0.027238398790359497, 0.025446400046348572, 0.02531839907169342, 0.025472000241279602], "candidate": [0.019251200556755065, 0.018918399512767792, 0.01881600022315979, 0.018892799317836762]}, "median_ms": {"baseline": 0.025459200143814087, "candidate": 0.018905599415302277}, "baseline_over_candidate": 1.3466486613065172}
{"case": {"B": 2, "SEQ_LEN": 512, "H": 1, "HQ": 32, "D": 64, "S": 1, "block_size": 32, "is_causal": true}, "candidate": "baseline", "phase": "compile_correctness"}
{"case": {"B": 2, "SEQ_LEN": 512, "H": 1, "HQ": 32, "D": 64, "S": 1, "block_size": 32, "is_causal": true}, "candidate": "candidate", "phase": "compile_correctness"}
2026-09-07 12:05:16  [TileLang:tilelang.jit.kernel:INFO] (kernel.py:129): TileLang begins to compile kernel `kernel` with `out_idx=None`
2026-09-07 12:05:19  [TileLang:tilelang.jit.kernel:INFO] (kernel.py:137): TileLang completes to compile kernel `kernel`
{"case": {"B": 2, "SEQ_LEN": 512, "H": 1, "HQ": 32, "D": 64, "S": 1, "block_size": 32, "is_causal": true}, "seed": 412, "status": "PASS", "call_event_ms": {"baseline": [0.028620800375938414, 0.027059200406074523, 0.026726400852203368, 0.027059200406074523], "candidate": [0.01932799965143204, 0.019123199582099914, 0.018892799317836762, 0.018943999707698823]}, "median_ms": {"baseline": 0.027059200406074523, "candidate": 0.01903359964489937}, "baseline_over_candidate": 1.4216543854501982}
{"case": {"B": 2, "SEQ_LEN": 1024, "H": 1, "HQ": 32, "D": 64, "S": 1, "block_size": 32, "is_causal": true}, "candidate": "baseline", "phase": "compile_correctness"}
{"case": {"B": 2, "SEQ_LEN": 1024, "H": 1, "HQ": 32, "D": 64, "S": 1, "block_size": 32, "is_causal": true}, "candidate": "candidate", "phase": "compile_correctness"}
2026-09-07 12:05:20  [TileLang:tilelang.jit.kernel:INFO] (kernel.py:129): TileLang begins to compile kernel `kernel` with `out_idx=None`
2026-09-07 12:05:23  [TileLang:tilelang.jit.kernel:INFO] (kernel.py:137): TileLang completes to compile kernel `kernel`
{"case": {"B": 2, "SEQ_LEN": 1024, "H": 1, "HQ": 32, "D": 64, "S": 1, "block_size": 32, "is_causal": true}, "seed": 412, "status": "PASS", "call_event_ms": {"baseline": [0.045952001214027406, 0.04459519982337952, 0.04482559859752655, 0.0444927990436554], "candidate": [0.032128000259399415, 0.032051199674606325, 0.03182080090045929, 0.031999999284744264]}, "median_ms": {"baseline": 0.044710399210453035, "candidate": 0.032025599479675294}, "baseline_over_candidate": 1.3960831315219568}
{"case": {"B": 4, "SEQ_LEN": 1024, "H": 1, "HQ": 32, "D": 64, "S": 1, "block_size": 32, "is_causal": true}, "candidate": "baseline", "phase": "compile_correctness"}
{"case": {"B": 4, "SEQ_LEN": 1024, "H": 1, "HQ": 32, "D": 64, "S": 1, "block_size": 32, "is_causal": true}, "candidate": "candidate", "phase": "compile_correctness"}
2026-09-07 12:05:24  [TileLang:tilelang.jit.kernel:INFO] (kernel.py:129): TileLang begins to compile kernel `kernel` with `out_idx=None`
2026-09-07 12:05:27  [TileLang:tilelang.jit.kernel:INFO] (kernel.py:137): TileLang completes to compile kernel `kernel`
{"case": {"B": 4, "SEQ_LEN": 1024, "H": 1, "HQ": 32, "D": 64, "S": 1, "block_size": 32, "is_causal": true}, "seed": 412, "status": "PASS", "call_event_ms": {"baseline": [0.07449600100517273, 0.07306240200996399, 0.07242239713668823, 0.07272959947586059], "candidate": [0.056576001644134524, 0.055731201171875, 0.05550079941749573, 0.05568000078201294]}, "median_ms": {"baseline": 0.07289600074291229, "candidate": 0.05570560097694397}, "baseline_over_candidate": 1.308593740386775}
{"case": {"B": 8, "SEQ_LEN": 1024, "H": 1, "HQ": 32, "D": 64, "S": 1, "block_size": 32, "is_causal": true}, "candidate": "baseline", "phase": "compile_correctness"}
{"case": {"B": 8, "SEQ_LEN": 1024, "H": 1, "HQ": 32, "D": 64, "S": 1, "block_size": 32, "is_causal": true}, "candidate": "candidate", "phase": "compile_correctness"}
2026-09-07 12:05:28  [TileLang:tilelang.jit.kernel:INFO] (kernel.py:129): TileLang begins to compile kernel `kernel` with `out_idx=None`
2026-09-07 12:05:31  [TileLang:tilelang.jit.kernel:INFO] (kernel.py:137): TileLang completes to compile kernel `kernel`
{"case": {"B": 8, "SEQ_LEN": 1024, "H": 1, "HQ": 32, "D": 64, "S": 1, "block_size": 32, "is_causal": true}, "seed": 412, "status": "PASS", "call_event_ms": {"baseline": [0.1302783966064453, 0.12943359613418579, 0.1292799949645996, 0.12904959917068481], "candidate": [0.103603196144104, 0.10301439762115479, 0.10257920026779174, 0.10275839567184449]}, "median_ms": {"baseline": 0.1293567955493927, "candidate": 0.10288639664649964}, "baseline_over_candidate": 1.2572779275557768}
