Loading tilelang libs from dev root: /opt/tilelang-metax-v0.1.10/build
{"case": {"B": 1, "SEQ_LEN": 128, "H": 1, "HQ": 32, "D": 64, "S": 1, "block_size": 32, "is_causal": true}, "candidate": "baseline", "phase": "compile_correctness"}
{"case": {"B": 1, "SEQ_LEN": 128, "H": 1, "HQ": 32, "D": 64, "S": 1, "block_size": 32, "is_causal": true}, "candidate": "candidate", "phase": "compile_correctness"}
2026-09-07 12:11:05  [TileLang:tilelang.cache.kernel_cache:WARNING] (kernel_cache.py:342): Found kernel 'kernel' in memory cache. For better performance, consider using `@tilelang.jit` instead of direct kernel caching.
{"case": {"B": 1, "SEQ_LEN": 128, "H": 1, "HQ": 32, "D": 64, "S": 1, "block_size": 32, "is_causal": true}, "seed": 414, "status": "PASS", "call_event_ms": {"baseline": [0.014720000326633453, 0.012083200365304947, 0.011955200135707856, 0.011801599711179733], "candidate": [0.015820799767971037, 0.012211199849843979, 0.012031999975442886, 0.011776000261306763]}, "median_ms": {"baseline": 0.012019200250506401, "candidate": 0.012121599912643433}, "baseline_over_candidate": 0.9915522981392725}
{"case": {"B": 1, "SEQ_LEN": 512, "H": 1, "HQ": 32, "D": 64, "S": 1, "block_size": 32, "is_causal": true}, "candidate": "baseline", "phase": "compile_correctness"}
{"case": {"B": 1, "SEQ_LEN": 512, "H": 1, "HQ": 32, "D": 64, "S": 1, "block_size": 32, "is_causal": true}, "candidate": "candidate", "phase": "compile_correctness"}
2026-09-07 12:11:05  [TileLang:tilelang.cache.kernel_cache:WARNING] (kernel_cache.py:342): Found kernel 'kernel' in memory cache. For better performance, consider using `@tilelang.jit` instead of direct kernel caching.
{"case": {"B": 1, "SEQ_LEN": 512, "H": 1, "HQ": 32, "D": 64, "S": 1, "block_size": 32, "is_causal": true}, "seed": 414, "status": "PASS", "call_event_ms": {"baseline": [0.014643199741840363, 0.013823999464511872, 0.01369599997997284, 0.013414399325847625], "candidate": [0.01377280056476593, 0.013798399269580841, 0.013644799590110779, 0.013798399269580841]}, "median_ms": {"baseline": 0.013759999722242355, "candidate": 0.013785599917173385}, "baseline_over_candidate": 0.9981429756350945}
{"case": {"B": 1, "SEQ_LEN": 1024, "H": 1, "HQ": 32, "D": 64, "S": 1, "block_size": 32, "is_causal": true}, "candidate": "baseline", "phase": "compile_correctness"}
{"case": {"B": 1, "SEQ_LEN": 1024, "H": 1, "HQ": 32, "D": 64, "S": 1, "block_size": 32, "is_causal": true}, "candidate": "candidate", "phase": "compile_correctness"}
2026-09-07 12:11:05  [TileLang:tilelang.jit.kernel:INFO] (kernel.py:129): TileLang begins to compile kernel `kernel` with `out_idx=None`
2026-09-07 12:11:08  [TileLang:tilelang.jit.kernel:INFO] (kernel.py:137): TileLang completes to compile kernel `kernel`
{"case": {"B": 1, "SEQ_LEN": 1024, "H": 1, "HQ": 32, "D": 64, "S": 1, "block_size": 32, "is_causal": true}, "seed": 414, "status": "PASS", "call_event_ms": {"baseline": [0.027878400683403016, 0.025676798820495606, 0.025446400046348572, 0.025472000241279602], "candidate": [0.019020800292491914, 0.018918399512767792, 0.018688000738620758, 0.018662400543689728]}, "median_ms": {"baseline": 0.025574399530887602, "candidate": 0.018803200125694274}, "baseline_over_candidate": 1.3601088835905433}
{"case": {"B": 2, "SEQ_LEN": 512, "H": 1, "HQ": 32, "D": 64, "S": 1, "block_size": 32, "is_causal": true}, "candidate": "baseline", "phase": "compile_correctness"}
{"case": {"B": 2, "SEQ_LEN": 512, "H": 1, "HQ": 32, "D": 64, "S": 1, "block_size": 32, "is_causal": true}, "candidate": "candidate", "phase": "compile_correctness"}
2026-09-07 12:11:09  [TileLang:tilelang.jit.kernel:INFO] (kernel.py:129): TileLang begins to compile kernel `kernel` with `out_idx=None`
2026-09-07 12:11:12  [TileLang:tilelang.jit.kernel:INFO] (kernel.py:137): TileLang completes to compile kernel `kernel`
{"case": {"B": 2, "SEQ_LEN": 512, "H": 1, "HQ": 32, "D": 64, "S": 1, "block_size": 32, "is_causal": true}, "seed": 414, "status": "PASS", "call_event_ms": {"baseline": [0.028441599011421202, 0.02687999904155731, 0.027187201380729675, 0.027084800601005554], "candidate": [0.019020800292491914, 0.018483200669288637, 0.018432000279426576, 0.018483200669288637]}, "median_ms": {"baseline": 0.027136000990867614, "candidate": 0.018483200669288637}, "baseline_over_candidate": 1.4681440447679779}
{"case": {"B": 2, "SEQ_LEN": 1024, "H": 1, "HQ": 32, "D": 64, "S": 1, "block_size": 32, "is_causal": true}, "candidate": "baseline", "phase": "compile_correctness"}
{"case": {"B": 2, "SEQ_LEN": 1024, "H": 1, "HQ": 32, "D": 64, "S": 1, "block_size": 32, "is_causal": true}, "candidate": "candidate", "phase": "compile_correctness"}
2026-09-07 12:11:13  [TileLang:tilelang.jit.kernel:INFO] (kernel.py:129): TileLang begins to compile kernel `kernel` with `out_idx=None`
2026-09-07 12:11:16  [TileLang:tilelang.jit.kernel:INFO] (kernel.py:137): TileLang completes to compile kernel `kernel`
{"case": {"B": 2, "SEQ_LEN": 1024, "H": 1, "HQ": 32, "D": 64, "S": 1, "block_size": 32, "is_causal": true}, "seed": 414, "status": "PASS", "call_event_ms": {"baseline": [0.046387198567390445, 0.04462080001831055, 0.04477440118789673, 0.04454399943351746], "candidate": [0.031948798894882204, 0.03130879998207092, 0.03112959861755371, 0.031488001346588135]}, "median_ms": {"baseline": 0.04469760060310364, "candidate": 0.03139840066432953}, "baseline_over_candidate": 1.4235629731893575}
{"case": {"B": 4, "SEQ_LEN": 1024, "H": 1, "HQ": 32, "D": 64, "S": 1, "block_size": 32, "is_causal": true}, "candidate": "baseline", "phase": "compile_correctness"}
{"case": {"B": 4, "SEQ_LEN": 1024, "H": 1, "HQ": 32, "D": 64, "S": 1, "block_size": 32, "is_causal": true}, "candidate": "candidate", "phase": "compile_correctness"}
2026-09-07 12:11:17  [TileLang:tilelang.jit.kernel:INFO] (kernel.py:129): TileLang begins to compile kernel `kernel` with `out_idx=None`
2026-09-07 12:11:21  [TileLang:tilelang.jit.kernel:INFO] (kernel.py:137): TileLang completes to compile kernel `kernel`
{"case": {"B": 4, "SEQ_LEN": 1024, "H": 1, "HQ": 32, "D": 64, "S": 1, "block_size": 32, "is_causal": true}, "seed": 414, "status": "PASS", "call_event_ms": {"baseline": [0.0748799979686737, 0.07283200025558471, 0.07275519967079162, 0.07331839799880982], "candidate": [0.054118400812149046, 0.053401601314544675, 0.053401601314544675, 0.05363199710845947]}, "median_ms": {"baseline": 0.07307519912719726, "candidate": 0.05351679921150207}, "baseline_over_candidate": 1.3654628117499898}
{"case": {"B": 8, "SEQ_LEN": 1024, "H": 1, "HQ": 32, "D": 64, "S": 1, "block_size": 32, "is_causal": true}, "candidate": "baseline", "phase": "compile_correctness"}
{"case": {"B": 8, "SEQ_LEN": 1024, "H": 1, "HQ": 32, "D": 64, "S": 1, "block_size": 32, "is_causal": true}, "candidate": "candidate", "phase": "compile_correctness"}
2026-09-07 12:11:22  [TileLang:tilelang.jit.kernel:INFO] (kernel.py:129): TileLang begins to compile kernel `kernel` with `out_idx=None`
2026-09-07 12:11:25  [TileLang:tilelang.jit.kernel:INFO] (kernel.py:137): TileLang completes to compile kernel `kernel`
{"case": {"B": 8, "SEQ_LEN": 1024, "H": 1, "HQ": 32, "D": 64, "S": 1, "block_size": 32, "is_causal": true}, "seed": 414, "status": "PASS", "call_event_ms": {"baseline": [0.1302016019821167, 0.12958719730377197, 0.12866560220718384, 0.1287168025970459], "candidate": [0.10109440088272095, 0.10027519464492798, 0.10024960041046142, 0.1004032015800476]}, "median_ms": {"baseline": 0.12915199995040894, "candidate": 0.10033919811248779}, "baseline_over_candidate": 1.287153997439962}
