Loading tilelang libs from dev root: /opt/tilelang-metax-v0.1.10/build
{"case": {"B": 1, "SEQ_LEN": 128, "H": 1, "HQ": 32, "D": 64, "S": 1, "block_size": 32, "is_causal": true}, "candidate": "baseline", "phase": "compile_correctness"}
{"case": {"B": 1, "SEQ_LEN": 128, "H": 1, "HQ": 32, "D": 64, "S": 1, "block_size": 32, "is_causal": true}, "candidate": "candidate", "phase": "compile_correctness"}
2026-09-07 12:07:43  [TileLang:tilelang.cache.kernel_cache:WARNING] (kernel_cache.py:342): Found kernel 'kernel' in memory cache. For better performance, consider using `@tilelang.jit` instead of direct kernel caching.
{"case": {"B": 1, "SEQ_LEN": 128, "H": 1, "HQ": 32, "D": 64, "S": 1, "block_size": 32, "is_causal": true}, "seed": 413, "status": "PASS", "call_event_ms": {"baseline": [0.012671999633312225, 0.011366400122642516, 0.011468800157308579, 0.011417599767446518], "candidate": [0.011596799641847611, 0.011238399893045425, 0.011417599767446518, 0.011366400122642516]}, "median_ms": {"baseline": 0.011443199962377549, "candidate": 0.011391999945044518}, "baseline_over_candidate": 1.004494383565662}
{"case": {"B": 1, "SEQ_LEN": 512, "H": 1, "HQ": 32, "D": 64, "S": 1, "block_size": 32, "is_causal": true}, "candidate": "baseline", "phase": "compile_correctness"}
{"case": {"B": 1, "SEQ_LEN": 512, "H": 1, "HQ": 32, "D": 64, "S": 1, "block_size": 32, "is_causal": true}, "candidate": "candidate", "phase": "compile_correctness"}
2026-09-07 12:07:43  [TileLang:tilelang.cache.kernel_cache:WARNING] (kernel_cache.py:342): Found kernel 'kernel' in memory cache. For better performance, consider using `@tilelang.jit` instead of direct kernel caching.
{"case": {"B": 1, "SEQ_LEN": 512, "H": 1, "HQ": 32, "D": 64, "S": 1, "block_size": 32, "is_causal": true}, "seed": 413, "status": "PASS", "call_event_ms": {"baseline": [0.014079999923706055, 0.014079999923706055, 0.014054399728775025, 0.013312000036239623], "candidate": [0.014259199798107147, 0.013977600634098053, 0.014105600118637086, 0.013977600634098053]}, "median_ms": {"baseline": 0.01406719982624054, "candidate": 0.01404160037636757}, "baseline_over_candidate": 1.0018231148292793}
{"case": {"B": 1, "SEQ_LEN": 1024, "H": 1, "HQ": 32, "D": 64, "S": 1, "block_size": 32, "is_causal": true}, "candidate": "baseline", "phase": "compile_correctness"}
{"case": {"B": 1, "SEQ_LEN": 1024, "H": 1, "HQ": 32, "D": 64, "S": 1, "block_size": 32, "is_causal": true}, "candidate": "candidate", "phase": "compile_correctness"}
2026-09-07 12:07:43  [TileLang:tilelang.jit.kernel:INFO] (kernel.py:129): TileLang begins to compile kernel `kernel` with `out_idx=None`
2026-09-07 12:07:46  [TileLang:tilelang.jit.kernel:INFO] (kernel.py:137): TileLang completes to compile kernel `kernel`
{"case": {"B": 1, "SEQ_LEN": 1024, "H": 1, "HQ": 32, "D": 64, "S": 1, "block_size": 32, "is_causal": true}, "seed": 413, "status": "PASS", "call_event_ms": {"baseline": [0.027699199318885804, 0.025856000185012818, 0.026035198569297792, 0.025600001215934753], "candidate": [0.021657599508762358, 0.02101760059595108, 0.020633600652217865, 0.0208639994263649]}, "median_ms": {"baseline": 0.025945599377155307, "candidate": 0.02094080001115799}, "baseline_over_candidate": 1.2389975246089253}
{"case": {"B": 2, "SEQ_LEN": 512, "H": 1, "HQ": 32, "D": 64, "S": 1, "block_size": 32, "is_causal": true}, "candidate": "baseline", "phase": "compile_correctness"}
{"case": {"B": 2, "SEQ_LEN": 512, "H": 1, "HQ": 32, "D": 64, "S": 1, "block_size": 32, "is_causal": true}, "candidate": "candidate", "phase": "compile_correctness"}
2026-09-07 12:07:47  [TileLang:tilelang.jit.kernel:INFO] (kernel.py:129): TileLang begins to compile kernel `kernel` with `out_idx=None`
2026-09-07 12:07:50  [TileLang:tilelang.jit.kernel:INFO] (kernel.py:137): TileLang completes to compile kernel `kernel`
{"case": {"B": 2, "SEQ_LEN": 512, "H": 1, "HQ": 32, "D": 64, "S": 1, "block_size": 32, "is_causal": true}, "seed": 413, "status": "PASS", "call_event_ms": {"baseline": [0.02964479923248291, 0.02744320034980774, 0.027084800601005554, 0.02964479923248291], "candidate": [0.02104319930076599, 0.02094080001115799, 0.020812800526618956, 0.020812800526618956]}, "median_ms": {"baseline": 0.028543999791145323, "candidate": 0.020876800268888475}, "baseline_over_candidate": 1.3672593224778247}
{"case": {"B": 2, "SEQ_LEN": 1024, "H": 1, "HQ": 32, "D": 64, "S": 1, "block_size": 32, "is_causal": true}, "candidate": "baseline", "phase": "compile_correctness"}
{"case": {"B": 2, "SEQ_LEN": 1024, "H": 1, "HQ": 32, "D": 64, "S": 1, "block_size": 32, "is_causal": true}, "candidate": "candidate", "phase": "compile_correctness"}
2026-09-07 12:07:51  [TileLang:tilelang.jit.kernel:INFO] (kernel.py:129): TileLang begins to compile kernel `kernel` with `out_idx=None`
2026-09-07 12:07:54  [TileLang:tilelang.jit.kernel:INFO] (kernel.py:137): TileLang completes to compile kernel `kernel`
{"case": {"B": 2, "SEQ_LEN": 1024, "H": 1, "HQ": 32, "D": 64, "S": 1, "block_size": 32, "is_causal": true}, "seed": 413, "status": "PASS", "call_event_ms": {"baseline": [0.04725759923458099, 0.04441600143909454, 0.04492799937725067, 0.04439040124416351], "candidate": [0.03824639916419983, 0.03709439933300018, 0.037222400307655334, 0.037273600697517395]}, "median_ms": {"baseline": 0.04467200040817261, "candidate": 0.037248000502586365}, "baseline_over_candidate": 1.1993127095525773}
{"case": {"B": 4, "SEQ_LEN": 1024, "H": 1, "HQ": 32, "D": 64, "S": 1, "block_size": 32, "is_causal": true}, "candidate": "baseline", "phase": "compile_correctness"}
{"case": {"B": 4, "SEQ_LEN": 1024, "H": 1, "HQ": 32, "D": 64, "S": 1, "block_size": 32, "is_causal": true}, "candidate": "candidate", "phase": "compile_correctness"}
2026-09-07 12:07:55  [TileLang:tilelang.jit.kernel:INFO] (kernel.py:129): TileLang begins to compile kernel `kernel` with `out_idx=None`
2026-09-07 12:07:58  [TileLang:tilelang.jit.kernel:INFO] (kernel.py:137): TileLang completes to compile kernel `kernel`
{"case": {"B": 4, "SEQ_LEN": 1024, "H": 1, "HQ": 32, "D": 64, "S": 1, "block_size": 32, "is_causal": true}, "seed": 413, "status": "PASS", "call_event_ms": {"baseline": [0.07577599883079529, 0.073471999168396, 0.0737280011177063, 0.07329279780387879], "candidate": [0.06592000126838685, 0.06553599834442139, 0.06566399931907654, 0.0659712016582489]}, "median_ms": {"baseline": 0.07360000014305115, "candidate": 0.0657920002937317}, "baseline_over_candidate": 1.1186770399814605}
{"case": {"B": 8, "SEQ_LEN": 1024, "H": 1, "HQ": 32, "D": 64, "S": 1, "block_size": 32, "is_causal": true}, "candidate": "baseline", "phase": "compile_correctness"}
{"case": {"B": 8, "SEQ_LEN": 1024, "H": 1, "HQ": 32, "D": 64, "S": 1, "block_size": 32, "is_causal": true}, "candidate": "candidate", "phase": "compile_correctness"}
2026-09-07 12:07:59  [TileLang:tilelang.jit.kernel:INFO] (kernel.py:129): TileLang begins to compile kernel `kernel` with `out_idx=None`
2026-09-07 12:08:03  [TileLang:tilelang.jit.kernel:INFO] (kernel.py:137): TileLang completes to compile kernel `kernel`
{"case": {"B": 8, "SEQ_LEN": 1024, "H": 1, "HQ": 32, "D": 64, "S": 1, "block_size": 32, "is_causal": true}, "seed": 413, "status": "PASS", "call_event_ms": {"baseline": [0.13096959590911866, 0.12840960025787354, 0.1289471983909607, 0.12887040376663209], "candidate": [0.12162560224533081, 0.12175359725952148, 0.12154879570007324, 0.12157440185546875]}, "median_ms": {"baseline": 0.12890880107879638, "candidate": 0.12160000205039978}, "baseline_over_candidate": 1.06010525415425}
