Loading tilelang libs from dev root: /opt/tilelang-metax-v0.1.10/build
{"case": {"B": 1, "SEQ_LEN": 128, "H": 1, "HQ": 32, "D": 64, "S": 1, "block_size": 32, "is_causal": true}, "candidate": "baseline", "phase": "compile_correctness"}
{"case": {"B": 1, "SEQ_LEN": 128, "H": 1, "HQ": 32, "D": 64, "S": 1, "block_size": 32, "is_causal": true}, "candidate": "candidate", "phase": "compile_correctness"}
2026-09-07 12:16:10  [TileLang:tilelang.cache.kernel_cache:WARNING] (kernel_cache.py:342): Found kernel 'kernel' in memory cache. For better performance, consider using `@tilelang.jit` instead of direct kernel caching.
{"case": {"B": 1, "SEQ_LEN": 128, "H": 1, "HQ": 32, "D": 64, "S": 1, "block_size": 32, "is_causal": true}, "seed": 415, "status": "PASS", "call_event_ms": {"baseline": [0.012108799815177918, 0.011366400122642516, 0.011340799927711486, 0.011315199732780456], "candidate": [0.011340799927711486, 0.011238399893045425, 0.011315199732780456, 0.011340799927711486]}, "median_ms": {"baseline": 0.011353600025177001, "candidate": 0.011327999830245971}, "baseline_over_candidate": 1.0022599042474098}
{"case": {"B": 1, "SEQ_LEN": 512, "H": 1, "HQ": 32, "D": 64, "S": 1, "block_size": 32, "is_causal": true}, "candidate": "baseline", "phase": "compile_correctness"}
{"case": {"B": 1, "SEQ_LEN": 512, "H": 1, "HQ": 32, "D": 64, "S": 1, "block_size": 32, "is_causal": true}, "candidate": "candidate", "phase": "compile_correctness"}
2026-09-07 12:16:11  [TileLang:tilelang.cache.kernel_cache:WARNING] (kernel_cache.py:342): Found kernel 'kernel' in memory cache. For better performance, consider using `@tilelang.jit` instead of direct kernel caching.
{"case": {"B": 1, "SEQ_LEN": 512, "H": 1, "HQ": 32, "D": 64, "S": 1, "block_size": 32, "is_causal": true}, "seed": 415, "status": "PASS", "call_event_ms": {"baseline": [0.014336000382900237, 0.013798399269580841, 0.013798399269580841, 0.013312000036239623], "candidate": [0.013798399269580841, 0.013823999464511872, 0.013644799590110779, 0.013798399269580841]}, "median_ms": {"baseline": 0.013798399269580841, "candidate": 0.013798399269580841}, "baseline_over_candidate": 1.0}
{"case": {"B": 1, "SEQ_LEN": 1024, "H": 1, "HQ": 32, "D": 64, "S": 1, "block_size": 32, "is_causal": true}, "candidate": "baseline", "phase": "compile_correctness"}
{"case": {"B": 1, "SEQ_LEN": 1024, "H": 1, "HQ": 32, "D": 64, "S": 1, "block_size": 32, "is_causal": true}, "candidate": "candidate", "phase": "compile_correctness"}
2026-09-07 12:16:11  [TileLang:tilelang.jit.kernel:INFO] (kernel.py:129): TileLang begins to compile kernel `kernel` with `out_idx=None`
2026-09-07 12:16:14  [TileLang:tilelang.jit.kernel:INFO] (kernel.py:137): TileLang completes to compile kernel `kernel`
{"case": {"B": 1, "SEQ_LEN": 1024, "H": 1, "HQ": 32, "D": 64, "S": 1, "block_size": 32, "is_causal": true}, "seed": 415, "status": "PASS", "call_event_ms": {"baseline": [0.027315199375152588, 0.02588160037994385, 0.025830399990081788, 0.025727999210357667], "candidate": [0.020326399803161622, 0.02022400051355362, 0.020070399343967437, 0.020070399343967437]}, "median_ms": {"baseline": 0.025856000185012818, "candidate": 0.020147199928760528}, "baseline_over_candidate": 1.2833545245214382}
{"case": {"B": 2, "SEQ_LEN": 512, "H": 1, "HQ": 32, "D": 64, "S": 1, "block_size": 32, "is_causal": true}, "candidate": "baseline", "phase": "compile_correctness"}
{"case": {"B": 2, "SEQ_LEN": 512, "H": 1, "HQ": 32, "D": 64, "S": 1, "block_size": 32, "is_causal": true}, "candidate": "candidate", "phase": "compile_correctness"}
2026-09-07 12:16:15  [TileLang:tilelang.jit.kernel:INFO] (kernel.py:129): TileLang begins to compile kernel `kernel` with `out_idx=None`
2026-09-07 12:16:19  [TileLang:tilelang.jit.kernel:INFO] (kernel.py:137): TileLang completes to compile kernel `kernel`
{"case": {"B": 2, "SEQ_LEN": 512, "H": 1, "HQ": 32, "D": 64, "S": 1, "block_size": 32, "is_causal": true}, "seed": 415, "status": "PASS", "call_event_ms": {"baseline": [0.02890239953994751, 0.027647998929023743, 0.02744320034980774, 0.027289599180221558], "candidate": [0.020761600136756896, 0.02024960070848465, 0.020377600193023683, 0.020300799608230592]}, "median_ms": {"baseline": 0.02754559963941574, "candidate": 0.020339199900627138}, "baseline_over_candidate": 1.3543108762388634}
{"case": {"B": 2, "SEQ_LEN": 1024, "H": 1, "HQ": 32, "D": 64, "S": 1, "block_size": 32, "is_causal": true}, "candidate": "baseline", "phase": "compile_correctness"}
{"case": {"B": 2, "SEQ_LEN": 1024, "H": 1, "HQ": 32, "D": 64, "S": 1, "block_size": 32, "is_causal": true}, "candidate": "candidate", "phase": "compile_correctness"}
2026-09-07 12:16:19  [TileLang:tilelang.jit.kernel:INFO] (kernel.py:129): TileLang begins to compile kernel `kernel` with `out_idx=None`
2026-09-07 12:16:23  [TileLang:tilelang.jit.kernel:INFO] (kernel.py:137): TileLang completes to compile kernel `kernel`
{"case": {"B": 2, "SEQ_LEN": 1024, "H": 1, "HQ": 32, "D": 64, "S": 1, "block_size": 32, "is_causal": true}, "seed": 415, "status": "PASS", "call_event_ms": {"baseline": [0.046054399013519286, 0.04459519982337952, 0.04467200040817261, 0.04469760060310364], "candidate": [0.034585601091384886, 0.03430399894714355, 0.034892800450325015, 0.03415040075778961]}, "median_ms": {"baseline": 0.044684800505638125, "candidate": 0.03444480001926422}, "baseline_over_candidate": 1.2972872677631138}
{"case": {"B": 4, "SEQ_LEN": 1024, "H": 1, "HQ": 32, "D": 64, "S": 1, "block_size": 32, "is_causal": true}, "candidate": "baseline", "phase": "compile_correctness"}
{"case": {"B": 4, "SEQ_LEN": 1024, "H": 1, "HQ": 32, "D": 64, "S": 1, "block_size": 32, "is_causal": true}, "candidate": "candidate", "phase": "compile_correctness"}
2026-09-07 12:16:24  [TileLang:tilelang.jit.kernel:INFO] (kernel.py:129): TileLang begins to compile kernel `kernel` with `out_idx=None`
2026-09-07 12:16:27  [TileLang:tilelang.jit.kernel:INFO] (kernel.py:137): TileLang completes to compile kernel `kernel`
{"case": {"B": 4, "SEQ_LEN": 1024, "H": 1, "HQ": 32, "D": 64, "S": 1, "block_size": 32, "is_causal": true}, "seed": 415, "status": "PASS", "call_event_ms": {"baseline": [0.07470080256462097, 0.07255039811134338, 0.07257599830627441, 0.07285760045051574], "candidate": [0.06046720147132874, 0.06056960225105286, 0.060288000106811526, 0.060185599327087405]}, "median_ms": {"baseline": 0.07271679937839508, "candidate": 0.06037760078907013}, "baseline_over_candidate": 1.2043671564961993}
{"case": {"B": 8, "SEQ_LEN": 1024, "H": 1, "HQ": 32, "D": 64, "S": 1, "block_size": 32, "is_causal": true}, "candidate": "baseline", "phase": "compile_correctness"}
{"case": {"B": 8, "SEQ_LEN": 1024, "H": 1, "HQ": 32, "D": 64, "S": 1, "block_size": 32, "is_causal": true}, "candidate": "candidate", "phase": "compile_correctness"}
2026-09-07 12:16:28  [TileLang:tilelang.jit.kernel:INFO] (kernel.py:129): TileLang begins to compile kernel `kernel` with `out_idx=None`
2026-09-07 12:16:32  [TileLang:tilelang.jit.kernel:INFO] (kernel.py:137): TileLang completes to compile kernel `kernel`
{"case": {"B": 8, "SEQ_LEN": 1024, "H": 1, "HQ": 32, "D": 64, "S": 1, "block_size": 32, "is_causal": true}, "seed": 415, "status": "PASS", "call_event_ms": {"baseline": [0.13043199777603148, 0.1284351944923401, 0.12887040376663209, 0.1284351944923401], "candidate": [0.11601920127868652, 0.11519999504089355, 0.11545599699020385, 0.11525119543075561]}, "median_ms": {"baseline": 0.12865279912948607, "candidate": 0.11535359621047973}, "baseline_over_candidate": 1.1152907525721172}
