Loading tilelang libs from dev root: /opt/tilelang-metax-v0.1.10/build
{"case": {"B": 1, "SEQ_LEN": 128, "H": 1, "HQ": 32, "D": 64, "S": 1, "block_size": 32, "is_causal": true}, "candidate": "baseline", "phase": "compile_correctness"}
{"case": {"B": 1, "SEQ_LEN": 128, "H": 1, "HQ": 32, "D": 64, "S": 1, "block_size": 32, "is_causal": true}, "candidate": "candidate", "phase": "compile_correctness"}
2026-09-07 12:20:45  [TileLang:tilelang.cache.kernel_cache:WARNING] (kernel_cache.py:342): Found kernel 'kernel' in memory cache. For better performance, consider using `@tilelang.jit` instead of direct kernel caching.
{"case": {"B": 1, "SEQ_LEN": 128, "H": 1, "HQ": 32, "D": 64, "S": 1, "block_size": 32, "is_causal": true}, "seed": 417, "status": "PASS", "call_event_ms": {"baseline": [0.011929599940776825, 0.011417599767446518, 0.011468800157308579, 0.011392000317573547], "candidate": [0.011673600226640702, 0.011392000317573547, 0.011417599767446518, 0.011468800157308579]}, "median_ms": {"baseline": 0.011443199962377549, "candidate": 0.011443199962377549}, "baseline_over_candidate": 1.0}
{"case": {"B": 1, "SEQ_LEN": 512, "H": 1, "HQ": 32, "D": 64, "S": 1, "block_size": 32, "is_causal": true}, "candidate": "baseline", "phase": "compile_correctness"}
{"case": {"B": 1, "SEQ_LEN": 512, "H": 1, "HQ": 32, "D": 64, "S": 1, "block_size": 32, "is_causal": true}, "candidate": "candidate", "phase": "compile_correctness"}
2026-09-07 12:20:45  [TileLang:tilelang.cache.kernel_cache:WARNING] (kernel_cache.py:342): Found kernel 'kernel' in memory cache. For better performance, consider using `@tilelang.jit` instead of direct kernel caching.
{"case": {"B": 1, "SEQ_LEN": 512, "H": 1, "HQ": 32, "D": 64, "S": 1, "block_size": 32, "is_causal": true}, "seed": 417, "status": "PASS", "call_event_ms": {"baseline": [0.014105600118637086, 0.014207999408245086, 0.014028799533843995, 0.013465599715709686], "candidate": [0.014233599603176116, 0.014233599603176116, 0.014310400187969207, 0.014259199798107147]}, "median_ms": {"baseline": 0.01406719982624054, "candidate": 0.014246399700641631}, "baseline_over_candidate": 0.9874213921996713}
{"case": {"B": 1, "SEQ_LEN": 1024, "H": 1, "HQ": 32, "D": 64, "S": 1, "block_size": 32, "is_causal": true}, "candidate": "baseline", "phase": "compile_correctness"}
{"case": {"B": 1, "SEQ_LEN": 1024, "H": 1, "HQ": 32, "D": 64, "S": 1, "block_size": 32, "is_causal": true}, "candidate": "candidate", "phase": "compile_correctness"}
2026-09-07 12:20:46  [TileLang:tilelang.jit.kernel:INFO] (kernel.py:129): TileLang begins to compile kernel `kernel` with `out_idx=None`
Traceback (most recent call last):
  File "/root/nsa_20260907_codex/nsa/tests/compare_s1.py", line 108, in <module>
    main()
  File "/root/nsa_20260907_codex/nsa/tests/compare_s1.py", line 85, in main
    mod.run_kernel(q,k,v,idx,outs[name],*args)
  File "/root/nsa_20260907_codex/nsa/probes/probe_nsa066_post_pv_norm.py", line 846, in run_kernel
    kernel = _get_kernel(
             ^^^^^^^^^^^^
  File "/root/nsa_20260907_codex/nsa/probes/probe_nsa066_post_pv_norm.py", line 815, in _get_kernel
    kernel = fn(
             ^^^
  File "/opt/tilelang-metax-v0.1.10/tilelang/jit/__init__.py", line 461, in __call__
    kernel = self.compile(*args, **kwargs)
             ^^^^^^^^^^^^^^^^^^^^^^^^^^^^^
  File "/opt/tilelang-metax-v0.1.10/tilelang/jit/__init__.py", line 391, in compile
    kernel_result = compile(
                    ^^^^^^^^
  File "/opt/tilelang-metax-v0.1.10/tilelang/jit/__init__.py", line 111, in compile
    return cached(
           ^^^^^^^
  File "/opt/tilelang-metax-v0.1.10/tilelang/cache/__init__.py", line 74, in cached
    return _dispatch_map[execution_backend].cached(
           ^^^^^^^^^^^^^^^^^^^^^^^^^^^^^^^^^^^^^^^^
  File "/opt/tilelang-metax-v0.1.10/tilelang/cache/kernel_cache.py", line 365, in cached
    kernel = JITKernel(
             ^^^^^^^^^^
  File "/opt/tilelang-metax-v0.1.10/tilelang/jit/kernel.py", line 132, in __init__
    adapter = self._compile_and_create_adapter(func, out_idx)
              ^^^^^^^^^^^^^^^^^^^^^^^^^^^^^^^^^^^^^^^^^^^^^^^
  File "/opt/tilelang-metax-v0.1.10/tilelang/jit/kernel.py", line 247, in _compile_and_create_adapter
    artifact = tilelang.lower(
               ^^^^^^^^^^^^^^^
  File "/opt/tilelang-metax-v0.1.10/tilelang/engine/lower.py", line 384, in lower
    host_mod, device_mod, params, target, target_host = lower_to_host_device_ir(
                                                        ^^^^^^^^^^^^^^^^^^^^^^^^
  File "/opt/tilelang-metax-v0.1.10/tilelang/engine/lower.py", line 358, in lower_to_host_device_ir
    mod = LowerAndLegalize(mod, target)
          ^^^^^^^^^^^^^^^^^^^^^^^^^^^^^
  File "/opt/tilelang-metax-v0.1.10/tilelang/engine/phase.py", line 206, in LowerAndLegalize
    mod = tilelang.transform.LayoutInference()(mod)
          ^^^^^^^^^^^^^^^^^^^^^^^^^^^^^^^^^^^^^^^^^
  File "/opt/tilelang-metax-v0.1.10/3rdparty/tvm/python/tvm/ir/transform.py", line 171, in __call__
    return _ffi_transform_api.RunPass(self, mod)
           ^^^^^^^^^^^^^^^^^^^^^^^^^^^^^^^^^^^^^
  File "python/tvm_ffi/cython/function.pxi", line 968, in tvm_ffi.core.Function.__call__
tvm.error.InternalError: Layout infer conflict between sm and acc_o in T.Parallel loop:
    loop Fragment((32, 64) -> (16,), replicate: 1, thread: 128, forward_thread: _j // 32 * 64 + _j % 16 // 4 * 16 + _i % 16, forward_index: (_i // 16 * 8 + _j % 32 // 16 * 4 + _j % 4,), thread_range: I.Range(0, 128))
    fragment Fragment((32,) -> (1,), replicate: 4, thread: 128, forward_thread: _i // 16 * 64 + _rep * 16 + _i % 16, forward_index: (0,), thread_range: I.Range(0, 128))

