Loading tilelang libs from dev root: /opt/tilelang-metax-v0.1.10/build
{"case": {"B": 1, "SEQ_LEN": 128, "H": 1, "HQ": 32, "D": 64, "S": 1, "block_size": 32, "is_causal": true}, "candidate": "baseline", "phase": "compile_correctness"}
{"case": {"B": 1, "SEQ_LEN": 128, "H": 1, "HQ": 32, "D": 64, "S": 1, "block_size": 32, "is_causal": true}, "candidate": "candidate", "phase": "compile_correctness"}
2026-09-07 12:00:47  [TileLang:tilelang.cache.kernel_cache:WARNING] (kernel_cache.py:342): Found kernel 'kernel' in memory cache. For better performance, consider using `@tilelang.jit` instead of direct kernel caching.
{"case": {"B": 1, "SEQ_LEN": 128, "H": 1, "HQ": 32, "D": 64, "S": 1, "block_size": 32, "is_causal": true}, "seed": 410, "status": "PASS", "call_event_ms": {"baseline": [0.011699199676513672, 0.011264000087976456, 0.011264000087976456, 0.011315199732780456], "candidate": [0.01154559999704361, 0.011392000317573547, 0.011392000317573547, 0.011392000317573547]}, "median_ms": {"baseline": 0.011289599910378456, "candidate": 0.011392000317573547}, "baseline_over_candidate": 0.9910112004616849}
{"case": {"B": 1, "SEQ_LEN": 512, "H": 1, "HQ": 32, "D": 64, "S": 1, "block_size": 32, "is_causal": true}, "candidate": "baseline", "phase": "compile_correctness"}
{"case": {"B": 1, "SEQ_LEN": 512, "H": 1, "HQ": 32, "D": 64, "S": 1, "block_size": 32, "is_causal": true}, "candidate": "candidate", "phase": "compile_correctness"}
2026-09-07 12:00:47  [TileLang:tilelang.cache.kernel_cache:WARNING] (kernel_cache.py:342): Found kernel 'kernel' in memory cache. For better performance, consider using `@tilelang.jit` instead of direct kernel caching.
{"case": {"B": 1, "SEQ_LEN": 512, "H": 1, "HQ": 32, "D": 64, "S": 1, "block_size": 32, "is_causal": true}, "seed": 410, "status": "PASS", "call_event_ms": {"baseline": [0.014284799993038177, 0.014003199338912965, 0.014079999923706055, 0.013388800621032714], "candidate": [0.014259199798107147, 0.014003199338912965, 0.013952000439167023, 0.013952000439167023]}, "median_ms": {"baseline": 0.01404159963130951, "candidate": 0.013977599889039995}, "baseline_over_candidate": 1.0045787361762801}
{"case": {"B": 1, "SEQ_LEN": 1024, "H": 1, "HQ": 32, "D": 64, "S": 1, "block_size": 32, "is_causal": true}, "candidate": "baseline", "phase": "compile_correctness"}
{"case": {"B": 1, "SEQ_LEN": 1024, "H": 1, "HQ": 32, "D": 64, "S": 1, "block_size": 32, "is_causal": true}, "candidate": "candidate", "phase": "compile_correctness"}
2026-09-07 12:00:47  [TileLang:tilelang.jit.kernel:INFO] (kernel.py:129): TileLang begins to compile kernel `kernel` with `out_idx=None`
2026-09-07 12:00:50  [TileLang:tilelang.jit.kernel:INFO] (kernel.py:137): TileLang completes to compile kernel `kernel`
{"case": {"B": 1, "SEQ_LEN": 1024, "H": 1, "HQ": 32, "D": 64, "S": 1, "block_size": 32, "is_causal": true}, "seed": 410, "status": "PASS", "call_event_ms": {"baseline": [0.027340799570083618, 0.025702399015426636, 0.025600001215934753, 0.025574401021003723], "candidate": [0.01943040043115616, 0.018969599902629853, 0.01963520050048828, 0.018995200097560883]}, "median_ms": {"baseline": 0.025651200115680693, "candidate": 0.019212800264358523}, "baseline_over_candidate": 1.3351099143661}
{"case": {"B": 2, "SEQ_LEN": 512, "H": 1, "HQ": 32, "D": 64, "S": 1, "block_size": 32, "is_causal": true}, "candidate": "baseline", "phase": "compile_correctness"}
{"case": {"B": 2, "SEQ_LEN": 512, "H": 1, "HQ": 32, "D": 64, "S": 1, "block_size": 32, "is_causal": true}, "candidate": "candidate", "phase": "compile_correctness"}
2026-09-07 12:00:51  [TileLang:tilelang.jit.kernel:INFO] (kernel.py:129): TileLang begins to compile kernel `kernel` with `out_idx=None`
2026-09-07 12:00:54  [TileLang:tilelang.jit.kernel:INFO] (kernel.py:137): TileLang completes to compile kernel `kernel`
{"case": {"B": 2, "SEQ_LEN": 512, "H": 1, "HQ": 32, "D": 64, "S": 1, "block_size": 32, "is_causal": true}, "seed": 410, "status": "PASS", "call_event_ms": {"baseline": [0.028313601016998292, 0.027161601185798644, 0.02682879865169525, 0.02677760124206543], "candidate": [0.018969599902629853, 0.018764799833297728, 0.018636800348758698, 0.020761600136756896]}, "median_ms": {"baseline": 0.026995199918746948, "candidate": 0.018867199867963792}, "baseline_over_candidate": 1.430800548447275}
{"case": {"B": 2, "SEQ_LEN": 1024, "H": 1, "HQ": 32, "D": 64, "S": 1, "block_size": 32, "is_causal": true}, "candidate": "baseline", "phase": "compile_correctness"}
{"case": {"B": 2, "SEQ_LEN": 1024, "H": 1, "HQ": 32, "D": 64, "S": 1, "block_size": 32, "is_causal": true}, "candidate": "candidate", "phase": "compile_correctness"}
2026-09-07 12:00:55  [TileLang:tilelang.jit.kernel:INFO] (kernel.py:129): TileLang begins to compile kernel `kernel` with `out_idx=None`
2026-09-07 12:00:58  [TileLang:tilelang.jit.kernel:INFO] (kernel.py:137): TileLang completes to compile kernel `kernel`
{"case": {"B": 2, "SEQ_LEN": 1024, "H": 1, "HQ": 32, "D": 64, "S": 1, "block_size": 32, "is_causal": true}, "seed": 410, "status": "PASS", "call_event_ms": {"baseline": [0.045388799905776975, 0.04451839923858643, 0.04472320079803467, 0.04415999948978424], "candidate": [0.031564798951148984, 0.031718400120735166, 0.03130879998207092, 0.031488001346588135]}, "median_ms": {"baseline": 0.04462080001831055, "candidate": 0.03152640014886856}, "baseline_over_candidate": 1.415347131534519}
{"case": {"B": 4, "SEQ_LEN": 1024, "H": 1, "HQ": 32, "D": 64, "S": 1, "block_size": 32, "is_causal": true}, "candidate": "baseline", "phase": "compile_correctness"}
{"case": {"B": 4, "SEQ_LEN": 1024, "H": 1, "HQ": 32, "D": 64, "S": 1, "block_size": 32, "is_causal": true}, "candidate": "candidate", "phase": "compile_correctness"}
2026-09-07 12:00:59  [TileLang:tilelang.jit.kernel:INFO] (kernel.py:129): TileLang begins to compile kernel `kernel` with `out_idx=None`
2026-09-07 12:01:02  [TileLang:tilelang.jit.kernel:INFO] (kernel.py:137): TileLang completes to compile kernel `kernel`
{"case": {"B": 4, "SEQ_LEN": 1024, "H": 1, "HQ": 32, "D": 64, "S": 1, "block_size": 32, "is_causal": true}, "seed": 410, "status": "PASS", "call_event_ms": {"baseline": [0.0741375982761383, 0.07439360022544861, 0.07313920259475708, 0.07283200025558471], "candidate": [0.054502397775650024, 0.054092800617218016, 0.05434880256652832, 0.05427200198173523]}, "median_ms": {"baseline": 0.0736384004354477, "candidate": 0.054310402274131774}, "baseline_over_candidate": 1.3558802246346446}
{"case": {"B": 8, "SEQ_LEN": 1024, "H": 1, "HQ": 32, "D": 64, "S": 1, "block_size": 32, "is_causal": true}, "candidate": "baseline", "phase": "compile_correctness"}
{"case": {"B": 8, "SEQ_LEN": 1024, "H": 1, "HQ": 32, "D": 64, "S": 1, "block_size": 32, "is_causal": true}, "candidate": "candidate", "phase": "compile_correctness"}
2026-09-07 12:01:03  [TileLang:tilelang.jit.kernel:INFO] (kernel.py:129): TileLang begins to compile kernel `kernel` with `out_idx=None`
2026-09-07 12:01:06  [TileLang:tilelang.jit.kernel:INFO] (kernel.py:137): TileLang completes to compile kernel `kernel`
{"case": {"B": 8, "SEQ_LEN": 1024, "H": 1, "HQ": 32, "D": 64, "S": 1, "block_size": 32, "is_causal": true}, "seed": 410, "status": "PASS", "call_event_ms": {"baseline": [0.12986880540847778, 0.1281280040740967, 0.1282304048538208, 0.12784639596939087], "candidate": [0.10053119659423829, 0.09981439709663391, 0.09994239807128906, 0.09994239807128906]}, "median_ms": {"baseline": 0.12817920446395875, "candidate": 0.09994239807128906}, "baseline_over_candidate": 1.282530807120801}
