Loading tilelang libs from dev root: /opt/tilelang-metax-v0.1.10/build
{"case": {"B": 1, "SEQ_LEN": 128, "H": 1, "HQ": 32, "D": 64, "S": 1, "block_size": 32, "is_causal": true}, "candidate": "baseline", "phase": "compile_correctness"}
{"case": {"B": 1, "SEQ_LEN": 128, "H": 1, "HQ": 32, "D": 64, "S": 1, "block_size": 32, "is_causal": true}, "candidate": "candidate", "phase": "compile_correctness"}
2026-09-07 12:18:05  [TileLang:tilelang.cache.kernel_cache:WARNING] (kernel_cache.py:342): Found kernel 'kernel' in memory cache. For better performance, consider using `@tilelang.jit` instead of direct kernel caching.
{"case": {"B": 1, "SEQ_LEN": 128, "H": 1, "HQ": 32, "D": 64, "S": 1, "block_size": 32, "is_causal": true}, "seed": 416, "status": "PASS", "call_event_ms": {"baseline": [0.012108799815177918, 0.011315199732780456, 0.011289600282907486, 0.011212799698114395], "candidate": [0.01231359988451004, 0.011366400122642516, 0.011340799927711486, 0.011264000087976456]}, "median_ms": {"baseline": 0.011302400007843971, "candidate": 0.011353600025177001}, "baseline_over_candidate": 0.99549041561976}
{"case": {"B": 1, "SEQ_LEN": 512, "H": 1, "HQ": 32, "D": 64, "S": 1, "block_size": 32, "is_causal": true}, "candidate": "baseline", "phase": "compile_correctness"}
{"case": {"B": 1, "SEQ_LEN": 512, "H": 1, "HQ": 32, "D": 64, "S": 1, "block_size": 32, "is_causal": true}, "candidate": "candidate", "phase": "compile_correctness"}
2026-09-07 12:18:05  [TileLang:tilelang.cache.kernel_cache:WARNING] (kernel_cache.py:342): Found kernel 'kernel' in memory cache. For better performance, consider using `@tilelang.jit` instead of direct kernel caching.
{"case": {"B": 1, "SEQ_LEN": 512, "H": 1, "HQ": 32, "D": 64, "S": 1, "block_size": 32, "is_causal": true}, "seed": 416, "status": "PASS", "call_event_ms": {"baseline": [0.014233599603176116, 0.014003199338912965, 0.014003199338912965, 0.013337600231170654], "candidate": [0.014207999408245086, 0.014054399728775025, 0.014028799533843995, 0.014079999923706055]}, "median_ms": {"baseline": 0.014003199338912965, "candidate": 0.01406719982624054}, "baseline_over_candidate": 0.9954503747641239}
{"case": {"B": 1, "SEQ_LEN": 1024, "H": 1, "HQ": 32, "D": 64, "S": 1, "block_size": 32, "is_causal": true}, "candidate": "baseline", "phase": "compile_correctness"}
{"case": {"B": 1, "SEQ_LEN": 1024, "H": 1, "HQ": 32, "D": 64, "S": 1, "block_size": 32, "is_causal": true}, "candidate": "candidate", "phase": "compile_correctness"}
2026-09-07 12:18:05  [TileLang:tilelang.jit.kernel:INFO] (kernel.py:129): TileLang begins to compile kernel `kernel` with `out_idx=None`
2026-09-07 12:18:09  [TileLang:tilelang.jit.kernel:INFO] (kernel.py:137): TileLang completes to compile kernel `kernel`
{"case": {"B": 1, "SEQ_LEN": 1024, "H": 1, "HQ": 32, "D": 64, "S": 1, "block_size": 32, "is_causal": true}, "seed": 416, "status": "PASS", "call_event_ms": {"baseline": [0.027008000016212463, 0.025856000185012818, 0.025830399990081788, 0.025600001215934753], "candidate": [0.019174399971961974, 0.019148799777030944, 0.018943999707698823, 0.018892799317836762]}, "median_ms": {"baseline": 0.025843200087547303, "candidate": 0.019046399742364883}, "baseline_over_candidate": 1.3568548616599863}
{"case": {"B": 2, "SEQ_LEN": 512, "H": 1, "HQ": 32, "D": 64, "S": 1, "block_size": 32, "is_causal": true}, "candidate": "baseline", "phase": "compile_correctness"}
{"case": {"B": 2, "SEQ_LEN": 512, "H": 1, "HQ": 32, "D": 64, "S": 1, "block_size": 32, "is_causal": true}, "candidate": "candidate", "phase": "compile_correctness"}
2026-09-07 12:18:10  [TileLang:tilelang.jit.kernel:INFO] (kernel.py:129): TileLang begins to compile kernel `kernel` with `out_idx=None`
2026-09-07 12:18:13  [TileLang:tilelang.jit.kernel:INFO] (kernel.py:137): TileLang completes to compile kernel `kernel`
{"case": {"B": 2, "SEQ_LEN": 512, "H": 1, "HQ": 32, "D": 64, "S": 1, "block_size": 32, "is_causal": true}, "seed": 416, "status": "PASS", "call_event_ms": {"baseline": [0.02808319926261902, 0.026470398902893065, 0.026342400908470155, 0.026368001103401185], "candidate": [0.019123199582099914, 0.019020800292491914, 0.021222400665283202, 0.01881600022315979]}, "median_ms": {"baseline": 0.026419200003147125, "candidate": 0.019071999937295914}, "baseline_over_candidate": 1.3852349040481866}
{"case": {"B": 2, "SEQ_LEN": 1024, "H": 1, "HQ": 32, "D": 64, "S": 1, "block_size": 32, "is_causal": true}, "candidate": "baseline", "phase": "compile_correctness"}
{"case": {"B": 2, "SEQ_LEN": 1024, "H": 1, "HQ": 32, "D": 64, "S": 1, "block_size": 32, "is_causal": true}, "candidate": "candidate", "phase": "compile_correctness"}
2026-09-07 12:18:14  [TileLang:tilelang.jit.kernel:INFO] (kernel.py:129): TileLang begins to compile kernel `kernel` with `out_idx=None`
2026-09-07 12:18:17  [TileLang:tilelang.jit.kernel:INFO] (kernel.py:137): TileLang completes to compile kernel `kernel`
{"case": {"B": 2, "SEQ_LEN": 1024, "H": 1, "HQ": 32, "D": 64, "S": 1, "block_size": 32, "is_causal": true}, "seed": 416, "status": "PASS", "call_event_ms": {"baseline": [0.04618239998817444, 0.04462080001831055, 0.045132800936698914, 0.04480000138282776], "candidate": [0.03187200129032135, 0.03407360017299652, 0.031744000315666196, 0.031411200761795044]}, "median_ms": {"baseline": 0.04496640115976334, "candidate": 0.03180800080299377}, "baseline_over_candidate": 1.4136820933282641}
{"case": {"B": 4, "SEQ_LEN": 1024, "H": 1, "HQ": 32, "D": 64, "S": 1, "block_size": 32, "is_causal": true}, "candidate": "baseline", "phase": "compile_correctness"}
{"case": {"B": 4, "SEQ_LEN": 1024, "H": 1, "HQ": 32, "D": 64, "S": 1, "block_size": 32, "is_causal": true}, "candidate": "candidate", "phase": "compile_correctness"}
2026-09-07 12:18:18  [TileLang:tilelang.jit.kernel:INFO] (kernel.py:129): TileLang begins to compile kernel `kernel` with `out_idx=None`
2026-09-07 12:18:21  [TileLang:tilelang.jit.kernel:INFO] (kernel.py:137): TileLang completes to compile kernel `kernel`
{"case": {"B": 4, "SEQ_LEN": 1024, "H": 1, "HQ": 32, "D": 64, "S": 1, "block_size": 32, "is_causal": true}, "seed": 416, "status": "PASS", "call_event_ms": {"baseline": [0.07423999905586243, 0.07252479791641235, 0.07262719869613647, 0.07249919772148132], "candidate": [0.05422080159187317, 0.05375999808311462, 0.05432320237159729, 0.05422080159187317]}, "median_ms": {"baseline": 0.07257599830627441, "candidate": 0.05422080159187317}, "baseline_over_candidate": 1.3385268416458158}
{"case": {"B": 8, "SEQ_LEN": 1024, "H": 1, "HQ": 32, "D": 64, "S": 1, "block_size": 32, "is_causal": true}, "candidate": "baseline", "phase": "compile_correctness"}
{"case": {"B": 8, "SEQ_LEN": 1024, "H": 1, "HQ": 32, "D": 64, "S": 1, "block_size": 32, "is_causal": true}, "candidate": "candidate", "phase": "compile_correctness"}
2026-09-07 12:18:22  [TileLang:tilelang.jit.kernel:INFO] (kernel.py:129): TileLang begins to compile kernel `kernel` with `out_idx=None`
2026-09-07 12:18:25  [TileLang:tilelang.jit.kernel:INFO] (kernel.py:137): TileLang completes to compile kernel `kernel`
{"case": {"B": 8, "SEQ_LEN": 1024, "H": 1, "HQ": 32, "D": 64, "S": 1, "block_size": 32, "is_causal": true}, "seed": 416, "status": "PASS", "call_event_ms": {"baseline": [0.1307136058807373, 0.1285375952720642, 0.12799999713897706, 0.12848639488220215], "candidate": [0.10114560127258301, 0.10088959932327271, 0.10088959932327271, 0.10060800313949585]}, "median_ms": {"baseline": 0.12851199507713318, "candidate": 0.10088959932327271}, "baseline_over_candidate": 1.2737883383335895}
