Loading tilelang libs from dev root: /opt/tilelang-metax-v0.1.10/build
{"case": {"B": 1, "SEQ_LEN": 128, "H": 1, "HQ": 32, "D": 64, "S": 1, "block_size": 32, "is_causal": true}, "candidate": "baseline", "phase": "compile_correctness"}
2026-09-07 11:50:37  [TileLang:tilelang.jit.kernel:INFO] (kernel.py:129): TileLang begins to compile kernel `kernel` with `out_idx=None`
2026-09-07 11:50:41  [TileLang:tilelang.jit.kernel:INFO] (kernel.py:137): TileLang completes to compile kernel `kernel`
{"case": {"B": 1, "SEQ_LEN": 128, "H": 1, "HQ": 32, "D": 64, "S": 1, "block_size": 32, "is_causal": true}, "candidate": "candidate", "phase": "compile_correctness"}
2026-09-07 11:50:41  [TileLang:tilelang.cache.kernel_cache:WARNING] (kernel_cache.py:342): Found kernel 'kernel' in memory cache. For better performance, consider using `@tilelang.jit` instead of direct kernel caching.
{"case": {"B": 1, "SEQ_LEN": 128, "H": 1, "HQ": 32, "D": 64, "S": 1, "block_size": 32, "is_causal": true}, "seed": 406, "status": "PASS", "call_event_ms": {"baseline": [0.012390399724245072, 0.011443199962377549, 0.011468800157308579, 0.011417599767446518], "candidate": [0.011648000031709672, 0.011366400122642516, 0.013542400300502777, 0.011417599767446518]}, "median_ms": {"baseline": 0.011456000059843064, "candidate": 0.011532799899578096}, "baseline_over_candidate": 0.9933407463578865}
{"case": {"B": 1, "SEQ_LEN": 512, "H": 1, "HQ": 32, "D": 64, "S": 1, "block_size": 32, "is_causal": true}, "candidate": "baseline", "phase": "compile_correctness"}
2026-09-07 11:50:41  [TileLang:tilelang.jit.kernel:INFO] (kernel.py:129): TileLang begins to compile kernel `kernel` with `out_idx=None`
2026-09-07 11:50:45  [TileLang:tilelang.jit.kernel:INFO] (kernel.py:137): TileLang completes to compile kernel `kernel`
{"case": {"B": 1, "SEQ_LEN": 512, "H": 1, "HQ": 32, "D": 64, "S": 1, "block_size": 32, "is_causal": true}, "candidate": "candidate", "phase": "compile_correctness"}
2026-09-07 11:50:45  [TileLang:tilelang.cache.kernel_cache:WARNING] (kernel_cache.py:342): Found kernel 'kernel' in memory cache. For better performance, consider using `@tilelang.jit` instead of direct kernel caching.
{"case": {"B": 1, "SEQ_LEN": 512, "H": 1, "HQ": 32, "D": 64, "S": 1, "block_size": 32, "is_causal": true}, "seed": 406, "status": "PASS", "call_event_ms": {"baseline": [0.01454080045223236, 0.013977600634098053, 0.014079999923706055, 0.013286399841308593], "candidate": [0.014131200313568116, 0.013952000439167023, 0.014156800508499146, 0.014079999923706055]}, "median_ms": {"baseline": 0.014028800278902055, "candidate": 0.014105600118637086}, "baseline_over_candidate": 0.9945553653095867}
{"case": {"B": 1, "SEQ_LEN": 1024, "H": 1, "HQ": 32, "D": 64, "S": 1, "block_size": 32, "is_causal": true}, "candidate": "baseline", "phase": "compile_correctness"}
2026-09-07 11:50:45  [TileLang:tilelang.jit.kernel:INFO] (kernel.py:129): TileLang begins to compile kernel `kernel` with `out_idx=None`
2026-09-07 11:50:49  [TileLang:tilelang.jit.kernel:INFO] (kernel.py:137): TileLang completes to compile kernel `kernel`
{"case": {"B": 1, "SEQ_LEN": 1024, "H": 1, "HQ": 32, "D": 64, "S": 1, "block_size": 32, "is_causal": true}, "candidate": "candidate", "phase": "compile_correctness"}
2026-09-07 11:50:49  [TileLang:tilelang.jit.kernel:INFO] (kernel.py:129): TileLang begins to compile kernel `kernel` with `out_idx=None`
2026-09-07 11:50:52  [TileLang:tilelang.jit.kernel:INFO] (kernel.py:137): TileLang completes to compile kernel `kernel`
{"case": {"B": 1, "SEQ_LEN": 1024, "H": 1, "HQ": 32, "D": 64, "S": 1, "block_size": 32, "is_causal": true}, "seed": 406, "status": "PASS", "call_event_ms": {"baseline": [0.020735999941825865, 0.019200000166893005, 0.01935359984636307, 0.019097599387168884], "candidate": [0.018918399512767792, 0.018662400543689728, 0.018432000279426576, 0.018688000738620758]}, "median_ms": {"baseline": 0.019276800006628035, "candidate": 0.018675200641155243}, "baseline_over_candidate": 1.0322138100164249}
{"case": {"B": 2, "SEQ_LEN": 512, "H": 1, "HQ": 32, "D": 64, "S": 1, "block_size": 32, "is_causal": true}, "candidate": "baseline", "phase": "compile_correctness"}
{"case": {"B": 2, "SEQ_LEN": 512, "H": 1, "HQ": 32, "D": 64, "S": 1, "block_size": 32, "is_causal": true}, "candidate": "candidate", "phase": "compile_correctness"}
{"case": {"B": 2, "SEQ_LEN": 512, "H": 1, "HQ": 32, "D": 64, "S": 1, "block_size": 32, "is_causal": true}, "seed": 406, "status": "PASS", "call_event_ms": {"baseline": [0.019814400374889372, 0.01940480023622513, 0.019200000166893005, 0.019200000166893005], "candidate": [0.018688000738620758, 0.018534399569034576, 0.018432000279426576, 0.018457600474357606]}, "median_ms": {"baseline": 0.019302400201559065, "candidate": 0.01849600002169609}, "baseline_over_candidate": 1.0435986255902387}
{"case": {"B": 2, "SEQ_LEN": 1024, "H": 1, "HQ": 32, "D": 64, "S": 1, "block_size": 32, "is_causal": true}, "candidate": "baseline", "phase": "compile_correctness"}
2026-09-07 11:50:53  [TileLang:tilelang.jit.kernel:INFO] (kernel.py:129): TileLang begins to compile kernel `kernel` with `out_idx=None`
2026-09-07 11:50:57  [TileLang:tilelang.jit.kernel:INFO] (kernel.py:137): TileLang completes to compile kernel `kernel`
{"case": {"B": 2, "SEQ_LEN": 1024, "H": 1, "HQ": 32, "D": 64, "S": 1, "block_size": 32, "is_causal": true}, "candidate": "candidate", "phase": "compile_correctness"}
2026-09-07 11:50:57  [TileLang:tilelang.jit.kernel:INFO] (kernel.py:129): TileLang begins to compile kernel `kernel` with `out_idx=None`
2026-09-07 11:51:01  [TileLang:tilelang.jit.kernel:INFO] (kernel.py:137): TileLang completes to compile kernel `kernel`
{"case": {"B": 2, "SEQ_LEN": 1024, "H": 1, "HQ": 32, "D": 64, "S": 1, "block_size": 32, "is_causal": true}, "seed": 406, "status": "PASS", "call_event_ms": {"baseline": [0.03540480136871338, 0.03351039886474609, 0.03351039886474609, 0.033024001121521], "candidate": [0.03187200129032135, 0.03130879998207092, 0.032153600454330446, 0.031513598561286923]}, "median_ms": {"baseline": 0.03351039886474609, "candidate": 0.031692799925804135}, "baseline_over_candidate": 1.0573505320829062}
{"case": {"B": 4, "SEQ_LEN": 1024, "H": 1, "HQ": 32, "D": 64, "S": 1, "block_size": 32, "is_causal": true}, "candidate": "baseline", "phase": "compile_correctness"}
2026-09-07 11:51:01  [TileLang:tilelang.jit.kernel:INFO] (kernel.py:129): TileLang begins to compile kernel `kernel` with `out_idx=None`
2026-09-07 11:51:05  [TileLang:tilelang.jit.kernel:INFO] (kernel.py:137): TileLang completes to compile kernel `kernel`
{"case": {"B": 4, "SEQ_LEN": 1024, "H": 1, "HQ": 32, "D": 64, "S": 1, "block_size": 32, "is_causal": true}, "candidate": "candidate", "phase": "compile_correctness"}
2026-09-07 11:51:05  [TileLang:tilelang.jit.kernel:INFO] (kernel.py:129): TileLang begins to compile kernel `kernel` with `out_idx=None`
2026-09-07 11:51:08  [TileLang:tilelang.jit.kernel:INFO] (kernel.py:137): TileLang completes to compile kernel `kernel`
{"case": {"B": 4, "SEQ_LEN": 1024, "H": 1, "HQ": 32, "D": 64, "S": 1, "block_size": 32, "is_causal": true}, "seed": 406, "status": "PASS", "call_event_ms": {"baseline": [0.058956801891326904, 0.05611519813537598, 0.05616639852523804, 0.05626879930496216], "candidate": [0.053887999057769774, 0.054092800617218016, 0.053504002094268796, 0.05375999808311462]}, "median_ms": {"baseline": 0.0562175989151001, "candidate": 0.0538239985704422}, "baseline_over_candidate": 1.044470875598833}
{"case": {"B": 8, "SEQ_LEN": 1024, "H": 1, "HQ": 32, "D": 64, "S": 1, "block_size": 32, "is_causal": true}, "candidate": "baseline", "phase": "compile_correctness"}
2026-09-07 11:51:09  [TileLang:tilelang.jit.kernel:INFO] (kernel.py:129): TileLang begins to compile kernel `kernel` with `out_idx=None`
2026-09-07 11:51:12  [TileLang:tilelang.jit.kernel:INFO] (kernel.py:137): TileLang completes to compile kernel `kernel`
{"case": {"B": 8, "SEQ_LEN": 1024, "H": 1, "HQ": 32, "D": 64, "S": 1, "block_size": 32, "is_causal": true}, "candidate": "candidate", "phase": "compile_correctness"}
2026-09-07 11:51:13  [TileLang:tilelang.jit.kernel:INFO] (kernel.py:129): TileLang begins to compile kernel `kernel` with `out_idx=None`
2026-09-07 11:51:16  [TileLang:tilelang.jit.kernel:INFO] (kernel.py:137): TileLang completes to compile kernel `kernel`
{"case": {"B": 8, "SEQ_LEN": 1024, "H": 1, "HQ": 32, "D": 64, "S": 1, "block_size": 32, "is_causal": true}, "seed": 406, "status": "PASS", "call_event_ms": {"baseline": [0.10716160535812377, 0.10557440519332886, 0.10606080293655396, 0.10593279600143432], "candidate": [0.10032639503479004, 0.10071040391921997, 0.10001920461654663, 0.10019840002059936]}, "median_ms": {"baseline": 0.10599679946899414, "candidate": 0.1002623975276947}, "baseline_over_candidate": 1.0571939439181621}
