Loading tilelang libs from dev root: /opt/tilelang-metax-v0.1.10/build
{"case": {"B": 1, "SEQ_LEN": 128, "H": 1, "HQ": 32, "D": 64, "S": 1, "block_size": 32, "is_causal": true}, "candidate": "baseline", "phase": "compile_correctness"}
{"case": {"B": 1, "SEQ_LEN": 128, "H": 1, "HQ": 32, "D": 64, "S": 1, "block_size": 32, "is_causal": true}, "candidate": "candidate", "phase": "compile_correctness"}
2026-09-07 12:22:40  [TileLang:tilelang.cache.kernel_cache:WARNING] (kernel_cache.py:342): Found kernel 'kernel' in memory cache. For better performance, consider using `@tilelang.jit` instead of direct kernel caching.
{"case": {"B": 1, "SEQ_LEN": 128, "H": 1, "HQ": 32, "D": 64, "S": 1, "block_size": 32, "is_causal": true}, "seed": 418, "status": "PASS", "call_event_ms": {"baseline": [0.01377280056476593, 0.011187200248241425, 0.011212799698114395, 0.011238399893045425], "candidate": [0.011494400352239609, 0.011212799698114395, 0.011161600053310395, 0.011289600282907486]}, "median_ms": {"baseline": 0.01122559979557991, "candidate": 0.01125119999051094}, "baseline_over_candidate": 0.9977246698172088}
{"case": {"B": 1, "SEQ_LEN": 512, "H": 1, "HQ": 32, "D": 64, "S": 1, "block_size": 32, "is_causal": true}, "candidate": "baseline", "phase": "compile_correctness"}
{"case": {"B": 1, "SEQ_LEN": 512, "H": 1, "HQ": 32, "D": 64, "S": 1, "block_size": 32, "is_causal": true}, "candidate": "candidate", "phase": "compile_correctness"}
2026-09-07 12:22:40  [TileLang:tilelang.cache.kernel_cache:WARNING] (kernel_cache.py:342): Found kernel 'kernel' in memory cache. For better performance, consider using `@tilelang.jit` instead of direct kernel caching.
{"case": {"B": 1, "SEQ_LEN": 512, "H": 1, "HQ": 32, "D": 64, "S": 1, "block_size": 32, "is_causal": true}, "seed": 418, "status": "PASS", "call_event_ms": {"baseline": [0.014233599603176116, 0.014105600118637086, 0.013849599659442902, 0.013312000036239623], "candidate": [0.014003199338912965, 0.013952000439167023, 0.013900800049304963, 0.013926400244235993]}, "median_ms": {"baseline": 0.013977599889039995, "candidate": 0.013939200341701508}, "baseline_over_candidate": 1.0027547883951138}
{"case": {"B": 1, "SEQ_LEN": 1024, "H": 1, "HQ": 32, "D": 64, "S": 1, "block_size": 32, "is_causal": true}, "candidate": "baseline", "phase": "compile_correctness"}
{"case": {"B": 1, "SEQ_LEN": 1024, "H": 1, "HQ": 32, "D": 64, "S": 1, "block_size": 32, "is_causal": true}, "candidate": "candidate", "phase": "compile_correctness"}
2026-09-07 12:22:40  [TileLang:tilelang.jit.kernel:INFO] (kernel.py:129): TileLang begins to compile kernel `kernel` with `out_idx=None`
2026-09-07 12:22:44  [TileLang:tilelang.jit.kernel:INFO] (kernel.py:137): TileLang completes to compile kernel `kernel`
{"case": {"B": 1, "SEQ_LEN": 1024, "H": 1, "HQ": 32, "D": 64, "S": 1, "block_size": 32, "is_causal": true}, "seed": 418, "status": "PASS", "call_event_ms": {"baseline": [0.02739199995994568, 0.025804799795150758, 0.025676798820495606, 0.026060798764228822], "candidate": [0.01963520050048828, 0.019225600361824035, 0.019123199582099914, 0.01935359984636307]}, "median_ms": {"baseline": 0.02593279927968979, "candidate": 0.01928960010409355}, "baseline_over_candidate": 1.3443927888472116}
{"case": {"B": 2, "SEQ_LEN": 512, "H": 1, "HQ": 32, "D": 64, "S": 1, "block_size": 32, "is_causal": true}, "candidate": "baseline", "phase": "compile_correctness"}
{"case": {"B": 2, "SEQ_LEN": 512, "H": 1, "HQ": 32, "D": 64, "S": 1, "block_size": 32, "is_causal": true}, "candidate": "candidate", "phase": "compile_correctness"}
2026-09-07 12:22:45  [TileLang:tilelang.jit.kernel:INFO] (kernel.py:129): TileLang begins to compile kernel `kernel` with `out_idx=None`
2026-09-07 12:22:48  [TileLang:tilelang.jit.kernel:INFO] (kernel.py:137): TileLang completes to compile kernel `kernel`
{"case": {"B": 2, "SEQ_LEN": 512, "H": 1, "HQ": 32, "D": 64, "S": 1, "block_size": 32, "is_causal": true}, "seed": 418, "status": "PASS", "call_event_ms": {"baseline": [0.02821120023727417, 0.026368001103401185, 0.026342400908470155, 0.026470398902893065], "candidate": [0.019763199985027312, 0.01932799965143204, 0.019276799261569978, 0.019123199582099914]}, "median_ms": {"baseline": 0.026419200003147125, "candidate": 0.01930239945650101}, "baseline_over_candidate": 1.3687003039536203}
{"case": {"B": 2, "SEQ_LEN": 1024, "H": 1, "HQ": 32, "D": 64, "S": 1, "block_size": 32, "is_causal": true}, "candidate": "baseline", "phase": "compile_correctness"}
{"case": {"B": 2, "SEQ_LEN": 1024, "H": 1, "HQ": 32, "D": 64, "S": 1, "block_size": 32, "is_causal": true}, "candidate": "candidate", "phase": "compile_correctness"}
2026-09-07 12:22:49  [TileLang:tilelang.jit.kernel:INFO] (kernel.py:129): TileLang begins to compile kernel `kernel` with `out_idx=None`
2026-09-07 12:22:52  [TileLang:tilelang.jit.kernel:INFO] (kernel.py:137): TileLang completes to compile kernel `kernel`
{"case": {"B": 2, "SEQ_LEN": 1024, "H": 1, "HQ": 32, "D": 64, "S": 1, "block_size": 32, "is_causal": true}, "seed": 418, "status": "PASS", "call_event_ms": {"baseline": [0.046412798762321475, 0.04462080001831055, 0.0442111998796463, 0.04446719884872437], "candidate": [0.032358399033546446, 0.03225600123405457, 0.032204800844192506, 0.03182080090045929]}, "median_ms": {"baseline": 0.04454399943351746, "candidate": 0.03223040103912354}, "baseline_over_candidate": 1.3820491832989235}
{"case": {"B": 4, "SEQ_LEN": 1024, "H": 1, "HQ": 32, "D": 64, "S": 1, "block_size": 32, "is_causal": true}, "candidate": "baseline", "phase": "compile_correctness"}
{"case": {"B": 4, "SEQ_LEN": 1024, "H": 1, "HQ": 32, "D": 64, "S": 1, "block_size": 32, "is_causal": true}, "candidate": "candidate", "phase": "compile_correctness"}
2026-09-07 12:22:53  [TileLang:tilelang.jit.kernel:INFO] (kernel.py:129): TileLang begins to compile kernel `kernel` with `out_idx=None`
2026-09-07 12:22:56  [TileLang:tilelang.jit.kernel:INFO] (kernel.py:137): TileLang completes to compile kernel `kernel`
{"case": {"B": 4, "SEQ_LEN": 1024, "H": 1, "HQ": 32, "D": 64, "S": 1, "block_size": 32, "is_causal": true}, "seed": 418, "status": "PASS", "call_event_ms": {"baseline": [0.07429119944572449, 0.07311360239982605, 0.07280640006065368, 0.07275519967079162], "candidate": [0.055219197273254396, 0.05486080050468445, 0.055219197273254396, 0.05506560206413269]}, "median_ms": {"baseline": 0.07296000123023987, "candidate": 0.05514239966869354}, "baseline_over_candidate": 1.3231198074185746}
{"case": {"B": 8, "SEQ_LEN": 1024, "H": 1, "HQ": 32, "D": 64, "S": 1, "block_size": 32, "is_causal": true}, "candidate": "baseline", "phase": "compile_correctness"}
{"case": {"B": 8, "SEQ_LEN": 1024, "H": 1, "HQ": 32, "D": 64, "S": 1, "block_size": 32, "is_causal": true}, "candidate": "candidate", "phase": "compile_correctness"}
2026-09-07 12:22:57  [TileLang:tilelang.jit.kernel:INFO] (kernel.py:129): TileLang begins to compile kernel `kernel` with `out_idx=None`
2026-09-07 12:23:01  [TileLang:tilelang.jit.kernel:INFO] (kernel.py:137): TileLang completes to compile kernel `kernel`
{"case": {"B": 8, "SEQ_LEN": 1024, "H": 1, "HQ": 32, "D": 64, "S": 1, "block_size": 32, "is_causal": true}, "seed": 418, "status": "PASS", "call_event_ms": {"baseline": [0.12992000579833984, 0.12858879566192627, 0.12774399518966675, 0.1278720021247864], "candidate": [0.10347520112991333, 0.1038591980934143, 0.10332159996032715, 0.10362880229949951]}, "median_ms": {"baseline": 0.12823039889335633, "candidate": 0.10355200171470642}, "baseline_over_candidate": 1.2383188810453007}
