Loading tilelang libs from dev root: /opt/tilelang-metax-v0.1.10/build
{"case": {"B": 1, "SEQ_LEN": 256, "H": 1, "HQ": 16, "D": 64, "S": 2, "block_size": 16, "is_causal": true}, "candidate": "baseline", "phase": "compile_correctness"}
{"case": {"B": 1, "SEQ_LEN": 256, "H": 1, "HQ": 16, "D": 64, "S": 2, "block_size": 16, "is_causal": true}, "candidate": "candidate", "phase": "compile_correctness"}
2026-09-07 11:01:10  [TileLang:tilelang.cache.kernel_cache:WARNING] (kernel_cache.py:342): Found kernel 'kernel' in memory cache. For better performance, consider using `@tilelang.jit` instead of direct kernel caching.
{"case": {"B": 1, "SEQ_LEN": 256, "H": 1, "HQ": 16, "D": 64, "S": 2, "block_size": 16, "is_causal": true}, "seed": 383, "status": "PASS", "call_event_ms": {"baseline": [0.014847999811172486, 0.011776000261306763, 0.011852800101041793, 0.011827199906110763], "candidate": [0.012492799758911132, 0.011980800330638886, 0.011929599940776825, 0.011776000261306763]}, "median_ms": {"baseline": 0.011840000003576278, "candidate": 0.011955200135707856}, "baseline_over_candidate": 0.9903640147530867}
{"case": {"B": 2, "SEQ_LEN": 512, "H": 1, "HQ": 16, "D": 64, "S": 2, "block_size": 16, "is_causal": true}, "candidate": "baseline", "phase": "compile_correctness"}
{"case": {"B": 2, "SEQ_LEN": 512, "H": 1, "HQ": 16, "D": 64, "S": 2, "block_size": 16, "is_causal": true}, "candidate": "candidate", "phase": "compile_correctness"}
{"case": {"B": 2, "SEQ_LEN": 512, "H": 1, "HQ": 16, "D": 64, "S": 2, "block_size": 16, "is_causal": true}, "seed": 383, "status": "PASS", "call_event_ms": {"baseline": [0.01295360028743744, 0.012697599828243256, 0.01454080045223236, 0.012544000148773193], "candidate": [0.014105600118637086, 0.013619199395179749, 0.0137472003698349, 0.013644799590110779]}, "median_ms": {"baseline": 0.012825600057840347, "candidate": 0.01369599997997284}, "baseline_over_candidate": 0.9364486037233318}
{"case": {"B": 4, "SEQ_LEN": 1024, "H": 1, "HQ": 16, "D": 64, "S": 2, "block_size": 16, "is_causal": true}, "candidate": "baseline", "phase": "compile_correctness"}
{"case": {"B": 4, "SEQ_LEN": 1024, "H": 1, "HQ": 16, "D": 64, "S": 2, "block_size": 16, "is_causal": true}, "candidate": "candidate", "phase": "compile_correctness"}
{"case": {"B": 4, "SEQ_LEN": 1024, "H": 1, "HQ": 16, "D": 64, "S": 2, "block_size": 16, "is_causal": true}, "seed": 383, "status": "PASS", "call_event_ms": {"baseline": [0.03627519905567169, 0.03568640053272247, 0.03558399975299835, 0.0357120007276535], "candidate": [0.03640320003032684, 0.03622399866580963, 0.03617280125617981, 0.03612160086631775]}, "median_ms": {"baseline": 0.035699200630187986, "candidate": 0.03619839996099472}, "baseline_over_candidate": 0.9862093536911951}
{"case": {"B": 1, "SEQ_LEN": 256, "H": 1, "HQ": 16, "D": 64, "S": 4, "block_size": 16, "is_causal": true}, "candidate": "baseline", "phase": "compile_correctness"}
{"case": {"B": 1, "SEQ_LEN": 256, "H": 1, "HQ": 16, "D": 64, "S": 4, "block_size": 16, "is_causal": true}, "candidate": "candidate", "phase": "compile_correctness"}
2026-09-07 11:01:10  [TileLang:tilelang.cache.kernel_cache:WARNING] (kernel_cache.py:342): Found kernel 'kernel' in memory cache. For better performance, consider using `@tilelang.jit` instead of direct kernel caching.
{"case": {"B": 1, "SEQ_LEN": 256, "H": 1, "HQ": 16, "D": 64, "S": 4, "block_size": 16, "is_causal": true}, "seed": 383, "status": "PASS", "call_event_ms": {"baseline": [0.015846399962902068, 0.015744000673294067, 0.016102400422096253, 0.015692800283432007], "candidate": [0.015795199573040007, 0.015769599378108977, 0.015795199573040007, 0.015692800283432007]}, "median_ms": {"baseline": 0.015795200318098068, "candidate": 0.015782399475574492}, "baseline_over_candidate": 1.0008110834188038}
{"case": {"B": 2, "SEQ_LEN": 512, "H": 1, "HQ": 16, "D": 64, "S": 4, "block_size": 16, "is_causal": true}, "candidate": "baseline", "phase": "compile_correctness"}
{"case": {"B": 2, "SEQ_LEN": 512, "H": 1, "HQ": 16, "D": 64, "S": 4, "block_size": 16, "is_causal": true}, "candidate": "candidate", "phase": "compile_correctness"}
{"case": {"B": 2, "SEQ_LEN": 512, "H": 1, "HQ": 16, "D": 64, "S": 4, "block_size": 16, "is_causal": true}, "seed": 383, "status": "PASS", "call_event_ms": {"baseline": [0.020275199413299562, 0.019942399859428406, 0.01971199959516525, 0.019993600249290467], "candidate": [0.01950719952583313, 0.01932799965143204, 0.019276799261569978, 0.019225600361824035]}, "median_ms": {"baseline": 0.019968000054359437, "candidate": 0.01930239945650101}, "baseline_over_candidate": 1.034482790564893}
{"case": {"B": 4, "SEQ_LEN": 1024, "H": 1, "HQ": 16, "D": 64, "S": 4, "block_size": 16, "is_causal": true}, "candidate": "baseline", "phase": "compile_correctness"}
{"case": {"B": 4, "SEQ_LEN": 1024, "H": 1, "HQ": 16, "D": 64, "S": 4, "block_size": 16, "is_causal": true}, "candidate": "candidate", "phase": "compile_correctness"}
{"case": {"B": 4, "SEQ_LEN": 1024, "H": 1, "HQ": 16, "D": 64, "S": 4, "block_size": 16, "is_causal": true}, "seed": 383, "status": "PASS", "call_event_ms": {"baseline": [0.06287360191345215, 0.06223359704017639, 0.062438398599624634, 0.062412798404693604], "candidate": [0.05800960063934326, 0.05780479907989502, 0.057548797130584715, 0.05777919888496399]}, "median_ms": {"baseline": 0.06242559850215912, "candidate": 0.0577919989824295}, "baseline_over_candidate": 1.0801771802553217}
{"case": {"B": 1, "SEQ_LEN": 256, "H": 1, "HQ": 16, "D": 64, "S": 8, "block_size": 16, "is_causal": true}, "candidate": "baseline", "phase": "compile_correctness"}
{"case": {"B": 1, "SEQ_LEN": 256, "H": 1, "HQ": 16, "D": 64, "S": 8, "block_size": 16, "is_causal": true}, "candidate": "candidate", "phase": "compile_correctness"}
2026-09-07 11:01:11  [TileLang:tilelang.cache.kernel_cache:WARNING] (kernel_cache.py:342): Found kernel 'kernel' in memory cache. For better performance, consider using `@tilelang.jit` instead of direct kernel caching.
{"case": {"B": 1, "SEQ_LEN": 256, "H": 1, "HQ": 16, "D": 64, "S": 8, "block_size": 16, "is_causal": true}, "seed": 383, "status": "PASS", "call_event_ms": {"baseline": [0.02447360008955002, 0.02447360008955002, 0.024422399699687958, 0.024345600605010988], "candidate": [0.02447360008955002, 0.024396799504756927, 0.024422399699687958, 0.024345600605010988]}, "median_ms": {"baseline": 0.024447999894618988, "candidate": 0.024409599602222443}, "baseline_over_candidate": 1.0015731635513205}
{"case": {"B": 2, "SEQ_LEN": 512, "H": 1, "HQ": 16, "D": 64, "S": 8, "block_size": 16, "is_causal": true}, "candidate": "baseline", "phase": "compile_correctness"}
{"case": {"B": 2, "SEQ_LEN": 512, "H": 1, "HQ": 16, "D": 64, "S": 8, "block_size": 16, "is_causal": true}, "candidate": "candidate", "phase": "compile_correctness"}
2026-09-07 11:01:11  [TileLang:tilelang.cache.kernel_cache:WARNING] (kernel_cache.py:342): Found kernel 'kernel' in memory cache. For better performance, consider using `@tilelang.jit` instead of direct kernel caching.
{"case": {"B": 2, "SEQ_LEN": 512, "H": 1, "HQ": 16, "D": 64, "S": 8, "block_size": 16, "is_causal": true}, "seed": 383, "status": "PASS", "call_event_ms": {"baseline": [0.04103679955005646, 0.040908798575401306, 0.040780800580978396, 0.04088320136070252], "candidate": [0.0409855991601944, 0.04085760116577149, 0.040729600191116336, 0.04108799993991852]}, "median_ms": {"baseline": 0.04089599996805191, "candidate": 0.04092160016298294}, "baseline_over_candidate": 0.9993744087516355}
{"case": {"B": 4, "SEQ_LEN": 1024, "H": 1, "HQ": 16, "D": 64, "S": 8, "block_size": 16, "is_causal": true}, "candidate": "baseline", "phase": "compile_correctness"}
{"case": {"B": 4, "SEQ_LEN": 1024, "H": 1, "HQ": 16, "D": 64, "S": 8, "block_size": 16, "is_causal": true}, "candidate": "candidate", "phase": "compile_correctness"}
2026-09-07 11:01:12  [TileLang:tilelang.cache.kernel_cache:WARNING] (kernel_cache.py:342): Found kernel 'kernel' in memory cache. For better performance, consider using `@tilelang.jit` instead of direct kernel caching.
{"case": {"B": 4, "SEQ_LEN": 1024, "H": 1, "HQ": 16, "D": 64, "S": 8, "block_size": 16, "is_causal": true}, "seed": 383, "status": "PASS", "call_event_ms": {"baseline": [0.12339199781417846, 0.12241920232772827, 0.12267520427703857, 0.12277760505676269], "candidate": [0.12298239469528198, 0.12262400388717651, 0.12264959812164307, 0.12270079851150513]}, "median_ms": {"baseline": 0.12272640466690063, "candidate": 0.1226751983165741}, "baseline_over_candidate": 1.000417414041544}
