Loading tilelang libs from dev root: /opt/tilelang-metax-v0.1.10/build
{"case": {"B": 1, "SEQ_LEN": 256, "H": 1, "HQ": 16, "D": 64, "S": 2, "block_size": 16, "is_causal": true}, "candidate": "baseline", "phase": "compile_correctness"}
{"case": {"B": 1, "SEQ_LEN": 256, "H": 1, "HQ": 16, "D": 64, "S": 2, "block_size": 16, "is_causal": true}, "candidate": "candidate", "phase": "compile_correctness"}
2026-09-07 13:44:53  [TileLang:tilelang.cache.kernel_cache:WARNING] (kernel_cache.py:342): Found kernel 'gather_kernel' in memory cache. For better performance, consider using `@tilelang.jit` instead of direct kernel caching.
{"case": {"B": 1, "SEQ_LEN": 256, "H": 1, "HQ": 16, "D": 64, "S": 2, "block_size": 16, "is_causal": true}, "seed": 435, "status": "PASS", "call_event_ms": {"baseline": [0.01451520025730133, 0.011929599940776825, 0.011955200135707856, 0.011801599711179733], "candidate": [0.012569600343704223, 0.012083200365304947, 0.012057600170373916, 0.011852800101041793]}, "median_ms": {"baseline": 0.01194240003824234, "candidate": 0.012070400267839431}, "baseline_over_candidate": 0.989395527343187}
{"case": {"B": 2, "SEQ_LEN": 512, "H": 1, "HQ": 16, "D": 64, "S": 2, "block_size": 16, "is_causal": true}, "candidate": "baseline", "phase": "compile_correctness"}
{"case": {"B": 2, "SEQ_LEN": 512, "H": 1, "HQ": 16, "D": 64, "S": 2, "block_size": 16, "is_causal": true}, "candidate": "candidate", "phase": "compile_correctness"}
2026-09-07 13:44:53  [TileLang:tilelang.cache.kernel_cache:WARNING] (kernel_cache.py:342): Found kernel 'gather_kernel' in memory cache. For better performance, consider using `@tilelang.jit` instead of direct kernel caching.
{"case": {"B": 2, "SEQ_LEN": 512, "H": 1, "HQ": 16, "D": 64, "S": 2, "block_size": 16, "is_causal": true}, "seed": 435, "status": "PASS", "call_event_ms": {"baseline": [0.0137472003698349, 0.012415999919176102, 0.017740799486637114, 0.01231359988451004], "candidate": [0.012646399438381195, 0.012544000148773193, 0.01226240023970604, 0.012160000205039979]}, "median_ms": {"baseline": 0.0130816001445055, "candidate": 0.012403200194239617}, "baseline_over_candidate": 1.0546955575691628}
{"case": {"B": 4, "SEQ_LEN": 1024, "H": 1, "HQ": 16, "D": 64, "S": 2, "block_size": 16, "is_causal": true}, "candidate": "baseline", "phase": "compile_correctness"}
{"case": {"B": 4, "SEQ_LEN": 1024, "H": 1, "HQ": 16, "D": 64, "S": 2, "block_size": 16, "is_causal": true}, "candidate": "candidate", "phase": "compile_correctness"}
2026-09-07 13:44:54  [TileLang:tilelang.cache.kernel_cache:WARNING] (kernel_cache.py:342): Found kernel 'gather_kernel' in memory cache. For better performance, consider using `@tilelang.jit` instead of direct kernel caching.
{"case": {"B": 4, "SEQ_LEN": 1024, "H": 1, "HQ": 16, "D": 64, "S": 2, "block_size": 16, "is_causal": true}, "seed": 435, "status": "PASS", "call_event_ms": {"baseline": [0.03614720106124878, 0.0357120007276535, 0.03553279936313629, 0.03553279936313629], "candidate": [0.03566080033779144, 0.03560959994792938, 0.03558399975299835, 0.03563520014286041]}, "median_ms": {"baseline": 0.035622400045394895, "candidate": 0.035622400045394895}, "baseline_over_candidate": 1.0}
{"case": {"B": 1, "SEQ_LEN": 256, "H": 1, "HQ": 16, "D": 64, "S": 4, "block_size": 16, "is_causal": true}, "candidate": "baseline", "phase": "compile_correctness"}
{"case": {"B": 1, "SEQ_LEN": 256, "H": 1, "HQ": 16, "D": 64, "S": 4, "block_size": 16, "is_causal": true}, "candidate": "candidate", "phase": "compile_correctness"}
2026-09-07 13:44:54  [TileLang:tilelang.cache.kernel_cache:WARNING] (kernel_cache.py:342): Found kernel 'gather_kernel' in memory cache. For better performance, consider using `@tilelang.jit` instead of direct kernel caching.
{"case": {"B": 1, "SEQ_LEN": 256, "H": 1, "HQ": 16, "D": 64, "S": 4, "block_size": 16, "is_causal": true}, "seed": 435, "status": "PASS", "call_event_ms": {"baseline": [0.013337600231170654, 0.011801599711179733, 0.011750400066375732, 0.011699199676513672], "candidate": [0.0123648002743721, 0.011955200135707856, 0.011929599940776825, 0.0130048006772995]}, "median_ms": {"baseline": 0.011775999888777733, "candidate": 0.012160000205039979}, "baseline_over_candidate": 0.9684210271556501}
{"case": {"B": 2, "SEQ_LEN": 512, "H": 1, "HQ": 16, "D": 64, "S": 4, "block_size": 16, "is_causal": true}, "candidate": "baseline", "phase": "compile_correctness"}
{"case": {"B": 2, "SEQ_LEN": 512, "H": 1, "HQ": 16, "D": 64, "S": 4, "block_size": 16, "is_causal": true}, "candidate": "candidate", "phase": "compile_correctness"}
2026-09-07 13:44:54  [TileLang:tilelang.cache.kernel_cache:WARNING] (kernel_cache.py:342): Found kernel 'gather_kernel' in memory cache. For better performance, consider using `@tilelang.jit` instead of direct kernel caching.
{"case": {"B": 2, "SEQ_LEN": 512, "H": 1, "HQ": 16, "D": 64, "S": 4, "block_size": 16, "is_causal": true}, "seed": 435, "status": "PASS", "call_event_ms": {"baseline": [0.01940480023622513, 0.018943999707698823, 0.018969599902629853, 0.018713599443435668], "candidate": [0.019020800292491914, 0.01884160041809082, 0.01968639940023422, 0.018713599443435668]}, "median_ms": {"baseline": 0.018956799805164338, "candidate": 0.018931200355291368}, "baseline_over_candidate": 1.001352235959291}
{"case": {"B": 4, "SEQ_LEN": 1024, "H": 1, "HQ": 16, "D": 64, "S": 4, "block_size": 16, "is_causal": true}, "candidate": "baseline", "phase": "compile_correctness"}
{"case": {"B": 4, "SEQ_LEN": 1024, "H": 1, "HQ": 16, "D": 64, "S": 4, "block_size": 16, "is_causal": true}, "candidate": "candidate", "phase": "compile_correctness"}
2026-09-07 13:44:54  [TileLang:tilelang.cache.kernel_cache:WARNING] (kernel_cache.py:342): Found kernel 'gather_kernel' in memory cache. For better performance, consider using `@tilelang.jit` instead of direct kernel caching.
{"case": {"B": 4, "SEQ_LEN": 1024, "H": 1, "HQ": 16, "D": 64, "S": 4, "block_size": 16, "is_causal": true}, "seed": 435, "status": "PASS", "call_event_ms": {"baseline": [0.05803520083427429, 0.05736960172653198, 0.05726720094680786, 0.05742080211639404], "candidate": [0.057651197910308837, 0.05729280114173889, 0.05713919997215271, 0.05724160075187683]}, "median_ms": {"baseline": 0.05739520192146301, "candidate": 0.05726720094680786}, "baseline_over_candidate": 1.0022351533257936}
{"case": {"B": 1, "SEQ_LEN": 256, "H": 1, "HQ": 16, "D": 64, "S": 8, "block_size": 16, "is_causal": true}, "candidate": "baseline", "phase": "compile_correctness"}
{"case": {"B": 1, "SEQ_LEN": 256, "H": 1, "HQ": 16, "D": 64, "S": 8, "block_size": 16, "is_causal": true}, "candidate": "candidate", "phase": "compile_correctness"}
2026-09-07 13:44:55  [TileLang:tilelang.cache.kernel_cache:WARNING] (kernel_cache.py:342): Found kernel 'gather_kernel' in memory cache. For better performance, consider using `@tilelang.jit` instead of direct kernel caching.
{"case": {"B": 1, "SEQ_LEN": 256, "H": 1, "HQ": 16, "D": 64, "S": 8, "block_size": 16, "is_causal": true}, "seed": 435, "status": "PASS", "call_event_ms": {"baseline": [0.01676799952983856, 0.016972799599170686, 0.016921600699424742, 0.016896000504493712], "candidate": [0.017023999989032746, 0.016972799599170686, 0.016896000504493712, 0.01679359972476959]}, "median_ms": {"baseline": 0.016908800601959227, "candidate": 0.0169344000518322}, "baseline_over_candidate": 0.998488316692967}
{"case": {"B": 2, "SEQ_LEN": 512, "H": 1, "HQ": 16, "D": 64, "S": 8, "block_size": 16, "is_causal": true}, "candidate": "baseline", "phase": "compile_correctness"}
{"case": {"B": 2, "SEQ_LEN": 512, "H": 1, "HQ": 16, "D": 64, "S": 8, "block_size": 16, "is_causal": true}, "candidate": "candidate", "phase": "compile_correctness"}
2026-09-07 13:44:55  [TileLang:tilelang.jit.kernel:INFO] (kernel.py:129): TileLang begins to compile kernel `kernel` with `out_idx=None`
2026-09-07 13:44:59  [TileLang:tilelang.jit.kernel:INFO] (kernel.py:137): TileLang completes to compile kernel `kernel`
{"case": {"B": 2, "SEQ_LEN": 512, "H": 1, "HQ": 16, "D": 64, "S": 8, "block_size": 16, "is_causal": true}, "seed": 435, "status": "PASS", "call_event_ms": {"baseline": [0.03519999980926514, 0.03310079872608185, 0.03289600014686585, 0.03307519853115082], "candidate": [0.03776000142097473, 0.037913599610328676, 0.037401598691940305, 0.03765760064125061]}, "median_ms": {"baseline": 0.03308799862861633, "candidate": 0.03770880103111267}, "baseline_over_candidate": 0.8774609036579069}
{"case": {"B": 4, "SEQ_LEN": 1024, "H": 1, "HQ": 16, "D": 64, "S": 8, "block_size": 16, "is_causal": true}, "candidate": "baseline", "phase": "compile_correctness"}
{"case": {"B": 4, "SEQ_LEN": 1024, "H": 1, "HQ": 16, "D": 64, "S": 8, "block_size": 16, "is_causal": true}, "candidate": "candidate", "phase": "compile_correctness"}
{"case": {"B": 4, "SEQ_LEN": 1024, "H": 1, "HQ": 16, "D": 64, "S": 8, "block_size": 16, "is_causal": true}, "seed": 435, "status": "PASS", "call_event_ms": {"baseline": [0.09827839732170104, 0.09722880125045777, 0.09717760086059571, 0.09738240242004395], "candidate": [0.11737600564956666, 0.11717120409011841, 0.11709439754486084, 0.11719679832458496]}, "median_ms": {"baseline": 0.09730560183525086, "candidate": 0.11718400120735169}, "baseline_over_candidate": 0.8303659273681318}
