Loading tilelang libs from dev root: /opt/tilelang-metax-v0.1.10/build
{"case": {"B": 1, "SEQ_LEN": 256, "H": 1, "HQ": 16, "D": 64, "S": 2, "block_size": 16, "is_causal": true}, "candidate": "baseline", "phase": "compile_correctness"}
{"case": {"B": 1, "SEQ_LEN": 256, "H": 1, "HQ": 16, "D": 64, "S": 2, "block_size": 16, "is_causal": true}, "candidate": "candidate", "phase": "compile_correctness"}
2026-09-07 10:42:21  [TileLang:tilelang.cache.kernel_cache:WARNING] (kernel_cache.py:342): Found kernel 'kernel' in memory cache. For better performance, consider using `@tilelang.jit` instead of direct kernel caching.
{"case": {"B": 1, "SEQ_LEN": 256, "H": 1, "HQ": 16, "D": 64, "S": 2, "block_size": 16, "is_causal": true}, "seed": 373, "status": "PASS", "call_event_ms": {"baseline": [0.01231359988451004, 0.010470400005578995, 0.010572800040245056, 0.010623999685049058], "candidate": [0.011059200018644333, 0.010777600109577179, 0.010496000200510025, 0.010470400005578995]}, "median_ms": {"baseline": 0.010598399862647056, "candidate": 0.010636800155043601}, "baseline_over_candidate": 0.996389864260227}
{"case": {"B": 2, "SEQ_LEN": 512, "H": 1, "HQ": 16, "D": 64, "S": 2, "block_size": 16, "is_causal": true}, "candidate": "baseline", "phase": "compile_correctness"}
{"case": {"B": 2, "SEQ_LEN": 512, "H": 1, "HQ": 16, "D": 64, "S": 2, "block_size": 16, "is_causal": true}, "candidate": "candidate", "phase": "compile_correctness"}
{"case": {"B": 2, "SEQ_LEN": 512, "H": 1, "HQ": 16, "D": 64, "S": 2, "block_size": 16, "is_causal": true}, "seed": 373, "status": "PASS", "call_event_ms": {"baseline": [0.013798399269580841, 0.013337600231170654, 0.015334400534629821, 0.013235199451446533], "candidate": [0.012876799702644348, 0.012595200538635254, 0.012671999633312225, 0.012620800733566284]}, "median_ms": {"baseline": 0.013567999750375748, "candidate": 0.012646400183439255}, "baseline_over_candidate": 1.0728744586260481}
{"case": {"B": 4, "SEQ_LEN": 1024, "H": 1, "HQ": 16, "D": 64, "S": 2, "block_size": 16, "is_causal": true}, "candidate": "baseline", "phase": "compile_correctness"}
{"case": {"B": 4, "SEQ_LEN": 1024, "H": 1, "HQ": 16, "D": 64, "S": 2, "block_size": 16, "is_causal": true}, "candidate": "candidate", "phase": "compile_correctness"}
{"case": {"B": 4, "SEQ_LEN": 1024, "H": 1, "HQ": 16, "D": 64, "S": 2, "block_size": 16, "is_causal": true}, "seed": 373, "status": "PASS", "call_event_ms": {"baseline": [0.042419201135635375, 0.04167680144309997, 0.04136959910392761, 0.04116480052471161], "candidate": [0.03614720106124878, 0.03583999872207642, 0.03581439852714539, 0.03573760092258453]}, "median_ms": {"baseline": 0.04152320027351379, "candidate": 0.0358271986246109}, "baseline_over_candidate": 1.1589854040385428}
{"case": {"B": 1, "SEQ_LEN": 256, "H": 1, "HQ": 16, "D": 64, "S": 4, "block_size": 16, "is_causal": true}, "candidate": "baseline", "phase": "compile_correctness"}
{"case": {"B": 1, "SEQ_LEN": 256, "H": 1, "HQ": 16, "D": 64, "S": 4, "block_size": 16, "is_causal": true}, "candidate": "candidate", "phase": "compile_correctness"}
2026-09-07 10:42:21  [TileLang:tilelang.cache.kernel_cache:WARNING] (kernel_cache.py:342): Found kernel 'kernel' in memory cache. For better performance, consider using `@tilelang.jit` instead of direct kernel caching.
{"case": {"B": 1, "SEQ_LEN": 256, "H": 1, "HQ": 16, "D": 64, "S": 4, "block_size": 16, "is_causal": true}, "seed": 373, "status": "PASS", "call_event_ms": {"baseline": [0.015769599378108977, 0.015692800283432007, 0.015667200088500977, 0.015718400478363037], "candidate": [0.015820799767971037, 0.015744000673294067, 0.015539200603961944, 0.015795199573040007]}, "median_ms": {"baseline": 0.015705600380897522, "candidate": 0.015769600123167037}, "baseline_over_candidate": 0.9959415748167582}
{"case": {"B": 2, "SEQ_LEN": 512, "H": 1, "HQ": 16, "D": 64, "S": 4, "block_size": 16, "is_causal": true}, "candidate": "baseline", "phase": "compile_correctness"}
{"case": {"B": 2, "SEQ_LEN": 512, "H": 1, "HQ": 16, "D": 64, "S": 4, "block_size": 16, "is_causal": true}, "candidate": "candidate", "phase": "compile_correctness"}
2026-09-07 10:42:22  [TileLang:tilelang.cache.kernel_cache:WARNING] (kernel_cache.py:342): Found kernel 'kernel' in memory cache. For better performance, consider using `@tilelang.jit` instead of direct kernel caching.
{"case": {"B": 2, "SEQ_LEN": 512, "H": 1, "HQ": 16, "D": 64, "S": 4, "block_size": 16, "is_causal": true}, "seed": 373, "status": "PASS", "call_event_ms": {"baseline": [0.028825598955154418, 0.02890239953994751, 0.028774398565292358, 0.028825598955154418], "candidate": [0.02903040051460266, 0.0289792001247406, 0.02887679934501648, 0.02903040051460266]}, "median_ms": {"baseline": 0.028825598955154418, "candidate": 0.02900480031967163}, "baseline_over_candidate": 0.9938216652918768}
{"case": {"B": 4, "SEQ_LEN": 1024, "H": 1, "HQ": 16, "D": 64, "S": 4, "block_size": 16, "is_causal": true}, "candidate": "baseline", "phase": "compile_correctness"}
{"case": {"B": 4, "SEQ_LEN": 1024, "H": 1, "HQ": 16, "D": 64, "S": 4, "block_size": 16, "is_causal": true}, "candidate": "candidate", "phase": "compile_correctness"}
2026-09-07 10:42:22  [TileLang:tilelang.cache.kernel_cache:WARNING] (kernel_cache.py:342): Found kernel 'kernel' in memory cache. For better performance, consider using `@tilelang.jit` instead of direct kernel caching.
{"case": {"B": 4, "SEQ_LEN": 1024, "H": 1, "HQ": 16, "D": 64, "S": 4, "block_size": 16, "is_causal": true}, "seed": 373, "status": "PASS", "call_event_ms": {"baseline": [0.07846400141716003, 0.07828480005264282, 0.07823359966278076, 0.07825919985771179], "candidate": [0.07838720083236694, 0.07836160063743591, 0.07820799946784973, 0.07825919985771179]}, "median_ms": {"baseline": 0.07827199995517731, "candidate": 0.07831040024757385}, "baseline_over_candidate": 0.9995096399421387}
{"case": {"B": 1, "SEQ_LEN": 256, "H": 1, "HQ": 16, "D": 64, "S": 8, "block_size": 16, "is_causal": true}, "candidate": "baseline", "phase": "compile_correctness"}
{"case": {"B": 1, "SEQ_LEN": 256, "H": 1, "HQ": 16, "D": 64, "S": 8, "block_size": 16, "is_causal": true}, "candidate": "candidate", "phase": "compile_correctness"}
2026-09-07 10:42:22  [TileLang:tilelang.cache.kernel_cache:WARNING] (kernel_cache.py:342): Found kernel 'kernel' in memory cache. For better performance, consider using `@tilelang.jit` instead of direct kernel caching.
{"case": {"B": 1, "SEQ_LEN": 256, "H": 1, "HQ": 16, "D": 64, "S": 8, "block_size": 16, "is_causal": true}, "seed": 373, "status": "PASS", "call_event_ms": {"baseline": [0.02449920028448105, 0.02457599937915802, 0.02455040067434311, 0.02455040067434311], "candidate": [0.02467840015888214, 0.02460159957408905, 0.024371199309825897, 0.024447999894618988]}, "median_ms": {"baseline": 0.02455040067434311, "candidate": 0.02452479973435402}, "baseline_over_candidate": 1.001043879675528}
{"case": {"B": 2, "SEQ_LEN": 512, "H": 1, "HQ": 16, "D": 64, "S": 8, "block_size": 16, "is_causal": true}, "candidate": "baseline", "phase": "compile_correctness"}
{"case": {"B": 2, "SEQ_LEN": 512, "H": 1, "HQ": 16, "D": 64, "S": 8, "block_size": 16, "is_causal": true}, "candidate": "candidate", "phase": "compile_correctness"}
2026-09-07 10:42:22  [TileLang:tilelang.cache.kernel_cache:WARNING] (kernel_cache.py:342): Found kernel 'kernel' in memory cache. For better performance, consider using `@tilelang.jit` instead of direct kernel caching.
{"case": {"B": 2, "SEQ_LEN": 512, "H": 1, "HQ": 16, "D": 64, "S": 8, "block_size": 16, "is_causal": true}, "seed": 373, "status": "PASS", "call_event_ms": {"baseline": [0.04129279851913452, 0.04083200097084046, 0.04101119935512543, 0.04088320136070252], "candidate": [0.04095999896526337, 0.04113920032978058, 0.0412416011095047, 0.04108799993991852]}, "median_ms": {"baseline": 0.04094720035791397, "candidate": 0.04111360013484955}, "baseline_over_candidate": 0.9959526828983646}
{"case": {"B": 4, "SEQ_LEN": 1024, "H": 1, "HQ": 16, "D": 64, "S": 8, "block_size": 16, "is_causal": true}, "candidate": "baseline", "phase": "compile_correctness"}
{"case": {"B": 4, "SEQ_LEN": 1024, "H": 1, "HQ": 16, "D": 64, "S": 8, "block_size": 16, "is_causal": true}, "candidate": "candidate", "phase": "compile_correctness"}
2026-09-07 10:42:23  [TileLang:tilelang.cache.kernel_cache:WARNING] (kernel_cache.py:342): Found kernel 'kernel' in memory cache. For better performance, consider using `@tilelang.jit` instead of direct kernel caching.
{"case": {"B": 4, "SEQ_LEN": 1024, "H": 1, "HQ": 16, "D": 64, "S": 8, "block_size": 16, "is_causal": true}, "seed": 373, "status": "PASS", "call_event_ms": {"baseline": [0.12339199781417846, 0.12257280349731445, 0.12280319929122925, 0.12285439968109131], "candidate": [0.12280319929122925, 0.12247040271759033, 0.12264959812164307, 0.12290560007095337]}, "median_ms": {"baseline": 0.12282879948616028, "candidate": 0.12272639870643616}, "baseline_over_candidate": 1.0008343826658603}
