Loading tilelang libs from dev root: /opt/tilelang-metax-v0.1.10/build
{"case": {"B": 1, "SEQ_LEN": 128, "H": 1, "HQ": 16, "D": 32, "S": 1, "block_size": 16, "is_causal": true}, "candidate": "baseline", "phase": "compile_correctness"}
{"case": {"B": 1, "SEQ_LEN": 128, "H": 1, "HQ": 16, "D": 32, "S": 1, "block_size": 16, "is_causal": true}, "candidate": "candidate", "phase": "compile_correctness"}
2026-09-07 09:54:13  [TileLang:tilelang.cache.kernel_cache:WARNING] (kernel_cache.py:342): Found kernel 'kernel' in memory cache. For better performance, consider using `@tilelang.jit` instead of direct kernel caching.
{"case": {"B": 1, "SEQ_LEN": 128, "H": 1, "HQ": 16, "D": 32, "S": 1, "block_size": 16, "is_causal": true}, "seed": 349, "status": "PASS", "call_event_ms": {"baseline": [0.01154559999704361, 0.01011200025677681, 0.010265599936246872, 0.009984000027179718], "candidate": [0.01088000014424324, 0.010393600165843963, 0.010419200360774993, 0.010393600165843963]}, "median_ms": {"baseline": 0.010188800096511842, "candidate": 0.010406400263309478}, "baseline_over_candidate": 0.9790897753986224}
{"case": {"B": 1, "SEQ_LEN": 128, "H": 1, "HQ": 16, "D": 32, "S": 1, "block_size": 32, "is_causal": true}, "candidate": "baseline", "phase": "compile_correctness"}
{"case": {"B": 1, "SEQ_LEN": 128, "H": 1, "HQ": 16, "D": 32, "S": 1, "block_size": 32, "is_causal": true}, "candidate": "candidate", "phase": "compile_correctness"}
2026-09-07 09:54:14  [TileLang:tilelang.cache.kernel_cache:WARNING] (kernel_cache.py:342): Found kernel 'kernel' in memory cache. For better performance, consider using `@tilelang.jit` instead of direct kernel caching.
{"case": {"B": 1, "SEQ_LEN": 128, "H": 1, "HQ": 16, "D": 32, "S": 1, "block_size": 32, "is_causal": true}, "seed": 349, "status": "PASS", "call_event_ms": {"baseline": [0.013849599659442902, 0.013619199395179749, 0.014361600577831268, 0.013977600634098053], "candidate": [0.013952000439167023, 0.014105600118637086, 0.013542400300502777, 0.01377280056476593]}, "median_ms": {"baseline": 0.013913600146770478, "candidate": 0.013862400501966476}, "baseline_over_candidate": 1.0036934183799364}
{"case": {"B": 1, "SEQ_LEN": 512, "H": 1, "HQ": 16, "D": 32, "S": 1, "block_size": 16, "is_causal": true}, "candidate": "baseline", "phase": "compile_correctness"}
{"case": {"B": 1, "SEQ_LEN": 512, "H": 1, "HQ": 16, "D": 32, "S": 1, "block_size": 16, "is_causal": true}, "candidate": "candidate", "phase": "compile_correctness"}
2026-09-07 09:54:14  [TileLang:tilelang.cache.kernel_cache:WARNING] (kernel_cache.py:342): Found kernel 'kernel' in memory cache. For better performance, consider using `@tilelang.jit` instead of direct kernel caching.
{"case": {"B": 1, "SEQ_LEN": 512, "H": 1, "HQ": 16, "D": 32, "S": 1, "block_size": 16, "is_causal": true}, "seed": 349, "status": "PASS", "call_event_ms": {"baseline": [0.014028799533843995, 0.013644799590110779, 0.014361600577831268, 0.013952000439167023], "candidate": [0.013670399785041809, 0.013465599715709686, 0.013900800049304963, 0.014361600577831268]}, "median_ms": {"baseline": 0.01399039998650551, "candidate": 0.013785599917173385}, "baseline_over_candidate": 1.0148560868270227}
{"case": {"B": 1, "SEQ_LEN": 512, "H": 1, "HQ": 16, "D": 32, "S": 1, "block_size": 32, "is_causal": true}, "candidate": "baseline", "phase": "compile_correctness"}
{"case": {"B": 1, "SEQ_LEN": 512, "H": 1, "HQ": 16, "D": 32, "S": 1, "block_size": 32, "is_causal": true}, "candidate": "candidate", "phase": "compile_correctness"}
2026-09-07 09:54:14  [TileLang:tilelang.cache.kernel_cache:WARNING] (kernel_cache.py:342): Found kernel 'kernel' in memory cache. For better performance, consider using `@tilelang.jit` instead of direct kernel caching.
{"case": {"B": 1, "SEQ_LEN": 512, "H": 1, "HQ": 16, "D": 32, "S": 1, "block_size": 32, "is_causal": true}, "seed": 349, "status": "PASS", "call_event_ms": {"baseline": [0.01369599997997284, 0.013952000439167023, 0.01377280056476593, 0.014873600006103516], "candidate": [0.013414399325847625, 0.013900800049304963, 0.013900800049304963, 0.01377280056476593]}, "median_ms": {"baseline": 0.013862400501966476, "candidate": 0.013836800307035445}, "baseline_over_candidate": 1.001850152807222}
{"case": {"B": 2, "SEQ_LEN": 1024, "H": 1, "HQ": 16, "D": 32, "S": 1, "block_size": 16, "is_causal": true}, "candidate": "baseline", "phase": "compile_correctness"}
{"case": {"B": 2, "SEQ_LEN": 1024, "H": 1, "HQ": 16, "D": 32, "S": 1, "block_size": 16, "is_causal": true}, "candidate": "candidate", "phase": "compile_correctness"}
2026-09-07 09:54:14  [TileLang:tilelang.cache.kernel_cache:WARNING] (kernel_cache.py:342): Found kernel 'kernel' in memory cache. For better performance, consider using `@tilelang.jit` instead of direct kernel caching.
{"case": {"B": 2, "SEQ_LEN": 1024, "H": 1, "HQ": 16, "D": 32, "S": 1, "block_size": 16, "is_causal": true}, "seed": 349, "status": "PASS", "call_event_ms": {"baseline": [0.013798399269580841, 0.014899200201034546, 0.013644799590110779, 0.01671680063009262], "candidate": [0.014233599603176116, 0.014361600577831268, 0.013568000495433807, 0.014105600118637086]}, "median_ms": {"baseline": 0.014348799735307694, "candidate": 0.014169599860906601}, "baseline_over_candidate": 1.012646784394773}
{"case": {"B": 2, "SEQ_LEN": 1024, "H": 1, "HQ": 16, "D": 32, "S": 1, "block_size": 32, "is_causal": true}, "candidate": "baseline", "phase": "compile_correctness"}
{"case": {"B": 2, "SEQ_LEN": 1024, "H": 1, "HQ": 16, "D": 32, "S": 1, "block_size": 32, "is_causal": true}, "candidate": "candidate", "phase": "compile_correctness"}
2026-09-07 09:54:14  [TileLang:tilelang.cache.kernel_cache:WARNING] (kernel_cache.py:342): Found kernel 'kernel' in memory cache. For better performance, consider using `@tilelang.jit` instead of direct kernel caching.
{"case": {"B": 2, "SEQ_LEN": 1024, "H": 1, "HQ": 16, "D": 32, "S": 1, "block_size": 32, "is_causal": true}, "seed": 349, "status": "PASS", "call_event_ms": {"baseline": [0.014156800508499146, 0.01454080045223236, 0.014975999295711518, 0.014720000326633453], "candidate": [0.013926400244235993, 0.014131200313568116, 0.014899200201034546, 0.014003199338912965]}, "median_ms": {"baseline": 0.014630400389432908, "candidate": 0.01406719982624054}, "baseline_over_candidate": 1.040036437254683}
{"case": {"B": 4, "SEQ_LEN": 1024, "H": 1, "HQ": 16, "D": 32, "S": 1, "block_size": 16, "is_causal": true}, "candidate": "baseline", "phase": "compile_correctness"}
{"case": {"B": 4, "SEQ_LEN": 1024, "H": 1, "HQ": 16, "D": 32, "S": 1, "block_size": 16, "is_causal": true}, "candidate": "candidate", "phase": "compile_correctness"}
{"case": {"B": 4, "SEQ_LEN": 1024, "H": 1, "HQ": 16, "D": 32, "S": 1, "block_size": 16, "is_causal": true}, "seed": 349, "status": "PASS", "call_event_ms": {"baseline": [0.015615999698638916, 0.01520639955997467, 0.01520639955997467, 0.01518079936504364], "candidate": [0.014745600521564484, 0.014847999811172486, 0.014745600521564484, 0.014694400131702423]}, "median_ms": {"baseline": 0.01520639955997467, "candidate": 0.014745600521564484}, "baseline_over_candidate": 1.0312499336826804}
{"case": {"B": 4, "SEQ_LEN": 1024, "H": 1, "HQ": 16, "D": 32, "S": 1, "block_size": 32, "is_causal": true}, "candidate": "baseline", "phase": "compile_correctness"}
{"case": {"B": 4, "SEQ_LEN": 1024, "H": 1, "HQ": 16, "D": 32, "S": 1, "block_size": 32, "is_causal": true}, "candidate": "candidate", "phase": "compile_correctness"}
{"case": {"B": 4, "SEQ_LEN": 1024, "H": 1, "HQ": 16, "D": 32, "S": 1, "block_size": 32, "is_causal": true}, "seed": 349, "status": "PASS", "call_event_ms": {"baseline": [0.0222463995218277, 0.021887999773025513, 0.021862399578094483, 0.02168319970369339], "candidate": [0.02111999988555908, 0.020838400721549986, 0.020787200331687926, 0.02096640020608902]}, "median_ms": {"baseline": 0.021875199675559998, "candidate": 0.020902400463819505}, "baseline_over_candidate": 1.0465400714824278}
{"case": {"B": 8, "SEQ_LEN": 1024, "H": 1, "HQ": 16, "D": 32, "S": 1, "block_size": 16, "is_causal": true}, "candidate": "baseline", "phase": "compile_correctness"}
{"case": {"B": 8, "SEQ_LEN": 1024, "H": 1, "HQ": 16, "D": 32, "S": 1, "block_size": 16, "is_causal": true}, "candidate": "candidate", "phase": "compile_correctness"}
{"case": {"B": 8, "SEQ_LEN": 1024, "H": 1, "HQ": 16, "D": 32, "S": 1, "block_size": 16, "is_causal": true}, "seed": 349, "status": "PASS", "call_event_ms": {"baseline": [0.024934400618076325, 0.024320000410079957, 0.02457599937915802, 0.024294400215148927], "candidate": [0.023654399812221526, 0.023219199478626253, 0.023423999547958374, 0.023321600258350374]}, "median_ms": {"baseline": 0.024447999894618988, "candidate": 0.023372799903154374}, "baseline_over_candidate": 1.0460021904059302}
{"case": {"B": 8, "SEQ_LEN": 1024, "H": 1, "HQ": 16, "D": 32, "S": 1, "block_size": 32, "is_causal": true}, "candidate": "baseline", "phase": "compile_correctness"}
{"case": {"B": 8, "SEQ_LEN": 1024, "H": 1, "HQ": 16, "D": 32, "S": 1, "block_size": 32, "is_causal": true}, "candidate": "candidate", "phase": "compile_correctness"}
{"case": {"B": 8, "SEQ_LEN": 1024, "H": 1, "HQ": 16, "D": 32, "S": 1, "block_size": 32, "is_causal": true}, "seed": 349, "status": "PASS", "call_event_ms": {"baseline": [0.03758080005645752, 0.03691520094871521, 0.036735999584198, 0.03699199855327606], "candidate": [0.03594239950180054, 0.03560959994792938, 0.03596799969673157, 0.03573760092258453]}, "median_ms": {"baseline": 0.03695359975099564, "candidate": 0.03584000021219254}, "baseline_over_candidate": 1.0310714155192515}
