Loading tilelang libs from dev root: /opt/tilelang-metax-v0.1.10/build
{"case": {"B": 1, "SEQ_LEN": 64, "H": 1, "HQ": 16, "D": 64, "S": 8, "block_size": 16, "is_causal": true}, "candidate": "baseline", "phase": "compile_correctness"}
{"case": {"B": 1, "SEQ_LEN": 64, "H": 1, "HQ": 16, "D": 64, "S": 8, "block_size": 16, "is_causal": true}, "candidate": "candidate", "phase": "compile_correctness"}
{"case": {"B": 1, "SEQ_LEN": 64, "H": 1, "HQ": 16, "D": 64, "S": 8, "block_size": 16, "is_causal": true}, "seed": 397, "status": "PASS", "call_event_ms": {"baseline": [0.012569600343704223, 0.012031999975442886, 0.012031999975442886, 0.011955200135707856], "candidate": [0.013209599256515502, 0.012876799702644348, 0.012851199507713318, 0.012928000092506409]}, "median_ms": {"baseline": 0.012031999975442886, "candidate": 0.012902399897575379}, "baseline_over_candidate": 0.9325396880392726}
{"case": {"B": 1, "SEQ_LEN": 128, "H": 1, "HQ": 16, "D": 64, "S": 8, "block_size": 16, "is_causal": true}, "candidate": "baseline", "phase": "compile_correctness"}
{"case": {"B": 1, "SEQ_LEN": 128, "H": 1, "HQ": 16, "D": 64, "S": 8, "block_size": 16, "is_causal": true}, "candidate": "candidate", "phase": "compile_correctness"}
{"case": {"B": 1, "SEQ_LEN": 128, "H": 1, "HQ": 16, "D": 64, "S": 8, "block_size": 16, "is_causal": true}, "seed": 397, "status": "PASS", "call_event_ms": {"baseline": [0.013798399269580841, 0.013439999520778656, 0.013926400244235993, 0.013439999520778656], "candidate": [0.014924800395965577, 0.014694400131702423, 0.01451520025730133, 0.014720000326633453]}, "median_ms": {"baseline": 0.013619199395179749, "candidate": 0.014707200229167938}, "baseline_over_candidate": 0.9260225728190998}
{"case": {"B": 1, "SEQ_LEN": 256, "H": 1, "HQ": 16, "D": 64, "S": 8, "block_size": 16, "is_causal": true}, "candidate": "baseline", "phase": "compile_correctness"}
{"case": {"B": 1, "SEQ_LEN": 256, "H": 1, "HQ": 16, "D": 64, "S": 8, "block_size": 16, "is_causal": true}, "candidate": "candidate", "phase": "compile_correctness"}
{"case": {"B": 1, "SEQ_LEN": 256, "H": 1, "HQ": 16, "D": 64, "S": 8, "block_size": 16, "is_causal": true}, "seed": 397, "status": "PASS", "call_event_ms": {"baseline": [0.02178560048341751, 0.021503999829292297, 0.021503999829292297, 0.021452799439430237], "candidate": [0.017049600183963776, 0.01679359972476959, 0.01676799952983856, 0.016972799599170686]}, "median_ms": {"baseline": 0.021503999829292297, "candidate": 0.01688319966197014}, "baseline_over_candidate": 1.273692206444175}
{"case": {"B": 1, "SEQ_LEN": 512, "H": 1, "HQ": 16, "D": 64, "S": 8, "block_size": 16, "is_causal": true}, "candidate": "baseline", "phase": "compile_correctness"}
{"case": {"B": 1, "SEQ_LEN": 512, "H": 1, "HQ": 16, "D": 64, "S": 8, "block_size": 16, "is_causal": true}, "candidate": "candidate", "phase": "compile_correctness"}
2026-09-07 11:33:57  [TileLang:tilelang.cache.kernel_cache:WARNING] (kernel_cache.py:342): Found kernel 'kernel' in memory cache. For better performance, consider using `@tilelang.jit` instead of direct kernel caching.
{"case": {"B": 1, "SEQ_LEN": 512, "H": 1, "HQ": 16, "D": 64, "S": 8, "block_size": 16, "is_causal": true}, "seed": 397, "status": "PASS", "call_event_ms": {"baseline": [0.027136000990867614, 0.027110400795936584, 0.027084800601005554, 0.027059200406074523], "candidate": [0.027187201380729675, 0.027161601185798644, 0.027136000990867614, 0.027033600211143493]}, "median_ms": {"baseline": 0.02709760069847107, "candidate": 0.02714880108833313}, "baseline_over_candidate": 0.9981140828394053}
{"case": {"B": 2, "SEQ_LEN": 256, "H": 1, "HQ": 16, "D": 64, "S": 8, "block_size": 16, "is_causal": true}, "candidate": "baseline", "phase": "compile_correctness"}
{"case": {"B": 2, "SEQ_LEN": 256, "H": 1, "HQ": 16, "D": 64, "S": 8, "block_size": 16, "is_causal": true}, "candidate": "candidate", "phase": "compile_correctness"}
2026-09-07 11:33:57  [TileLang:tilelang.cache.kernel_cache:WARNING] (kernel_cache.py:342): Found kernel 'kernel' in memory cache. For better performance, consider using `@tilelang.jit` instead of direct kernel caching.
{"case": {"B": 2, "SEQ_LEN": 256, "H": 1, "HQ": 16, "D": 64, "S": 8, "block_size": 16, "is_causal": true}, "seed": 397, "status": "PASS", "call_event_ms": {"baseline": [0.026931199431419372, 0.027110400795936584, 0.02685439884662628, 0.026931199431419372], "candidate": [0.027289599180221558, 0.026956799626350402, 0.026931199431419372, 0.027033600211143493]}, "median_ms": {"baseline": 0.026931199431419372, "candidate": 0.026995199918746948}, "baseline_over_candidate": 0.9976291900960093}
{"case": {"B": 2, "SEQ_LEN": 512, "H": 1, "HQ": 16, "D": 64, "S": 8, "block_size": 16, "is_causal": true}, "candidate": "baseline", "phase": "compile_correctness"}
{"case": {"B": 2, "SEQ_LEN": 512, "H": 1, "HQ": 16, "D": 64, "S": 8, "block_size": 16, "is_causal": true}, "candidate": "candidate", "phase": "compile_correctness"}
2026-09-07 11:33:57  [TileLang:tilelang.cache.kernel_cache:WARNING] (kernel_cache.py:342): Found kernel 'kernel' in memory cache. For better performance, consider using `@tilelang.jit` instead of direct kernel caching.
{"case": {"B": 2, "SEQ_LEN": 512, "H": 1, "HQ": 16, "D": 64, "S": 8, "block_size": 16, "is_causal": true}, "seed": 397, "status": "PASS", "call_event_ms": {"baseline": [0.04113920032978058, 0.040908798575401306, 0.04095999896526337, 0.040908798575401306], "candidate": [0.04119040071964264, 0.04103679955005646, 0.0409855991601944, 0.04106239974498749]}, "median_ms": {"baseline": 0.040934398770332336, "candidate": 0.04104959964752197}, "baseline_over_candidate": 0.9971936175217585}
