Loading tilelang libs from dev root: /opt/tilelang-metax-v0.1.10/build
{"case": {"B": 1, "SEQ_LEN": 256, "H": 1, "HQ": 16, "D": 64, "S": 2, "block_size": 16, "is_causal": true}, "candidate": "baseline", "phase": "compile_correctness"}
{"case": {"B": 1, "SEQ_LEN": 256, "H": 1, "HQ": 16, "D": 64, "S": 2, "block_size": 16, "is_causal": true}, "candidate": "candidate", "phase": "compile_correctness"}
2026-09-07 13:54:00  [TileLang:tilelang.cache.kernel_cache:WARNING] (kernel_cache.py:342): Found kernel 'gather_kernel' in memory cache. For better performance, consider using `@tilelang.jit` instead of direct kernel caching.
{"case": {"B": 1, "SEQ_LEN": 256, "H": 1, "HQ": 16, "D": 64, "S": 2, "block_size": 16, "is_causal": true}, "seed": 438, "status": "PASS", "call_event_ms": {"baseline": [0.014694400131702423, 0.012185599654912949, 0.012108799815177918, 0.011929599940776825], "candidate": [0.01372160017490387, 0.01231359988451004, 0.01228799968957901, 0.012031999975442886]}, "median_ms": {"baseline": 0.012147199735045433, "candidate": 0.012300799787044524}, "baseline_over_candidate": 0.9875130028406067}
{"case": {"B": 2, "SEQ_LEN": 512, "H": 1, "HQ": 16, "D": 64, "S": 2, "block_size": 16, "is_causal": true}, "candidate": "baseline", "phase": "compile_correctness"}
{"case": {"B": 2, "SEQ_LEN": 512, "H": 1, "HQ": 16, "D": 64, "S": 2, "block_size": 16, "is_causal": true}, "candidate": "candidate", "phase": "compile_correctness"}
2026-09-07 13:54:00  [TileLang:tilelang.cache.kernel_cache:WARNING] (kernel_cache.py:342): Found kernel 'gather_kernel' in memory cache. For better performance, consider using `@tilelang.jit` instead of direct kernel caching.
{"case": {"B": 2, "SEQ_LEN": 512, "H": 1, "HQ": 16, "D": 64, "S": 2, "block_size": 16, "is_causal": true}, "seed": 438, "status": "PASS", "call_event_ms": {"baseline": [0.012774400413036346, 0.012569600343704223, 0.015360000729560851, 0.012620800733566284], "candidate": [0.012748800218105316, 0.012671999633312225, 0.012544000148773193, 0.012800000607967377]}, "median_ms": {"baseline": 0.012697600573301316, "candidate": 0.01271039992570877}, "baseline_over_candidate": 0.9989930015985126}
{"case": {"B": 4, "SEQ_LEN": 1024, "H": 1, "HQ": 16, "D": 64, "S": 2, "block_size": 16, "is_causal": true}, "candidate": "baseline", "phase": "compile_correctness"}
{"case": {"B": 4, "SEQ_LEN": 1024, "H": 1, "HQ": 16, "D": 64, "S": 2, "block_size": 16, "is_causal": true}, "candidate": "candidate", "phase": "compile_correctness"}
2026-09-07 13:54:00  [TileLang:tilelang.cache.kernel_cache:WARNING] (kernel_cache.py:342): Found kernel 'gather_kernel' in memory cache. For better performance, consider using `@tilelang.jit` instead of direct kernel caching.
{"case": {"B": 4, "SEQ_LEN": 1024, "H": 1, "HQ": 16, "D": 64, "S": 2, "block_size": 16, "is_causal": true}, "seed": 438, "status": "PASS", "call_event_ms": {"baseline": [0.03591679930686951, 0.03586559891700745, 0.03583999872207642, 0.03576320111751556], "candidate": [0.03596799969673157, 0.03589119911193848, 0.03583999872207642, 0.03573760092258453]}, "median_ms": {"baseline": 0.03585279881954193, "candidate": 0.03586559891700745}, "baseline_over_candidate": 0.9996431093345148}
{"case": {"B": 1, "SEQ_LEN": 256, "H": 1, "HQ": 16, "D": 64, "S": 4, "block_size": 16, "is_causal": true}, "candidate": "baseline", "phase": "compile_correctness"}
{"case": {"B": 1, "SEQ_LEN": 256, "H": 1, "HQ": 16, "D": 64, "S": 4, "block_size": 16, "is_causal": true}, "candidate": "candidate", "phase": "compile_correctness"}
2026-09-07 13:54:01  [TileLang:tilelang.cache.kernel_cache:WARNING] (kernel_cache.py:342): Found kernel 'gather_kernel' in memory cache. For better performance, consider using `@tilelang.jit` instead of direct kernel caching.
{"case": {"B": 1, "SEQ_LEN": 256, "H": 1, "HQ": 16, "D": 64, "S": 4, "block_size": 16, "is_causal": true}, "seed": 438, "status": "PASS", "call_event_ms": {"baseline": [0.012006399780511856, 0.011980800330638886, 0.011929599940776825, 0.011827199906110763], "candidate": [0.012160000205039979, 0.012108799815177918, 0.012006399780511856, 0.011980800330638886]}, "median_ms": {"baseline": 0.011955200135707856, "candidate": 0.012057599797844886}, "baseline_over_candidate": 0.9915074588762406}
{"case": {"B": 2, "SEQ_LEN": 512, "H": 1, "HQ": 16, "D": 64, "S": 4, "block_size": 16, "is_causal": true}, "candidate": "baseline", "phase": "compile_correctness"}
{"case": {"B": 2, "SEQ_LEN": 512, "H": 1, "HQ": 16, "D": 64, "S": 4, "block_size": 16, "is_causal": true}, "candidate": "candidate", "phase": "compile_correctness"}
2026-09-07 13:54:01  [TileLang:tilelang.cache.kernel_cache:WARNING] (kernel_cache.py:342): Found kernel 'gather_kernel' in memory cache. For better performance, consider using `@tilelang.jit` instead of direct kernel caching.
{"case": {"B": 2, "SEQ_LEN": 512, "H": 1, "HQ": 16, "D": 64, "S": 4, "block_size": 16, "is_causal": true}, "seed": 438, "status": "PASS", "call_event_ms": {"baseline": [0.019123199582099914, 0.019174399971961974, 0.019200000166893005, 0.019020800292491914], "candidate": [0.01935359984636307, 0.01932799965143204, 0.01932799965143204, 0.01932799965143204]}, "median_ms": {"baseline": 0.019148799777030944, "candidate": 0.01932799965143204}, "baseline_over_candidate": 0.990728483152274}
{"case": {"B": 4, "SEQ_LEN": 1024, "H": 1, "HQ": 16, "D": 64, "S": 4, "block_size": 16, "is_causal": true}, "candidate": "baseline", "phase": "compile_correctness"}
{"case": {"B": 4, "SEQ_LEN": 1024, "H": 1, "HQ": 16, "D": 64, "S": 4, "block_size": 16, "is_causal": true}, "candidate": "candidate", "phase": "compile_correctness"}
2026-09-07 13:54:01  [TileLang:tilelang.cache.kernel_cache:WARNING] (kernel_cache.py:342): Found kernel 'gather_kernel' in memory cache. For better performance, consider using `@tilelang.jit` instead of direct kernel caching.
{"case": {"B": 4, "SEQ_LEN": 1024, "H": 1, "HQ": 16, "D": 64, "S": 4, "block_size": 16, "is_causal": true}, "seed": 438, "status": "PASS", "call_event_ms": {"baseline": [0.057651197910308837, 0.0577023983001709, 0.05767679810523987, 0.05772799849510193], "candidate": [0.05780479907989502, 0.05767679810523987, 0.0574720025062561, 0.057599997520446776]}, "median_ms": {"baseline": 0.05768959820270538, "candidate": 0.05763839781284332}, "baseline_over_candidate": 1.0008883034887317}
{"case": {"B": 1, "SEQ_LEN": 256, "H": 1, "HQ": 16, "D": 64, "S": 8, "block_size": 16, "is_causal": true}, "candidate": "baseline", "phase": "compile_correctness"}
{"case": {"B": 1, "SEQ_LEN": 256, "H": 1, "HQ": 16, "D": 64, "S": 8, "block_size": 16, "is_causal": true}, "candidate": "candidate", "phase": "compile_correctness"}
2026-09-07 13:54:01  [TileLang:tilelang.cache.kernel_cache:WARNING] (kernel_cache.py:342): Found kernel 'gather_kernel' in memory cache. For better performance, consider using `@tilelang.jit` instead of direct kernel caching.
{"case": {"B": 1, "SEQ_LEN": 256, "H": 1, "HQ": 16, "D": 64, "S": 8, "block_size": 16, "is_causal": true}, "seed": 438, "status": "PASS", "call_event_ms": {"baseline": [0.01676799952983856, 0.017023999989032746, 0.01687040030956268, 0.01676799952983856], "candidate": [0.017023999989032746, 0.016972799599170686, 0.016921600699424742, 0.016972799599170686]}, "median_ms": {"baseline": 0.01681919991970062, "candidate": 0.016972799599170686}, "baseline_over_candidate": 0.9909502449155431}
{"case": {"B": 2, "SEQ_LEN": 512, "H": 1, "HQ": 16, "D": 64, "S": 8, "block_size": 16, "is_causal": true}, "candidate": "baseline", "phase": "compile_correctness"}
{"case": {"B": 2, "SEQ_LEN": 512, "H": 1, "HQ": 16, "D": 64, "S": 8, "block_size": 16, "is_causal": true}, "candidate": "candidate", "phase": "compile_correctness"}
2026-09-07 13:54:01  [TileLang:tilelang.jit.kernel:INFO] (kernel.py:129): TileLang begins to compile kernel `kernel` with `out_idx=None`
2026-09-07 13:54:05  [TileLang:tilelang.jit.kernel:INFO] (kernel.py:137): TileLang completes to compile kernel `kernel`
{"case": {"B": 2, "SEQ_LEN": 512, "H": 1, "HQ": 16, "D": 64, "S": 8, "block_size": 16, "is_causal": true}, "seed": 438, "status": "PASS", "call_event_ms": {"baseline": [0.034790399670600894, 0.03292160034179688, 0.03284479975700379, 0.032767999172210696], "candidate": [0.03356159925460815, 0.03315199911594391, 0.03315199911594391, 0.03371520042419433]}, "median_ms": {"baseline": 0.03288320004940033, "candidate": 0.03335679918527603}, "baseline_over_candidate": 0.9858020209539544}
{"case": {"B": 4, "SEQ_LEN": 1024, "H": 1, "HQ": 16, "D": 64, "S": 8, "block_size": 16, "is_causal": true}, "candidate": "baseline", "phase": "compile_correctness"}
{"case": {"B": 4, "SEQ_LEN": 1024, "H": 1, "HQ": 16, "D": 64, "S": 8, "block_size": 16, "is_causal": true}, "candidate": "candidate", "phase": "compile_correctness"}
2026-09-07 13:54:06  [TileLang:tilelang.jit.kernel:INFO] (kernel.py:129): TileLang begins to compile kernel `kernel` with `out_idx=None`
2026-09-07 13:54:10  [TileLang:tilelang.jit.kernel:INFO] (kernel.py:137): TileLang completes to compile kernel `kernel`
{"case": {"B": 4, "SEQ_LEN": 1024, "H": 1, "HQ": 16, "D": 64, "S": 8, "block_size": 16, "is_causal": true}, "seed": 438, "status": "PASS", "call_event_ms": {"baseline": [0.09896960258483886, 0.09797120094299316, 0.09776639938354492, 0.09797120094299316], "candidate": [0.09855999946594238, 0.09784319996833801, 0.09771519899368286, 0.09784319996833801]}, "median_ms": {"baseline": 0.09797120094299316, "candidate": 0.09784319996833801}, "baseline_over_candidate": 1.0013082255557522}
