Loading tilelang libs from dev root: /opt/tilelang-metax-v0.1.10/build
{"case": {"B": 1, "SEQ_LEN": 64, "H": 1, "HQ": 16, "D": 128, "S": 1, "block_size": 16, "is_causal": true}, "candidate": "baseline", "phase": "compile_correctness"}
{"case": {"B": 1, "SEQ_LEN": 64, "H": 1, "HQ": 16, "D": 128, "S": 1, "block_size": 16, "is_causal": true}, "candidate": "candidate", "phase": "compile_correctness"}
{"case": {"B": 1, "SEQ_LEN": 64, "H": 1, "HQ": 16, "D": 128, "S": 1, "block_size": 16, "is_causal": true}, "seed": 361, "status": "PASS", "call_event_ms": {"baseline": [0.012390399724245072, 0.010496000200510025, 0.010470400005578995, 0.010265599936246872], "candidate": [0.011289600282907486, 0.010598400235176086, 0.010521599650382995, 0.010470400005578995]}, "median_ms": {"baseline": 0.01048320010304451, "candidate": 0.01055999994277954}, "baseline_over_candidate": 0.9927272878644717}
{"case": {"B": 1, "SEQ_LEN": 128, "H": 1, "HQ": 16, "D": 128, "S": 1, "block_size": 16, "is_causal": true}, "candidate": "baseline", "phase": "compile_correctness"}
{"case": {"B": 1, "SEQ_LEN": 128, "H": 1, "HQ": 16, "D": 128, "S": 1, "block_size": 16, "is_causal": true}, "candidate": "candidate", "phase": "compile_correctness"}
{"case": {"B": 1, "SEQ_LEN": 128, "H": 1, "HQ": 16, "D": 128, "S": 1, "block_size": 16, "is_causal": true}, "seed": 361, "status": "PASS", "call_event_ms": {"baseline": [0.011648000031709672, 0.010393600165843963, 0.010393600165843963, 0.009216000139713288], "candidate": [0.010931199789047242, 0.010547199845314026, 0.010393600165843963, 0.010675200074911118]}, "median_ms": {"baseline": 0.010393600165843963, "candidate": 0.010611199960112571}, "baseline_over_candidate": 0.9794933848116552}
{"case": {"B": 1, "SEQ_LEN": 256, "H": 1, "HQ": 16, "D": 128, "S": 1, "block_size": 16, "is_causal": true}, "candidate": "baseline", "phase": "compile_correctness"}
{"case": {"B": 1, "SEQ_LEN": 256, "H": 1, "HQ": 16, "D": 128, "S": 1, "block_size": 16, "is_causal": true}, "candidate": "candidate", "phase": "compile_correctness"}
{"case": {"B": 1, "SEQ_LEN": 256, "H": 1, "HQ": 16, "D": 128, "S": 1, "block_size": 16, "is_causal": true}, "seed": 361, "status": "PASS", "call_event_ms": {"baseline": [0.011776000261306763, 0.010675200074911118, 0.010675200074911118, 0.010470400005578995], "candidate": [0.010496000200510025, 0.010547199845314026, 0.010316800326108932, 0.010521599650382995]}, "median_ms": {"baseline": 0.010675200074911118, "candidate": 0.01050879992544651}, "baseline_over_candidate": 1.0158343626908035}
{"case": {"B": 1, "SEQ_LEN": 512, "H": 1, "HQ": 16, "D": 128, "S": 1, "block_size": 16, "is_causal": true}, "candidate": "baseline", "phase": "compile_correctness"}
{"case": {"B": 1, "SEQ_LEN": 512, "H": 1, "HQ": 16, "D": 128, "S": 1, "block_size": 16, "is_causal": true}, "candidate": "candidate", "phase": "compile_correctness"}
{"case": {"B": 1, "SEQ_LEN": 512, "H": 1, "HQ": 16, "D": 128, "S": 1, "block_size": 16, "is_causal": true}, "seed": 361, "status": "PASS", "call_event_ms": {"baseline": [0.012211199849843979, 0.011903999745845795, 0.011903999745845795, 0.011878400295972823], "candidate": [0.011340799927711486, 0.011135999858379365, 0.011161600053310395, 0.011135999858379365]}, "median_ms": {"baseline": 0.011903999745845795, "candidate": 0.01114879995584488}, "baseline_over_candidate": 1.0677382133495896}
{"case": {"B": 1, "SEQ_LEN": 1024, "H": 1, "HQ": 16, "D": 128, "S": 1, "block_size": 16, "is_causal": true}, "candidate": "baseline", "phase": "compile_correctness"}
{"case": {"B": 1, "SEQ_LEN": 1024, "H": 1, "HQ": 16, "D": 128, "S": 1, "block_size": 16, "is_causal": true}, "candidate": "candidate", "phase": "compile_correctness"}
{"case": {"B": 1, "SEQ_LEN": 1024, "H": 1, "HQ": 16, "D": 128, "S": 1, "block_size": 16, "is_causal": true}, "seed": 361, "status": "PASS", "call_event_ms": {"baseline": [0.017100800573825837, 0.015999999642372132, 0.016204799711704253, 0.016051200032234193], "candidate": [0.0152319997549057, 0.01518079936504364, 0.0152319997549057, 0.015027199685573579]}, "median_ms": {"baseline": 0.016127999871969223, "candidate": 0.01520639955997467}, "baseline_over_candidate": 1.0606060828771284}
{"case": {"B": 2, "SEQ_LEN": 64, "H": 1, "HQ": 16, "D": 128, "S": 1, "block_size": 16, "is_causal": true}, "candidate": "baseline", "phase": "compile_correctness"}
{"case": {"B": 2, "SEQ_LEN": 64, "H": 1, "HQ": 16, "D": 128, "S": 1, "block_size": 16, "is_causal": true}, "candidate": "candidate", "phase": "compile_correctness"}
{"case": {"B": 2, "SEQ_LEN": 64, "H": 1, "HQ": 16, "D": 128, "S": 1, "block_size": 16, "is_causal": true}, "seed": 361, "status": "PASS", "call_event_ms": {"baseline": [0.011750400066375732, 0.011135999858379365, 0.010521599650382995, 0.010444799810647965], "candidate": [0.010931199789047242, 0.010675200074911118, 0.010547199845314026, 0.010521599650382995]}, "median_ms": {"baseline": 0.010828799754381179, "candidate": 0.010611199960112571}, "baseline_over_candidate": 1.0205066151883448}
{"case": {"B": 2, "SEQ_LEN": 128, "H": 1, "HQ": 16, "D": 128, "S": 1, "block_size": 16, "is_causal": true}, "candidate": "baseline", "phase": "compile_correctness"}
{"case": {"B": 2, "SEQ_LEN": 128, "H": 1, "HQ": 16, "D": 128, "S": 1, "block_size": 16, "is_causal": true}, "candidate": "candidate", "phase": "compile_correctness"}
{"case": {"B": 2, "SEQ_LEN": 128, "H": 1, "HQ": 16, "D": 128, "S": 1, "block_size": 16, "is_causal": true}, "seed": 361, "status": "PASS", "call_event_ms": {"baseline": [0.012467200309038163, 0.010751999914646149, 0.010419200360774993, 0.010496000200510025], "candidate": [0.011468800157308579, 0.010598400235176086, 0.010547199845314026, 0.01090560033917427]}, "median_ms": {"baseline": 0.010624000057578086, "candidate": 0.010752000287175177}, "baseline_over_candidate": 0.9880952170593068}
{"case": {"B": 2, "SEQ_LEN": 256, "H": 1, "HQ": 16, "D": 128, "S": 1, "block_size": 16, "is_causal": true}, "candidate": "baseline", "phase": "compile_correctness"}
{"case": {"B": 2, "SEQ_LEN": 256, "H": 1, "HQ": 16, "D": 128, "S": 1, "block_size": 16, "is_causal": true}, "candidate": "candidate", "phase": "compile_correctness"}
{"case": {"B": 2, "SEQ_LEN": 256, "H": 1, "HQ": 16, "D": 128, "S": 1, "block_size": 16, "is_causal": true}, "seed": 361, "status": "PASS", "call_event_ms": {"baseline": [0.01233920007944107, 0.012057600170373916, 0.011827199906110763, 0.011903999745845795], "candidate": [0.011622399836778641, 0.011340799927711486, 0.011161600053310395, 0.011340799927711486]}, "median_ms": {"baseline": 0.011980799958109856, "candidate": 0.011340799927711486}, "baseline_over_candidate": 1.056433411618039}
{"case": {"B": 2, "SEQ_LEN": 512, "H": 1, "HQ": 16, "D": 128, "S": 1, "block_size": 16, "is_causal": true}, "candidate": "baseline", "phase": "compile_correctness"}
{"case": {"B": 2, "SEQ_LEN": 512, "H": 1, "HQ": 16, "D": 128, "S": 1, "block_size": 16, "is_causal": true}, "candidate": "candidate", "phase": "compile_correctness"}
{"case": {"B": 2, "SEQ_LEN": 512, "H": 1, "HQ": 16, "D": 128, "S": 1, "block_size": 16, "is_causal": true}, "seed": 361, "status": "PASS", "call_event_ms": {"baseline": [0.017023999989032746, 0.016358399391174318, 0.01640959978103638, 0.01646080017089844], "candidate": [0.015897600352764128, 0.015590399503707886, 0.015820799767971037, 0.015462400019168853]}, "median_ms": {"baseline": 0.01643519997596741, "candidate": 0.01570559963583946}, "baseline_over_candidate": 1.046454790459769}
{"case": {"B": 2, "SEQ_LEN": 1024, "H": 1, "HQ": 16, "D": 128, "S": 1, "block_size": 16, "is_causal": true}, "candidate": "baseline", "phase": "compile_correctness"}
{"case": {"B": 2, "SEQ_LEN": 1024, "H": 1, "HQ": 16, "D": 128, "S": 1, "block_size": 16, "is_causal": true}, "candidate": "candidate", "phase": "compile_correctness"}
{"case": {"B": 2, "SEQ_LEN": 1024, "H": 1, "HQ": 16, "D": 128, "S": 1, "block_size": 16, "is_causal": true}, "seed": 361, "status": "PASS", "call_event_ms": {"baseline": [0.031206399202346802, 0.030771198868751525, 0.03036159873008728, 0.030720001459121703], "candidate": [0.028595200181007384, 0.02839039862155914, 0.028492799401283263, 0.028467199206352232]}, "median_ms": {"baseline": 0.030745600163936612, "candidate": 0.028479999303817748}, "baseline_over_candidate": 1.0795505939431382}
{"case": {"B": 4, "SEQ_LEN": 64, "H": 1, "HQ": 16, "D": 128, "S": 1, "block_size": 16, "is_causal": true}, "candidate": "baseline", "phase": "compile_correctness"}
{"case": {"B": 4, "SEQ_LEN": 64, "H": 1, "HQ": 16, "D": 128, "S": 1, "block_size": 16, "is_causal": true}, "candidate": "candidate", "phase": "compile_correctness"}
{"case": {"B": 4, "SEQ_LEN": 64, "H": 1, "HQ": 16, "D": 128, "S": 1, "block_size": 16, "is_causal": true}, "seed": 361, "status": "PASS", "call_event_ms": {"baseline": [0.012057600170373916, 0.010828799754381179, 0.010623999685049058, 0.010700800269842149], "candidate": [0.01085439994931221, 0.010598400235176086, 0.010982400178909302, 0.01090560033917427]}, "median_ms": {"baseline": 0.010764800012111664, "candidate": 0.01088000014424324}, "baseline_over_candidate": 0.9894117527018114}
{"case": {"B": 4, "SEQ_LEN": 128, "H": 1, "HQ": 16, "D": 128, "S": 1, "block_size": 16, "is_causal": true}, "candidate": "baseline", "phase": "compile_correctness"}
{"case": {"B": 4, "SEQ_LEN": 128, "H": 1, "HQ": 16, "D": 128, "S": 1, "block_size": 16, "is_causal": true}, "candidate": "candidate", "phase": "compile_correctness"}
{"case": {"B": 4, "SEQ_LEN": 128, "H": 1, "HQ": 16, "D": 128, "S": 1, "block_size": 16, "is_causal": true}, "seed": 361, "status": "PASS", "call_event_ms": {"baseline": [0.012211199849843979, 0.011878400295972823, 0.011622399836778641, 0.011622399836778641], "candidate": [0.011417599767446518, 0.011033599823713302, 0.011084800213575363, 0.011033599823713302]}, "median_ms": {"baseline": 0.011750400066375732, "candidate": 0.011059200018644333}, "baseline_over_candidate": 1.0625000042106236}
{"case": {"B": 4, "SEQ_LEN": 256, "H": 1, "HQ": 16, "D": 128, "S": 1, "block_size": 16, "is_causal": true}, "candidate": "baseline", "phase": "compile_correctness"}
{"case": {"B": 4, "SEQ_LEN": 256, "H": 1, "HQ": 16, "D": 128, "S": 1, "block_size": 16, "is_causal": true}, "candidate": "candidate", "phase": "compile_correctness"}
{"case": {"B": 4, "SEQ_LEN": 256, "H": 1, "HQ": 16, "D": 128, "S": 1, "block_size": 16, "is_causal": true}, "seed": 361, "status": "PASS", "call_event_ms": {"baseline": [0.01687040030956268, 0.01648640036582947, 0.01643519997596741, 0.01640959978103638], "candidate": [0.015692800283432007, 0.01530880033969879, 0.015488000214099884, 0.015411199629306793]}, "median_ms": {"baseline": 0.01646080017089844, "candidate": 0.015449599921703338}, "baseline_over_candidate": 1.0654515491870171}
{"case": {"B": 4, "SEQ_LEN": 512, "H": 1, "HQ": 16, "D": 128, "S": 1, "block_size": 16, "is_causal": true}, "candidate": "baseline", "phase": "compile_correctness"}
{"case": {"B": 4, "SEQ_LEN": 512, "H": 1, "HQ": 16, "D": 128, "S": 1, "block_size": 16, "is_causal": true}, "candidate": "candidate", "phase": "compile_correctness"}
{"case": {"B": 4, "SEQ_LEN": 512, "H": 1, "HQ": 16, "D": 128, "S": 1, "block_size": 16, "is_causal": true}, "seed": 361, "status": "PASS", "call_event_ms": {"baseline": [0.030924800038337707, 0.03056640028953552, 0.03041279911994934, 0.03054080009460449], "candidate": [0.028569599986076354, 0.028288000822067262, 0.028313601016998292, 0.02810879945755005]}, "median_ms": {"baseline": 0.030553600192070006, "candidate": 0.028300800919532777}, "baseline_over_candidate": 1.0796019617587}
{"case": {"B": 4, "SEQ_LEN": 1024, "H": 1, "HQ": 16, "D": 128, "S": 1, "block_size": 16, "is_causal": true}, "candidate": "baseline", "phase": "compile_correctness"}
{"case": {"B": 4, "SEQ_LEN": 1024, "H": 1, "HQ": 16, "D": 128, "S": 1, "block_size": 16, "is_causal": true}, "candidate": "candidate", "phase": "compile_correctness"}
{"case": {"B": 4, "SEQ_LEN": 1024, "H": 1, "HQ": 16, "D": 128, "S": 1, "block_size": 16, "is_causal": true}, "seed": 361, "status": "PASS", "call_event_ms": {"baseline": [0.04935680031776428, 0.04917759895324707, 0.04958719909191132, 0.04943360090255737], "candidate": [0.04746240079402923, 0.04712960124015808, 0.04725759923458099, 0.04776960015296936]}, "median_ms": {"baseline": 0.049395200610160825, "candidate": 0.04736000001430511}, "baseline_over_candidate": 1.0429729855414058}
{"case": {"B": 8, "SEQ_LEN": 64, "H": 1, "HQ": 16, "D": 128, "S": 1, "block_size": 16, "is_causal": true}, "candidate": "baseline", "phase": "compile_correctness"}
{"case": {"B": 8, "SEQ_LEN": 64, "H": 1, "HQ": 16, "D": 128, "S": 1, "block_size": 16, "is_causal": true}, "candidate": "candidate", "phase": "compile_correctness"}
{"case": {"B": 8, "SEQ_LEN": 64, "H": 1, "HQ": 16, "D": 128, "S": 1, "block_size": 16, "is_causal": true}, "seed": 361, "status": "PASS", "call_event_ms": {"baseline": [0.01223680004477501, 0.011750400066375732, 0.011699199676513672, 0.011622399836778641], "candidate": [0.011519999802112579, 0.011315199732780456, 0.011264000087976456, 0.011238399893045425]}, "median_ms": {"baseline": 0.011724799871444702, "candidate": 0.011289599910378456}, "baseline_over_candidate": 1.0385487496918442}
{"case": {"B": 8, "SEQ_LEN": 128, "H": 1, "HQ": 16, "D": 128, "S": 1, "block_size": 16, "is_causal": true}, "candidate": "baseline", "phase": "compile_correctness"}
{"case": {"B": 8, "SEQ_LEN": 128, "H": 1, "HQ": 16, "D": 128, "S": 1, "block_size": 16, "is_causal": true}, "candidate": "candidate", "phase": "compile_correctness"}
{"case": {"B": 8, "SEQ_LEN": 128, "H": 1, "HQ": 16, "D": 128, "S": 1, "block_size": 16, "is_causal": true}, "seed": 361, "status": "PASS", "call_event_ms": {"baseline": [0.017126399278640746, 0.016358399391174318, 0.01640959978103638, 0.01653759926557541], "candidate": [0.015820799767971037, 0.015539200603961944, 0.015513600409030914, 0.015615999698638916]}, "median_ms": {"baseline": 0.016473599523305894, "candidate": 0.015577600151300431}, "baseline_over_candidate": 1.0575184472128503}
{"case": {"B": 8, "SEQ_LEN": 256, "H": 1, "HQ": 16, "D": 128, "S": 1, "block_size": 16, "is_causal": true}, "candidate": "baseline", "phase": "compile_correctness"}
{"case": {"B": 8, "SEQ_LEN": 256, "H": 1, "HQ": 16, "D": 128, "S": 1, "block_size": 16, "is_causal": true}, "candidate": "candidate", "phase": "compile_correctness"}
{"case": {"B": 8, "SEQ_LEN": 256, "H": 1, "HQ": 16, "D": 128, "S": 1, "block_size": 16, "is_causal": true}, "seed": 361, "status": "PASS", "call_event_ms": {"baseline": [0.031206399202346802, 0.031641599535942075, 0.03125759959220886, 0.03115519881248474], "candidate": [0.02818560004234314, 0.028313601016998292, 0.02810879945755005, 0.02810879945755005]}, "median_ms": {"baseline": 0.031231999397277832, "candidate": 0.028147199749946596}, "baseline_over_candidate": 1.109595259021711}
{"case": {"B": 8, "SEQ_LEN": 512, "H": 1, "HQ": 16, "D": 128, "S": 1, "block_size": 16, "is_causal": true}, "candidate": "baseline", "phase": "compile_correctness"}
{"case": {"B": 8, "SEQ_LEN": 512, "H": 1, "HQ": 16, "D": 128, "S": 1, "block_size": 16, "is_causal": true}, "candidate": "candidate", "phase": "compile_correctness"}
{"case": {"B": 8, "SEQ_LEN": 512, "H": 1, "HQ": 16, "D": 128, "S": 1, "block_size": 16, "is_causal": true}, "seed": 361, "status": "PASS", "call_event_ms": {"baseline": [0.04956159889698029, 0.04840959906578064, 0.05009920001029968, 0.05012480020523071], "candidate": [0.04733439981937408, 0.04702720046043396, 0.04787200093269348, 0.04797439873218536]}, "median_ms": {"baseline": 0.049830399453639984, "candidate": 0.047603200376033786}, "baseline_over_candidate": 1.0467867508909654}
{"case": {"B": 8, "SEQ_LEN": 1024, "H": 1, "HQ": 16, "D": 128, "S": 1, "block_size": 16, "is_causal": true}, "candidate": "baseline", "phase": "compile_correctness"}
{"case": {"B": 8, "SEQ_LEN": 1024, "H": 1, "HQ": 16, "D": 128, "S": 1, "block_size": 16, "is_causal": true}, "candidate": "candidate", "phase": "compile_correctness"}
{"case": {"B": 8, "SEQ_LEN": 1024, "H": 1, "HQ": 16, "D": 128, "S": 1, "block_size": 16, "is_causal": true}, "seed": 361, "status": "PASS", "call_event_ms": {"baseline": [0.08680959939956664, 0.0880128026008606, 0.08780800104141236, 0.08785920143127442], "candidate": [0.08683519959449768, 0.08652799725532531, 0.08698880076408386, 0.0861952006816864]}, "median_ms": {"baseline": 0.08783360123634339, "candidate": 0.0866815984249115}, "baseline_over_candidate": 1.0132900503955269}
{"case": {"B": 1, "SEQ_LEN": 512, "H": 1, "HQ": 16, "D": 128, "S": 1, "block_size": 32, "is_causal": true}, "candidate": "baseline", "phase": "compile_correctness"}
{"case": {"B": 1, "SEQ_LEN": 512, "H": 1, "HQ": 16, "D": 128, "S": 1, "block_size": 32, "is_causal": true}, "candidate": "candidate", "phase": "compile_correctness"}
2026-09-07 10:20:56  [TileLang:tilelang.cache.kernel_cache:WARNING] (kernel_cache.py:342): Found kernel 'kernel' in memory cache. For better performance, consider using `@tilelang.jit` instead of direct kernel caching.
{"case": {"B": 1, "SEQ_LEN": 512, "H": 1, "HQ": 16, "D": 128, "S": 1, "block_size": 32, "is_causal": true}, "seed": 361, "status": "PASS", "call_event_ms": {"baseline": [0.015360000729560851, 0.01664000004529953, 0.016179199516773223, 0.016179199516773223], "candidate": [0.016076800227165223, 0.026931199431419372, 0.016179199516773223, 0.016102400422096253]}, "median_ms": {"baseline": 0.016179199516773223, "candidate": 0.016140799969434738}, "baseline_over_candidate": 1.0023790361946867}
{"case": {"B": 2, "SEQ_LEN": 512, "H": 1, "HQ": 16, "D": 128, "S": 1, "block_size": 32, "is_causal": true}, "candidate": "baseline", "phase": "compile_correctness"}
{"case": {"B": 2, "SEQ_LEN": 512, "H": 1, "HQ": 16, "D": 128, "S": 1, "block_size": 32, "is_causal": true}, "candidate": "candidate", "phase": "compile_correctness"}
2026-09-07 10:20:56  [TileLang:tilelang.cache.kernel_cache:WARNING] (kernel_cache.py:342): Found kernel 'kernel' in memory cache. For better performance, consider using `@tilelang.jit` instead of direct kernel caching.
{"case": {"B": 2, "SEQ_LEN": 512, "H": 1, "HQ": 16, "D": 128, "S": 1, "block_size": 32, "is_causal": true}, "seed": 361, "status": "PASS", "call_event_ms": {"baseline": [0.022015999257564544, 0.02227199971675873, 0.022860799729824067, 0.02240000069141388], "candidate": [0.02247679978609085, 0.02234880030155182, 0.022118400037288665, 0.022118400037288665]}, "median_ms": {"baseline": 0.022336000204086305, "candidate": 0.02223360016942024}, "baseline_over_candidate": 1.004605643435421}
{"case": {"B": 4, "SEQ_LEN": 1024, "H": 1, "HQ": 16, "D": 128, "S": 1, "block_size": 32, "is_causal": true}, "candidate": "baseline", "phase": "compile_correctness"}
{"case": {"B": 4, "SEQ_LEN": 1024, "H": 1, "HQ": 16, "D": 128, "S": 1, "block_size": 32, "is_causal": true}, "candidate": "candidate", "phase": "compile_correctness"}
2026-09-07 10:20:57  [TileLang:tilelang.cache.kernel_cache:WARNING] (kernel_cache.py:342): Found kernel 'kernel' in memory cache. For better performance, consider using `@tilelang.jit` instead of direct kernel caching.
{"case": {"B": 4, "SEQ_LEN": 1024, "H": 1, "HQ": 16, "D": 128, "S": 1, "block_size": 32, "is_causal": true}, "seed": 361, "status": "PASS", "call_event_ms": {"baseline": [0.061849600076675414, 0.062028801441192626, 0.06254079937934875, 0.062080001831054686], "candidate": [0.06218240261077881, 0.062463998794555664, 0.06228479743003845, 0.06225919723510742]}, "median_ms": {"baseline": 0.062054401636123656, "candidate": 0.06227199733257294}, "baseline_over_candidate": 0.9965057215800036}
{"case": {"B": 8, "SEQ_LEN": 512, "H": 1, "HQ": 16, "D": 128, "S": 1, "block_size": 32, "is_causal": true}, "candidate": "baseline", "phase": "compile_correctness"}
{"case": {"B": 8, "SEQ_LEN": 512, "H": 1, "HQ": 16, "D": 128, "S": 1, "block_size": 32, "is_causal": true}, "candidate": "candidate", "phase": "compile_correctness"}
2026-09-07 10:20:57  [TileLang:tilelang.cache.kernel_cache:WARNING] (kernel_cache.py:342): Found kernel 'kernel' in memory cache. For better performance, consider using `@tilelang.jit` instead of direct kernel caching.
{"case": {"B": 8, "SEQ_LEN": 512, "H": 1, "HQ": 16, "D": 128, "S": 1, "block_size": 32, "is_causal": true}, "seed": 361, "status": "PASS", "call_event_ms": {"baseline": [0.061388802528381345, 0.06159359812736511, 0.06172159910202026, 0.061977601051330565], "candidate": [0.061926400661468504, 0.06161919832229614, 0.061977601051330565, 0.06154239773750305]}, "median_ms": {"baseline": 0.06165759861469269, "candidate": 0.06177279949188232}, "baseline_over_candidate": 0.9981350873177639}
{"case": {"B": 1, "SEQ_LEN": 512, "H": 2, "HQ": 32, "D": 128, "S": 1, "block_size": 16, "is_causal": true}, "candidate": "baseline", "phase": "compile_correctness"}
{"case": {"B": 1, "SEQ_LEN": 512, "H": 2, "HQ": 32, "D": 128, "S": 1, "block_size": 16, "is_causal": true}, "candidate": "candidate", "phase": "compile_correctness"}
{"case": {"B": 1, "SEQ_LEN": 512, "H": 2, "HQ": 32, "D": 128, "S": 1, "block_size": 16, "is_causal": true}, "seed": 361, "status": "PASS", "call_event_ms": {"baseline": [0.018278400599956512, 0.01809920072555542, 0.01825280040502548, 0.018355199694633485], "candidate": [0.017382399737834932, 0.017177599668502807, 0.017612800002098083, 0.0173567995429039]}, "median_ms": {"baseline": 0.018265600502490997, "candidate": 0.017369599640369417}, "baseline_over_candidate": 1.0515844280048428}
{"case": {"B": 1, "SEQ_LEN": 1024, "H": 1, "HQ": 16, "D": 128, "S": 1, "block_size": 32, "is_causal": true}, "candidate": "baseline", "phase": "compile_correctness"}
{"case": {"B": 1, "SEQ_LEN": 1024, "H": 1, "HQ": 16, "D": 128, "S": 1, "block_size": 32, "is_causal": true}, "candidate": "candidate", "phase": "compile_correctness"}
2026-09-07 10:20:57  [TileLang:tilelang.cache.kernel_cache:WARNING] (kernel_cache.py:342): Found kernel 'kernel' in memory cache. For better performance, consider using `@tilelang.jit` instead of direct kernel caching.
{"case": {"B": 1, "SEQ_LEN": 1024, "H": 1, "HQ": 16, "D": 128, "S": 1, "block_size": 32, "is_causal": true}, "seed": 361, "status": "PASS", "call_event_ms": {"baseline": [0.021503999829292297, 0.021990400552749634, 0.02173440009355545, 0.022067199647426605], "candidate": [0.022579200565814972, 0.022195200622081756, 0.021887999773025513, 0.021862399578094483]}, "median_ms": {"baseline": 0.021862400323152544, "candidate": 0.022041600197553635}, "baseline_over_candidate": 0.9918699244703213}
{"case": {"B": 2, "SEQ_LEN": 1024, "H": 1, "HQ": 16, "D": 128, "S": 1, "block_size": 32, "is_causal": true}, "candidate": "baseline", "phase": "compile_correctness"}
{"case": {"B": 2, "SEQ_LEN": 1024, "H": 1, "HQ": 16, "D": 128, "S": 1, "block_size": 32, "is_causal": true}, "candidate": "candidate", "phase": "compile_correctness"}
2026-09-07 10:20:58  [TileLang:tilelang.cache.kernel_cache:WARNING] (kernel_cache.py:342): Found kernel 'kernel' in memory cache. For better performance, consider using `@tilelang.jit` instead of direct kernel caching.
{"case": {"B": 2, "SEQ_LEN": 1024, "H": 1, "HQ": 16, "D": 128, "S": 1, "block_size": 32, "is_causal": true}, "seed": 361, "status": "PASS", "call_event_ms": {"baseline": [0.03522560000419617, 0.03548159897327423, 0.03527680039405823, 0.03553279936313629], "candidate": [0.03548159897327423, 0.03555839955806732, 0.03566080033779144, 0.03591679930686951]}, "median_ms": {"baseline": 0.03537919968366623, "candidate": 0.03560959994792938}, "baseline_over_candidate": 0.9935298272207479}
{"case": {"B": 4, "SEQ_LEN": 512, "H": 1, "HQ": 16, "D": 128, "S": 1, "block_size": 32, "is_causal": true}, "candidate": "baseline", "phase": "compile_correctness"}
{"case": {"B": 4, "SEQ_LEN": 512, "H": 1, "HQ": 16, "D": 128, "S": 1, "block_size": 32, "is_causal": true}, "candidate": "candidate", "phase": "compile_correctness"}
2026-09-07 10:20:58  [TileLang:tilelang.cache.kernel_cache:WARNING] (kernel_cache.py:342): Found kernel 'kernel' in memory cache. For better performance, consider using `@tilelang.jit` instead of direct kernel caching.
{"case": {"B": 4, "SEQ_LEN": 512, "H": 1, "HQ": 16, "D": 128, "S": 1, "block_size": 32, "is_causal": true}, "seed": 361, "status": "PASS", "call_event_ms": {"baseline": [0.03532800078392029, 0.03589119911193848, 0.03537920117378235, 0.03589119911193848], "candidate": [0.03591679930686951, 0.03553279936313629, 0.03563520014286041, 0.03563520014286041]}, "median_ms": {"baseline": 0.03563520014286041, "candidate": 0.03563520014286041}, "baseline_over_candidate": 1.0}
{"case": {"B": 8, "SEQ_LEN": 256, "H": 1, "HQ": 16, "D": 128, "S": 1, "block_size": 32, "is_causal": true}, "candidate": "baseline", "phase": "compile_correctness"}
{"case": {"B": 8, "SEQ_LEN": 256, "H": 1, "HQ": 16, "D": 128, "S": 1, "block_size": 32, "is_causal": true}, "candidate": "candidate", "phase": "compile_correctness"}
2026-09-07 10:20:58  [TileLang:tilelang.cache.kernel_cache:WARNING] (kernel_cache.py:342): Found kernel 'kernel' in memory cache. For better performance, consider using `@tilelang.jit` instead of direct kernel caching.
{"case": {"B": 8, "SEQ_LEN": 256, "H": 1, "HQ": 16, "D": 128, "S": 1, "block_size": 32, "is_causal": true}, "seed": 361, "status": "PASS", "call_event_ms": {"baseline": [0.035174399614334106, 0.03543039858341217, 0.03566080033779144, 0.03553279936313629], "candidate": [0.03589119911193848, 0.03563520014286041, 0.03535360097885132, 0.03553279936313629]}, "median_ms": {"baseline": 0.03548159897327423, "candidate": 0.03558399975299835}, "baseline_over_candidate": 0.997122280226087}
{"case": {"B": 1, "SEQ_LEN": 4096, "H": 1, "HQ": 16, "D": 128, "S": 1, "block_size": 16, "is_causal": true}, "candidate": "baseline", "phase": "compile_correctness"}
{"case": {"B": 1, "SEQ_LEN": 4096, "H": 1, "HQ": 16, "D": 128, "S": 1, "block_size": 16, "is_causal": true}, "candidate": "candidate", "phase": "compile_correctness"}
{"case": {"B": 1, "SEQ_LEN": 4096, "H": 1, "HQ": 16, "D": 128, "S": 1, "block_size": 16, "is_causal": true}, "seed": 361, "status": "PASS", "call_event_ms": {"baseline": [0.051686400175094606, 0.053273600339889524, 0.05258240103721619, 0.05191680192947388], "candidate": [0.04989440143108368, 0.04956159889698029, 0.04991999864578247, 0.04956159889698029]}, "median_ms": {"baseline": 0.05224960148334504, "candidate": 0.049728000164031984}, "baseline_over_candidate": 1.050707877071174}
{"case": {"B": 1, "SEQ_LEN": 8192, "H": 1, "HQ": 16, "D": 128, "S": 1, "block_size": 16, "is_causal": true}, "candidate": "baseline", "phase": "compile_correctness"}
{"case": {"B": 1, "SEQ_LEN": 8192, "H": 1, "HQ": 16, "D": 128, "S": 1, "block_size": 16, "is_causal": true}, "candidate": "candidate", "phase": "compile_correctness"}
{"case": {"B": 1, "SEQ_LEN": 8192, "H": 1, "HQ": 16, "D": 128, "S": 1, "block_size": 16, "is_causal": true}, "seed": 361, "status": "PASS", "call_event_ms": {"baseline": [0.09285119771957398, 0.09397760033607483, 0.09349120259284974, 0.09400320053100586], "candidate": [0.09405440092086792, 0.09313279986381531, 0.09318400025367737, 0.09341440200805665]}, "median_ms": {"baseline": 0.09373440146446228, "candidate": 0.09329920113086701}, "baseline_over_candidate": 1.0046645665592018}
