Loading tilelang libs from dev root: /opt/tilelang-metax-v0.1.10/build
{"case": {"B": 1, "SEQ_LEN": 128, "H": 1, "HQ": 16, "D": 64, "S": 1, "block_size": 32, "is_causal": true}, "candidate": "baseline", "phase": "compile_correctness"}
{"case": {"B": 1, "SEQ_LEN": 128, "H": 1, "HQ": 16, "D": 64, "S": 1, "block_size": 32, "is_causal": true}, "candidate": "candidate", "phase": "compile_correctness"}
2026-09-07 11:49:43  [TileLang:tilelang.cache.kernel_cache:WARNING] (kernel_cache.py:342): Found kernel 'kernel' in memory cache. For better performance, consider using `@tilelang.jit` instead of direct kernel caching.
{"case": {"B": 1, "SEQ_LEN": 128, "H": 1, "HQ": 16, "D": 64, "S": 1, "block_size": 32, "is_causal": true}, "seed": 405, "status": "PASS", "call_event_ms": {"baseline": [0.012211199849843979, 0.010163199901580811, 0.010367999970912933, 0.010316800326108932], "candidate": [0.010828799754381179, 0.010675200074911118, 0.010726399719715118, 0.010393600165843963]}, "median_ms": {"baseline": 0.010342400148510933, "candidate": 0.010700799897313118}, "baseline_over_candidate": 0.9665072001867657}
{"case": {"B": 1, "SEQ_LEN": 512, "H": 1, "HQ": 16, "D": 64, "S": 1, "block_size": 32, "is_causal": true}, "candidate": "baseline", "phase": "compile_correctness"}
{"case": {"B": 1, "SEQ_LEN": 512, "H": 1, "HQ": 16, "D": 64, "S": 1, "block_size": 32, "is_causal": true}, "candidate": "candidate", "phase": "compile_correctness"}
2026-09-07 11:49:43  [TileLang:tilelang.cache.kernel_cache:WARNING] (kernel_cache.py:342): Found kernel 'kernel' in memory cache. For better performance, consider using `@tilelang.jit` instead of direct kernel caching.
{"case": {"B": 1, "SEQ_LEN": 512, "H": 1, "HQ": 16, "D": 64, "S": 1, "block_size": 32, "is_causal": true}, "seed": 405, "status": "PASS", "call_event_ms": {"baseline": [0.011443199962377549, 0.010649599879980088, 0.010598400235176086, 0.009881599992513656], "candidate": [0.011059200018644333, 0.010777600109577179, 0.010547199845314026, 0.012057600170373916]}, "median_ms": {"baseline": 0.010624000057578086, "candidate": 0.010918400064110757}, "baseline_over_candidate": 0.9730363418812271}
{"case": {"B": 1, "SEQ_LEN": 1024, "H": 1, "HQ": 16, "D": 64, "S": 1, "block_size": 32, "is_causal": true}, "candidate": "baseline", "phase": "compile_correctness"}
{"case": {"B": 1, "SEQ_LEN": 1024, "H": 1, "HQ": 16, "D": 64, "S": 1, "block_size": 32, "is_causal": true}, "candidate": "candidate", "phase": "compile_correctness"}
2026-09-07 11:49:43  [TileLang:tilelang.cache.kernel_cache:WARNING] (kernel_cache.py:342): Found kernel 'kernel' in memory cache. For better performance, consider using `@tilelang.jit` instead of direct kernel caching.
{"case": {"B": 1, "SEQ_LEN": 1024, "H": 1, "HQ": 16, "D": 64, "S": 1, "block_size": 32, "is_causal": true}, "seed": 405, "status": "PASS", "call_event_ms": {"baseline": [0.013952000439167023, 0.013900800049304963, 0.013875199854373932, 0.014028799533843995], "candidate": [0.014131200313568116, 0.01377280056476593, 0.013849599659442902, 0.013875199854373932]}, "median_ms": {"baseline": 0.013926400244235993, "candidate": 0.013862399756908417}, "baseline_over_candidate": 1.0046168404064153}
{"case": {"B": 2, "SEQ_LEN": 512, "H": 1, "HQ": 16, "D": 64, "S": 1, "block_size": 32, "is_causal": true}, "candidate": "baseline", "phase": "compile_correctness"}
{"case": {"B": 2, "SEQ_LEN": 512, "H": 1, "HQ": 16, "D": 64, "S": 1, "block_size": 32, "is_causal": true}, "candidate": "candidate", "phase": "compile_correctness"}
2026-09-07 11:49:43  [TileLang:tilelang.cache.kernel_cache:WARNING] (kernel_cache.py:342): Found kernel 'kernel' in memory cache. For better performance, consider using `@tilelang.jit` instead of direct kernel caching.
{"case": {"B": 2, "SEQ_LEN": 512, "H": 1, "HQ": 16, "D": 64, "S": 1, "block_size": 32, "is_causal": true}, "seed": 405, "status": "PASS", "call_event_ms": {"baseline": [0.013952000439167023, 0.014003199338912965, 0.013798399269580841, 0.013849599659442902], "candidate": [0.013977600634098053, 0.013952000439167023, 0.014003199338912965, 0.01454080045223236]}, "median_ms": {"baseline": 0.013900800049304963, "candidate": 0.01399039998650551}, "baseline_over_candidate": 0.9935956128997762}
{"case": {"B": 2, "SEQ_LEN": 1024, "H": 1, "HQ": 16, "D": 64, "S": 1, "block_size": 32, "is_causal": true}, "candidate": "baseline", "phase": "compile_correctness"}
{"case": {"B": 2, "SEQ_LEN": 1024, "H": 1, "HQ": 16, "D": 64, "S": 1, "block_size": 32, "is_causal": true}, "candidate": "candidate", "phase": "compile_correctness"}
{"case": {"B": 2, "SEQ_LEN": 1024, "H": 1, "HQ": 16, "D": 64, "S": 1, "block_size": 32, "is_causal": true}, "seed": 405, "status": "PASS", "call_event_ms": {"baseline": [0.026265600323677064, 0.025625601410865784, 0.025574401021003723, 0.025241601467132568], "candidate": [0.021427200734615327, 0.021171200275421142, 0.02104319930076599, 0.021273599565029146]}, "median_ms": {"baseline": 0.025600001215934753, "candidate": 0.021222399920225142}, "baseline_over_candidate": 1.206272679440826}
{"case": {"B": 4, "SEQ_LEN": 1024, "H": 1, "HQ": 16, "D": 64, "S": 1, "block_size": 32, "is_causal": true}, "candidate": "baseline", "phase": "compile_correctness"}
{"case": {"B": 4, "SEQ_LEN": 1024, "H": 1, "HQ": 16, "D": 64, "S": 1, "block_size": 32, "is_causal": true}, "candidate": "candidate", "phase": "compile_correctness"}
{"case": {"B": 4, "SEQ_LEN": 1024, "H": 1, "HQ": 16, "D": 64, "S": 1, "block_size": 32, "is_causal": true}, "seed": 405, "status": "PASS", "call_event_ms": {"baseline": [0.046438398957252505, 0.045875200629234315, 0.046079999208450316, 0.04613119959831238], "candidate": [0.037811198830604555, 0.037401598691940305, 0.03776000142097473, 0.03763200044631958]}, "median_ms": {"baseline": 0.046105599403381346, "candidate": 0.03769600093364715}, "baseline_over_candidate": 1.2230899369017112}
{"case": {"B": 8, "SEQ_LEN": 1024, "H": 1, "HQ": 16, "D": 64, "S": 1, "block_size": 32, "is_causal": true}, "candidate": "baseline", "phase": "compile_correctness"}
{"case": {"B": 8, "SEQ_LEN": 1024, "H": 1, "HQ": 16, "D": 64, "S": 1, "block_size": 32, "is_causal": true}, "candidate": "candidate", "phase": "compile_correctness"}
{"case": {"B": 8, "SEQ_LEN": 1024, "H": 1, "HQ": 16, "D": 64, "S": 1, "block_size": 32, "is_causal": true}, "seed": 405, "status": "PASS", "call_event_ms": {"baseline": [0.08087040185928344, 0.07982079982757569, 0.08023040294647217, 0.07992320060729981], "candidate": [0.06517760157585144, 0.0652288019657135, 0.06538239717483521, 0.06520320177078247]}, "median_ms": {"baseline": 0.08007680177688599, "candidate": 0.06521600186824798}, "baseline_over_candidate": 1.2278704533077693}
{"case": {"B": 2, "SEQ_LEN": 512, "H": 1, "HQ": 32, "D": 64, "S": 1, "block_size": 32, "is_causal": true}, "candidate": "baseline", "phase": "compile_correctness"}
{"case": {"B": 2, "SEQ_LEN": 512, "H": 1, "HQ": 32, "D": 64, "S": 1, "block_size": 32, "is_causal": true}, "candidate": "candidate", "phase": "compile_correctness"}
{"case": {"B": 2, "SEQ_LEN": 512, "H": 1, "HQ": 32, "D": 64, "S": 1, "block_size": 32, "is_causal": true}, "seed": 405, "status": "PASS", "call_event_ms": {"baseline": [0.027110400795936584, 0.026931199431419372, 0.02680320143699646, 0.026444798707962035], "candidate": [0.018764799833297728, 0.01879040002822876, 0.018688000738620758, 0.018636800348758698]}, "median_ms": {"baseline": 0.026867200434207913, "candidate": 0.018726400285959243}, "baseline_over_candidate": 1.4347231728434489}
