Loading tilelang libs from dev root: /opt/tilelang-metax-v0.1.10/build
{"case": {"B": 4, "SEQ_LEN": 1024, "H": 1, "HQ": 16, "D": 32, "S": 1, "block_size": 16, "is_causal": true}, "candidate": "baseline", "phase": "compile_correctness"}
{"case": {"B": 4, "SEQ_LEN": 1024, "H": 1, "HQ": 16, "D": 32, "S": 1, "block_size": 16, "is_causal": true}, "candidate": "candidate", "phase": "compile_correctness"}
2026-09-07 09:08:48  [TileLang:tilelang.jit.kernel:INFO] (kernel.py:129): TileLang begins to compile kernel `kernel` with `out_idx=None`
2026-09-07 09:08:51  [TileLang:tilelang.jit.kernel:INFO] (kernel.py:137): TileLang completes to compile kernel `kernel`
{"case": {"B": 4, "SEQ_LEN": 1024, "H": 1, "HQ": 16, "D": 32, "S": 1, "block_size": 16, "is_causal": true}, "seed": 332, "status": "PASS", "call_event_ms": {"baseline": [0.017177599668502807, 0.021631999313831328, 0.015360000729560851, 0.01528320014476776], "candidate": [0.015744000673294067, 0.015411199629306793, 0.015641599893569946, 0.015360000729560851]}, "median_ms": {"baseline": 0.01626880019903183, "candidate": 0.01552639976143837}, "baseline_over_candidate": 1.047815362801446}
{"case": {"B": 4, "SEQ_LEN": 1024, "H": 1, "HQ": 16, "D": 32, "S": 1, "block_size": 32, "is_causal": true}, "candidate": "baseline", "phase": "compile_correctness"}
{"case": {"B": 4, "SEQ_LEN": 1024, "H": 1, "HQ": 16, "D": 32, "S": 1, "block_size": 32, "is_causal": true}, "candidate": "candidate", "phase": "compile_correctness"}
2026-09-07 09:08:52  [TileLang:tilelang.jit.kernel:INFO] (kernel.py:129): TileLang begins to compile kernel `kernel` with `out_idx=None`
2026-09-07 09:08:54  [TileLang:tilelang.jit.kernel:INFO] (kernel.py:137): TileLang completes to compile kernel `kernel`
{"case": {"B": 4, "SEQ_LEN": 1024, "H": 1, "HQ": 16, "D": 32, "S": 1, "block_size": 32, "is_causal": true}, "seed": 332, "status": "PASS", "call_event_ms": {"baseline": [0.023603199422359465, 0.021836799383163453, 0.02170879989862442, 0.021171200275421142], "candidate": [0.02229759991168976, 0.021990400552749634, 0.021887999773025513, 0.02260479927062988]}, "median_ms": {"baseline": 0.021772799640893938, "candidate": 0.0221440002322197}, "baseline_over_candidate": 0.9832369676917876}
{"case": {"B": 4, "SEQ_LEN": 1024, "H": 1, "HQ": 16, "D": 64, "S": 1, "block_size": 16, "is_causal": true}, "candidate": "baseline", "phase": "compile_correctness"}
{"case": {"B": 4, "SEQ_LEN": 1024, "H": 1, "HQ": 16, "D": 64, "S": 1, "block_size": 16, "is_causal": true}, "candidate": "candidate", "phase": "compile_correctness"}
2026-09-07 09:08:55  [TileLang:tilelang.jit.kernel:INFO] (kernel.py:129): TileLang begins to compile kernel `kernel` with `out_idx=None`
2026-09-07 09:08:58  [TileLang:tilelang.jit.kernel:INFO] (kernel.py:137): TileLang completes to compile kernel `kernel`
{"case": {"B": 4, "SEQ_LEN": 1024, "H": 1, "HQ": 16, "D": 64, "S": 1, "block_size": 16, "is_causal": true}, "seed": 332, "status": "PASS", "call_event_ms": {"baseline": [0.03107840120792389, 0.02969599962234497, 0.029542401432991028, 0.029721599817276], "candidate": [0.030105599761009218, 0.029900801181793214, 0.02964479923248291, 0.03051519989967346]}, "median_ms": {"baseline": 0.029708799719810487, "candidate": 0.030003200471401217}, "baseline_over_candidate": 0.990187688414396}
{"case": {"B": 4, "SEQ_LEN": 1024, "H": 1, "HQ": 16, "D": 64, "S": 1, "block_size": 32, "is_causal": true}, "candidate": "baseline", "phase": "compile_correctness"}
{"case": {"B": 4, "SEQ_LEN": 1024, "H": 1, "HQ": 16, "D": 64, "S": 1, "block_size": 32, "is_causal": true}, "candidate": "candidate", "phase": "compile_correctness"}
2026-09-07 09:08:59  [TileLang:tilelang.jit.kernel:INFO] (kernel.py:129): TileLang begins to compile kernel `kernel` with `out_idx=None`
2026-09-07 09:09:03  [TileLang:tilelang.jit.kernel:INFO] (kernel.py:137): TileLang completes to compile kernel `kernel`
{"case": {"B": 4, "SEQ_LEN": 1024, "H": 1, "HQ": 16, "D": 64, "S": 1, "block_size": 32, "is_causal": true}, "seed": 332, "status": "PASS", "call_event_ms": {"baseline": [0.048511999845504764, 0.04684799909591675, 0.04679679870605469, 0.04738560020923614], "candidate": [0.04567039906978607, 0.04567039906978607, 0.045721599459648134, 0.0456959992647171]}, "median_ms": {"baseline": 0.047116799652576445, "candidate": 0.04568319916725159}, "baseline_over_candidate": 1.03138135050648}
{"case": {"B": 4, "SEQ_LEN": 1024, "H": 1, "HQ": 16, "D": 128, "S": 1, "block_size": 16, "is_causal": true}, "candidate": "baseline", "phase": "compile_correctness"}
{"case": {"B": 4, "SEQ_LEN": 1024, "H": 1, "HQ": 16, "D": 128, "S": 1, "block_size": 16, "is_causal": true}, "candidate": "candidate", "phase": "compile_correctness"}
2026-09-07 09:09:03  [TileLang:tilelang.cache.kernel_cache:WARNING] (kernel_cache.py:342): Found kernel 'kernel' in memory cache. For better performance, consider using `@tilelang.jit` instead of direct kernel caching.
{"case": {"B": 4, "SEQ_LEN": 1024, "H": 1, "HQ": 16, "D": 128, "S": 1, "block_size": 16, "is_causal": true}, "seed": 332, "status": "PASS", "call_event_ms": {"baseline": [0.05562880039215088, 0.05580800175666809, 0.05570560097694397, 0.055936002731323244], "candidate": [0.05611519813537598, 0.05575680136680603, 0.05565440058708191, 0.05557760000228882]}, "median_ms": {"baseline": 0.05575680136680603, "candidate": 0.05570560097694397}, "baseline_over_candidate": 1.0009191246295548}
{"case": {"B": 4, "SEQ_LEN": 1024, "H": 1, "HQ": 16, "D": 128, "S": 1, "block_size": 32, "is_causal": true}, "candidate": "baseline", "phase": "compile_correctness"}
{"case": {"B": 4, "SEQ_LEN": 1024, "H": 1, "HQ": 16, "D": 128, "S": 1, "block_size": 32, "is_causal": true}, "candidate": "candidate", "phase": "compile_correctness"}
2026-09-07 09:09:04  [TileLang:tilelang.cache.kernel_cache:WARNING] (kernel_cache.py:342): Found kernel 'kernel' in memory cache. For better performance, consider using `@tilelang.jit` instead of direct kernel caching.
{"case": {"B": 4, "SEQ_LEN": 1024, "H": 1, "HQ": 16, "D": 128, "S": 1, "block_size": 32, "is_causal": true}, "seed": 332, "status": "PASS", "call_event_ms": {"baseline": [0.0809216022491455, 0.08079360127449035, 0.08110079765319825, 0.08102399706840516], "candidate": [0.08120319843292237, 0.0809216022491455, 0.08058879971504211, 0.08115199804306031]}, "median_ms": {"baseline": 0.08097279965877532, "candidate": 0.0810368001461029}, "baseline_over_candidate": 0.9992102293376319}
