Loading tilelang libs from dev root: /opt/tilelang-metax-v0.1.10/build
{"case": [1, 128, 2, 16, 32, 1, 32, 1], "seed": 10, "phase": "run"}
2026-09-07 08:06:07  [TileLang:tilelang.jit.kernel:INFO] (kernel.py:129): TileLang begins to compile kernel `gather_kernel` with `out_idx=None`
2026-09-07 08:06:09  [TileLang:tilelang.jit.kernel:INFO] (kernel.py:137): TileLang completes to compile kernel `gather_kernel`
{"case": [1, 128, 2, 16, 32, 1, 32, 1], "seed": 10, "status": "PASS", "max_abs_error": 0.001953125}
{"case": [1, 128, 2, 16, 32, 1, 32, 1], "seed": 11, "phase": "run"}
{"case": [1, 128, 2, 16, 32, 1, 32, 1], "seed": 11, "status": "PASS", "max_abs_error": 0.001953125}
{"case": [1, 128, 2, 16, 32, 4, 32, 1], "seed": 10, "phase": "run"}
2026-09-07 08:06:10  [TileLang:tilelang.jit.kernel:INFO] (kernel.py:129): TileLang begins to compile kernel `gather_kernel` with `out_idx=None`
2026-09-07 08:06:13  [TileLang:tilelang.jit.kernel:INFO] (kernel.py:137): TileLang completes to compile kernel `gather_kernel`
{"case": [1, 128, 2, 16, 32, 4, 32, 1], "seed": 10, "status": "PASS", "max_abs_error": 0.001953125}
{"case": [1, 128, 2, 16, 32, 4, 32, 1], "seed": 11, "phase": "run"}
{"case": [1, 128, 2, 16, 32, 4, 32, 1], "seed": 11, "status": "PASS", "max_abs_error": 0.0009765625}
{"case": [1, 128, 2, 16, 64, 1, 32, 1], "seed": 10, "phase": "run"}
2026-09-07 08:06:14  [TileLang:tilelang.jit.kernel:INFO] (kernel.py:129): TileLang begins to compile kernel `gather_kernel` with `out_idx=None`
2026-09-07 08:06:17  [TileLang:tilelang.jit.kernel:INFO] (kernel.py:137): TileLang completes to compile kernel `gather_kernel`
{"case": [1, 128, 2, 16, 64, 1, 32, 1], "seed": 10, "status": "PASS", "max_abs_error": 0.001953125}
{"case": [1, 128, 2, 16, 64, 1, 32, 1], "seed": 11, "phase": "run"}
{"case": [1, 128, 2, 16, 64, 1, 32, 1], "seed": 11, "status": "PASS", "max_abs_error": 0.001953125}
{"case": [1, 128, 2, 16, 64, 4, 32, 1], "seed": 10, "phase": "run"}
2026-09-07 08:06:18  [TileLang:tilelang.jit.kernel:INFO] (kernel.py:129): TileLang begins to compile kernel `gather_kernel` with `out_idx=None`
2026-09-07 08:06:21  [TileLang:tilelang.jit.kernel:INFO] (kernel.py:137): TileLang completes to compile kernel `gather_kernel`
{"case": [1, 128, 2, 16, 64, 4, 32, 1], "seed": 10, "status": "PASS", "max_abs_error": 0.001953125}
{"case": [1, 128, 2, 16, 64, 4, 32, 1], "seed": 11, "phase": "run"}
{"case": [1, 128, 2, 16, 64, 4, 32, 1], "seed": 11, "status": "PASS", "max_abs_error": 0.001953125}
{"case": [1, 128, 2, 16, 128, 1, 32, 1], "seed": 10, "phase": "run"}
2026-09-07 08:06:22  [TileLang:tilelang.jit.kernel:INFO] (kernel.py:129): TileLang begins to compile kernel `gather_kernel` with `out_idx=None`
2026-09-07 08:06:25  [TileLang:tilelang.jit.kernel:INFO] (kernel.py:137): TileLang completes to compile kernel `gather_kernel`
{"case": [1, 128, 2, 16, 128, 1, 32, 1], "seed": 10, "status": "PASS", "max_abs_error": 0.001953125}
{"case": [1, 128, 2, 16, 128, 1, 32, 1], "seed": 11, "phase": "run"}
{"case": [1, 128, 2, 16, 128, 1, 32, 1], "seed": 11, "status": "PASS", "max_abs_error": 0.001953125}
{"case": [1, 128, 2, 16, 128, 4, 32, 1], "seed": 10, "phase": "run"}
2026-09-07 08:06:26  [TileLang:tilelang.jit.kernel:INFO] (kernel.py:129): TileLang begins to compile kernel `gather_kernel` with `out_idx=None`
2026-09-07 08:06:29  [TileLang:tilelang.jit.kernel:INFO] (kernel.py:137): TileLang completes to compile kernel `gather_kernel`
{"case": [1, 128, 2, 16, 128, 4, 32, 1], "seed": 10, "status": "PASS", "max_abs_error": 0.001953125}
{"case": [1, 128, 2, 16, 128, 4, 32, 1], "seed": 11, "phase": "run"}
{"case": [1, 128, 2, 16, 128, 4, 32, 1], "seed": 11, "status": "PASS", "max_abs_error": 0.001953125}
