Loading tilelang libs from dev root: /opt/tilelang-metax-v0.1.10/build
{"case": {"B": 1, "SEQ_LEN": 256, "H": 1, "HQ": 16, "D": 64, "S": 2, "block_size": 16, "is_causal": true}, "candidate": "baseline", "phase": "compile_correctness"}
{"case": {"B": 1, "SEQ_LEN": 256, "H": 1, "HQ": 16, "D": 64, "S": 2, "block_size": 16, "is_causal": true}, "candidate": "candidate", "phase": "compile_correctness"}
2026-09-07 10:59:42  [TileLang:tilelang.cache.kernel_cache:WARNING] (kernel_cache.py:342): Found kernel 'kernel' in memory cache. For better performance, consider using `@tilelang.jit` instead of direct kernel caching.
{"case": {"B": 1, "SEQ_LEN": 256, "H": 1, "HQ": 16, "D": 64, "S": 2, "block_size": 16, "is_causal": true}, "seed": 382, "status": "PASS", "call_event_ms": {"baseline": [0.01231359988451004, 0.010316800326108932, 0.010367999970912933, 0.010342399775981902], "candidate": [0.010828799754381179, 0.010470400005578995, 0.010623999685049058, 0.010419200360774993]}, "median_ms": {"baseline": 0.010355199873447418, "candidate": 0.010547199845314027}, "baseline_over_candidate": 0.981796118905255}
{"case": {"B": 2, "SEQ_LEN": 512, "H": 1, "HQ": 16, "D": 64, "S": 2, "block_size": 16, "is_causal": true}, "candidate": "baseline", "phase": "compile_correctness"}
{"case": {"B": 2, "SEQ_LEN": 512, "H": 1, "HQ": 16, "D": 64, "S": 2, "block_size": 16, "is_causal": true}, "candidate": "candidate", "phase": "compile_correctness"}
2026-09-07 10:59:42  [TileLang:tilelang.jit.kernel:INFO] (kernel.py:129): TileLang begins to compile kernel `gather_kernel` with `out_idx=None`
2026-09-07 10:59:44  [TileLang:tilelang.jit.kernel:INFO] (kernel.py:137): TileLang completes to compile kernel `gather_kernel`
{"case": {"B": 2, "SEQ_LEN": 512, "H": 1, "HQ": 16, "D": 64, "S": 2, "block_size": 16, "is_causal": true}, "seed": 382, "status": "PASS", "call_event_ms": {"baseline": [0.021222400665283202, 0.0194815993309021, 0.019276799261569978, 0.019020800292491914], "candidate": [0.014105600118637086, 0.01372160017490387, 0.013619199395179749, 0.013593600690364837]}, "median_ms": {"baseline": 0.01937919929623604, "candidate": 0.013670399785041809}, "baseline_over_candidate": 1.4176029670647097}
{"case": {"B": 4, "SEQ_LEN": 1024, "H": 1, "HQ": 16, "D": 64, "S": 2, "block_size": 16, "is_causal": true}, "candidate": "baseline", "phase": "compile_correctness"}
{"case": {"B": 4, "SEQ_LEN": 1024, "H": 1, "HQ": 16, "D": 64, "S": 2, "block_size": 16, "is_causal": true}, "candidate": "candidate", "phase": "compile_correctness"}
2026-09-07 10:59:45  [TileLang:tilelang.jit.kernel:INFO] (kernel.py:129): TileLang begins to compile kernel `gather_kernel` with `out_idx=None`
2026-09-07 10:59:48  [TileLang:tilelang.jit.kernel:INFO] (kernel.py:137): TileLang completes to compile kernel `gather_kernel`
{"case": {"B": 4, "SEQ_LEN": 1024, "H": 1, "HQ": 16, "D": 64, "S": 2, "block_size": 16, "is_causal": true}, "seed": 382, "status": "PASS", "call_event_ms": {"baseline": [0.053376001119613645, 0.051123201847076416, 0.050892800092697144, 0.05063679814338684], "candidate": [0.03632639944553375, 0.03624959886074066, 0.03609600067138672, 0.03596799969673157]}, "median_ms": {"baseline": 0.05100800096988678, "candidate": 0.03617279976606369}, "baseline_over_candidate": 1.4101203473263095}
{"case": {"B": 1, "SEQ_LEN": 256, "H": 1, "HQ": 16, "D": 64, "S": 4, "block_size": 16, "is_causal": true}, "candidate": "baseline", "phase": "compile_correctness"}
{"case": {"B": 1, "SEQ_LEN": 256, "H": 1, "HQ": 16, "D": 64, "S": 4, "block_size": 16, "is_causal": true}, "candidate": "candidate", "phase": "compile_correctness"}
2026-09-07 10:59:49  [TileLang:tilelang.cache.kernel_cache:WARNING] (kernel_cache.py:342): Found kernel 'kernel' in memory cache. For better performance, consider using `@tilelang.jit` instead of direct kernel caching.
{"case": {"B": 1, "SEQ_LEN": 256, "H": 1, "HQ": 16, "D": 64, "S": 4, "block_size": 16, "is_causal": true}, "seed": 382, "status": "PASS", "call_event_ms": {"baseline": [0.015897600352764128, 0.015718400478363037, 0.015718400478363037, 0.015872000157833098], "candidate": [0.015872000157833098, 0.015820799767971037, 0.015769599378108977, 0.015872000157833098]}, "median_ms": {"baseline": 0.015795200318098068, "candidate": 0.015846399962902068}, "baseline_over_candidate": 0.9967690046367715}
{"case": {"B": 2, "SEQ_LEN": 512, "H": 1, "HQ": 16, "D": 64, "S": 4, "block_size": 16, "is_causal": true}, "candidate": "baseline", "phase": "compile_correctness"}
{"case": {"B": 2, "SEQ_LEN": 512, "H": 1, "HQ": 16, "D": 64, "S": 4, "block_size": 16, "is_causal": true}, "candidate": "candidate", "phase": "compile_correctness"}
2026-09-07 10:59:49  [TileLang:tilelang.jit.kernel:INFO] (kernel.py:129): TileLang begins to compile kernel `gather_kernel` with `out_idx=None`
2026-09-07 10:59:52  [TileLang:tilelang.jit.kernel:INFO] (kernel.py:137): TileLang completes to compile kernel `gather_kernel`
{"case": {"B": 2, "SEQ_LEN": 512, "H": 1, "HQ": 16, "D": 64, "S": 4, "block_size": 16, "is_causal": true}, "seed": 382, "status": "PASS", "call_event_ms": {"baseline": [0.030796799063682555, 0.02910720109939575, 0.0289792001247406, 0.02887679934501648], "candidate": [0.01953279972076416, 0.01930239945650101, 0.018995200097560883, 0.018943999707698823]}, "median_ms": {"baseline": 0.029043200612068176, "candidate": 0.019148799777030948}, "baseline_over_candidate": 1.5167112795709314}
{"case": {"B": 4, "SEQ_LEN": 1024, "H": 1, "HQ": 16, "D": 64, "S": 4, "block_size": 16, "is_causal": true}, "candidate": "baseline", "phase": "compile_correctness"}
{"case": {"B": 4, "SEQ_LEN": 1024, "H": 1, "HQ": 16, "D": 64, "S": 4, "block_size": 16, "is_causal": true}, "candidate": "candidate", "phase": "compile_correctness"}
2026-09-07 10:59:53  [TileLang:tilelang.jit.kernel:INFO] (kernel.py:129): TileLang begins to compile kernel `gather_kernel` with `out_idx=None`
2026-09-07 10:59:56  [TileLang:tilelang.jit.kernel:INFO] (kernel.py:137): TileLang completes to compile kernel `gather_kernel`
{"case": {"B": 4, "SEQ_LEN": 1024, "H": 1, "HQ": 16, "D": 64, "S": 4, "block_size": 16, "is_causal": true}, "seed": 382, "status": "PASS", "call_event_ms": {"baseline": [0.08115199804306031, 0.07866880297660828, 0.07874559760093688, 0.07833600044250488], "candidate": [0.05862399935722351, 0.05793280005455017, 0.05780479907989502, 0.057574397325515746]}, "median_ms": {"baseline": 0.07870720028877258, "candidate": 0.057868799567222594}, "baseline_over_candidate": 1.360097338762718}
{"case": {"B": 1, "SEQ_LEN": 256, "H": 1, "HQ": 16, "D": 64, "S": 8, "block_size": 16, "is_causal": true}, "candidate": "baseline", "phase": "compile_correctness"}
{"case": {"B": 1, "SEQ_LEN": 256, "H": 1, "HQ": 16, "D": 64, "S": 8, "block_size": 16, "is_causal": true}, "candidate": "candidate", "phase": "compile_correctness"}
2026-09-07 10:59:57  [TileLang:tilelang.cache.kernel_cache:WARNING] (kernel_cache.py:342): Found kernel 'kernel' in memory cache. For better performance, consider using `@tilelang.jit` instead of direct kernel caching.
{"case": {"B": 1, "SEQ_LEN": 256, "H": 1, "HQ": 16, "D": 64, "S": 8, "block_size": 16, "is_causal": true}, "seed": 382, "status": "PASS", "call_event_ms": {"baseline": [0.02449920028448105, 0.024831999838352204, 0.02452480047941208, 0.02449920028448105], "candidate": [0.02455040067434311, 0.024447999894618988, 0.024422399699687958, 0.02447360008955002]}, "median_ms": {"baseline": 0.024512000381946564, "candidate": 0.024460799992084503}, "baseline_over_candidate": 1.0020931608892034}
{"case": {"B": 2, "SEQ_LEN": 512, "H": 1, "HQ": 16, "D": 64, "S": 8, "block_size": 16, "is_causal": true}, "candidate": "baseline", "phase": "compile_correctness"}
{"case": {"B": 2, "SEQ_LEN": 512, "H": 1, "HQ": 16, "D": 64, "S": 8, "block_size": 16, "is_causal": true}, "candidate": "candidate", "phase": "compile_correctness"}
2026-09-07 10:59:57  [TileLang:tilelang.cache.kernel_cache:WARNING] (kernel_cache.py:342): Found kernel 'kernel' in memory cache. For better performance, consider using `@tilelang.jit` instead of direct kernel caching.
{"case": {"B": 2, "SEQ_LEN": 512, "H": 1, "HQ": 16, "D": 64, "S": 8, "block_size": 16, "is_causal": true}, "seed": 382, "status": "PASS", "call_event_ms": {"baseline": [0.04119040071964264, 0.04121600091457367, 0.04113920032978058, 0.0409855991601944], "candidate": [0.042956799268722534, 0.04116480052471161, 0.04085760116577149, 0.0409855991601944]}, "median_ms": {"baseline": 0.04116480052471161, "candidate": 0.041075199842453}, "baseline_over_candidate": 1.0021813815295428}
{"case": {"B": 4, "SEQ_LEN": 1024, "H": 1, "HQ": 16, "D": 64, "S": 8, "block_size": 16, "is_causal": true}, "candidate": "baseline", "phase": "compile_correctness"}
{"case": {"B": 4, "SEQ_LEN": 1024, "H": 1, "HQ": 16, "D": 64, "S": 8, "block_size": 16, "is_causal": true}, "candidate": "candidate", "phase": "compile_correctness"}
2026-09-07 10:59:58  [TileLang:tilelang.cache.kernel_cache:WARNING] (kernel_cache.py:342): Found kernel 'kernel' in memory cache. For better performance, consider using `@tilelang.jit` instead of direct kernel caching.
{"case": {"B": 4, "SEQ_LEN": 1024, "H": 1, "HQ": 16, "D": 64, "S": 8, "block_size": 16, "is_causal": true}, "seed": 382, "status": "PASS", "call_event_ms": {"baseline": [0.12344319820404052, 0.1230847954750061, 0.12305920124053955, 0.12295680046081543], "candidate": [0.12298239469528198, 0.12293119430541992, 0.12303359508514404, 0.12285439968109131]}, "median_ms": {"baseline": 0.12307199835777283, "candidate": 0.12295679450035095}, "baseline_over_candidate": 1.000936945842562}
