Loading tilelang libs from dev root: /opt/tilelang-metax-v0.1.10/build
{"case": {"B": 1, "SEQ_LEN": 256, "H": 1, "HQ": 16, "D": 64, "S": 2, "block_size": 16, "is_causal": true}, "candidate": "baseline", "phase": "compile_correctness"}
{"case": {"B": 1, "SEQ_LEN": 256, "H": 1, "HQ": 16, "D": 64, "S": 2, "block_size": 16, "is_causal": true}, "candidate": "candidate", "phase": "compile_correctness"}
{"case": {"B": 1, "SEQ_LEN": 256, "H": 1, "HQ": 16, "D": 64, "S": 2, "block_size": 16, "is_causal": true}, "seed": 428, "status": "PASS", "call_event_ms": {"baseline": [0.01231359988451004, 0.010598400235176086, 0.01080320030450821, 0.010444799810647965], "candidate": [0.011340799927711486, 0.01090560033917427, 0.010521599650382995, 0.010547199845314026]}, "median_ms": {"baseline": 0.010700800269842149, "candidate": 0.010726400092244147}, "baseline_over_candidate": 0.9976133817327485}
{"case": {"B": 2, "SEQ_LEN": 512, "H": 1, "HQ": 16, "D": 64, "S": 2, "block_size": 16, "is_causal": true}, "candidate": "baseline", "phase": "compile_correctness"}
{"case": {"B": 2, "SEQ_LEN": 512, "H": 1, "HQ": 16, "D": 64, "S": 2, "block_size": 16, "is_causal": true}, "candidate": "candidate", "phase": "compile_correctness"}
{"case": {"B": 2, "SEQ_LEN": 512, "H": 1, "HQ": 16, "D": 64, "S": 2, "block_size": 16, "is_causal": true}, "seed": 428, "status": "PASS", "call_event_ms": {"baseline": [0.019891199469566346, 0.019251200556755065, 0.0193792000412941, 0.019225600361824035], "candidate": [0.012544000148773193, 0.012467200309038163, 0.012467200309038163, 0.012441600114107132]}, "median_ms": {"baseline": 0.01931520029902458, "candidate": 0.012467200309038163}, "baseline_over_candidate": 1.5492812997495455}
{"case": {"B": 4, "SEQ_LEN": 1024, "H": 1, "HQ": 16, "D": 64, "S": 2, "block_size": 16, "is_causal": true}, "candidate": "baseline", "phase": "compile_correctness"}
{"case": {"B": 4, "SEQ_LEN": 1024, "H": 1, "HQ": 16, "D": 64, "S": 2, "block_size": 16, "is_causal": true}, "candidate": "candidate", "phase": "compile_correctness"}
{"case": {"B": 4, "SEQ_LEN": 1024, "H": 1, "HQ": 16, "D": 64, "S": 2, "block_size": 16, "is_causal": true}, "seed": 428, "status": "PASS", "call_event_ms": {"baseline": [0.05073919892311096, 0.05053439736366272, 0.05030400156974792, 0.05025280117988586], "candidate": [0.03573760092258453, 0.03568640053272247, 0.03578880131244659, 0.03566080033779144]}, "median_ms": {"baseline": 0.050419199466705325, "candidate": 0.0357120007276535}, "baseline_over_candidate": 1.4118279132891969}
{"case": {"B": 1, "SEQ_LEN": 256, "H": 1, "HQ": 16, "D": 64, "S": 4, "block_size": 16, "is_causal": true}, "candidate": "baseline", "phase": "compile_correctness"}
{"case": {"B": 1, "SEQ_LEN": 256, "H": 1, "HQ": 16, "D": 64, "S": 4, "block_size": 16, "is_causal": true}, "candidate": "candidate", "phase": "compile_correctness"}
{"case": {"B": 1, "SEQ_LEN": 256, "H": 1, "HQ": 16, "D": 64, "S": 4, "block_size": 16, "is_causal": true}, "seed": 428, "status": "PASS", "call_event_ms": {"baseline": [0.016256000101566314, 0.01594880074262619, 0.015897600352764128, 0.015718400478363037], "candidate": [0.01226240023970604, 0.011955200135707856, 0.011878400295972823, 0.011801599711179733]}, "median_ms": {"baseline": 0.01592320054769516, "candidate": 0.01191680021584034}, "baseline_over_candidate": 1.336197658707858}
{"case": {"B": 2, "SEQ_LEN": 512, "H": 1, "HQ": 16, "D": 64, "S": 4, "block_size": 16, "is_causal": true}, "candidate": "baseline", "phase": "compile_correctness"}
{"case": {"B": 2, "SEQ_LEN": 512, "H": 1, "HQ": 16, "D": 64, "S": 4, "block_size": 16, "is_causal": true}, "candidate": "candidate", "phase": "compile_correctness"}
{"case": {"B": 2, "SEQ_LEN": 512, "H": 1, "HQ": 16, "D": 64, "S": 4, "block_size": 16, "is_causal": true}, "seed": 428, "status": "PASS", "call_event_ms": {"baseline": [0.02913280129432678, 0.028799998760223388, 0.028799998760223388, 0.028569599986076354], "candidate": [0.019123199582099914, 0.019251200556755065, 0.019046400487422944, 0.018969599902629853]}, "median_ms": {"baseline": 0.028799998760223388, "candidate": 0.01908480003476143}, "baseline_over_candidate": 1.509054258245646}
{"case": {"B": 4, "SEQ_LEN": 1024, "H": 1, "HQ": 16, "D": 64, "S": 4, "block_size": 16, "is_causal": true}, "candidate": "baseline", "phase": "compile_correctness"}
{"case": {"B": 4, "SEQ_LEN": 1024, "H": 1, "HQ": 16, "D": 64, "S": 4, "block_size": 16, "is_causal": true}, "candidate": "candidate", "phase": "compile_correctness"}
{"case": {"B": 4, "SEQ_LEN": 1024, "H": 1, "HQ": 16, "D": 64, "S": 4, "block_size": 16, "is_causal": true}, "seed": 428, "status": "PASS", "call_event_ms": {"baseline": [0.07805439829826355, 0.07790079712867737, 0.07769600152969361, 0.07749119997024537], "candidate": [0.057625597715377806, 0.057574397325515746, 0.05734400153160095, 0.05736960172653198]}, "median_ms": {"baseline": 0.07779839932918549, "candidate": 0.05747199952602386}, "baseline_over_candidate": 1.3536748324539787}
{"case": {"B": 1, "SEQ_LEN": 256, "H": 1, "HQ": 16, "D": 64, "S": 8, "block_size": 16, "is_causal": true}, "candidate": "baseline", "phase": "compile_correctness"}
{"case": {"B": 1, "SEQ_LEN": 256, "H": 1, "HQ": 16, "D": 64, "S": 8, "block_size": 16, "is_causal": true}, "candidate": "candidate", "phase": "compile_correctness"}
{"case": {"B": 1, "SEQ_LEN": 256, "H": 1, "HQ": 16, "D": 64, "S": 8, "block_size": 16, "is_causal": true}, "seed": 428, "status": "PASS", "call_event_ms": {"baseline": [0.025011199712753295, 0.02460159957408905, 0.02470400035381317, 0.02447360008955002], "candidate": [0.017023999989032746, 0.016972799599170686, 0.01664000004529953, 0.01679359972476959]}, "median_ms": {"baseline": 0.02465279996395111, "candidate": 0.01688319966197014}, "baseline_over_candidate": 1.4601971461299603}
{"case": {"B": 2, "SEQ_LEN": 512, "H": 1, "HQ": 16, "D": 64, "S": 8, "block_size": 16, "is_causal": true}, "candidate": "baseline", "phase": "compile_correctness"}
{"case": {"B": 2, "SEQ_LEN": 512, "H": 1, "HQ": 16, "D": 64, "S": 8, "block_size": 16, "is_causal": true}, "candidate": "candidate", "phase": "compile_correctness"}
2026-09-07 13:15:40  [TileLang:tilelang.jit.kernel:INFO] (kernel.py:129): TileLang begins to compile kernel `kernel` with `out_idx=None`
2026-09-07 13:15:43  [TileLang:tilelang.jit.kernel:INFO] (kernel.py:137): TileLang completes to compile kernel `kernel`
{"case": {"B": 2, "SEQ_LEN": 512, "H": 1, "HQ": 16, "D": 64, "S": 8, "block_size": 16, "is_causal": true}, "seed": 428, "status": "PASS", "call_event_ms": {"baseline": [0.043007999658584595, 0.04101119935512543, 0.04095999896526337, 0.04111360013484955], "candidate": [0.04162560105323791, 0.04116480052471161, 0.040934398770332336, 0.04121600091457367]}, "median_ms": {"baseline": 0.04106239974498749, "candidate": 0.04119040071964264}, "baseline_over_candidate": 0.9968924561932191}
{"case": {"B": 4, "SEQ_LEN": 1024, "H": 1, "HQ": 16, "D": 64, "S": 8, "block_size": 16, "is_causal": true}, "candidate": "baseline", "phase": "compile_correctness"}
{"case": {"B": 4, "SEQ_LEN": 1024, "H": 1, "HQ": 16, "D": 64, "S": 8, "block_size": 16, "is_causal": true}, "candidate": "candidate", "phase": "compile_correctness"}
2026-09-07 13:15:44  [TileLang:tilelang.jit.kernel:INFO] (kernel.py:129): TileLang begins to compile kernel `kernel` with `out_idx=None`
2026-09-07 13:15:48  [TileLang:tilelang.jit.kernel:INFO] (kernel.py:137): TileLang completes to compile kernel `kernel`
{"case": {"B": 4, "SEQ_LEN": 1024, "H": 1, "HQ": 16, "D": 64, "S": 8, "block_size": 16, "is_causal": true}, "seed": 428, "status": "PASS", "call_event_ms": {"baseline": [0.12454400062561036, 0.12282880544662475, 0.12277760505676269, 0.12285439968109131], "candidate": [0.12372479438781739, 0.12313599586486816, 0.12349439859390259, 0.12323839664459228]}, "median_ms": {"baseline": 0.12284160256385804, "candidate": 0.12336639761924743}, "baseline_over_candidate": 0.9957460453939079}
