Loading tilelang libs from dev root: /opt/tilelang-metax-v0.1.10/build
{"case": {"B": 1, "SEQ_LEN": 256, "H": 1, "HQ": 16, "D": 64, "S": 2, "block_size": 16, "is_causal": true}, "candidate": "baseline", "phase": "compile_correctness"}
{"case": {"B": 1, "SEQ_LEN": 256, "H": 1, "HQ": 16, "D": 64, "S": 2, "block_size": 16, "is_causal": true}, "candidate": "candidate", "phase": "compile_correctness"}
{"case": {"B": 1, "SEQ_LEN": 256, "H": 1, "HQ": 16, "D": 64, "S": 2, "block_size": 16, "is_causal": true}, "seed": 429, "status": "PASS", "call_event_ms": {"baseline": [0.014617599546909332, 0.011852800101041793, 0.011801599711179733, 0.011673600226640702], "candidate": [0.012902399897575379, 0.012108799815177918, 0.012083200365304947, 0.011980800330638886]}, "median_ms": {"baseline": 0.011827199906110763, "candidate": 0.012096000090241431}, "baseline_over_candidate": 0.9777777627211225}
{"case": {"B": 2, "SEQ_LEN": 512, "H": 1, "HQ": 16, "D": 64, "S": 2, "block_size": 16, "is_causal": true}, "candidate": "baseline", "phase": "compile_correctness"}
{"case": {"B": 2, "SEQ_LEN": 512, "H": 1, "HQ": 16, "D": 64, "S": 2, "block_size": 16, "is_causal": true}, "candidate": "candidate", "phase": "compile_correctness"}
{"case": {"B": 2, "SEQ_LEN": 512, "H": 1, "HQ": 16, "D": 64, "S": 2, "block_size": 16, "is_causal": true}, "seed": 429, "status": "PASS", "call_event_ms": {"baseline": [0.01963520050048828, 0.01935359984636307, 0.019251200556755065, 0.019046400487422944], "candidate": [0.012748800218105316, 0.012569600343704223, 0.012441600114107132, 0.012467200309038163]}, "median_ms": {"baseline": 0.019302400201559065, "candidate": 0.012518400326371193}, "baseline_over_candidate": 1.5419222662896261}
{"case": {"B": 4, "SEQ_LEN": 1024, "H": 1, "HQ": 16, "D": 64, "S": 2, "block_size": 16, "is_causal": true}, "candidate": "baseline", "phase": "compile_correctness"}
{"case": {"B": 4, "SEQ_LEN": 1024, "H": 1, "HQ": 16, "D": 64, "S": 2, "block_size": 16, "is_causal": true}, "candidate": "candidate", "phase": "compile_correctness"}
{"case": {"B": 4, "SEQ_LEN": 1024, "H": 1, "HQ": 16, "D": 64, "S": 2, "block_size": 16, "is_causal": true}, "seed": 429, "status": "PASS", "call_event_ms": {"baseline": [0.050995200872421265, 0.0502016007900238, 0.05066239833831787, 0.05009920001029968], "candidate": [0.03594239950180054, 0.03576320111751556, 0.03568640053272247, 0.03583999872207642]}, "median_ms": {"baseline": 0.05043199956417084, "candidate": 0.03580159991979599}, "baseline_over_candidate": 1.408652118261485}
{"case": {"B": 1, "SEQ_LEN": 256, "H": 1, "HQ": 16, "D": 64, "S": 4, "block_size": 16, "is_causal": true}, "candidate": "baseline", "phase": "compile_correctness"}
{"case": {"B": 1, "SEQ_LEN": 256, "H": 1, "HQ": 16, "D": 64, "S": 4, "block_size": 16, "is_causal": true}, "candidate": "candidate", "phase": "compile_correctness"}
{"case": {"B": 1, "SEQ_LEN": 256, "H": 1, "HQ": 16, "D": 64, "S": 4, "block_size": 16, "is_causal": true}, "seed": 429, "status": "PASS", "call_event_ms": {"baseline": [0.016076800227165223, 0.015846399962902068, 0.015846399962902068, 0.015615999698638916], "candidate": [0.012108799815177918, 0.012057600170373916, 0.011827199906110763, 0.011929599940776825]}, "median_ms": {"baseline": 0.015846399962902068, "candidate": 0.01199360005557537}, "baseline_over_candidate": 1.3212379843811513}
{"case": {"B": 2, "SEQ_LEN": 512, "H": 1, "HQ": 16, "D": 64, "S": 4, "block_size": 16, "is_causal": true}, "candidate": "baseline", "phase": "compile_correctness"}
{"case": {"B": 2, "SEQ_LEN": 512, "H": 1, "HQ": 16, "D": 64, "S": 4, "block_size": 16, "is_causal": true}, "candidate": "candidate", "phase": "compile_correctness"}
{"case": {"B": 2, "SEQ_LEN": 512, "H": 1, "HQ": 16, "D": 64, "S": 4, "block_size": 16, "is_causal": true}, "seed": 429, "status": "PASS", "call_event_ms": {"baseline": [0.029414400458335876, 0.02892799973487854, 0.02905600070953369, 0.02885119915008545], "candidate": [0.019097599387168884, 0.019225600361824035, 0.019225600361824035, 0.019072000682353974]}, "median_ms": {"baseline": 0.028992000222206115, "candidate": 0.01916159987449646}, "baseline_over_candidate": 1.5130260736105672}
{"case": {"B": 4, "SEQ_LEN": 1024, "H": 1, "HQ": 16, "D": 64, "S": 4, "block_size": 16, "is_causal": true}, "candidate": "baseline", "phase": "compile_correctness"}
{"case": {"B": 4, "SEQ_LEN": 1024, "H": 1, "HQ": 16, "D": 64, "S": 4, "block_size": 16, "is_causal": true}, "candidate": "candidate", "phase": "compile_correctness"}
{"case": {"B": 4, "SEQ_LEN": 1024, "H": 1, "HQ": 16, "D": 64, "S": 4, "block_size": 16, "is_causal": true}, "seed": 429, "status": "PASS", "call_event_ms": {"baseline": [0.07854080200195312, 0.07764480113983155, 0.07805439829826355, 0.07784960269927979], "candidate": [0.0577023983001709, 0.05772799849510193, 0.05772799849510193, 0.0574720025062561]}, "median_ms": {"baseline": 0.07795200049877167, "candidate": 0.05771519839763641}, "baseline_over_candidate": 1.3506321153348753}
{"case": {"B": 1, "SEQ_LEN": 256, "H": 1, "HQ": 16, "D": 64, "S": 8, "block_size": 16, "is_causal": true}, "candidate": "baseline", "phase": "compile_correctness"}
{"case": {"B": 1, "SEQ_LEN": 256, "H": 1, "HQ": 16, "D": 64, "S": 8, "block_size": 16, "is_causal": true}, "candidate": "candidate", "phase": "compile_correctness"}
{"case": {"B": 1, "SEQ_LEN": 256, "H": 1, "HQ": 16, "D": 64, "S": 8, "block_size": 16, "is_causal": true}, "seed": 429, "status": "PASS", "call_event_ms": {"baseline": [0.02529279887676239, 0.024857600033283234, 0.0247296005487442, 0.02452480047941208], "candidate": [0.017023999989032746, 0.016972799599170686, 0.01679359972476959, 0.01684480011463165]}, "median_ms": {"baseline": 0.02479360029101372, "candidate": 0.01690879985690117}, "baseline_over_candidate": 1.4663134285603623}
{"case": {"B": 2, "SEQ_LEN": 512, "H": 1, "HQ": 16, "D": 64, "S": 8, "block_size": 16, "is_causal": true}, "candidate": "baseline", "phase": "compile_correctness"}
{"case": {"B": 2, "SEQ_LEN": 512, "H": 1, "HQ": 16, "D": 64, "S": 8, "block_size": 16, "is_causal": true}, "candidate": "candidate", "phase": "compile_correctness"}
2026-09-07 13:21:20  [TileLang:tilelang.jit.kernel:INFO] (kernel.py:129): TileLang begins to compile kernel `kernel` with `out_idx=None`
2026-09-07 13:21:24  [TileLang:tilelang.jit.kernel:INFO] (kernel.py:137): TileLang completes to compile kernel `kernel`
{"case": {"B": 2, "SEQ_LEN": 512, "H": 1, "HQ": 16, "D": 64, "S": 8, "block_size": 16, "is_causal": true}, "seed": 429, "status": "PASS", "call_event_ms": {"baseline": [0.043161600828170776, 0.04487679898738861, 0.04083200097084046, 0.04101119935512543], "candidate": [0.033228799700737, 0.03289600014686585, 0.03264000117778778, 0.032793599367141726]}, "median_ms": {"baseline": 0.0420864000916481, "candidate": 0.03284479975700379}, "baseline_over_candidate": 1.2813717971495213}
{"case": {"B": 4, "SEQ_LEN": 1024, "H": 1, "HQ": 16, "D": 64, "S": 8, "block_size": 16, "is_causal": true}, "candidate": "baseline", "phase": "compile_correctness"}
{"case": {"B": 4, "SEQ_LEN": 1024, "H": 1, "HQ": 16, "D": 64, "S": 8, "block_size": 16, "is_causal": true}, "candidate": "candidate", "phase": "compile_correctness"}
{"case": {"B": 4, "SEQ_LEN": 1024, "H": 1, "HQ": 16, "D": 64, "S": 8, "block_size": 16, "is_causal": true}, "seed": 429, "status": "PASS", "call_event_ms": {"baseline": [0.12323839664459228, 0.12280319929122925, 0.12295680046081543, 0.12270079851150513], "candidate": [0.09679359793663025, 0.09664000272750854, 0.09679359793663025, 0.09664000272750854]}, "median_ms": {"baseline": 0.12287999987602234, "candidate": 0.09671680033206939}, "baseline_over_candidate": 1.27051349356186}
