Loading tilelang libs from dev root: /opt/tilelang-metax-v0.1.10/build
{"case": {"B": 1, "SEQ_LEN": 256, "H": 1, "HQ": 16, "D": 64, "S": 2, "block_size": 16, "is_causal": true}, "candidate": "baseline", "phase": "compile_correctness"}
{"case": {"B": 1, "SEQ_LEN": 256, "H": 1, "HQ": 16, "D": 64, "S": 2, "block_size": 16, "is_causal": true}, "candidate": "candidate", "phase": "compile_correctness"}
2026-09-07 10:57:23  [TileLang:tilelang.cache.kernel_cache:WARNING] (kernel_cache.py:342): Found kernel 'kernel' in memory cache. For better performance, consider using `@tilelang.jit` instead of direct kernel caching.
{"case": {"B": 1, "SEQ_LEN": 256, "H": 1, "HQ": 16, "D": 64, "S": 2, "block_size": 16, "is_causal": true}, "seed": 381, "status": "PASS", "call_event_ms": {"baseline": [0.0144896000623703, 0.011852800101041793, 0.011827199906110763, 0.011648000031709672], "candidate": [0.012646399438381195, 0.011980800330638886, 0.011980800330638886, 0.011699199676513672]}, "median_ms": {"baseline": 0.011840000003576278, "candidate": 0.011980800330638886}, "baseline_over_candidate": 0.9882478362732968}
{"case": {"B": 2, "SEQ_LEN": 512, "H": 1, "HQ": 16, "D": 64, "S": 2, "block_size": 16, "is_causal": true}, "candidate": "baseline", "phase": "compile_correctness"}
{"case": {"B": 2, "SEQ_LEN": 512, "H": 1, "HQ": 16, "D": 64, "S": 2, "block_size": 16, "is_causal": true}, "candidate": "candidate", "phase": "compile_correctness"}
2026-09-07 10:57:23  [TileLang:tilelang.jit.kernel:INFO] (kernel.py:129): TileLang begins to compile kernel `gather_kernel` with `out_idx=None`
2026-09-07 10:57:26  [TileLang:tilelang.jit.kernel:INFO] (kernel.py:137): TileLang completes to compile kernel `gather_kernel`
{"case": {"B": 2, "SEQ_LEN": 512, "H": 1, "HQ": 16, "D": 64, "S": 2, "block_size": 16, "is_causal": true}, "seed": 381, "status": "PASS", "call_event_ms": {"baseline": [0.020812800526618956, 0.0194815993309021, 0.019072000682353974, 0.019200000166893005], "candidate": [0.013132800161838532, 0.012902399897575379, 0.012441600114107132, 0.014412799477577209]}, "median_ms": {"baseline": 0.019340799748897554, "candidate": 0.013017600029706956}, "baseline_over_candidate": 1.4857423568676769}
{"case": {"B": 4, "SEQ_LEN": 1024, "H": 1, "HQ": 16, "D": 64, "S": 2, "block_size": 16, "is_causal": true}, "candidate": "baseline", "phase": "compile_correctness"}
{"case": {"B": 4, "SEQ_LEN": 1024, "H": 1, "HQ": 16, "D": 64, "S": 2, "block_size": 16, "is_causal": true}, "candidate": "candidate", "phase": "compile_correctness"}
2026-09-07 10:57:27  [TileLang:tilelang.jit.kernel:INFO] (kernel.py:129): TileLang begins to compile kernel `gather_kernel` with `out_idx=None`
2026-09-07 10:57:30  [TileLang:tilelang.jit.kernel:INFO] (kernel.py:137): TileLang completes to compile kernel `gather_kernel`
{"case": {"B": 4, "SEQ_LEN": 1024, "H": 1, "HQ": 16, "D": 64, "S": 2, "block_size": 16, "is_causal": true}, "seed": 381, "status": "PASS", "call_event_ms": {"baseline": [0.05237759947776795, 0.051123201847076416, 0.051046401262283325, 0.05073919892311096], "candidate": [0.03601920008659363, 0.03591679930686951, 0.03563520014286041, 0.0357120007276535]}, "median_ms": {"baseline": 0.05108480155467987, "candidate": 0.03581440001726151}, "baseline_over_candidate": 1.4263760255667683}
{"case": {"B": 1, "SEQ_LEN": 256, "H": 1, "HQ": 16, "D": 64, "S": 4, "block_size": 16, "is_causal": true}, "candidate": "baseline", "phase": "compile_correctness"}
{"case": {"B": 1, "SEQ_LEN": 256, "H": 1, "HQ": 16, "D": 64, "S": 4, "block_size": 16, "is_causal": true}, "candidate": "candidate", "phase": "compile_correctness"}
2026-09-07 10:57:31  [TileLang:tilelang.cache.kernel_cache:WARNING] (kernel_cache.py:342): Found kernel 'kernel' in memory cache. For better performance, consider using `@tilelang.jit` instead of direct kernel caching.
{"case": {"B": 1, "SEQ_LEN": 256, "H": 1, "HQ": 16, "D": 64, "S": 4, "block_size": 16, "is_causal": true}, "seed": 381, "status": "PASS", "call_event_ms": {"baseline": [0.015769599378108977, 0.015667200088500977, 0.015718400478363037, 0.015692800283432007], "candidate": [0.015692800283432007, 0.015590399503707886, 0.015718400478363037, 0.015692800283432007]}, "median_ms": {"baseline": 0.015705600380897522, "candidate": 0.015692800283432007}, "baseline_over_candidate": 1.0008156668812658}
{"case": {"B": 2, "SEQ_LEN": 512, "H": 1, "HQ": 16, "D": 64, "S": 4, "block_size": 16, "is_causal": true}, "candidate": "baseline", "phase": "compile_correctness"}
{"case": {"B": 2, "SEQ_LEN": 512, "H": 1, "HQ": 16, "D": 64, "S": 4, "block_size": 16, "is_causal": true}, "candidate": "candidate", "phase": "compile_correctness"}
2026-09-07 10:57:31  [TileLang:tilelang.jit.kernel:INFO] (kernel.py:129): TileLang begins to compile kernel `gather_kernel` with `out_idx=None`
2026-09-07 10:57:34  [TileLang:tilelang.jit.kernel:INFO] (kernel.py:137): TileLang completes to compile kernel `gather_kernel`
{"case": {"B": 2, "SEQ_LEN": 512, "H": 1, "HQ": 16, "D": 64, "S": 4, "block_size": 16, "is_causal": true}, "seed": 381, "status": "PASS", "call_event_ms": {"baseline": [0.0302592009305954, 0.02900480031967163, 0.02890239953994751, 0.028646400570869444], "candidate": [0.020275199413299562, 0.020044800639152528, 0.020326399803161622, 0.019891199469566346]}, "median_ms": {"baseline": 0.02895359992980957, "candidate": 0.020160000026226046}, "baseline_over_candidate": 1.4361904708404747}
{"case": {"B": 4, "SEQ_LEN": 1024, "H": 1, "HQ": 16, "D": 64, "S": 4, "block_size": 16, "is_causal": true}, "candidate": "baseline", "phase": "compile_correctness"}
{"case": {"B": 4, "SEQ_LEN": 1024, "H": 1, "HQ": 16, "D": 64, "S": 4, "block_size": 16, "is_causal": true}, "candidate": "candidate", "phase": "compile_correctness"}
2026-09-07 10:57:35  [TileLang:tilelang.jit.kernel:INFO] (kernel.py:129): TileLang begins to compile kernel `gather_kernel` with `out_idx=None`
2026-09-07 10:57:38  [TileLang:tilelang.jit.kernel:INFO] (kernel.py:137): TileLang completes to compile kernel `gather_kernel`
{"case": {"B": 4, "SEQ_LEN": 1024, "H": 1, "HQ": 16, "D": 64, "S": 4, "block_size": 16, "is_causal": true}, "seed": 381, "status": "PASS", "call_event_ms": {"baseline": [0.07992320060729981, 0.07833600044250488, 0.07841280102729797, 0.07815679907798767], "candidate": [0.06264320015907288, 0.06261759996414185, 0.062412798404693604, 0.062412798404693604]}, "median_ms": {"baseline": 0.07837440073490143, "candidate": 0.06251519918441772}, "baseline_over_candidate": 1.253685531796829}
{"case": {"B": 1, "SEQ_LEN": 256, "H": 1, "HQ": 16, "D": 64, "S": 8, "block_size": 16, "is_causal": true}, "candidate": "baseline", "phase": "compile_correctness"}
{"case": {"B": 1, "SEQ_LEN": 256, "H": 1, "HQ": 16, "D": 64, "S": 8, "block_size": 16, "is_causal": true}, "candidate": "candidate", "phase": "compile_correctness"}
2026-09-07 10:57:39  [TileLang:tilelang.cache.kernel_cache:WARNING] (kernel_cache.py:342): Found kernel 'kernel' in memory cache. For better performance, consider using `@tilelang.jit` instead of direct kernel caching.
{"case": {"B": 1, "SEQ_LEN": 256, "H": 1, "HQ": 16, "D": 64, "S": 8, "block_size": 16, "is_causal": true}, "seed": 381, "status": "PASS", "call_event_ms": {"baseline": [0.02465279996395111, 0.02449920028448105, 0.024396799504756927, 0.02447360008955002], "candidate": [0.02452480047941208, 0.024447999894618988, 0.024447999894618988, 0.024396799504756927]}, "median_ms": {"baseline": 0.024486400187015533, "candidate": 0.024447999894618988}, "baseline_over_candidate": 1.0015706925949799}
{"case": {"B": 2, "SEQ_LEN": 512, "H": 1, "HQ": 16, "D": 64, "S": 8, "block_size": 16, "is_causal": true}, "candidate": "baseline", "phase": "compile_correctness"}
{"case": {"B": 2, "SEQ_LEN": 512, "H": 1, "HQ": 16, "D": 64, "S": 8, "block_size": 16, "is_causal": true}, "candidate": "candidate", "phase": "compile_correctness"}
2026-09-07 10:57:39  [TileLang:tilelang.cache.kernel_cache:WARNING] (kernel_cache.py:342): Found kernel 'kernel' in memory cache. For better performance, consider using `@tilelang.jit` instead of direct kernel caching.
{"case": {"B": 2, "SEQ_LEN": 512, "H": 1, "HQ": 16, "D": 64, "S": 8, "block_size": 16, "is_causal": true}, "seed": 381, "status": "PASS", "call_event_ms": {"baseline": [0.04126720130443573, 0.04119040071964264, 0.0409855991601944, 0.04139519929885864], "candidate": [0.04134399890899658, 0.0409855991601944, 0.04080640077590943, 0.04113920032978058]}, "median_ms": {"baseline": 0.041228801012039185, "candidate": 0.04106239974498749}, "baseline_over_candidate": 1.004052399959211}
{"case": {"B": 4, "SEQ_LEN": 1024, "H": 1, "HQ": 16, "D": 64, "S": 8, "block_size": 16, "is_causal": true}, "candidate": "baseline", "phase": "compile_correctness"}
{"case": {"B": 4, "SEQ_LEN": 1024, "H": 1, "HQ": 16, "D": 64, "S": 8, "block_size": 16, "is_causal": true}, "candidate": "candidate", "phase": "compile_correctness"}
2026-09-07 10:57:40  [TileLang:tilelang.cache.kernel_cache:WARNING] (kernel_cache.py:342): Found kernel 'kernel' in memory cache. For better performance, consider using `@tilelang.jit` instead of direct kernel caching.
{"case": {"B": 4, "SEQ_LEN": 1024, "H": 1, "HQ": 16, "D": 64, "S": 8, "block_size": 16, "is_causal": true}, "seed": 381, "status": "PASS", "call_event_ms": {"baseline": [0.12357120513916016, 0.12313599586486816, 0.12305920124053955, 0.12313599586486816], "candidate": [0.12328959703445434, 0.12339199781417846, 0.1230847954750061, 0.12341760396957398]}, "median_ms": {"baseline": 0.12313599586486816, "candidate": 0.1233407974243164}, "baseline_over_candidate": 0.9983395473053115}
