Loading tilelang libs from dev root: /opt/tilelang-metax-v0.1.10/build
{"case": {"B": 1, "SEQ_LEN": 256, "H": 1, "HQ": 16, "D": 64, "S": 2, "block_size": 16, "is_causal": true}, "candidate": "baseline", "phase": "compile_correctness"}
{"case": {"B": 1, "SEQ_LEN": 256, "H": 1, "HQ": 16, "D": 64, "S": 2, "block_size": 16, "is_causal": true}, "candidate": "candidate", "phase": "compile_correctness"}
2026-09-07 11:13:08  [TileLang:tilelang.jit.kernel:INFO] (kernel.py:129): TileLang begins to compile kernel `gather_kernel` with `out_idx=None`
2026-09-07 11:13:11  [TileLang:tilelang.jit.kernel:INFO] (kernel.py:137): TileLang completes to compile kernel `gather_kernel`
{"case": {"B": 1, "SEQ_LEN": 256, "H": 1, "HQ": 16, "D": 64, "S": 2, "block_size": 16, "is_causal": true}, "seed": 389, "status": "PASS", "call_event_ms": {"baseline": [0.013593600690364837, 0.010726399719715118, 0.010726399719715118, 0.013235199451446533], "candidate": [0.011699199676513672, 0.011212799698114395, 0.01088000014424324, 0.011084800213575363]}, "median_ms": {"baseline": 0.011980799585580825, "candidate": 0.01114879995584488}, "baseline_over_candidate": 1.0746268327560906}
{"case": {"B": 2, "SEQ_LEN": 512, "H": 1, "HQ": 16, "D": 64, "S": 2, "block_size": 16, "is_causal": true}, "candidate": "baseline", "phase": "compile_correctness"}
{"case": {"B": 2, "SEQ_LEN": 512, "H": 1, "HQ": 16, "D": 64, "S": 2, "block_size": 16, "is_causal": true}, "candidate": "candidate", "phase": "compile_correctness"}
{"case": {"B": 2, "SEQ_LEN": 512, "H": 1, "HQ": 16, "D": 64, "S": 2, "block_size": 16, "is_causal": true}, "seed": 389, "status": "PASS", "call_event_ms": {"baseline": [0.01973759979009628, 0.01935359984636307, 0.01953279972076416, 0.019251200556755065], "candidate": [0.012646399438381195, 0.012492799758911132, 0.012467200309038163, 0.012390399724245072]}, "median_ms": {"baseline": 0.019443199783563615, "candidate": 0.012480000033974648}, "baseline_over_candidate": 1.5579486963648121}
{"case": {"B": 4, "SEQ_LEN": 1024, "H": 1, "HQ": 16, "D": 64, "S": 2, "block_size": 16, "is_causal": true}, "candidate": "baseline", "phase": "compile_correctness"}
{"case": {"B": 4, "SEQ_LEN": 1024, "H": 1, "HQ": 16, "D": 64, "S": 2, "block_size": 16, "is_causal": true}, "candidate": "candidate", "phase": "compile_correctness"}
{"case": {"B": 4, "SEQ_LEN": 1024, "H": 1, "HQ": 16, "D": 64, "S": 2, "block_size": 16, "is_causal": true}, "seed": 389, "status": "PASS", "call_event_ms": {"baseline": [0.05058559775352478, 0.050432002544403075, 0.05025280117988586, 0.050380802154541014], "candidate": [0.03586559891700745, 0.03563520014286041, 0.0357120007276535, 0.03555839955806732]}, "median_ms": {"baseline": 0.050406402349472045, "candidate": 0.035673600435256955}, "baseline_over_candidate": 1.4129889255488313}
{"case": {"B": 1, "SEQ_LEN": 256, "H": 1, "HQ": 16, "D": 64, "S": 4, "block_size": 16, "is_causal": true}, "candidate": "baseline", "phase": "compile_correctness"}
{"case": {"B": 1, "SEQ_LEN": 256, "H": 1, "HQ": 16, "D": 64, "S": 4, "block_size": 16, "is_causal": true}, "candidate": "candidate", "phase": "compile_correctness"}
2026-09-07 11:13:12  [TileLang:tilelang.jit.kernel:INFO] (kernel.py:129): TileLang begins to compile kernel `gather_kernel` with `out_idx=None`
2026-09-07 11:13:15  [TileLang:tilelang.jit.kernel:INFO] (kernel.py:137): TileLang completes to compile kernel `gather_kernel`
{"case": {"B": 1, "SEQ_LEN": 256, "H": 1, "HQ": 16, "D": 64, "S": 4, "block_size": 16, "is_causal": true}, "seed": 389, "status": "PASS", "call_event_ms": {"baseline": [0.017228800058364867, 0.016051200032234193, 0.015897600352764128, 0.015692800283432007], "candidate": [0.0123648002743721, 0.012134400010108948, 0.012006399780511856, 0.011929599940776825]}, "median_ms": {"baseline": 0.015974400192499162, "candidate": 0.012070399895310401}, "baseline_over_candidate": 1.3234358704806082}
{"case": {"B": 2, "SEQ_LEN": 512, "H": 1, "HQ": 16, "D": 64, "S": 4, "block_size": 16, "is_causal": true}, "candidate": "baseline", "phase": "compile_correctness"}
{"case": {"B": 2, "SEQ_LEN": 512, "H": 1, "HQ": 16, "D": 64, "S": 4, "block_size": 16, "is_causal": true}, "candidate": "candidate", "phase": "compile_correctness"}
{"case": {"B": 2, "SEQ_LEN": 512, "H": 1, "HQ": 16, "D": 64, "S": 4, "block_size": 16, "is_causal": true}, "seed": 389, "status": "PASS", "call_event_ms": {"baseline": [0.029440000653266907, 0.02887679934501648, 0.02892799973487854, 0.02905600070953369], "candidate": [0.019225600361824035, 0.019020800292491914, 0.01930239945650101, 0.019046400487422944]}, "median_ms": {"baseline": 0.028992000222206115, "candidate": 0.01913600042462349}, "baseline_over_candidate": 1.5150501452174037}
{"case": {"B": 4, "SEQ_LEN": 1024, "H": 1, "HQ": 16, "D": 64, "S": 4, "block_size": 16, "is_causal": true}, "candidate": "baseline", "phase": "compile_correctness"}
{"case": {"B": 4, "SEQ_LEN": 1024, "H": 1, "HQ": 16, "D": 64, "S": 4, "block_size": 16, "is_causal": true}, "candidate": "candidate", "phase": "compile_correctness"}
{"case": {"B": 4, "SEQ_LEN": 1024, "H": 1, "HQ": 16, "D": 64, "S": 4, "block_size": 16, "is_causal": true}, "seed": 389, "status": "PASS", "call_event_ms": {"baseline": [0.07836160063743591, 0.07784960269927979, 0.07805439829826355, 0.07782400250434876], "candidate": [0.057599997520446776, 0.05767679810523987, 0.059673601388931276, 0.05726720094680786]}, "median_ms": {"baseline": 0.07795200049877167, "candidate": 0.05763839781284332}, "baseline_over_candidate": 1.352431772164943}
{"case": {"B": 1, "SEQ_LEN": 256, "H": 1, "HQ": 16, "D": 64, "S": 8, "block_size": 16, "is_causal": true}, "candidate": "baseline", "phase": "compile_correctness"}
{"case": {"B": 1, "SEQ_LEN": 256, "H": 1, "HQ": 16, "D": 64, "S": 8, "block_size": 16, "is_causal": true}, "candidate": "candidate", "phase": "compile_correctness"}
2026-09-07 11:13:17  [TileLang:tilelang.cache.kernel_cache:WARNING] (kernel_cache.py:342): Found kernel 'kernel' in memory cache. For better performance, consider using `@tilelang.jit` instead of direct kernel caching.
{"case": {"B": 1, "SEQ_LEN": 256, "H": 1, "HQ": 16, "D": 64, "S": 8, "block_size": 16, "is_causal": true}, "seed": 389, "status": "PASS", "call_event_ms": {"baseline": [0.02467840015888214, 0.02475520074367523, 0.02460159957408905, 0.02457599937915802], "candidate": [0.02460159957408905, 0.02449920028448105, 0.02457599937915802, 0.02470400035381317]}, "median_ms": {"baseline": 0.024639999866485594, "candidate": 0.024588799476623534}, "baseline_over_candidate": 1.0020822647283263}
{"case": {"B": 2, "SEQ_LEN": 512, "H": 1, "HQ": 16, "D": 64, "S": 8, "block_size": 16, "is_causal": true}, "candidate": "baseline", "phase": "compile_correctness"}
{"case": {"B": 2, "SEQ_LEN": 512, "H": 1, "HQ": 16, "D": 64, "S": 8, "block_size": 16, "is_causal": true}, "candidate": "candidate", "phase": "compile_correctness"}
2026-09-07 11:13:17  [TileLang:tilelang.cache.kernel_cache:WARNING] (kernel_cache.py:342): Found kernel 'kernel' in memory cache. For better performance, consider using `@tilelang.jit` instead of direct kernel caching.
{"case": {"B": 2, "SEQ_LEN": 512, "H": 1, "HQ": 16, "D": 64, "S": 8, "block_size": 16, "is_causal": true}, "seed": 389, "status": "PASS", "call_event_ms": {"baseline": [0.04106239974498749, 0.040908798575401306, 0.040934398770332336, 0.0409855991601944], "candidate": [0.04095999896526337, 0.040908798575401306, 0.04085760116577149, 0.04088320136070252]}, "median_ms": {"baseline": 0.04095999896526337, "candidate": 0.04089599996805191}, "baseline_over_candidate": 1.0015649207076842}
{"case": {"B": 4, "SEQ_LEN": 1024, "H": 1, "HQ": 16, "D": 64, "S": 8, "block_size": 16, "is_causal": true}, "candidate": "baseline", "phase": "compile_correctness"}
{"case": {"B": 4, "SEQ_LEN": 1024, "H": 1, "HQ": 16, "D": 64, "S": 8, "block_size": 16, "is_causal": true}, "candidate": "candidate", "phase": "compile_correctness"}
2026-09-07 11:13:17  [TileLang:tilelang.cache.kernel_cache:WARNING] (kernel_cache.py:342): Found kernel 'kernel' in memory cache. For better performance, consider using `@tilelang.jit` instead of direct kernel caching.
{"case": {"B": 4, "SEQ_LEN": 1024, "H": 1, "HQ": 16, "D": 64, "S": 8, "block_size": 16, "is_causal": true}, "seed": 389, "status": "PASS", "call_event_ms": {"baseline": [0.12344319820404052, 0.12295680046081543, 0.12303359508514404, 0.12303359508514404], "candidate": [0.12295680046081543, 0.12298239469528198, 0.12275199890136719, 0.12290560007095337]}, "median_ms": {"baseline": 0.12303359508514404, "candidate": 0.1229312002658844}, "baseline_over_candidate": 1.000832944110512}
