Loading tilelang libs from dev root: /opt/tilelang-metax-v0.1.10/build
{"case": [4, 1024, 1, 16, 128, 1, 16, 1], "variant": "ck2_cv4", "phase": "compile"}
{"case": [4, 1024, 1, 16, 128, 1, 16, 1], "variant": "ck4_cv4", "phase": "compile"}
2026-09-07 07:53:14  [TileLang:tilelang.jit.kernel:INFO] (kernel.py:129): TileLang begins to compile kernel `kernel` with `out_idx=None`
2026-09-07 07:53:17  [TileLang:tilelang.jit.kernel:INFO] (kernel.py:137): TileLang completes to compile kernel `kernel`
{"case": [4, 1024, 1, 16, 128, 1, 16, 1], "variant": "ck2_cv8", "phase": "compile"}
2026-09-07 07:53:18  [TileLang:tilelang.jit.kernel:INFO] (kernel.py:129): TileLang begins to compile kernel `kernel` with `out_idx=None`
2026-09-07 07:53:21  [TileLang:tilelang.jit.kernel:INFO] (kernel.py:137): TileLang completes to compile kernel `kernel`
{"case": [4, 1024, 1, 16, 128, 1, 16, 1], "variant": "ck4_cv8", "phase": "compile"}
2026-09-07 07:53:21  [TileLang:tilelang.jit.kernel:INFO] (kernel.py:129): TileLang begins to compile kernel `kernel` with `out_idx=None`
2026-09-07 07:53:24  [TileLang:tilelang.jit.kernel:INFO] (kernel.py:137): TileLang completes to compile kernel `kernel`
{"case": [4, 1024, 1, 16, 128, 1, 16, 1], "seed": 2026, "status": "PASS", "direct_callable_us": {"ck2_cv4": [55.14240264892578, 54.502397775650024, 54.502397775650024, 54.70719933509827], "ck4_cv4": [74.16319847106934, 74.70080256462097, 74.11199808120728, 74.26559925079346], "ck2_cv8": [157.6192021369934, 157.5935959815979, 160.15360355377197, 158.74559879302979], "ck4_cv8": [488.3200168609619, 490.08641242980957, 486.52801513671875, 487.2191905975342]}, "median_us": {"ck2_cv4": 54.604798555374146, "ck4_cv4": 74.2143988609314, "ck2_cv8": 158.1824004650116, "ck4_cv8": 487.76960372924805}}
{"case": [2, 2048, 1, 16, 128, 1, 32, 1], "variant": "ck2_cv4", "phase": "compile"}
{"case": [2, 2048, 1, 16, 128, 1, 32, 1], "variant": "ck4_cv4", "phase": "compile"}
2026-09-07 07:53:25  [TileLang:tilelang.jit.kernel:INFO] (kernel.py:129): TileLang begins to compile kernel `kernel` with `out_idx=None`
2026-09-07 07:53:28  [TileLang:tilelang.jit.kernel:INFO] (kernel.py:137): TileLang completes to compile kernel `kernel`
{"case": [2, 2048, 1, 16, 128, 1, 32, 1], "variant": "ck2_cv8", "phase": "compile"}
2026-09-07 07:53:29  [TileLang:tilelang.jit.kernel:INFO] (kernel.py:129): TileLang begins to compile kernel `kernel` with `out_idx=None`
2026-09-07 07:53:32  [TileLang:tilelang.jit.kernel:INFO] (kernel.py:137): TileLang completes to compile kernel `kernel`
{"case": [2, 2048, 1, 16, 128, 1, 32, 1], "variant": "ck4_cv8", "phase": "compile"}
2026-09-07 07:53:33  [TileLang:tilelang.jit.kernel:INFO] (kernel.py:129): TileLang begins to compile kernel `kernel` with `out_idx=None`
2026-09-07 07:53:36  [TileLang:tilelang.jit.kernel:INFO] (kernel.py:137): TileLang completes to compile kernel `kernel`
{"case": [2, 2048, 1, 16, 128, 1, 32, 1], "seed": 2026, "status": "PASS", "direct_callable_us": {"ck2_cv4": [80.10240197181702, 80.30719757080078, 79.74399924278259, 79.84640002250671], "ck4_cv4": [69.50399875640869, 69.35039758682251, 69.04320120811462, 68.86399984359741], "ck2_cv8": [112.97279596328735, 113.1775975227356, 112.97279596328735, 112.02559471130371], "ck4_cv8": [285.0048065185547, 287.1808052062988, 284.5695972442627, 284.33918952941895]}, "median_us": {"ck2_cv4": 79.97440099716187, "ck4_cv4": 69.19679939746857, "ck2_cv8": 112.97279596328735, "ck4_cv8": 284.7872018814087}}
