Loading tilelang libs from dev root: /opt/tilelang-metax-v0.1.10/build
{"case": {"B": 4, "SEQ_LEN": 1024, "H": 1, "HQ": 16, "D": 32, "S": 1, "block_size": 16, "is_causal": true}, "candidate": "baseline", "phase": "compile_correctness"}
{"case": {"B": 4, "SEQ_LEN": 1024, "H": 1, "HQ": 16, "D": 32, "S": 1, "block_size": 16, "is_causal": true}, "candidate": "candidate", "phase": "compile_correctness"}
2026-09-07 08:54:42  [TileLang:tilelang.jit.kernel:INFO] (kernel.py:129): TileLang begins to compile kernel `vector_kernel` with `out_idx=None`
2026-09-07 08:54:46  [TileLang:tilelang.jit.kernel:INFO] (kernel.py:137): TileLang completes to compile kernel `vector_kernel`
{"case": {"B": 4, "SEQ_LEN": 1024, "H": 1, "HQ": 16, "D": 32, "S": 1, "block_size": 16, "is_causal": true}, "seed": 326, "status": "PASS", "call_event_ms": {"baseline": [0.017791999876499175, 0.015462400019168853, 0.01528320014476776, 0.01525759994983673], "candidate": [0.20385279655456542, 0.20400640964508057, 0.2035968065261841, 0.20308480262756348]}, "median_ms": {"baseline": 0.015372800081968306, "candidate": 0.20372480154037476}, "baseline_over_candidate": 0.07545865778606088}
{"case": {"B": 4, "SEQ_LEN": 1024, "H": 1, "HQ": 16, "D": 32, "S": 1, "block_size": 32, "is_causal": true}, "candidate": "baseline", "phase": "compile_correctness"}
{"case": {"B": 4, "SEQ_LEN": 1024, "H": 1, "HQ": 16, "D": 32, "S": 1, "block_size": 32, "is_causal": true}, "candidate": "candidate", "phase": "compile_correctness"}
2026-09-07 08:54:46  [TileLang:tilelang.jit.kernel:INFO] (kernel.py:129): TileLang begins to compile kernel `vector_kernel` with `out_idx=None`
2026-09-07 08:54:50  [TileLang:tilelang.jit.kernel:INFO] (kernel.py:137): TileLang completes to compile kernel `vector_kernel`
{"case": {"B": 4, "SEQ_LEN": 1024, "H": 1, "HQ": 16, "D": 32, "S": 1, "block_size": 32, "is_causal": true}, "seed": 326, "status": "PASS", "call_event_ms": {"baseline": [0.023731200397014617, 0.022041599452495574, 0.022041599452495574, 0.021247999370098115], "candidate": [0.6727935791015625, 0.6739456176757812, 0.6727680206298828, 0.6716671943664551]}, "median_ms": {"baseline": 0.022041599452495574, "candidate": 0.6727807998657227}, "baseline_over_candidate": 0.03276193294590862}
{"case": {"B": 4, "SEQ_LEN": 1024, "H": 1, "HQ": 16, "D": 64, "S": 1, "block_size": 16, "is_causal": true}, "candidate": "baseline", "phase": "compile_correctness"}
{"case": {"B": 4, "SEQ_LEN": 1024, "H": 1, "HQ": 16, "D": 64, "S": 1, "block_size": 16, "is_causal": true}, "candidate": "candidate", "phase": "compile_correctness"}
2026-09-07 08:54:51  [TileLang:tilelang.jit.kernel:INFO] (kernel.py:129): TileLang begins to compile kernel `vector_kernel` with `out_idx=None`
2026-09-07 08:54:54  [TileLang:tilelang.jit.kernel:INFO] (kernel.py:137): TileLang completes to compile kernel `vector_kernel`
{"case": {"B": 4, "SEQ_LEN": 1024, "H": 1, "HQ": 16, "D": 64, "S": 1, "block_size": 16, "is_causal": true}, "seed": 326, "status": "PASS", "call_event_ms": {"baseline": [0.031564798951148984, 0.02969599962234497, 0.029926401376724244, 0.029363200068473816], "candidate": [0.6992127895355225, 0.7003647804260253, 0.6972671985626221, 0.6982399940490722]}, "median_ms": {"baseline": 0.029811200499534608, "candidate": 0.6987263917922973}, "baseline_over_candidate": 0.04266505580684614}
{"case": {"B": 4, "SEQ_LEN": 1024, "H": 1, "HQ": 16, "D": 64, "S": 1, "block_size": 32, "is_causal": true}, "candidate": "baseline", "phase": "compile_correctness"}
{"case": {"B": 4, "SEQ_LEN": 1024, "H": 1, "HQ": 16, "D": 64, "S": 1, "block_size": 32, "is_causal": true}, "candidate": "candidate", "phase": "compile_correctness"}
2026-09-07 08:54:55  [TileLang:tilelang.jit.kernel:INFO] (kernel.py:129): TileLang begins to compile kernel `vector_kernel` with `out_idx=None`
2026-09-07 08:54:58  [TileLang:tilelang.jit.kernel:INFO] (kernel.py:137): TileLang completes to compile kernel `vector_kernel`
{"case": {"B": 4, "SEQ_LEN": 1024, "H": 1, "HQ": 16, "D": 64, "S": 1, "block_size": 32, "is_causal": true}, "seed": 326, "status": "PASS", "call_event_ms": {"baseline": [0.0484607994556427, 0.04712960124015808, 0.046438398957252505, 0.046515199542045596], "candidate": [2.307174491882324, 2.321023941040039, 2.3123968124389647, 2.3129600524902343]}, "median_ms": {"baseline": 0.04682240039110184, "candidate": 2.3126784324645993}, "baseline_over_candidate": 0.020245962315307127}
