Loading tilelang libs from dev root: /opt/tilelang-metax-v0.1.10/build
{"case": {"B": 1, "SEQ_LEN": 64, "H": 1, "HQ": 16, "D": 128, "S": 1, "block_size": 16, "is_causal": true}, "candidate": "baseline", "phase": "compile_correctness"}
{"case": {"B": 1, "SEQ_LEN": 64, "H": 1, "HQ": 16, "D": 128, "S": 1, "block_size": 16, "is_causal": true}, "candidate": "candidate", "phase": "compile_correctness"}
2026-09-07 10:31:46  [TileLang:tilelang.jit.kernel:INFO] (kernel.py:129): TileLang begins to compile kernel `kernel` with `out_idx=None`
2026-09-07 10:31:49  [TileLang:tilelang.jit.kernel:INFO] (kernel.py:137): TileLang completes to compile kernel `kernel`
{"case": {"B": 1, "SEQ_LEN": 64, "H": 1, "HQ": 16, "D": 128, "S": 1, "block_size": 16, "is_causal": true}, "seed": 368, "status": "PASS", "call_event_ms": {"baseline": [0.015564799308776855, 0.010623999685049058, 0.010521599650382995, 0.010496000200510025], "candidate": [0.011776000261306763, 0.010828799754381179, 0.010931199789047242, 0.01080320030450821]}, "median_ms": {"baseline": 0.010572799667716026, "candidate": 0.010879999771714211}, "baseline_over_candidate": 0.9717646957312588}
{"case": {"B": 1, "SEQ_LEN": 128, "H": 1, "HQ": 16, "D": 128, "S": 1, "block_size": 16, "is_causal": true}, "candidate": "baseline", "phase": "compile_correctness"}
{"case": {"B": 1, "SEQ_LEN": 128, "H": 1, "HQ": 16, "D": 128, "S": 1, "block_size": 16, "is_causal": true}, "candidate": "candidate", "phase": "compile_correctness"}
2026-09-07 10:31:50  [TileLang:tilelang.jit.kernel:INFO] (kernel.py:129): TileLang begins to compile kernel `kernel` with `out_idx=None`
2026-09-07 10:31:53  [TileLang:tilelang.jit.kernel:INFO] (kernel.py:137): TileLang completes to compile kernel `kernel`
{"case": {"B": 1, "SEQ_LEN": 128, "H": 1, "HQ": 16, "D": 128, "S": 1, "block_size": 16, "is_causal": true}, "seed": 368, "status": "PASS", "call_event_ms": {"baseline": [0.016256000101566314, 0.014105600118637086, 0.014054399728775025, 0.009036800265312195], "candidate": [0.014591999351978302, 0.014156800508499146, 0.02229759991168976, 0.014233599603176116]}, "median_ms": {"baseline": 0.014079999923706055, "candidate": 0.014412799477577209}, "baseline_over_candidate": 0.9769094439710406}
{"case": {"B": 1, "SEQ_LEN": 256, "H": 1, "HQ": 16, "D": 128, "S": 1, "block_size": 16, "is_causal": true}, "candidate": "baseline", "phase": "compile_correctness"}
{"case": {"B": 1, "SEQ_LEN": 256, "H": 1, "HQ": 16, "D": 128, "S": 1, "block_size": 16, "is_causal": true}, "candidate": "candidate", "phase": "compile_correctness"}
2026-09-07 10:31:54  [TileLang:tilelang.jit.kernel:INFO] (kernel.py:129): TileLang begins to compile kernel `kernel` with `out_idx=None`
2026-09-07 10:31:58  [TileLang:tilelang.jit.kernel:INFO] (kernel.py:137): TileLang completes to compile kernel `kernel`
{"case": {"B": 1, "SEQ_LEN": 256, "H": 1, "HQ": 16, "D": 128, "S": 1, "block_size": 16, "is_causal": true}, "seed": 368, "status": "PASS", "call_event_ms": {"baseline": [0.018406400084495546, 0.014182400703430176, 0.014233599603176116, 0.014259199798107147], "candidate": [0.017023999989032746, 0.014873600006103516, 0.013977600634098053, 0.014822399616241455]}, "median_ms": {"baseline": 0.014246399700641631, "candidate": 0.014847999811172486}, "baseline_over_candidate": 0.959482750661259}
{"case": {"B": 1, "SEQ_LEN": 512, "H": 1, "HQ": 16, "D": 128, "S": 1, "block_size": 16, "is_causal": true}, "candidate": "baseline", "phase": "compile_correctness"}
{"case": {"B": 1, "SEQ_LEN": 512, "H": 1, "HQ": 16, "D": 128, "S": 1, "block_size": 16, "is_causal": true}, "candidate": "candidate", "phase": "compile_correctness"}
2026-09-07 10:31:59  [TileLang:tilelang.jit.kernel:INFO] (kernel.py:129): TileLang begins to compile kernel `kernel` with `out_idx=None`
2026-09-07 10:32:02  [TileLang:tilelang.jit.kernel:INFO] (kernel.py:137): TileLang completes to compile kernel `kernel`
{"case": {"B": 1, "SEQ_LEN": 512, "H": 1, "HQ": 16, "D": 128, "S": 1, "block_size": 16, "is_causal": true}, "seed": 368, "status": "PASS", "call_event_ms": {"baseline": [0.017280000448226928, 0.014796799421310425, 0.014720000326633453, 0.014054399728775025], "candidate": [0.01520639955997467, 0.014591999351978302, 0.015001599490642548, 0.014822399616241455]}, "median_ms": {"baseline": 0.014758399873971938, "candidate": 0.014911999553442003}, "baseline_over_candidate": 0.9896995920017574}
{"case": {"B": 1, "SEQ_LEN": 1024, "H": 1, "HQ": 16, "D": 128, "S": 1, "block_size": 16, "is_causal": true}, "candidate": "baseline", "phase": "compile_correctness"}
{"case": {"B": 1, "SEQ_LEN": 1024, "H": 1, "HQ": 16, "D": 128, "S": 1, "block_size": 16, "is_causal": true}, "candidate": "candidate", "phase": "compile_correctness"}
2026-09-07 10:32:03  [TileLang:tilelang.jit.kernel:INFO] (kernel.py:129): TileLang begins to compile kernel `kernel` with `out_idx=None`
2026-09-07 10:32:06  [TileLang:tilelang.jit.kernel:INFO] (kernel.py:137): TileLang completes to compile kernel `kernel`
{"case": {"B": 1, "SEQ_LEN": 1024, "H": 1, "HQ": 16, "D": 128, "S": 1, "block_size": 16, "is_causal": true}, "seed": 368, "status": "PASS", "call_event_ms": {"baseline": [0.018764799833297728, 0.01640959978103638, 0.01666560024023056, 0.016230399906635284], "candidate": [0.018432000279426576, 0.01671680063009262, 0.01681919991970062, 0.01676799952983856]}, "median_ms": {"baseline": 0.01653760001063347, "candidate": 0.01679359972476959}, "baseline_over_candidate": 0.9847561143333352}
{"case": {"B": 2, "SEQ_LEN": 64, "H": 1, "HQ": 16, "D": 128, "S": 1, "block_size": 16, "is_causal": true}, "candidate": "baseline", "phase": "compile_correctness"}
{"case": {"B": 2, "SEQ_LEN": 64, "H": 1, "HQ": 16, "D": 128, "S": 1, "block_size": 16, "is_causal": true}, "candidate": "candidate", "phase": "compile_correctness"}
2026-09-07 10:32:07  [TileLang:tilelang.jit.kernel:INFO] (kernel.py:129): TileLang begins to compile kernel `kernel` with `out_idx=None`
2026-09-07 10:32:10  [TileLang:tilelang.jit.kernel:INFO] (kernel.py:137): TileLang completes to compile kernel `kernel`
{"case": {"B": 2, "SEQ_LEN": 64, "H": 1, "HQ": 16, "D": 128, "S": 1, "block_size": 16, "is_causal": true}, "seed": 368, "status": "PASS", "call_event_ms": {"baseline": [0.015795199573040007, 0.017075200378894807, 0.01454080045223236, 0.013619199395179749], "candidate": [0.01520639955997467, 0.014182400703430176, 0.014591999351978302, 0.01443839967250824]}, "median_ms": {"baseline": 0.015168000012636185, "candidate": 0.014515199512243272}, "baseline_over_candidate": 1.044973580958518}
{"case": {"B": 2, "SEQ_LEN": 128, "H": 1, "HQ": 16, "D": 128, "S": 1, "block_size": 16, "is_causal": true}, "candidate": "baseline", "phase": "compile_correctness"}
{"case": {"B": 2, "SEQ_LEN": 128, "H": 1, "HQ": 16, "D": 128, "S": 1, "block_size": 16, "is_causal": true}, "candidate": "candidate", "phase": "compile_correctness"}
2026-09-07 10:32:11  [TileLang:tilelang.jit.kernel:INFO] (kernel.py:129): TileLang begins to compile kernel `kernel` with `out_idx=None`
2026-09-07 10:32:15  [TileLang:tilelang.jit.kernel:INFO] (kernel.py:137): TileLang completes to compile kernel `kernel`
{"case": {"B": 2, "SEQ_LEN": 128, "H": 1, "HQ": 16, "D": 128, "S": 1, "block_size": 16, "is_causal": true}, "seed": 368, "status": "PASS", "call_event_ms": {"baseline": [0.01592320054769516, 0.013977600634098053, 0.44815359115600584, 0.016358399391174318], "candidate": [0.015001599490642548, 0.013926400244235993, 0.014054399728775025, 0.015052799880504609]}, "median_ms": {"baseline": 0.016140799969434738, "candidate": 0.014527999609708787}, "baseline_over_candidate": 1.111013243602247}
{"case": {"B": 2, "SEQ_LEN": 256, "H": 1, "HQ": 16, "D": 128, "S": 1, "block_size": 16, "is_causal": true}, "candidate": "baseline", "phase": "compile_correctness"}
{"case": {"B": 2, "SEQ_LEN": 256, "H": 1, "HQ": 16, "D": 128, "S": 1, "block_size": 16, "is_causal": true}, "candidate": "candidate", "phase": "compile_correctness"}
2026-09-07 10:32:15  [TileLang:tilelang.jit.kernel:INFO] (kernel.py:129): TileLang begins to compile kernel `kernel` with `out_idx=None`
2026-09-07 10:32:19  [TileLang:tilelang.jit.kernel:INFO] (kernel.py:137): TileLang completes to compile kernel `kernel`
{"case": {"B": 2, "SEQ_LEN": 256, "H": 1, "HQ": 16, "D": 128, "S": 1, "block_size": 16, "is_causal": true}, "seed": 368, "status": "PASS", "call_event_ms": {"baseline": [0.01594880074262619, 0.014361600577831268, 0.014182400703430176, 0.013670399785041809], "candidate": [0.014694400131702423, 0.014182400703430176, 0.015078400075435639, 0.01446399986743927]}, "median_ms": {"baseline": 0.014272000640630722, "candidate": 0.014579199999570847}, "baseline_over_candidate": 0.9789289289570643}
{"case": {"B": 2, "SEQ_LEN": 512, "H": 1, "HQ": 16, "D": 128, "S": 1, "block_size": 16, "is_causal": true}, "candidate": "baseline", "phase": "compile_correctness"}
{"case": {"B": 2, "SEQ_LEN": 512, "H": 1, "HQ": 16, "D": 128, "S": 1, "block_size": 16, "is_causal": true}, "candidate": "candidate", "phase": "compile_correctness"}
2026-09-07 10:32:20  [TileLang:tilelang.jit.kernel:INFO] (kernel.py:129): TileLang begins to compile kernel `kernel` with `out_idx=None`
2026-09-07 10:32:23  [TileLang:tilelang.jit.kernel:INFO] (kernel.py:137): TileLang completes to compile kernel `kernel`
{"case": {"B": 2, "SEQ_LEN": 512, "H": 1, "HQ": 16, "D": 128, "S": 1, "block_size": 16, "is_causal": true}, "seed": 368, "status": "PASS", "call_event_ms": {"baseline": [0.018662400543689728, 0.0166143998503685, 0.01640959978103638, 0.01656319946050644], "candidate": [0.01684480011463165, 0.01658879965543747, 0.01640959978103638, 0.01671680063009262]}, "median_ms": {"baseline": 0.01658879965543747, "candidate": 0.016652800142765045}, "baseline_over_candidate": 0.9961567732285923}
{"case": {"B": 2, "SEQ_LEN": 1024, "H": 1, "HQ": 16, "D": 128, "S": 1, "block_size": 16, "is_causal": true}, "candidate": "baseline", "phase": "compile_correctness"}
{"case": {"B": 2, "SEQ_LEN": 1024, "H": 1, "HQ": 16, "D": 128, "S": 1, "block_size": 16, "is_causal": true}, "candidate": "candidate", "phase": "compile_correctness"}
2026-09-07 10:32:24  [TileLang:tilelang.jit.kernel:INFO] (kernel.py:129): TileLang begins to compile kernel `kernel` with `out_idx=None`
2026-09-07 10:32:27  [TileLang:tilelang.jit.kernel:INFO] (kernel.py:137): TileLang completes to compile kernel `kernel`
{"case": {"B": 2, "SEQ_LEN": 1024, "H": 1, "HQ": 16, "D": 128, "S": 1, "block_size": 16, "is_causal": true}, "seed": 368, "status": "PASS", "call_event_ms": {"baseline": [0.030771198868751525, 0.029209598898887634, 0.029542401432991028, 0.029260799288749695], "candidate": [0.02961919903755188, 0.02905600070953369, 0.02913280129432678, 0.029260799288749695]}, "median_ms": {"baseline": 0.02940160036087036, "candidate": 0.02919680029153824}, "baseline_over_candidate": 1.007014469643493}
{"case": {"B": 4, "SEQ_LEN": 64, "H": 1, "HQ": 16, "D": 128, "S": 1, "block_size": 16, "is_causal": true}, "candidate": "baseline", "phase": "compile_correctness"}
{"case": {"B": 4, "SEQ_LEN": 64, "H": 1, "HQ": 16, "D": 128, "S": 1, "block_size": 16, "is_causal": true}, "candidate": "candidate", "phase": "compile_correctness"}
2026-09-07 10:32:28  [TileLang:tilelang.jit.kernel:INFO] (kernel.py:129): TileLang begins to compile kernel `kernel` with `out_idx=None`
2026-09-07 10:32:31  [TileLang:tilelang.jit.kernel:INFO] (kernel.py:137): TileLang completes to compile kernel `kernel`
{"case": {"B": 4, "SEQ_LEN": 64, "H": 1, "HQ": 16, "D": 128, "S": 1, "block_size": 16, "is_causal": true}, "seed": 368, "status": "PASS", "call_event_ms": {"baseline": [0.016076800227165223, 0.014105600118637086, 0.01797119975090027, 0.014284799993038177], "candidate": [0.014847999811172486, 0.014694400131702423, 0.014028799533843995, 0.014412799477577209]}, "median_ms": {"baseline": 0.0151808001101017, "candidate": 0.014553599804639817}, "baseline_over_candidate": 1.043095887882112}
{"case": {"B": 4, "SEQ_LEN": 128, "H": 1, "HQ": 16, "D": 128, "S": 1, "block_size": 16, "is_causal": true}, "candidate": "baseline", "phase": "compile_correctness"}
{"case": {"B": 4, "SEQ_LEN": 128, "H": 1, "HQ": 16, "D": 128, "S": 1, "block_size": 16, "is_causal": true}, "candidate": "candidate", "phase": "compile_correctness"}
2026-09-07 10:32:32  [TileLang:tilelang.jit.kernel:INFO] (kernel.py:129): TileLang begins to compile kernel `kernel` with `out_idx=None`
2026-09-07 10:32:36  [TileLang:tilelang.jit.kernel:INFO] (kernel.py:137): TileLang completes to compile kernel `kernel`
{"case": {"B": 4, "SEQ_LEN": 128, "H": 1, "HQ": 16, "D": 128, "S": 1, "block_size": 16, "is_causal": true}, "seed": 368, "status": "PASS", "call_event_ms": {"baseline": [0.01643519997596741, 0.014745600521564484, 0.014336000382900237, 0.014668799936771393], "candidate": [0.014847999811172486, 0.014796799421310425, 0.0144896000623703, 0.014643199741840363]}, "median_ms": {"baseline": 0.014707200229167938, "candidate": 0.014719999581575393}, "baseline_over_candidate": 0.9991304787519508}
{"case": {"B": 4, "SEQ_LEN": 256, "H": 1, "HQ": 16, "D": 128, "S": 1, "block_size": 16, "is_causal": true}, "candidate": "baseline", "phase": "compile_correctness"}
{"case": {"B": 4, "SEQ_LEN": 256, "H": 1, "HQ": 16, "D": 128, "S": 1, "block_size": 16, "is_causal": true}, "candidate": "candidate", "phase": "compile_correctness"}
2026-09-07 10:32:37  [TileLang:tilelang.jit.kernel:INFO] (kernel.py:129): TileLang begins to compile kernel `kernel` with `out_idx=None`
2026-09-07 10:32:40  [TileLang:tilelang.jit.kernel:INFO] (kernel.py:137): TileLang completes to compile kernel `kernel`
{"case": {"B": 4, "SEQ_LEN": 256, "H": 1, "HQ": 16, "D": 128, "S": 1, "block_size": 16, "is_causal": true}, "seed": 368, "status": "PASS", "call_event_ms": {"baseline": [0.01825280040502548, 0.01669120043516159, 0.0166143998503685, 0.01676799952983856], "candidate": [0.016921600699424742, 0.017023999989032746, 0.0165120005607605, 0.0165120005607605]}, "median_ms": {"baseline": 0.016729599982500076, "candidate": 0.01671680063009262}, "baseline_over_candidate": 1.0007656580161886}
{"case": {"B": 4, "SEQ_LEN": 512, "H": 1, "HQ": 16, "D": 128, "S": 1, "block_size": 16, "is_causal": true}, "candidate": "baseline", "phase": "compile_correctness"}
{"case": {"B": 4, "SEQ_LEN": 512, "H": 1, "HQ": 16, "D": 128, "S": 1, "block_size": 16, "is_causal": true}, "candidate": "candidate", "phase": "compile_correctness"}
2026-09-07 10:32:41  [TileLang:tilelang.jit.kernel:INFO] (kernel.py:129): TileLang begins to compile kernel `kernel` with `out_idx=None`
2026-09-07 10:32:44  [TileLang:tilelang.jit.kernel:INFO] (kernel.py:137): TileLang completes to compile kernel `kernel`
{"case": {"B": 4, "SEQ_LEN": 512, "H": 1, "HQ": 16, "D": 128, "S": 1, "block_size": 16, "is_causal": true}, "seed": 368, "status": "PASS", "call_event_ms": {"baseline": [0.031744000315666196, 0.029900801181793214, 0.029721599817276, 0.0302592009305954], "candidate": [0.029286399483680725, 0.02913280129432678, 0.029235199093818665, 0.029440000653266907]}, "median_ms": {"baseline": 0.030080001056194308, "candidate": 0.029260799288749695}, "baseline_over_candidate": 1.0279965615211195}
{"case": {"B": 4, "SEQ_LEN": 1024, "H": 1, "HQ": 16, "D": 128, "S": 1, "block_size": 16, "is_causal": true}, "candidate": "baseline", "phase": "compile_correctness"}
{"case": {"B": 4, "SEQ_LEN": 1024, "H": 1, "HQ": 16, "D": 128, "S": 1, "block_size": 16, "is_causal": true}, "candidate": "candidate", "phase": "compile_correctness"}
{"case": {"B": 4, "SEQ_LEN": 1024, "H": 1, "HQ": 16, "D": 128, "S": 1, "block_size": 16, "is_causal": true}, "seed": 368, "status": "PASS", "call_event_ms": {"baseline": [0.048895999789237976, 0.048921599984169006, 0.0489984005689621, 0.048307201266288756], "candidate": [0.04840959906578064, 0.048844799399375916, 0.048511999845504764, 0.048691201210021975]}, "median_ms": {"baseline": 0.04890879988670349, "candidate": 0.04860160052776337}, "baseline_over_candidate": 1.0063207663040774}
{"case": {"B": 8, "SEQ_LEN": 64, "H": 1, "HQ": 16, "D": 128, "S": 1, "block_size": 16, "is_causal": true}, "candidate": "baseline", "phase": "compile_correctness"}
{"case": {"B": 8, "SEQ_LEN": 64, "H": 1, "HQ": 16, "D": 128, "S": 1, "block_size": 16, "is_causal": true}, "candidate": "candidate", "phase": "compile_correctness"}
2026-09-07 10:32:45  [TileLang:tilelang.jit.kernel:INFO] (kernel.py:129): TileLang begins to compile kernel `kernel` with `out_idx=None`
2026-09-07 10:32:49  [TileLang:tilelang.jit.kernel:INFO] (kernel.py:137): TileLang completes to compile kernel `kernel`
{"case": {"B": 8, "SEQ_LEN": 64, "H": 1, "HQ": 16, "D": 128, "S": 1, "block_size": 16, "is_causal": true}, "seed": 368, "status": "PASS", "call_event_ms": {"baseline": [0.01733119934797287, 0.014182400703430176, 0.014310400187969207, 0.014207999408245086], "candidate": [0.014873600006103516, 0.014899200201034546, 0.01454080045223236, 0.014822399616241455]}, "median_ms": {"baseline": 0.014259199798107147, "candidate": 0.014847999811172486}, "baseline_over_candidate": 0.960344826201958}
{"case": {"B": 8, "SEQ_LEN": 128, "H": 1, "HQ": 16, "D": 128, "S": 1, "block_size": 16, "is_causal": true}, "candidate": "baseline", "phase": "compile_correctness"}
{"case": {"B": 8, "SEQ_LEN": 128, "H": 1, "HQ": 16, "D": 128, "S": 1, "block_size": 16, "is_causal": true}, "candidate": "candidate", "phase": "compile_correctness"}
2026-09-07 10:32:50  [TileLang:tilelang.jit.kernel:INFO] (kernel.py:129): TileLang begins to compile kernel `kernel` with `out_idx=None`
2026-09-07 10:32:53  [TileLang:tilelang.jit.kernel:INFO] (kernel.py:137): TileLang completes to compile kernel `kernel`
{"case": {"B": 8, "SEQ_LEN": 128, "H": 1, "HQ": 16, "D": 128, "S": 1, "block_size": 16, "is_causal": true}, "seed": 368, "status": "PASS", "call_event_ms": {"baseline": [0.018508799374103546, 0.01648640036582947, 0.01656319946050644, 0.01653759926557541], "candidate": [0.01671680063009262, 0.01643519997596741, 0.01640959978103638, 0.01653759926557541]}, "median_ms": {"baseline": 0.016550399363040924, "candidate": 0.01648639962077141}, "baseline_over_candidate": 1.0038819720340202}
{"case": {"B": 8, "SEQ_LEN": 256, "H": 1, "HQ": 16, "D": 128, "S": 1, "block_size": 16, "is_causal": true}, "candidate": "baseline", "phase": "compile_correctness"}
{"case": {"B": 8, "SEQ_LEN": 256, "H": 1, "HQ": 16, "D": 128, "S": 1, "block_size": 16, "is_causal": true}, "candidate": "candidate", "phase": "compile_correctness"}
2026-09-07 10:32:54  [TileLang:tilelang.jit.kernel:INFO] (kernel.py:129): TileLang begins to compile kernel `kernel` with `out_idx=None`
2026-09-07 10:32:57  [TileLang:tilelang.jit.kernel:INFO] (kernel.py:137): TileLang completes to compile kernel `kernel`
{"case": {"B": 8, "SEQ_LEN": 256, "H": 1, "HQ": 16, "D": 128, "S": 1, "block_size": 16, "is_causal": true}, "seed": 368, "status": "PASS", "call_event_ms": {"baseline": [0.031667199730873105, 0.029337599873542786, 0.029875200986862183, 0.030156800150871278], "candidate": [0.029235199093818665, 0.029209598898887634, 0.029849600791931153, 0.02887679934501648]}, "median_ms": {"baseline": 0.030016000568866733, "candidate": 0.02922239899635315}, "baseline_over_candidate": 1.0271573039781101}
{"case": {"B": 8, "SEQ_LEN": 512, "H": 1, "HQ": 16, "D": 128, "S": 1, "block_size": 16, "is_causal": true}, "candidate": "baseline", "phase": "compile_correctness"}
{"case": {"B": 8, "SEQ_LEN": 512, "H": 1, "HQ": 16, "D": 128, "S": 1, "block_size": 16, "is_causal": true}, "candidate": "candidate", "phase": "compile_correctness"}
2026-09-07 10:32:58  [TileLang:tilelang.jit.kernel:INFO] (kernel.py:129): TileLang begins to compile kernel `kernel` with `out_idx=None`
2026-09-07 10:33:01  [TileLang:tilelang.jit.kernel:INFO] (kernel.py:137): TileLang completes to compile kernel `kernel`
{"case": {"B": 8, "SEQ_LEN": 512, "H": 1, "HQ": 16, "D": 128, "S": 1, "block_size": 16, "is_causal": true}, "seed": 368, "status": "PASS", "call_event_ms": {"baseline": [0.04979200065135956, 0.0484607994556427, 0.04805119931697845, 0.048281601071357726], "candidate": [0.048588800430297854, 0.048563200235366824, 0.048256000876426695, 0.0484607994556427]}, "median_ms": {"baseline": 0.04837120026350021, "candidate": 0.048511999845504764}, "baseline_over_candidate": 0.9970976339369032}
{"case": {"B": 8, "SEQ_LEN": 1024, "H": 1, "HQ": 16, "D": 128, "S": 1, "block_size": 16, "is_causal": true}, "candidate": "baseline", "phase": "compile_correctness"}
{"case": {"B": 8, "SEQ_LEN": 1024, "H": 1, "HQ": 16, "D": 128, "S": 1, "block_size": 16, "is_causal": true}, "candidate": "candidate", "phase": "compile_correctness"}
2026-09-07 10:33:02  [TileLang:tilelang.jit.kernel:INFO] (kernel.py:129): TileLang begins to compile kernel `kernel` with `out_idx=None`
2026-09-07 10:33:06  [TileLang:tilelang.jit.kernel:INFO] (kernel.py:137): TileLang completes to compile kernel `kernel`
{"case": {"B": 8, "SEQ_LEN": 1024, "H": 1, "HQ": 16, "D": 128, "S": 1, "block_size": 16, "is_causal": true}, "seed": 368, "status": "PASS", "call_event_ms": {"baseline": [0.08780800104141236, 0.08652799725532531, 0.08727040290832519, 0.08606719970703125], "candidate": [0.08698880076408386, 0.08709120154380798, 0.08706560134887695, 0.0868607997894287]}, "median_ms": {"baseline": 0.08689920008182525, "candidate": 0.0870272010564804}, "baseline_over_candidate": 0.9985291842883459}
{"case": {"B": 1, "SEQ_LEN": 512, "H": 1, "HQ": 16, "D": 128, "S": 1, "block_size": 32, "is_causal": true}, "candidate": "baseline", "phase": "compile_correctness"}
{"case": {"B": 1, "SEQ_LEN": 512, "H": 1, "HQ": 16, "D": 128, "S": 1, "block_size": 32, "is_causal": true}, "candidate": "candidate", "phase": "compile_correctness"}
2026-09-07 10:33:07  [TileLang:tilelang.jit.kernel:INFO] (kernel.py:129): TileLang begins to compile kernel `kernel` with `out_idx=None`
2026-09-07 10:33:10  [TileLang:tilelang.jit.kernel:INFO] (kernel.py:137): TileLang completes to compile kernel `kernel`
{"case": {"B": 1, "SEQ_LEN": 512, "H": 1, "HQ": 16, "D": 128, "S": 1, "block_size": 32, "is_causal": true}, "seed": 368, "status": "PASS", "call_event_ms": {"baseline": [0.017382399737834932, 0.018662400543689728, 0.015999999642372132, 0.016281600296497344], "candidate": [0.01664000004529953, 0.016076800227165223, 0.016128000617027283, 0.0165120005607605]}, "median_ms": {"baseline": 0.016832000017166136, "candidate": 0.016320000588893893}, "baseline_over_candidate": 1.0313725128552182}
{"case": {"B": 2, "SEQ_LEN": 512, "H": 1, "HQ": 16, "D": 128, "S": 1, "block_size": 32, "is_causal": true}, "candidate": "baseline", "phase": "compile_correctness"}
{"case": {"B": 2, "SEQ_LEN": 512, "H": 1, "HQ": 16, "D": 128, "S": 1, "block_size": 32, "is_causal": true}, "candidate": "candidate", "phase": "compile_correctness"}
2026-09-07 10:33:11  [TileLang:tilelang.jit.kernel:INFO] (kernel.py:129): TileLang begins to compile kernel `kernel` with `out_idx=None`
2026-09-07 10:33:14  [TileLang:tilelang.jit.kernel:INFO] (kernel.py:137): TileLang completes to compile kernel `kernel`
{"case": {"B": 2, "SEQ_LEN": 512, "H": 1, "HQ": 16, "D": 128, "S": 1, "block_size": 32, "is_causal": true}, "seed": 368, "status": "PASS", "call_event_ms": {"baseline": [0.024294400215148927, 0.022835199534893037, 0.022860799729824067, 0.022860799729824067], "candidate": [0.022681599855422972, 0.024243199825286867, 0.022144000232219695, 0.02240000069141388]}, "median_ms": {"baseline": 0.022860799729824067, "candidate": 0.022540800273418427}, "baseline_over_candidate": 1.0141964549849192}
{"case": {"B": 4, "SEQ_LEN": 1024, "H": 1, "HQ": 16, "D": 128, "S": 1, "block_size": 32, "is_causal": true}, "candidate": "baseline", "phase": "compile_correctness"}
{"case": {"B": 4, "SEQ_LEN": 1024, "H": 1, "HQ": 16, "D": 128, "S": 1, "block_size": 32, "is_causal": true}, "candidate": "candidate", "phase": "compile_correctness"}
2026-09-07 10:33:15  [TileLang:tilelang.cache.kernel_cache:WARNING] (kernel_cache.py:342): Found kernel 'kernel' in memory cache. For better performance, consider using `@tilelang.jit` instead of direct kernel caching.
{"case": {"B": 4, "SEQ_LEN": 1024, "H": 1, "HQ": 16, "D": 128, "S": 1, "block_size": 32, "is_causal": true}, "seed": 368, "status": "PASS", "call_event_ms": {"baseline": [0.060211199522018435, 0.060185599327087405, 0.060313600301742556, 0.06054400205612183], "candidate": [0.060288000106811526, 0.06054400205612183, 0.06056960225105286, 0.060185599327087405]}, "median_ms": {"baseline": 0.060262399911880496, "candidate": 0.06041600108146668}, "baseline_over_candidate": 0.9974576078052723}
{"case": {"B": 8, "SEQ_LEN": 512, "H": 1, "HQ": 16, "D": 128, "S": 1, "block_size": 32, "is_causal": true}, "candidate": "baseline", "phase": "compile_correctness"}
{"case": {"B": 8, "SEQ_LEN": 512, "H": 1, "HQ": 16, "D": 128, "S": 1, "block_size": 32, "is_causal": true}, "candidate": "candidate", "phase": "compile_correctness"}
2026-09-07 10:33:15  [TileLang:tilelang.cache.kernel_cache:WARNING] (kernel_cache.py:342): Found kernel 'kernel' in memory cache. For better performance, consider using `@tilelang.jit` instead of direct kernel caching.
{"case": {"B": 8, "SEQ_LEN": 512, "H": 1, "HQ": 16, "D": 128, "S": 1, "block_size": 32, "is_causal": true}, "seed": 368, "status": "PASS", "call_event_ms": {"baseline": [0.05980160236358643, 0.06044160127639771, 0.06033920049667359, 0.06044160127639771], "candidate": [0.0605184018611908, 0.06049280166625977, 0.060236799716949466, 0.06049280166625977]}, "median_ms": {"baseline": 0.06039040088653565, "candidate": 0.06049280166625977}, "baseline_over_candidate": 0.9983072237207814}
{"case": {"B": 1, "SEQ_LEN": 512, "H": 2, "HQ": 32, "D": 128, "S": 1, "block_size": 16, "is_causal": true}, "candidate": "baseline", "phase": "compile_correctness"}
{"case": {"B": 1, "SEQ_LEN": 512, "H": 2, "HQ": 32, "D": 128, "S": 1, "block_size": 16, "is_causal": true}, "candidate": "candidate", "phase": "compile_correctness"}
2026-09-07 10:33:15  [TileLang:tilelang.jit.kernel:INFO] (kernel.py:129): TileLang begins to compile kernel `kernel` with `out_idx=None`
2026-09-07 10:33:19  [TileLang:tilelang.jit.kernel:INFO] (kernel.py:137): TileLang completes to compile kernel `kernel`
{"case": {"B": 1, "SEQ_LEN": 512, "H": 2, "HQ": 32, "D": 128, "S": 1, "block_size": 16, "is_causal": true}, "seed": 368, "status": "PASS", "call_event_ms": {"baseline": [0.01684480011463165, 0.01730560064315796, 0.017382399737834932, 0.017791999876499175], "candidate": [0.017843200266361235, 0.017612800002098083, 0.017382399737834932, 0.017561599612236023]}, "median_ms": {"baseline": 0.017344000190496443, "candidate": 0.017587199807167053}, "baseline_over_candidate": 0.9861717829252442}
{"case": {"B": 1, "SEQ_LEN": 1024, "H": 1, "HQ": 16, "D": 128, "S": 1, "block_size": 32, "is_causal": true}, "candidate": "baseline", "phase": "compile_correctness"}
{"case": {"B": 1, "SEQ_LEN": 1024, "H": 1, "HQ": 16, "D": 128, "S": 1, "block_size": 32, "is_causal": true}, "candidate": "candidate", "phase": "compile_correctness"}
2026-09-07 10:33:19  [TileLang:tilelang.jit.kernel:INFO] (kernel.py:129): TileLang begins to compile kernel `kernel` with `out_idx=None`
2026-09-07 10:33:23  [TileLang:tilelang.jit.kernel:INFO] (kernel.py:137): TileLang completes to compile kernel `kernel`
{"case": {"B": 1, "SEQ_LEN": 1024, "H": 1, "HQ": 16, "D": 128, "S": 1, "block_size": 32, "is_causal": true}, "seed": 368, "status": "PASS", "call_event_ms": {"baseline": [0.023219199478626253, 0.02227199971675873, 0.022169600427150726, 0.02227199971675873], "candidate": [0.02247679978609085, 0.02237440049648285, 0.024038399755954742, 0.022169600427150726]}, "median_ms": {"baseline": 0.02227199971675873, "candidate": 0.02242560014128685}, "baseline_over_candidate": 0.9931506660441459}
{"case": {"B": 2, "SEQ_LEN": 1024, "H": 1, "HQ": 16, "D": 128, "S": 1, "block_size": 32, "is_causal": true}, "candidate": "baseline", "phase": "compile_correctness"}
{"case": {"B": 2, "SEQ_LEN": 1024, "H": 1, "HQ": 16, "D": 128, "S": 1, "block_size": 32, "is_causal": true}, "candidate": "candidate", "phase": "compile_correctness"}
2026-09-07 10:33:24  [TileLang:tilelang.cache.kernel_cache:WARNING] (kernel_cache.py:342): Found kernel 'kernel' in memory cache. For better performance, consider using `@tilelang.jit` instead of direct kernel caching.
{"case": {"B": 2, "SEQ_LEN": 1024, "H": 1, "HQ": 16, "D": 128, "S": 1, "block_size": 32, "is_causal": true}, "seed": 368, "status": "PASS", "call_event_ms": {"baseline": [0.034918400645256045, 0.03573760092258453, 0.03530240058898926, 0.03532800078392029], "candidate": [0.0352512001991272, 0.03553279936313629, 0.03527680039405823, 0.03530240058898926]}, "median_ms": {"baseline": 0.03531520068645477, "candidate": 0.03528960049152374}, "baseline_over_candidate": 1.0007254317015342}
{"case": {"B": 4, "SEQ_LEN": 512, "H": 1, "HQ": 16, "D": 128, "S": 1, "block_size": 32, "is_causal": true}, "candidate": "baseline", "phase": "compile_correctness"}
{"case": {"B": 4, "SEQ_LEN": 512, "H": 1, "HQ": 16, "D": 128, "S": 1, "block_size": 32, "is_causal": true}, "candidate": "candidate", "phase": "compile_correctness"}
2026-09-07 10:33:24  [TileLang:tilelang.cache.kernel_cache:WARNING] (kernel_cache.py:342): Found kernel 'kernel' in memory cache. For better performance, consider using `@tilelang.jit` instead of direct kernel caching.
{"case": {"B": 4, "SEQ_LEN": 512, "H": 1, "HQ": 16, "D": 128, "S": 1, "block_size": 32, "is_causal": true}, "seed": 368, "status": "PASS", "call_event_ms": {"baseline": [0.03427839875221252, 0.0347135990858078, 0.034585601091384886, 0.03463680148124695], "candidate": [0.0347135990858078, 0.034508800506591795, 0.034457600116729735, 0.03463680148124695]}, "median_ms": {"baseline": 0.03461120128631592, "candidate": 0.03457280099391937}, "baseline_over_candidate": 1.0011107081663213}
{"case": {"B": 8, "SEQ_LEN": 256, "H": 1, "HQ": 16, "D": 128, "S": 1, "block_size": 32, "is_causal": true}, "candidate": "baseline", "phase": "compile_correctness"}
{"case": {"B": 8, "SEQ_LEN": 256, "H": 1, "HQ": 16, "D": 128, "S": 1, "block_size": 32, "is_causal": true}, "candidate": "candidate", "phase": "compile_correctness"}
2026-09-07 10:33:24  [TileLang:tilelang.cache.kernel_cache:WARNING] (kernel_cache.py:342): Found kernel 'kernel' in memory cache. For better performance, consider using `@tilelang.jit` instead of direct kernel caching.
{"case": {"B": 8, "SEQ_LEN": 256, "H": 1, "HQ": 16, "D": 128, "S": 1, "block_size": 32, "is_causal": true}, "seed": 368, "status": "PASS", "call_event_ms": {"baseline": [0.034380799531936644, 0.034764799475669864, 0.034560000896453856, 0.034969601035118106], "candidate": [0.035071998834609985, 0.034790399670600894, 0.034483200311660765, 0.034867200255393985]}, "median_ms": {"baseline": 0.034662400186061856, "candidate": 0.03482879996299744}, "baseline_over_candidate": 0.9952223511257244}
{"case": {"B": 1, "SEQ_LEN": 4096, "H": 1, "HQ": 16, "D": 128, "S": 1, "block_size": 16, "is_causal": true}, "candidate": "baseline", "phase": "compile_correctness"}
{"case": {"B": 1, "SEQ_LEN": 4096, "H": 1, "HQ": 16, "D": 128, "S": 1, "block_size": 16, "is_causal": true}, "candidate": "candidate", "phase": "compile_correctness"}
2026-09-07 10:33:24  [TileLang:tilelang.jit.kernel:INFO] (kernel.py:129): TileLang begins to compile kernel `kernel` with `out_idx=None`
2026-09-07 10:33:28  [TileLang:tilelang.jit.kernel:INFO] (kernel.py:137): TileLang completes to compile kernel `kernel`
{"case": {"B": 1, "SEQ_LEN": 4096, "H": 1, "HQ": 16, "D": 128, "S": 1, "block_size": 16, "is_causal": true}, "seed": 368, "status": "PASS", "call_event_ms": {"baseline": [0.051481598615646364, 0.05012480020523071, 0.04981760084629059, 0.04966399967670441], "candidate": [0.04968959987163544, 0.05025280117988586, 0.04976640045642853, 0.05007359981536865]}, "median_ms": {"baseline": 0.04997120052576065, "candidate": 0.04992000013589859}, "baseline_over_candidate": 1.0010256488325857}
{"case": {"B": 1, "SEQ_LEN": 8192, "H": 1, "HQ": 16, "D": 128, "S": 1, "block_size": 16, "is_causal": true}, "candidate": "baseline", "phase": "compile_correctness"}
{"case": {"B": 1, "SEQ_LEN": 8192, "H": 1, "HQ": 16, "D": 128, "S": 1, "block_size": 16, "is_causal": true}, "candidate": "candidate", "phase": "compile_correctness"}
2026-09-07 10:33:29  [TileLang:tilelang.jit.kernel:INFO] (kernel.py:129): TileLang begins to compile kernel `kernel` with `out_idx=None`
2026-09-07 10:33:32  [TileLang:tilelang.jit.kernel:INFO] (kernel.py:137): TileLang completes to compile kernel `kernel`
{"case": {"B": 1, "SEQ_LEN": 8192, "H": 1, "HQ": 16, "D": 128, "S": 1, "block_size": 16, "is_causal": true}, "seed": 368, "status": "PASS", "call_event_ms": {"baseline": [0.09571840167045594, 0.09497600197792053, 0.09431040287017822, 0.0934656023979187], "candidate": [0.09507840275764465, 0.09382399916648865, 0.09392639994621277, 0.09433599710464477]}, "median_ms": {"baseline": 0.09464320242404937, "candidate": 0.09413119852542877}, "baseline_over_candidate": 1.005439258254874}
