Loading tilelang libs from dev root: /opt/tilelang-metax-v0.1.10/build
submissions/nsa_v318.py 2 EXPORTED
submissions/nsa_v318.py 4 EXPORTED
submissions/nsa_v318.py 8 EXPORTED
submissions/nsa_v318.py 9 EXPORTED
submissions/nsa096.py 2 EXPORTED
submissions/nsa096.py 4 EXPORTED
submissions/nsa096.py 8 EXPORTED
submissions/nsa096.py 9 EXPORTED
Loading tilelang libs from dev root: /opt/tilelang-metax-v0.1.10/build
2026-09-09 06:27:16  [TileLang:tilelang.cache.kernel_cache:WARNING] (kernel_cache.py:342): Found kernel 'kernel' in memory cache. For better performance, consider using `@tilelang.jit` instead of direct kernel caching.
{"case_id": 4, "module": "submissions/nsa096.py", "seed": 137, "mode": "public", "median_us": {"cupti": 10.55744000000006}}
{"case_id": 4, "module": "submissions/nsa_v318.py", "seed": 137, "mode": "public", "median_us": {"cupti": 10.583040000000038}}
{"case_id": 4, "module": "submissions/nsa096.py", "seed": 137, "mode": "current", "median_us": {"cupti": 10.583039999999892}}
{"case_id": 4, "module": "submissions/nsa_v318.py", "seed": 137, "mode": "current", "median_us": {"cupti": 10.577920000000123}}
{"case_id": 5, "module": "submissions/nsa096.py", "seed": 137, "mode": "public", "median_us": {"cupti": 25.830399999999827}}
{"case_id": 5, "module": "submissions/nsa_v318.py", "seed": 137, "mode": "public", "median_us": {"cupti": 25.55903999999984}}
{"case_id": 5, "module": "submissions/nsa096.py", "seed": 137, "mode": "current", "median_us": {"cupti": 25.753599999999935}}
{"case_id": 5, "module": "submissions/nsa_v318.py", "seed": 137, "mode": "current", "median_us": {"cupti": 25.569280000000035}}
{"case_id": 8, "module": "submissions/nsa096.py", "seed": 137, "mode": "public", "median_us": {"cupti": 40.360960000000084}}
{"case_id": 8, "module": "submissions/nsa_v318.py", "seed": 137, "mode": "public", "median_us": {"cupti": 40.55040000000015}}
{"case_id": 8, "module": "submissions/nsa096.py", "seed": 137, "mode": "current", "median_us": {"cupti": 40.42752000000016}}
{"case_id": 8, "module": "submissions/nsa_v318.py", "seed": 137, "mode": "current", "median_us": {"cupti": 40.678399999999925}}
