Loading tilelang libs from dev root: /opt/tilelang-metax-v0.1.10/build
2026-09-09 06:47:35  [TileLang:tilelang.jit.kernel:INFO] (kernel.py:129): TileLang begins to compile kernel `kernel` with `out_idx=None`
2026-09-09 06:47:42  [TileLang:tilelang.jit.kernel:INFO] (kernel.py:137): TileLang completes to compile kernel `kernel`
2026-09-09 06:47:42  [TileLang:tilelang.cache.kernel_cache:WARNING] (kernel_cache.py:342): Found kernel 'kernel' in memory cache. For better performance, consider using `@tilelang.jit` instead of direct kernel caching.
{"case_id": 2, "module": "submissions/nsa097.py", "seed": 0, "mode": "public", "median_us": {"cupti": 5.719040000000024}}
{"case_id": 2, "module": "submissions/nsa099.py", "seed": 0, "mode": "public", "median_us": {"cupti": 5.7753600000002185}}
2026-09-09 06:47:43  [TileLang:tilelang.jit.kernel:INFO] (kernel.py:129): TileLang begins to compile kernel `kernel` with `out_idx=None`
2026-09-09 06:47:50  [TileLang:tilelang.jit.kernel:INFO] (kernel.py:137): TileLang completes to compile kernel `kernel`
2026-09-09 06:47:50  [TileLang:tilelang.cache.kernel_cache:WARNING] (kernel_cache.py:342): Found kernel 'kernel' in memory cache. For better performance, consider using `@tilelang.jit` instead of direct kernel caching.
{"case_id": 4, "module": "submissions/nsa097.py", "seed": 0, "mode": "public", "median_us": {"cupti": 10.603519999999953}}
{"case_id": 4, "module": "submissions/nsa099.py", "seed": 0, "mode": "public", "median_us": {"cupti": 10.55744000000006}}
2026-09-09 06:47:51  [TileLang:tilelang.jit.kernel:INFO] (kernel.py:129): TileLang begins to compile kernel `kernel` with `out_idx=None`
2026-09-09 06:47:57  [TileLang:tilelang.jit.kernel:INFO] (kernel.py:137): TileLang completes to compile kernel `kernel`
{"case_id": 5, "module": "submissions/nsa097.py", "seed": 0, "mode": "public", "median_us": {"cupti": 25.63071999999993}}
{"case_id": 5, "module": "submissions/nsa099.py", "seed": 0, "mode": "public", "median_us": {"cupti": 25.33375999999989}}
2026-09-09 06:47:58  [TileLang:tilelang.jit.kernel:INFO] (kernel.py:129): TileLang begins to compile kernel `kernel` with `out_idx=None`
2026-09-09 06:48:05  [TileLang:tilelang.jit.kernel:INFO] (kernel.py:137): TileLang completes to compile kernel `kernel`
2026-09-09 06:48:05  [TileLang:tilelang.cache.kernel_cache:WARNING] (kernel_cache.py:342): Found kernel 'kernel' in memory cache. For better performance, consider using `@tilelang.jit` instead of direct kernel caching.
{"case_id": 7, "module": "submissions/nsa097.py", "seed": 0, "mode": "public", "median_us": {"cupti": 25.011199999999917}}
{"case_id": 7, "module": "submissions/nsa099.py", "seed": 0, "mode": "public", "median_us": {"cupti": 25.512959999999875}}
2026-09-09 06:48:06  [TileLang:tilelang.jit.kernel:INFO] (kernel.py:129): TileLang begins to compile kernel `kernel` with `out_idx=None`
2026-09-09 06:48:12  [TileLang:tilelang.jit.kernel:INFO] (kernel.py:137): TileLang completes to compile kernel `kernel`
{"case_id": 8, "module": "submissions/nsa097.py", "seed": 0, "mode": "public", "median_us": {"cupti": 40.6988800000001}}
{"case_id": 8, "module": "submissions/nsa099.py", "seed": 0, "mode": "public", "median_us": {"cupti": 41.2057599999999}}
2026-09-09 06:48:13  [TileLang:tilelang.jit.kernel:INFO] (kernel.py:129): TileLang begins to compile kernel `kernel` with `out_idx=None`
2026-09-09 06:48:19  [TileLang:tilelang.jit.kernel:INFO] (kernel.py:137): TileLang completes to compile kernel `kernel`
2026-09-09 06:48:19  [TileLang:tilelang.cache.kernel_cache:WARNING] (kernel_cache.py:342): Found kernel 'kernel' in memory cache. For better performance, consider using `@tilelang.jit` instead of direct kernel caching.
{"case_id": 9, "module": "submissions/nsa097.py", "seed": 0, "mode": "public", "median_us": {"cupti": 40.847360000000045}}
{"case_id": 9, "module": "submissions/nsa099.py", "seed": 0, "mode": "public", "median_us": {"cupti": 41.282560000000046}}
2026-09-09 06:48:20  [TileLang:tilelang.jit.kernel:INFO] (kernel.py:129): TileLang begins to compile kernel `kernel` with `out_idx=None`
2026-09-09 06:48:27  [TileLang:tilelang.jit.kernel:INFO] (kernel.py:137): TileLang completes to compile kernel `kernel`
2026-09-09 06:48:27  [TileLang:tilelang.cache.kernel_cache:WARNING] (kernel_cache.py:342): Found kernel 'kernel' in memory cache. For better performance, consider using `@tilelang.jit` instead of direct kernel caching.
{"case_id": 13, "module": "submissions/nsa097.py", "seed": 0, "mode": "public", "median_us": {"cupti": 7.93088000000007}}
{"case_id": 13, "module": "submissions/nsa099.py", "seed": 0, "mode": "public", "median_us": {"cupti": 7.700480000000098}}
2026-09-09 06:48:28  [TileLang:tilelang.jit.kernel:INFO] (kernel.py:129): TileLang begins to compile kernel `kernel` with `out_idx=None`
2026-09-09 06:48:34  [TileLang:tilelang.jit.kernel:INFO] (kernel.py:137): TileLang completes to compile kernel `kernel`
2026-09-09 06:48:34  [TileLang:tilelang.cache.kernel_cache:WARNING] (kernel_cache.py:342): Found kernel 'kernel' in memory cache. For better performance, consider using `@tilelang.jit` instead of direct kernel caching.
{"case_id": 14, "module": "submissions/nsa097.py", "seed": 0, "mode": "public", "median_us": {"cupti": 16.35839999999993}}
{"case_id": 14, "module": "submissions/nsa099.py", "seed": 0, "mode": "public", "median_us": {"cupti": 16.245760000000047}}
Loading tilelang libs from dev root: /opt/tilelang-metax-v0.1.10/build
{"module": "submissions/nsa_v236.py", "source_sha256": "c715a6d500ef5019b997a3edf409861777de189fd8f038cf049c5faf9afc2d7c", "case": {"B": 2, "seq_len": 1024, "kv_heads": 1, "q_heads": 16, "dim": 128, "selected_blocks": 1, "block_size": 32, "causal": 1}, "last_slot": false, "update": 0, "seed": 137, "status": "PASS", "mismatch_count": 0, "nonfinite": 0, "max_abs": 0.001953125}
2026-09-09 06:49:11  [TileLang:tilelang.jit.kernel:INFO] (kernel.py:129): TileLang begins to compile kernel `kernel` with `out_idx=None`
2026-09-09 06:49:18  [TileLang:tilelang.jit.kernel:INFO] (kernel.py:137): TileLang completes to compile kernel `kernel`
{"module": "submissions/nsa097.py", "source_sha256": "40bfb68958667786f85e703d8bf6e71df18a808e693703218d970a96f7d8a80f", "case": {"B": 2, "seq_len": 1024, "kv_heads": 1, "q_heads": 16, "dim": 128, "selected_blocks": 1, "block_size": 32, "causal": 1}, "last_slot": false, "update": 0, "seed": 137, "status": "PASS", "mismatch_count": 0, "nonfinite": 0, "max_abs": 0.001953125}
{"module": "submissions/nsa_v236.py", "source_sha256": "c715a6d500ef5019b997a3edf409861777de189fd8f038cf049c5faf9afc2d7c", "case": {"B": 2, "seq_len": 1024, "kv_heads": 1, "q_heads": 16, "dim": 128, "selected_blocks": 1, "block_size": 32, "causal": 1}, "last_slot": false, "update": 1, "seed": 138, "status": "PASS", "mismatch_count": 0, "nonfinite": 0, "max_abs": 0.0625}
{"module": "submissions/nsa097.py", "source_sha256": "40bfb68958667786f85e703d8bf6e71df18a808e693703218d970a96f7d8a80f", "case": {"B": 2, "seq_len": 1024, "kv_heads": 1, "q_heads": 16, "dim": 128, "selected_blocks": 1, "block_size": 32, "causal": 1}, "last_slot": false, "update": 1, "seed": 138, "status": "PASS", "mismatch_count": 0, "nonfinite": 0, "max_abs": 0.0625}
{"module": "submissions/nsa_v236.py", "source_sha256": "c715a6d500ef5019b997a3edf409861777de189fd8f038cf049c5faf9afc2d7c", "case": {"B": 2, "seq_len": 1024, "kv_heads": 1, "q_heads": 16, "dim": 128, "selected_blocks": 1, "block_size": 32, "causal": 1}, "last_slot": true, "update": 0, "seed": 137, "status": "PASS", "mismatch_count": 0, "nonfinite": 0, "max_abs": 0.001953125}
{"module": "submissions/nsa097.py", "source_sha256": "40bfb68958667786f85e703d8bf6e71df18a808e693703218d970a96f7d8a80f", "case": {"B": 2, "seq_len": 1024, "kv_heads": 1, "q_heads": 16, "dim": 128, "selected_blocks": 1, "block_size": 32, "causal": 1}, "last_slot": true, "update": 0, "seed": 137, "status": "PASS", "mismatch_count": 0, "nonfinite": 0, "max_abs": 0.001953125}
{"module": "submissions/nsa_v236.py", "source_sha256": "c715a6d500ef5019b997a3edf409861777de189fd8f038cf049c5faf9afc2d7c", "case": {"B": 2, "seq_len": 1024, "kv_heads": 1, "q_heads": 16, "dim": 128, "selected_blocks": 1, "block_size": 32, "causal": 1}, "last_slot": true, "update": 1, "seed": 138, "status": "PASS", "mismatch_count": 0, "nonfinite": 0, "max_abs": 0.0625}
{"module": "submissions/nsa097.py", "source_sha256": "40bfb68958667786f85e703d8bf6e71df18a808e693703218d970a96f7d8a80f", "case": {"B": 2, "seq_len": 1024, "kv_heads": 1, "q_heads": 16, "dim": 128, "selected_blocks": 1, "block_size": 32, "causal": 1}, "last_slot": true, "update": 1, "seed": 138, "status": "PASS", "mismatch_count": 0, "nonfinite": 0, "max_abs": 0.0625}
{"module": "submissions/nsa_v236.py", "source_sha256": "c715a6d500ef5019b997a3edf409861777de189fd8f038cf049c5faf9afc2d7c", "case": {"B": 1, "seq_len": 1024, "kv_heads": 1, "q_heads": 16, "dim": 64, "selected_blocks": 8, "block_size": 16, "causal": 1}, "last_slot": false, "update": 0, "seed": 137, "status": "PASS", "mismatch_count": 0, "nonfinite": 0, "max_abs": 0.001953125}
{"module": "submissions/nsa097.py", "source_sha256": "40bfb68958667786f85e703d8bf6e71df18a808e693703218d970a96f7d8a80f", "case": {"B": 1, "seq_len": 1024, "kv_heads": 1, "q_heads": 16, "dim": 64, "selected_blocks": 8, "block_size": 16, "causal": 1}, "last_slot": false, "update": 0, "seed": 137, "status": "PASS", "mismatch_count": 0, "nonfinite": 0, "max_abs": 0.001953125}
{"module": "submissions/nsa_v236.py", "source_sha256": "c715a6d500ef5019b997a3edf409861777de189fd8f038cf049c5faf9afc2d7c", "case": {"B": 1, "seq_len": 1024, "kv_heads": 1, "q_heads": 16, "dim": 64, "selected_blocks": 8, "block_size": 16, "causal": 1}, "last_slot": false, "update": 1, "seed": 138, "status": "PASS", "mismatch_count": 0, "nonfinite": 0, "max_abs": 0.03125}
{"module": "submissions/nsa097.py", "source_sha256": "40bfb68958667786f85e703d8bf6e71df18a808e693703218d970a96f7d8a80f", "case": {"B": 1, "seq_len": 1024, "kv_heads": 1, "q_heads": 16, "dim": 64, "selected_blocks": 8, "block_size": 16, "causal": 1}, "last_slot": false, "update": 1, "seed": 138, "status": "PASS", "mismatch_count": 0, "nonfinite": 0, "max_abs": 0.03125}
{"module": "submissions/nsa_v236.py", "source_sha256": "c715a6d500ef5019b997a3edf409861777de189fd8f038cf049c5faf9afc2d7c", "case": {"B": 1, "seq_len": 1024, "kv_heads": 1, "q_heads": 16, "dim": 64, "selected_blocks": 8, "block_size": 16, "causal": 1}, "last_slot": true, "update": 0, "seed": 137, "status": "PASS", "mismatch_count": 0, "nonfinite": 0, "max_abs": 0.001953125}
{"module": "submissions/nsa097.py", "source_sha256": "40bfb68958667786f85e703d8bf6e71df18a808e693703218d970a96f7d8a80f", "case": {"B": 1, "seq_len": 1024, "kv_heads": 1, "q_heads": 16, "dim": 64, "selected_blocks": 8, "block_size": 16, "causal": 1}, "last_slot": true, "update": 0, "seed": 137, "status": "PASS", "mismatch_count": 0, "nonfinite": 0, "max_abs": 0.001953125}
{"module": "submissions/nsa_v236.py", "source_sha256": "c715a6d500ef5019b997a3edf409861777de189fd8f038cf049c5faf9afc2d7c", "case": {"B": 1, "seq_len": 1024, "kv_heads": 1, "q_heads": 16, "dim": 64, "selected_blocks": 8, "block_size": 16, "causal": 1}, "last_slot": true, "update": 1, "seed": 138, "status": "PASS", "mismatch_count": 0, "nonfinite": 0, "max_abs": 0.03125}
{"module": "submissions/nsa097.py", "source_sha256": "40bfb68958667786f85e703d8bf6e71df18a808e693703218d970a96f7d8a80f", "case": {"B": 1, "seq_len": 1024, "kv_heads": 1, "q_heads": 16, "dim": 64, "selected_blocks": 8, "block_size": 16, "causal": 1}, "last_slot": true, "update": 1, "seed": 138, "status": "PASS", "mismatch_count": 0, "nonfinite": 0, "max_abs": 0.03125}
2026-09-09 06:49:19  [TileLang:tilelang.jit.kernel:INFO] (kernel.py:129): TileLang begins to compile kernel `kernel` with `out_idx=None`
2026-09-09 06:49:25  [TileLang:tilelang.jit.kernel:INFO] (kernel.py:137): TileLang completes to compile kernel `kernel`
{"module": "submissions/nsa_v236.py", "source_sha256": "c715a6d500ef5019b997a3edf409861777de189fd8f038cf049c5faf9afc2d7c", "case": {"B": 2, "seq_len": 257, "kv_heads": 1, "q_heads": 16, "dim": 64, "selected_blocks": 1, "block_size": 16, "causal": 1}, "last_slot": false, "update": 0, "seed": 137, "status": "PASS", "mismatch_count": 0, "nonfinite": 0, "max_abs": 0.001953125}
2026-09-09 06:49:25  [TileLang:tilelang.cache.kernel_cache:WARNING] (kernel_cache.py:342): Found kernel 'kernel' in memory cache. For better performance, consider using `@tilelang.jit` instead of direct kernel caching.
{"module": "submissions/nsa097.py", "source_sha256": "40bfb68958667786f85e703d8bf6e71df18a808e693703218d970a96f7d8a80f", "case": {"B": 2, "seq_len": 257, "kv_heads": 1, "q_heads": 16, "dim": 64, "selected_blocks": 1, "block_size": 16, "causal": 1}, "last_slot": false, "update": 0, "seed": 137, "status": "PASS", "mismatch_count": 0, "nonfinite": 0, "max_abs": 0.001953125}
{"module": "submissions/nsa_v236.py", "source_sha256": "c715a6d500ef5019b997a3edf409861777de189fd8f038cf049c5faf9afc2d7c", "case": {"B": 2, "seq_len": 257, "kv_heads": 1, "q_heads": 16, "dim": 64, "selected_blocks": 1, "block_size": 16, "causal": 1}, "last_slot": false, "update": 1, "seed": 138, "status": "PASS", "mismatch_count": 0, "nonfinite": 0, "max_abs": 0.03125}
{"module": "submissions/nsa097.py", "source_sha256": "40bfb68958667786f85e703d8bf6e71df18a808e693703218d970a96f7d8a80f", "case": {"B": 2, "seq_len": 257, "kv_heads": 1, "q_heads": 16, "dim": 64, "selected_blocks": 1, "block_size": 16, "causal": 1}, "last_slot": false, "update": 1, "seed": 138, "status": "PASS", "mismatch_count": 0, "nonfinite": 0, "max_abs": 0.03125}
{"module": "submissions/nsa_v236.py", "source_sha256": "c715a6d500ef5019b997a3edf409861777de189fd8f038cf049c5faf9afc2d7c", "case": {"B": 2, "seq_len": 257, "kv_heads": 1, "q_heads": 16, "dim": 64, "selected_blocks": 1, "block_size": 16, "causal": 1}, "last_slot": true, "update": 0, "seed": 137, "status": "PASS", "mismatch_count": 0, "nonfinite": 0, "max_abs": 0.001953125}
{"module": "submissions/nsa097.py", "source_sha256": "40bfb68958667786f85e703d8bf6e71df18a808e693703218d970a96f7d8a80f", "case": {"B": 2, "seq_len": 257, "kv_heads": 1, "q_heads": 16, "dim": 64, "selected_blocks": 1, "block_size": 16, "causal": 1}, "last_slot": true, "update": 0, "seed": 137, "status": "PASS", "mismatch_count": 0, "nonfinite": 0, "max_abs": 0.001953125}
{"module": "submissions/nsa_v236.py", "source_sha256": "c715a6d500ef5019b997a3edf409861777de189fd8f038cf049c5faf9afc2d7c", "case": {"B": 2, "seq_len": 257, "kv_heads": 1, "q_heads": 16, "dim": 64, "selected_blocks": 1, "block_size": 16, "causal": 1}, "last_slot": true, "update": 1, "seed": 138, "status": "PASS", "mismatch_count": 0, "nonfinite": 0, "max_abs": 0.03125}
{"module": "submissions/nsa097.py", "source_sha256": "40bfb68958667786f85e703d8bf6e71df18a808e693703218d970a96f7d8a80f", "case": {"B": 2, "seq_len": 257, "kv_heads": 1, "q_heads": 16, "dim": 64, "selected_blocks": 1, "block_size": 16, "causal": 1}, "last_slot": true, "update": 1, "seed": 138, "status": "PASS", "mismatch_count": 0, "nonfinite": 0, "max_abs": 0.03125}
