Loading tilelang libs from dev root: /opt/tilelang-metax-v0.1.10/build
2026-09-09 06:37:18  [TileLang:tilelang.cache.kernel_cache:WARNING] (kernel_cache.py:342): Found kernel 'kernel' in memory cache. For better performance, consider using `@tilelang.jit` instead of direct kernel caching.
2026-09-09 06:37:18  [TileLang:tilelang.cache.kernel_cache:WARNING] (kernel_cache.py:342): Found kernel 'kernel' in memory cache. For better performance, consider using `@tilelang.jit` instead of direct kernel caching.
{"case_id": 1, "module": "submissions/nsa_v236.py", "seed": 0, "mode": "public", "median_us": {"cupti": 4.904959999999919}}
{"case_id": 1, "module": "submissions/nsa097.py", "seed": 0, "mode": "public", "median_us": {"cupti": 4.899840000000041}}
2026-09-09 06:37:19  [TileLang:tilelang.cache.kernel_cache:WARNING] (kernel_cache.py:342): Found kernel 'kernel' in memory cache. For better performance, consider using `@tilelang.jit` instead of direct kernel caching.
2026-09-09 06:37:19  [TileLang:tilelang.cache.kernel_cache:WARNING] (kernel_cache.py:342): Found kernel 'kernel' in memory cache. For better performance, consider using `@tilelang.jit` instead of direct kernel caching.
{"case_id": 2, "module": "submissions/nsa_v236.py", "seed": 0, "mode": "public", "median_us": {"cupti": 5.928960000000006}}
{"case_id": 2, "module": "submissions/nsa097.py", "seed": 0, "mode": "public", "median_us": {"cupti": 5.975040000000008}}
2026-09-09 06:37:20  [TileLang:tilelang.cache.kernel_cache:WARNING] (kernel_cache.py:342): Found kernel 'kernel' in memory cache. For better performance, consider using `@tilelang.jit` instead of direct kernel caching.
2026-09-09 06:37:20  [TileLang:tilelang.cache.kernel_cache:WARNING] (kernel_cache.py:342): Found kernel 'kernel' in memory cache. For better performance, consider using `@tilelang.jit` instead of direct kernel caching.
{"case_id": 3, "module": "submissions/nsa_v236.py", "seed": 0, "mode": "public", "median_us": {"cupti": 8.77055999999986}}
{"case_id": 3, "module": "submissions/nsa097.py", "seed": 0, "mode": "public", "median_us": {"cupti": 8.77055999999986}}
2026-09-09 06:37:21  [TileLang:tilelang.cache.kernel_cache:WARNING] (kernel_cache.py:342): Found kernel 'kernel' in memory cache. For better performance, consider using `@tilelang.jit` instead of direct kernel caching.
2026-09-09 06:37:22  [TileLang:tilelang.cache.kernel_cache:WARNING] (kernel_cache.py:342): Found kernel 'kernel' in memory cache. For better performance, consider using `@tilelang.jit` instead of direct kernel caching.
{"case_id": 4, "module": "submissions/nsa_v236.py", "seed": 0, "mode": "public", "median_us": {"cupti": 10.490879999999924}}
{"case_id": 4, "module": "submissions/nsa097.py", "seed": 0, "mode": "public", "median_us": {"cupti": 10.536959999999855}}
2026-09-09 06:37:22  [TileLang:tilelang.cache.kernel_cache:WARNING] (kernel_cache.py:342): Found kernel 'kernel' in memory cache. For better performance, consider using `@tilelang.jit` instead of direct kernel caching.
{"case_id": 5, "module": "submissions/nsa_v236.py", "seed": 0, "mode": "public", "median_us": {"cupti": 25.620480000000025}}
{"case_id": 5, "module": "submissions/nsa097.py", "seed": 0, "mode": "public", "median_us": {"cupti": 25.569279999999925}}
2026-09-09 06:37:24  [TileLang:tilelang.jit.kernel:INFO] (kernel.py:129): TileLang begins to compile kernel `kernel` with `out_idx=None`
2026-09-09 06:37:31  [TileLang:tilelang.jit.kernel:INFO] (kernel.py:137): TileLang completes to compile kernel `kernel`
{"case_id": 6, "module": "submissions/nsa_v236.py", "seed": 0, "mode": "public", "median_us": {"cupti": 85.54495999999978}}
{"case_id": 6, "module": "submissions/nsa097.py", "seed": 0, "mode": "public", "median_us": {"cupti": 81.64351999999995}}
2026-09-09 06:37:32  [TileLang:tilelang.cache.kernel_cache:WARNING] (kernel_cache.py:342): Found kernel 'kernel' in memory cache. For better performance, consider using `@tilelang.jit` instead of direct kernel caching.
2026-09-09 06:37:32  [TileLang:tilelang.cache.kernel_cache:WARNING] (kernel_cache.py:342): Found kernel 'kernel' in memory cache. For better performance, consider using `@tilelang.jit` instead of direct kernel caching.
{"case_id": 7, "module": "submissions/nsa_v236.py", "seed": 0, "mode": "public", "median_us": {"cupti": 24.86271999999997}}
{"case_id": 7, "module": "submissions/nsa097.py", "seed": 0, "mode": "public", "median_us": {"cupti": 24.867840000000108}}
2026-09-09 06:37:33  [TileLang:tilelang.cache.kernel_cache:WARNING] (kernel_cache.py:342): Found kernel 'kernel' in memory cache. For better performance, consider using `@tilelang.jit` instead of direct kernel caching.
{"case_id": 8, "module": "submissions/nsa_v236.py", "seed": 0, "mode": "public", "median_us": {"cupti": 40.673279999999835}}
{"case_id": 8, "module": "submissions/nsa097.py", "seed": 0, "mode": "public", "median_us": {"cupti": 40.70912000000026}}
2026-09-09 06:37:34  [TileLang:tilelang.cache.kernel_cache:WARNING] (kernel_cache.py:342): Found kernel 'kernel' in memory cache. For better performance, consider using `@tilelang.jit` instead of direct kernel caching.
2026-09-09 06:37:34  [TileLang:tilelang.cache.kernel_cache:WARNING] (kernel_cache.py:342): Found kernel 'kernel' in memory cache. For better performance, consider using `@tilelang.jit` instead of direct kernel caching.
{"case_id": 9, "module": "submissions/nsa_v236.py", "seed": 0, "mode": "public", "median_us": {"cupti": 41.000959999999985}}
{"case_id": 9, "module": "submissions/nsa097.py", "seed": 0, "mode": "public", "median_us": {"cupti": 40.980479999999915}}
2026-09-09 06:37:35  [TileLang:tilelang.cache.kernel_cache:WARNING] (kernel_cache.py:342): Found kernel 'gather_kernel' in memory cache. For better performance, consider using `@tilelang.jit` instead of direct kernel caching.
2026-09-09 06:37:35  [TileLang:tilelang.cache.kernel_cache:WARNING] (kernel_cache.py:342): Found kernel 'gather_kernel' in memory cache. For better performance, consider using `@tilelang.jit` instead of direct kernel caching.
{"case_id": 10, "module": "submissions/nsa_v236.py", "seed": 0, "mode": "public", "median_us": {"cupti": 7.418880000000063}}
{"case_id": 10, "module": "submissions/nsa097.py", "seed": 0, "mode": "public", "median_us": {"cupti": 7.40351999999988}}
2026-09-09 06:37:36  [TileLang:tilelang.cache.kernel_cache:WARNING] (kernel_cache.py:342): Found kernel 'gather_kernel' in memory cache. For better performance, consider using `@tilelang.jit` instead of direct kernel caching.
2026-09-09 06:37:36  [TileLang:tilelang.cache.kernel_cache:WARNING] (kernel_cache.py:342): Found kernel 'gather_kernel' in memory cache. For better performance, consider using `@tilelang.jit` instead of direct kernel caching.
{"case_id": 11, "module": "submissions/nsa_v236.py", "seed": 0, "mode": "public", "median_us": {"cupti": 19.34847999999998}}
{"case_id": 11, "module": "submissions/nsa097.py", "seed": 0, "mode": "public", "median_us": {"cupti": 19.35872000000003}}
{"case_id": 12, "module": "submissions/nsa_v236.py", "seed": 0, "mode": "public", "median_us": {"cupti": 67.9936}}
{"case_id": 12, "module": "submissions/nsa097.py", "seed": 0, "mode": "public", "median_us": {"cupti": 62.69440000000027}}
2026-09-09 06:37:39  [TileLang:tilelang.cache.kernel_cache:WARNING] (kernel_cache.py:342): Found kernel 'kernel' in memory cache. For better performance, consider using `@tilelang.jit` instead of direct kernel caching.
2026-09-09 06:37:39  [TileLang:tilelang.cache.kernel_cache:WARNING] (kernel_cache.py:342): Found kernel 'kernel' in memory cache. For better performance, consider using `@tilelang.jit` instead of direct kernel caching.
{"case_id": 13, "module": "submissions/nsa_v236.py", "seed": 0, "mode": "public", "median_us": {"cupti": 8.00768}}
{"case_id": 13, "module": "submissions/nsa097.py", "seed": 0, "mode": "public", "median_us": {"cupti": 7.9462400000000715}}
2026-09-09 06:37:40  [TileLang:tilelang.cache.kernel_cache:WARNING] (kernel_cache.py:342): Found kernel 'kernel' in memory cache. For better performance, consider using `@tilelang.jit` instead of direct kernel caching.
2026-09-09 06:37:40  [TileLang:tilelang.cache.kernel_cache:WARNING] (kernel_cache.py:342): Found kernel 'kernel' in memory cache. For better performance, consider using `@tilelang.jit` instead of direct kernel caching.
{"case_id": 14, "module": "submissions/nsa_v236.py", "seed": 0, "mode": "public", "median_us": {"cupti": 16.327679999999965}}
{"case_id": 14, "module": "submissions/nsa097.py", "seed": 0, "mode": "public", "median_us": {"cupti": 16.29184000000001}}
Loading tilelang libs from dev root: /opt/tilelang-metax-v0.1.10/build
{"case_id": 6, "module": "submissions/nsa097.py", "seed": 137, "mode": "current", "median_us": {"cupti": 81.47455999999994}}
{"case_id": 12, "module": "submissions/nsa097.py", "seed": 137, "mode": "current", "median_us": {"cupti": 63.88736000000023}}
