Loading tilelang libs from dev root: /opt/tilelang-metax-v0.1.10/build
submissions/nsa103.py 10 EXPORTED
submissions/nsa103.py 11 EXPORTED
submissions/nsa104.py 10 EXPORTED
submissions/nsa104.py 11 EXPORTED
submissions/nsa105.py 10 EXPORTED
submissions/nsa105.py 11 EXPORTED
Loading tilelang libs from dev root: /opt/tilelang-metax-v0.1.10/build
2026-09-09 07:27:01  [TileLang:tilelang.cache.kernel_cache:WARNING] (kernel_cache.py:342): Found kernel 'gather_kernel' in memory cache. For better performance, consider using `@tilelang.jit` instead of direct kernel caching.
{"case_id": 10, "module": "submissions/nsa105.py", "seed": 137, "mode": "public", "median_us": {"cupti": 7.224319999999934}}
{"case_id": 10, "module": "submissions/nsa104.py", "seed": 137, "mode": "public", "median_us": {"cupti": 7.050240000000303}}
{"case_id": 10, "module": "submissions/nsa103.py", "seed": 137, "mode": "public", "median_us": {"cupti": 7.270399999999936}}
{"case_id": 10, "module": "submissions/nsa105.py", "seed": 137, "mode": "current", "median_us": {"cupti": 7.229440000000104}}
{"case_id": 10, "module": "submissions/nsa104.py", "seed": 137, "mode": "current", "median_us": {"cupti": 7.060479999999952}}
{"case_id": 10, "module": "submissions/nsa103.py", "seed": 137, "mode": "current", "median_us": {"cupti": 7.249920000000056}}
2026-09-09 07:27:06  [TileLang:tilelang.cache.kernel_cache:WARNING] (kernel_cache.py:342): Found kernel 'gather_kernel' in memory cache. For better performance, consider using `@tilelang.jit` instead of direct kernel caching.
{"case_id": 11, "module": "submissions/nsa105.py", "seed": 137, "mode": "public", "median_us": {"cupti": 18.99520000000008}}
{"case_id": 11, "module": "submissions/nsa104.py", "seed": 137, "mode": "public", "median_us": {"cupti": 19.205119999999916}}
{"case_id": 11, "module": "submissions/nsa103.py", "seed": 137, "mode": "public", "median_us": {"cupti": 19.199999999999964}}
{"case_id": 11, "module": "submissions/nsa105.py", "seed": 137, "mode": "current", "median_us": {"cupti": 19.092479999999995}}
{"case_id": 11, "module": "submissions/nsa104.py", "seed": 137, "mode": "current", "median_us": {"cupti": 19.358719999999884}}
{"case_id": 11, "module": "submissions/nsa103.py", "seed": 137, "mode": "current", "median_us": {"cupti": 19.31775999999998}}
