Loading tilelang libs from dev root: /opt/tilelang-metax-v0.1.10/build
2026-09-09 07:12:40  [TileLang:tilelang.jit.kernel:INFO] (kernel.py:129): TileLang begins to compile kernel `kernel` with `out_idx=None`
2026-09-09 07:12:46  [TileLang:tilelang.jit.kernel:INFO] (kernel.py:137): TileLang completes to compile kernel `kernel`
{"module": "submissions/nsa097.py", "source_sha256": "40bfb68958667786f85e703d8bf6e71df18a808e693703218d970a96f7d8a80f", "case": {"B": 1, "seq_len": 64, "kv_heads": 2, "q_heads": 32, "dim": 64, "selected_blocks": 1, "block_size": 16, "causal": 1}, "update": 0, "seed": 509, "scalar_gate_expected": true, "status": "PASS", "mismatch_count": 0, "nonfinite": 0, "max_abs": 0.001953125}
2026-09-09 07:12:46  [TileLang:tilelang.jit.kernel:INFO] (kernel.py:129): TileLang begins to compile kernel `kernel` with `out_idx=None`
2026-09-09 07:12:52  [TileLang:tilelang.jit.kernel:INFO] (kernel.py:137): TileLang completes to compile kernel `kernel`
{"module": "submissions/nsa103.py", "source_sha256": "6115cd1595aaa26f518e362810ab50771ade4812b0b35fb8d81444d471f5795a", "case": {"B": 1, "seq_len": 64, "kv_heads": 2, "q_heads": 32, "dim": 64, "selected_blocks": 1, "block_size": 16, "causal": 1}, "update": 0, "seed": 509, "scalar_gate_expected": true, "status": "PASS", "mismatch_count": 0, "nonfinite": 0, "max_abs": 0.001953125}
{"module": "submissions/nsa097.py", "source_sha256": "40bfb68958667786f85e703d8bf6e71df18a808e693703218d970a96f7d8a80f", "case": {"B": 1, "seq_len": 64, "kv_heads": 2, "q_heads": 32, "dim": 64, "selected_blocks": 1, "block_size": 16, "causal": 1}, "update": 1, "seed": 510, "scalar_gate_expected": true, "status": "PASS", "mismatch_count": 0, "nonfinite": 0, "max_abs": 0.03125}
{"module": "submissions/nsa103.py", "source_sha256": "6115cd1595aaa26f518e362810ab50771ade4812b0b35fb8d81444d471f5795a", "case": {"B": 1, "seq_len": 64, "kv_heads": 2, "q_heads": 32, "dim": 64, "selected_blocks": 1, "block_size": 16, "causal": 1}, "update": 1, "seed": 510, "scalar_gate_expected": true, "status": "PASS", "mismatch_count": 0, "nonfinite": 0, "max_abs": 0.03125}
2026-09-09 07:12:53  [TileLang:tilelang.jit.kernel:INFO] (kernel.py:129): TileLang begins to compile kernel `kernel` with `out_idx=None`
2026-09-09 07:12:59  [TileLang:tilelang.jit.kernel:INFO] (kernel.py:137): TileLang completes to compile kernel `kernel`
{"module": "submissions/nsa097.py", "source_sha256": "40bfb68958667786f85e703d8bf6e71df18a808e693703218d970a96f7d8a80f", "case": {"B": 1, "seq_len": 128, "kv_heads": 2, "q_heads": 32, "dim": 64, "selected_blocks": 1, "block_size": 16, "causal": 1}, "update": 0, "seed": 509, "scalar_gate_expected": true, "status": "PASS", "mismatch_count": 0, "nonfinite": 0, "max_abs": 0.001953125}
2026-09-09 07:12:59  [TileLang:tilelang.jit.kernel:INFO] (kernel.py:129): TileLang begins to compile kernel `kernel` with `out_idx=None`
2026-09-09 07:13:05  [TileLang:tilelang.jit.kernel:INFO] (kernel.py:137): TileLang completes to compile kernel `kernel`
{"module": "submissions/nsa103.py", "source_sha256": "6115cd1595aaa26f518e362810ab50771ade4812b0b35fb8d81444d471f5795a", "case": {"B": 1, "seq_len": 128, "kv_heads": 2, "q_heads": 32, "dim": 64, "selected_blocks": 1, "block_size": 16, "causal": 1}, "update": 0, "seed": 509, "scalar_gate_expected": true, "status": "PASS", "mismatch_count": 0, "nonfinite": 0, "max_abs": 0.001953125}
{"module": "submissions/nsa097.py", "source_sha256": "40bfb68958667786f85e703d8bf6e71df18a808e693703218d970a96f7d8a80f", "case": {"B": 1, "seq_len": 128, "kv_heads": 2, "q_heads": 32, "dim": 64, "selected_blocks": 1, "block_size": 16, "causal": 1}, "update": 1, "seed": 510, "scalar_gate_expected": true, "status": "PASS", "mismatch_count": 0, "nonfinite": 0, "max_abs": 0.03125}
{"module": "submissions/nsa103.py", "source_sha256": "6115cd1595aaa26f518e362810ab50771ade4812b0b35fb8d81444d471f5795a", "case": {"B": 1, "seq_len": 128, "kv_heads": 2, "q_heads": 32, "dim": 64, "selected_blocks": 1, "block_size": 16, "causal": 1}, "update": 1, "seed": 510, "scalar_gate_expected": true, "status": "PASS", "mismatch_count": 0, "nonfinite": 0, "max_abs": 0.03125}
{"module": "submissions/nsa097.py", "source_sha256": "40bfb68958667786f85e703d8bf6e71df18a808e693703218d970a96f7d8a80f", "case": {"B": 1, "seq_len": 256, "kv_heads": 2, "q_heads": 32, "dim": 64, "selected_blocks": 1, "block_size": 16, "causal": 1}, "update": 0, "seed": 509, "scalar_gate_expected": true, "status": "PASS", "mismatch_count": 0, "nonfinite": 0, "max_abs": 0.001953125}
{"module": "submissions/nsa103.py", "source_sha256": "6115cd1595aaa26f518e362810ab50771ade4812b0b35fb8d81444d471f5795a", "case": {"B": 1, "seq_len": 256, "kv_heads": 2, "q_heads": 32, "dim": 64, "selected_blocks": 1, "block_size": 16, "causal": 1}, "update": 0, "seed": 509, "scalar_gate_expected": true, "status": "PASS", "mismatch_count": 0, "nonfinite": 0, "max_abs": 0.001953125}
{"module": "submissions/nsa097.py", "source_sha256": "40bfb68958667786f85e703d8bf6e71df18a808e693703218d970a96f7d8a80f", "case": {"B": 1, "seq_len": 256, "kv_heads": 2, "q_heads": 32, "dim": 64, "selected_blocks": 1, "block_size": 16, "causal": 1}, "update": 1, "seed": 510, "scalar_gate_expected": true, "status": "PASS", "mismatch_count": 0, "nonfinite": 0, "max_abs": 0.03125}
{"module": "submissions/nsa103.py", "source_sha256": "6115cd1595aaa26f518e362810ab50771ade4812b0b35fb8d81444d471f5795a", "case": {"B": 1, "seq_len": 256, "kv_heads": 2, "q_heads": 32, "dim": 64, "selected_blocks": 1, "block_size": 16, "causal": 1}, "update": 1, "seed": 510, "scalar_gate_expected": true, "status": "PASS", "mismatch_count": 0, "nonfinite": 0, "max_abs": 0.03125}
2026-09-09 07:13:06  [TileLang:tilelang.jit.kernel:INFO] (kernel.py:129): TileLang begins to compile kernel `kernel` with `out_idx=None`
2026-09-09 07:13:12  [TileLang:tilelang.jit.kernel:INFO] (kernel.py:137): TileLang completes to compile kernel `kernel`
{"module": "submissions/nsa097.py", "source_sha256": "40bfb68958667786f85e703d8bf6e71df18a808e693703218d970a96f7d8a80f", "case": {"B": 1, "seq_len": 257, "kv_heads": 2, "q_heads": 32, "dim": 64, "selected_blocks": 1, "block_size": 16, "causal": 1}, "update": 0, "seed": 509, "scalar_gate_expected": true, "status": "PASS", "mismatch_count": 0, "nonfinite": 0, "max_abs": 0.001953125}
2026-09-09 07:13:12  [TileLang:tilelang.jit.kernel:INFO] (kernel.py:129): TileLang begins to compile kernel `kernel` with `out_idx=None`
2026-09-09 07:13:19  [TileLang:tilelang.jit.kernel:INFO] (kernel.py:137): TileLang completes to compile kernel `kernel`
{"module": "submissions/nsa103.py", "source_sha256": "6115cd1595aaa26f518e362810ab50771ade4812b0b35fb8d81444d471f5795a", "case": {"B": 1, "seq_len": 257, "kv_heads": 2, "q_heads": 32, "dim": 64, "selected_blocks": 1, "block_size": 16, "causal": 1}, "update": 0, "seed": 509, "scalar_gate_expected": true, "status": "PASS", "mismatch_count": 0, "nonfinite": 0, "max_abs": 0.001953125}
{"module": "submissions/nsa097.py", "source_sha256": "40bfb68958667786f85e703d8bf6e71df18a808e693703218d970a96f7d8a80f", "case": {"B": 1, "seq_len": 257, "kv_heads": 2, "q_heads": 32, "dim": 64, "selected_blocks": 1, "block_size": 16, "causal": 1}, "update": 1, "seed": 510, "scalar_gate_expected": true, "status": "PASS", "mismatch_count": 0, "nonfinite": 0, "max_abs": 0.03125}
{"module": "submissions/nsa103.py", "source_sha256": "6115cd1595aaa26f518e362810ab50771ade4812b0b35fb8d81444d471f5795a", "case": {"B": 1, "seq_len": 257, "kv_heads": 2, "q_heads": 32, "dim": 64, "selected_blocks": 1, "block_size": 16, "causal": 1}, "update": 1, "seed": 510, "scalar_gate_expected": true, "status": "PASS", "mismatch_count": 0, "nonfinite": 0, "max_abs": 0.03125}
2026-09-09 07:13:19  [TileLang:tilelang.jit.kernel:INFO] (kernel.py:129): TileLang begins to compile kernel `kernel` with `out_idx=None`
2026-09-09 07:13:25  [TileLang:tilelang.jit.kernel:INFO] (kernel.py:137): TileLang completes to compile kernel `kernel`
{"module": "submissions/nsa097.py", "source_sha256": "40bfb68958667786f85e703d8bf6e71df18a808e693703218d970a96f7d8a80f", "case": {"B": 1, "seq_len": 512, "kv_heads": 2, "q_heads": 32, "dim": 64, "selected_blocks": 1, "block_size": 16, "causal": 1}, "update": 0, "seed": 509, "scalar_gate_expected": true, "status": "PASS", "mismatch_count": 0, "nonfinite": 0, "max_abs": 0.001953125}
2026-09-09 07:13:25  [TileLang:tilelang.jit.kernel:INFO] (kernel.py:129): TileLang begins to compile kernel `kernel` with `out_idx=None`
2026-09-09 07:13:31  [TileLang:tilelang.jit.kernel:INFO] (kernel.py:137): TileLang completes to compile kernel `kernel`
{"module": "submissions/nsa103.py", "source_sha256": "6115cd1595aaa26f518e362810ab50771ade4812b0b35fb8d81444d471f5795a", "case": {"B": 1, "seq_len": 512, "kv_heads": 2, "q_heads": 32, "dim": 64, "selected_blocks": 1, "block_size": 16, "causal": 1}, "update": 0, "seed": 509, "scalar_gate_expected": true, "status": "PASS", "mismatch_count": 0, "nonfinite": 0, "max_abs": 0.001953125}
{"module": "submissions/nsa097.py", "source_sha256": "40bfb68958667786f85e703d8bf6e71df18a808e693703218d970a96f7d8a80f", "case": {"B": 1, "seq_len": 512, "kv_heads": 2, "q_heads": 32, "dim": 64, "selected_blocks": 1, "block_size": 16, "causal": 1}, "update": 1, "seed": 510, "scalar_gate_expected": true, "status": "PASS", "mismatch_count": 0, "nonfinite": 0, "max_abs": 0.03125}
{"module": "submissions/nsa103.py", "source_sha256": "6115cd1595aaa26f518e362810ab50771ade4812b0b35fb8d81444d471f5795a", "case": {"B": 1, "seq_len": 512, "kv_heads": 2, "q_heads": 32, "dim": 64, "selected_blocks": 1, "block_size": 16, "causal": 1}, "update": 1, "seed": 510, "scalar_gate_expected": true, "status": "PASS", "mismatch_count": 0, "nonfinite": 0, "max_abs": 0.03125}
2026-09-09 07:13:32  [TileLang:tilelang.jit.kernel:INFO] (kernel.py:129): TileLang begins to compile kernel `kernel` with `out_idx=None`
2026-09-09 07:13:38  [TileLang:tilelang.jit.kernel:INFO] (kernel.py:137): TileLang completes to compile kernel `kernel`
{"module": "submissions/nsa097.py", "source_sha256": "40bfb68958667786f85e703d8bf6e71df18a808e693703218d970a96f7d8a80f", "case": {"B": 1, "seq_len": 513, "kv_heads": 2, "q_heads": 32, "dim": 64, "selected_blocks": 1, "block_size": 16, "causal": 1}, "update": 0, "seed": 509, "scalar_gate_expected": false, "status": "PASS", "mismatch_count": 0, "nonfinite": 0, "max_abs": 0.001953125}
2026-09-09 07:13:38  [TileLang:tilelang.cache.kernel_cache:WARNING] (kernel_cache.py:342): Found kernel 'kernel' in memory cache. For better performance, consider using `@tilelang.jit` instead of direct kernel caching.
{"module": "submissions/nsa103.py", "source_sha256": "6115cd1595aaa26f518e362810ab50771ade4812b0b35fb8d81444d471f5795a", "case": {"B": 1, "seq_len": 513, "kv_heads": 2, "q_heads": 32, "dim": 64, "selected_blocks": 1, "block_size": 16, "causal": 1}, "update": 0, "seed": 509, "scalar_gate_expected": false, "status": "PASS", "mismatch_count": 0, "nonfinite": 0, "max_abs": 0.001953125}
{"module": "submissions/nsa097.py", "source_sha256": "40bfb68958667786f85e703d8bf6e71df18a808e693703218d970a96f7d8a80f", "case": {"B": 1, "seq_len": 513, "kv_heads": 2, "q_heads": 32, "dim": 64, "selected_blocks": 1, "block_size": 16, "causal": 1}, "update": 1, "seed": 510, "scalar_gate_expected": false, "status": "PASS", "mismatch_count": 0, "nonfinite": 0, "max_abs": 0.03125}
{"module": "submissions/nsa103.py", "source_sha256": "6115cd1595aaa26f518e362810ab50771ade4812b0b35fb8d81444d471f5795a", "case": {"B": 1, "seq_len": 513, "kv_heads": 2, "q_heads": 32, "dim": 64, "selected_blocks": 1, "block_size": 16, "causal": 1}, "update": 1, "seed": 510, "scalar_gate_expected": false, "status": "PASS", "mismatch_count": 0, "nonfinite": 0, "max_abs": 0.03125}
2026-09-09 07:13:38  [TileLang:tilelang.jit.kernel:INFO] (kernel.py:129): TileLang begins to compile kernel `kernel` with `out_idx=None`
2026-09-09 07:13:45  [TileLang:tilelang.jit.kernel:INFO] (kernel.py:137): TileLang completes to compile kernel `kernel`
{"module": "submissions/nsa097.py", "source_sha256": "40bfb68958667786f85e703d8bf6e71df18a808e693703218d970a96f7d8a80f", "case": {"B": 2, "seq_len": 256, "kv_heads": 2, "q_heads": 32, "dim": 64, "selected_blocks": 1, "block_size": 16, "causal": 1}, "update": 0, "seed": 509, "scalar_gate_expected": true, "status": "PASS", "mismatch_count": 0, "nonfinite": 0, "max_abs": 0.001953125}
2026-09-09 07:13:45  [TileLang:tilelang.jit.kernel:INFO] (kernel.py:129): TileLang begins to compile kernel `kernel` with `out_idx=None`
2026-09-09 07:13:51  [TileLang:tilelang.jit.kernel:INFO] (kernel.py:137): TileLang completes to compile kernel `kernel`
{"module": "submissions/nsa103.py", "source_sha256": "6115cd1595aaa26f518e362810ab50771ade4812b0b35fb8d81444d471f5795a", "case": {"B": 2, "seq_len": 256, "kv_heads": 2, "q_heads": 32, "dim": 64, "selected_blocks": 1, "block_size": 16, "causal": 1}, "update": 0, "seed": 509, "scalar_gate_expected": true, "status": "PASS", "mismatch_count": 0, "nonfinite": 0, "max_abs": 0.001953125}
{"module": "submissions/nsa097.py", "source_sha256": "40bfb68958667786f85e703d8bf6e71df18a808e693703218d970a96f7d8a80f", "case": {"B": 2, "seq_len": 256, "kv_heads": 2, "q_heads": 32, "dim": 64, "selected_blocks": 1, "block_size": 16, "causal": 1}, "update": 1, "seed": 510, "scalar_gate_expected": true, "status": "PASS", "mismatch_count": 0, "nonfinite": 0, "max_abs": 0.03125}
{"module": "submissions/nsa103.py", "source_sha256": "6115cd1595aaa26f518e362810ab50771ade4812b0b35fb8d81444d471f5795a", "case": {"B": 2, "seq_len": 256, "kv_heads": 2, "q_heads": 32, "dim": 64, "selected_blocks": 1, "block_size": 16, "causal": 1}, "update": 1, "seed": 510, "scalar_gate_expected": true, "status": "PASS", "mismatch_count": 0, "nonfinite": 0, "max_abs": 0.03125}
2026-09-09 07:13:51  [TileLang:tilelang.jit.kernel:INFO] (kernel.py:129): TileLang begins to compile kernel `kernel` with `out_idx=None`
2026-09-09 07:13:58  [TileLang:tilelang.jit.kernel:INFO] (kernel.py:137): TileLang completes to compile kernel `kernel`
{"module": "submissions/nsa097.py", "source_sha256": "40bfb68958667786f85e703d8bf6e71df18a808e693703218d970a96f7d8a80f", "case": {"B": 2, "seq_len": 257, "kv_heads": 2, "q_heads": 32, "dim": 64, "selected_blocks": 1, "block_size": 16, "causal": 1}, "update": 0, "seed": 509, "scalar_gate_expected": false, "status": "PASS", "mismatch_count": 0, "nonfinite": 0, "max_abs": 0.001953125}
2026-09-09 07:13:58  [TileLang:tilelang.cache.kernel_cache:WARNING] (kernel_cache.py:342): Found kernel 'kernel' in memory cache. For better performance, consider using `@tilelang.jit` instead of direct kernel caching.
{"module": "submissions/nsa103.py", "source_sha256": "6115cd1595aaa26f518e362810ab50771ade4812b0b35fb8d81444d471f5795a", "case": {"B": 2, "seq_len": 257, "kv_heads": 2, "q_heads": 32, "dim": 64, "selected_blocks": 1, "block_size": 16, "causal": 1}, "update": 0, "seed": 509, "scalar_gate_expected": false, "status": "PASS", "mismatch_count": 0, "nonfinite": 0, "max_abs": 0.001953125}
{"module": "submissions/nsa097.py", "source_sha256": "40bfb68958667786f85e703d8bf6e71df18a808e693703218d970a96f7d8a80f", "case": {"B": 2, "seq_len": 257, "kv_heads": 2, "q_heads": 32, "dim": 64, "selected_blocks": 1, "block_size": 16, "causal": 1}, "update": 1, "seed": 510, "scalar_gate_expected": false, "status": "PASS", "mismatch_count": 0, "nonfinite": 0, "max_abs": 0.03125}
{"module": "submissions/nsa103.py", "source_sha256": "6115cd1595aaa26f518e362810ab50771ade4812b0b35fb8d81444d471f5795a", "case": {"B": 2, "seq_len": 257, "kv_heads": 2, "q_heads": 32, "dim": 64, "selected_blocks": 1, "block_size": 16, "causal": 1}, "update": 1, "seed": 510, "scalar_gate_expected": false, "status": "PASS", "mismatch_count": 0, "nonfinite": 0, "max_abs": 0.03125}
Loading tilelang libs from dev root: /opt/tilelang-metax-v0.1.10/build
submissions/nsa102.py 8 EXPORTED
Loading tilelang libs from dev root: /opt/tilelang-metax-v0.1.10/build
submissions/nsa097.py 13 EXPORTED
submissions/nsa103.py 13 EXPORTED
