{"reduce_header": "/opt/tilelang-metax-v0.1.10/src/tl_templates/maca/reduce.h", "sha256": "ca5b49087fed84da9cd290ddf8d57578bce3f3bb20a89b61d0fd0739e3d5809f"}
{"stage": "begin", "script": "calibrate_oj_protocol.py"}
Loading tilelang libs from dev root: /opt/tilelang-metax-v0.1.10/build
2026-09-09 13:46:26  [TileLang:tilelang.cache.kernel_cache:WARNING] (kernel_cache.py:342): Found kernel 'gather_kernel' in memory cache. For better performance, consider using `@tilelang.jit` instead of direct kernel caching.
{"case_id": 11, "module": "submissions/nsa128.py", "seed": 541, "mode": "public", "median_us": {"cupti": 19.834880000000048}}
{"case_id": 11, "module": "submissions/nsa134.py", "seed": 541, "mode": "public", "median_us": {"cupti": 18.854400000000147}}
{"case_id": 11, "module": "submissions/nsa128.py", "seed": 541, "mode": "current", "median_us": {"cupti": 19.985919999999858}}
{"case_id": 11, "module": "submissions/nsa134.py", "seed": 541, "mode": "current", "median_us": {"cupti": 19.031040000000083}}
{"case_id": 11, "module": "submissions/nsa128.py", "seed": 547, "mode": "public", "median_us": {"cupti": 19.998720000000013}}
{"case_id": 11, "module": "submissions/nsa134.py", "seed": 547, "mode": "public", "median_us": {"cupti": 19.1257599999999}}
{"case_id": 11, "module": "submissions/nsa128.py", "seed": 547, "mode": "current", "median_us": {"cupti": 20.06783999999994}}
{"case_id": 11, "module": "submissions/nsa134.py", "seed": 547, "mode": "current", "median_us": {"cupti": 19.223039999999983}}
{"case_id": 11, "module": "submissions/nsa128.py", "seed": 559, "mode": "public", "median_us": {"cupti": 20.221440000000005}}
{"case_id": 11, "module": "submissions/nsa134.py", "seed": 559, "mode": "public", "median_us": {"cupti": 19.271679999999982}}
{"case_id": 11, "module": "submissions/nsa128.py", "seed": 559, "mode": "current", "median_us": {"cupti": 19.98335999999992}}
{"case_id": 11, "module": "submissions/nsa134.py", "seed": 559, "mode": "current", "median_us": {"cupti": 19.100159999999978}}
{"stage": "complete", "script": "calibrate_oj_protocol.py"}
{"stage": "begin", "script": "stress_nsa134_s4_sync.py"}
2026-09-09 13:46:35  [TileLang:tilelang.cache.kernel_cache:WARNING] (kernel_cache.py:342): Found kernel 'gather_kernel' in memory cache. For better performance, consider using `@tilelang.jit` instead of direct kernel caching.
{"module": "submissions/nsa128.py", "source_sha256": "309e71c21ea3190d38b2ba9ef82cc295bb61b66bebf4aa332c6f757ba83db57a", "case": {"B": 2, "seq_len": 512, "kv_heads": 1, "q_heads": 16, "dim": 64, "selected_blocks": 4, "block_size": 16, "causal": 1}, "seed": 751, "update": 0, "index_dtype": "torch.int32", "nonfinite": 0, "mismatch_count": 0, "max_abs": 0.001953125, "status": "PASS"}
2026-09-09 13:46:35  [TileLang:tilelang.cache.kernel_cache:WARNING] (kernel_cache.py:342): Found kernel 'gather_kernel' in memory cache. For better performance, consider using `@tilelang.jit` instead of direct kernel caching.
{"module": "submissions/nsa134.py", "source_sha256": "e4f7025dfecd6edb626d6acd3f5d46937afe02b38f49f62cdbaa6730c157fce7", "case": {"B": 2, "seq_len": 512, "kv_heads": 1, "q_heads": 16, "dim": 64, "selected_blocks": 4, "block_size": 16, "causal": 1}, "seed": 751, "update": 0, "index_dtype": "torch.int32", "nonfinite": 0, "mismatch_count": 0, "max_abs": 0.001953125, "status": "PASS"}
{"module": "submissions/nsa128.py", "source_sha256": "309e71c21ea3190d38b2ba9ef82cc295bb61b66bebf4aa332c6f757ba83db57a", "case": {"B": 2, "seq_len": 512, "kv_heads": 1, "q_heads": 16, "dim": 64, "selected_blocks": 4, "block_size": 16, "causal": 1}, "seed": 752, "update": 1, "index_dtype": "torch.int32", "nonfinite": 0, "mismatch_count": 0, "max_abs": 0.03125, "status": "PASS"}
{"module": "submissions/nsa134.py", "source_sha256": "e4f7025dfecd6edb626d6acd3f5d46937afe02b38f49f62cdbaa6730c157fce7", "case": {"B": 2, "seq_len": 512, "kv_heads": 1, "q_heads": 16, "dim": 64, "selected_blocks": 4, "block_size": 16, "causal": 1}, "seed": 752, "update": 1, "index_dtype": "torch.int32", "nonfinite": 0, "mismatch_count": 0, "max_abs": 0.03125, "status": "PASS"}
{"module": "submissions/nsa128.py", "source_sha256": "309e71c21ea3190d38b2ba9ef82cc295bb61b66bebf4aa332c6f757ba83db57a", "case": {"B": 2, "seq_len": 512, "kv_heads": 1, "q_heads": 16, "dim": 64, "selected_blocks": 4, "block_size": 16, "causal": 1}, "seed": 753, "update": 2, "index_dtype": "torch.int32", "nonfinite": 0, "mismatch_count": 0, "max_abs": 7.62939453125e-06, "status": "PASS"}
{"module": "submissions/nsa134.py", "source_sha256": "e4f7025dfecd6edb626d6acd3f5d46937afe02b38f49f62cdbaa6730c157fce7", "case": {"B": 2, "seq_len": 512, "kv_heads": 1, "q_heads": 16, "dim": 64, "selected_blocks": 4, "block_size": 16, "causal": 1}, "seed": 753, "update": 2, "index_dtype": "torch.int32", "nonfinite": 0, "mismatch_count": 0, "max_abs": 7.62939453125e-06, "status": "PASS"}
{"module": "submissions/nsa128.py", "source_sha256": "309e71c21ea3190d38b2ba9ef82cc295bb61b66bebf4aa332c6f757ba83db57a", "case": {"B": 1, "seq_len": 512, "kv_heads": 2, "q_heads": 32, "dim": 64, "selected_blocks": 4, "block_size": 16, "causal": 1}, "seed": 751, "update": 0, "index_dtype": "torch.int32", "nonfinite": 0, "mismatch_count": 0, "max_abs": 0.001953125, "status": "PASS"}
2026-09-09 13:46:36  [TileLang:tilelang.jit.kernel:INFO] (kernel.py:129): TileLang begins to compile kernel `gather_kernel` with `out_idx=None`
2026-09-09 13:46:42  [TileLang:tilelang.jit.kernel:INFO] (kernel.py:137): TileLang completes to compile kernel `gather_kernel`
{"module": "submissions/nsa134.py", "source_sha256": "e4f7025dfecd6edb626d6acd3f5d46937afe02b38f49f62cdbaa6730c157fce7", "case": {"B": 1, "seq_len": 512, "kv_heads": 2, "q_heads": 32, "dim": 64, "selected_blocks": 4, "block_size": 16, "causal": 1}, "seed": 751, "update": 0, "index_dtype": "torch.int32", "nonfinite": 0, "mismatch_count": 0, "max_abs": 0.001953125, "status": "PASS"}
{"module": "submissions/nsa128.py", "source_sha256": "309e71c21ea3190d38b2ba9ef82cc295bb61b66bebf4aa332c6f757ba83db57a", "case": {"B": 1, "seq_len": 512, "kv_heads": 2, "q_heads": 32, "dim": 64, "selected_blocks": 4, "block_size": 16, "causal": 1}, "seed": 752, "update": 1, "index_dtype": "torch.int32", "nonfinite": 0, "mismatch_count": 0, "max_abs": 0.0625, "status": "PASS"}
{"module": "submissions/nsa134.py", "source_sha256": "e4f7025dfecd6edb626d6acd3f5d46937afe02b38f49f62cdbaa6730c157fce7", "case": {"B": 1, "seq_len": 512, "kv_heads": 2, "q_heads": 32, "dim": 64, "selected_blocks": 4, "block_size": 16, "causal": 1}, "seed": 752, "update": 1, "index_dtype": "torch.int32", "nonfinite": 0, "mismatch_count": 0, "max_abs": 0.0625, "status": "PASS"}
{"module": "submissions/nsa128.py", "source_sha256": "309e71c21ea3190d38b2ba9ef82cc295bb61b66bebf4aa332c6f757ba83db57a", "case": {"B": 1, "seq_len": 512, "kv_heads": 2, "q_heads": 32, "dim": 64, "selected_blocks": 4, "block_size": 16, "causal": 1}, "seed": 753, "update": 2, "index_dtype": "torch.int32", "nonfinite": 0, "mismatch_count": 0, "max_abs": 7.62939453125e-06, "status": "PASS"}
{"module": "submissions/nsa134.py", "source_sha256": "e4f7025dfecd6edb626d6acd3f5d46937afe02b38f49f62cdbaa6730c157fce7", "case": {"B": 1, "seq_len": 512, "kv_heads": 2, "q_heads": 32, "dim": 64, "selected_blocks": 4, "block_size": 16, "causal": 1}, "seed": 753, "update": 2, "index_dtype": "torch.int32", "nonfinite": 0, "mismatch_count": 0, "max_abs": 7.62939453125e-06, "status": "PASS"}
2026-09-09 13:46:42  [TileLang:tilelang.jit.kernel:INFO] (kernel.py:129): TileLang begins to compile kernel `gather_kernel` with `out_idx=None`
2026-09-09 13:46:48  [TileLang:tilelang.jit.kernel:INFO] (kernel.py:137): TileLang completes to compile kernel `gather_kernel`
{"module": "submissions/nsa128.py", "source_sha256": "309e71c21ea3190d38b2ba9ef82cc295bb61b66bebf4aa332c6f757ba83db57a", "case": {"B": 1, "seq_len": 513, "kv_heads": 1, "q_heads": 16, "dim": 64, "selected_blocks": 4, "block_size": 16, "causal": 1}, "seed": 751, "update": 0, "index_dtype": "torch.int32", "nonfinite": 0, "mismatch_count": 0, "max_abs": 0.001953125, "status": "PASS"}
2026-09-09 13:46:48  [TileLang:tilelang.jit.kernel:INFO] (kernel.py:129): TileLang begins to compile kernel `gather_kernel` with `out_idx=None`
2026-09-09 13:46:54  [TileLang:tilelang.jit.kernel:INFO] (kernel.py:137): TileLang completes to compile kernel `gather_kernel`
{"module": "submissions/nsa134.py", "source_sha256": "e4f7025dfecd6edb626d6acd3f5d46937afe02b38f49f62cdbaa6730c157fce7", "case": {"B": 1, "seq_len": 513, "kv_heads": 1, "q_heads": 16, "dim": 64, "selected_blocks": 4, "block_size": 16, "causal": 1}, "seed": 751, "update": 0, "index_dtype": "torch.int32", "nonfinite": 0, "mismatch_count": 0, "max_abs": 0.001953125, "status": "PASS"}
{"module": "submissions/nsa128.py", "source_sha256": "309e71c21ea3190d38b2ba9ef82cc295bb61b66bebf4aa332c6f757ba83db57a", "case": {"B": 1, "seq_len": 513, "kv_heads": 1, "q_heads": 16, "dim": 64, "selected_blocks": 4, "block_size": 16, "causal": 1}, "seed": 752, "update": 1, "index_dtype": "torch.int32", "nonfinite": 0, "mismatch_count": 0, "max_abs": 0.0625, "status": "PASS"}
{"module": "submissions/nsa134.py", "source_sha256": "e4f7025dfecd6edb626d6acd3f5d46937afe02b38f49f62cdbaa6730c157fce7", "case": {"B": 1, "seq_len": 513, "kv_heads": 1, "q_heads": 16, "dim": 64, "selected_blocks": 4, "block_size": 16, "causal": 1}, "seed": 752, "update": 1, "index_dtype": "torch.int32", "nonfinite": 0, "mismatch_count": 0, "max_abs": 0.0625, "status": "PASS"}
{"module": "submissions/nsa128.py", "source_sha256": "309e71c21ea3190d38b2ba9ef82cc295bb61b66bebf4aa332c6f757ba83db57a", "case": {"B": 1, "seq_len": 513, "kv_heads": 1, "q_heads": 16, "dim": 64, "selected_blocks": 4, "block_size": 16, "causal": 1}, "seed": 753, "update": 2, "index_dtype": "torch.int32", "nonfinite": 0, "mismatch_count": 0, "max_abs": 7.62939453125e-06, "status": "PASS"}
{"module": "submissions/nsa134.py", "source_sha256": "e4f7025dfecd6edb626d6acd3f5d46937afe02b38f49f62cdbaa6730c157fce7", "case": {"B": 1, "seq_len": 513, "kv_heads": 1, "q_heads": 16, "dim": 64, "selected_blocks": 4, "block_size": 16, "causal": 1}, "seed": 753, "update": 2, "index_dtype": "torch.int32", "nonfinite": 0, "mismatch_count": 0, "max_abs": 7.62939453125e-06, "status": "PASS"}
2026-09-09 13:46:55  [TileLang:tilelang.jit.kernel:INFO] (kernel.py:129): TileLang begins to compile kernel `gather_kernel` with `out_idx=None`
2026-09-09 13:47:01  [TileLang:tilelang.jit.kernel:INFO] (kernel.py:137): TileLang completes to compile kernel `gather_kernel`
{"module": "submissions/nsa128.py", "source_sha256": "309e71c21ea3190d38b2ba9ef82cc295bb61b66bebf4aa332c6f757ba83db57a", "case": {"B": 1, "seq_len": 496, "kv_heads": 1, "q_heads": 16, "dim": 64, "selected_blocks": 4, "block_size": 16, "causal": 1}, "seed": 751, "update": 0, "index_dtype": "torch.int32", "nonfinite": 0, "mismatch_count": 0, "max_abs": 0.001953125, "status": "PASS"}
2026-09-09 13:47:01  [TileLang:tilelang.jit.kernel:INFO] (kernel.py:129): TileLang begins to compile kernel `gather_kernel` with `out_idx=None`
2026-09-09 13:47:07  [TileLang:tilelang.jit.kernel:INFO] (kernel.py:137): TileLang completes to compile kernel `gather_kernel`
{"module": "submissions/nsa134.py", "source_sha256": "e4f7025dfecd6edb626d6acd3f5d46937afe02b38f49f62cdbaa6730c157fce7", "case": {"B": 1, "seq_len": 496, "kv_heads": 1, "q_heads": 16, "dim": 64, "selected_blocks": 4, "block_size": 16, "causal": 1}, "seed": 751, "update": 0, "index_dtype": "torch.int32", "nonfinite": 0, "mismatch_count": 0, "max_abs": 0.001953125, "status": "PASS"}
{"module": "submissions/nsa128.py", "source_sha256": "309e71c21ea3190d38b2ba9ef82cc295bb61b66bebf4aa332c6f757ba83db57a", "case": {"B": 1, "seq_len": 496, "kv_heads": 1, "q_heads": 16, "dim": 64, "selected_blocks": 4, "block_size": 16, "causal": 1}, "seed": 752, "update": 1, "index_dtype": "torch.int32", "nonfinite": 0, "mismatch_count": 0, "max_abs": 0.0625, "status": "PASS"}
{"module": "submissions/nsa134.py", "source_sha256": "e4f7025dfecd6edb626d6acd3f5d46937afe02b38f49f62cdbaa6730c157fce7", "case": {"B": 1, "seq_len": 496, "kv_heads": 1, "q_heads": 16, "dim": 64, "selected_blocks": 4, "block_size": 16, "causal": 1}, "seed": 752, "update": 1, "index_dtype": "torch.int32", "nonfinite": 0, "mismatch_count": 0, "max_abs": 0.0625, "status": "PASS"}
{"module": "submissions/nsa128.py", "source_sha256": "309e71c21ea3190d38b2ba9ef82cc295bb61b66bebf4aa332c6f757ba83db57a", "case": {"B": 1, "seq_len": 496, "kv_heads": 1, "q_heads": 16, "dim": 64, "selected_blocks": 4, "block_size": 16, "causal": 1}, "seed": 753, "update": 2, "index_dtype": "torch.int32", "nonfinite": 0, "mismatch_count": 0, "max_abs": 7.62939453125e-06, "status": "PASS"}
{"module": "submissions/nsa134.py", "source_sha256": "e4f7025dfecd6edb626d6acd3f5d46937afe02b38f49f62cdbaa6730c157fce7", "case": {"B": 1, "seq_len": 496, "kv_heads": 1, "q_heads": 16, "dim": 64, "selected_blocks": 4, "block_size": 16, "causal": 1}, "seed": 753, "update": 2, "index_dtype": "torch.int32", "nonfinite": 0, "mismatch_count": 0, "max_abs": 7.62939453125e-06, "status": "PASS"}
{"module": "submissions/nsa128.py", "source_sha256": "309e71c21ea3190d38b2ba9ef82cc295bb61b66bebf4aa332c6f757ba83db57a", "case": {"B": 1, "seq_len": 64, "kv_heads": 1, "q_heads": 16, "dim": 64, "selected_blocks": 4, "block_size": 16, "causal": 1}, "seed": 751, "update": 0, "index_dtype": "torch.int32", "nonfinite": 0, "mismatch_count": 0, "max_abs": 0.001953125, "status": "PASS"}
2026-09-09 13:47:07  [TileLang:tilelang.jit.kernel:INFO] (kernel.py:129): TileLang begins to compile kernel `gather_kernel` with `out_idx=None`
2026-09-09 13:47:13  [TileLang:tilelang.jit.kernel:INFO] (kernel.py:137): TileLang completes to compile kernel `gather_kernel`
{"module": "submissions/nsa134.py", "source_sha256": "e4f7025dfecd6edb626d6acd3f5d46937afe02b38f49f62cdbaa6730c157fce7", "case": {"B": 1, "seq_len": 64, "kv_heads": 1, "q_heads": 16, "dim": 64, "selected_blocks": 4, "block_size": 16, "causal": 1}, "seed": 751, "update": 0, "index_dtype": "torch.int32", "nonfinite": 0, "mismatch_count": 0, "max_abs": 0.001953125, "status": "PASS"}
{"module": "submissions/nsa128.py", "source_sha256": "309e71c21ea3190d38b2ba9ef82cc295bb61b66bebf4aa332c6f757ba83db57a", "case": {"B": 1, "seq_len": 64, "kv_heads": 1, "q_heads": 16, "dim": 64, "selected_blocks": 4, "block_size": 16, "causal": 1}, "seed": 752, "update": 1, "index_dtype": "torch.int32", "nonfinite": 0, "mismatch_count": 0, "max_abs": 0.03125, "status": "PASS"}
{"module": "submissions/nsa134.py", "source_sha256": "e4f7025dfecd6edb626d6acd3f5d46937afe02b38f49f62cdbaa6730c157fce7", "case": {"B": 1, "seq_len": 64, "kv_heads": 1, "q_heads": 16, "dim": 64, "selected_blocks": 4, "block_size": 16, "causal": 1}, "seed": 752, "update": 1, "index_dtype": "torch.int32", "nonfinite": 0, "mismatch_count": 0, "max_abs": 0.03125, "status": "PASS"}
{"module": "submissions/nsa128.py", "source_sha256": "309e71c21ea3190d38b2ba9ef82cc295bb61b66bebf4aa332c6f757ba83db57a", "case": {"B": 1, "seq_len": 64, "kv_heads": 1, "q_heads": 16, "dim": 64, "selected_blocks": 4, "block_size": 16, "causal": 1}, "seed": 753, "update": 2, "index_dtype": "torch.int32", "nonfinite": 0, "mismatch_count": 0, "max_abs": 7.62939453125e-06, "status": "PASS"}
{"module": "submissions/nsa134.py", "source_sha256": "e4f7025dfecd6edb626d6acd3f5d46937afe02b38f49f62cdbaa6730c157fce7", "case": {"B": 1, "seq_len": 64, "kv_heads": 1, "q_heads": 16, "dim": 64, "selected_blocks": 4, "block_size": 16, "causal": 1}, "seed": 753, "update": 2, "index_dtype": "torch.int32", "nonfinite": 0, "mismatch_count": 0, "max_abs": 7.62939453125e-06, "status": "PASS"}
2026-09-09 13:47:13  [TileLang:tilelang.jit.kernel:INFO] (kernel.py:129): TileLang begins to compile kernel `gather_kernel` with `out_idx=None`
2026-09-09 13:47:20  [TileLang:tilelang.jit.kernel:INFO] (kernel.py:137): TileLang completes to compile kernel `gather_kernel`
{"module": "submissions/nsa128.py", "source_sha256": "309e71c21ea3190d38b2ba9ef82cc295bb61b66bebf4aa332c6f757ba83db57a", "case": {"B": 4, "seq_len": 1024, "kv_heads": 1, "q_heads": 16, "dim": 64, "selected_blocks": 4, "block_size": 16, "causal": 1}, "seed": 751, "update": 0, "index_dtype": "torch.int32", "nonfinite": 0, "mismatch_count": 0, "max_abs": 0.001953125, "status": "PASS"}
2026-09-09 13:47:20  [TileLang:tilelang.jit.kernel:INFO] (kernel.py:129): TileLang begins to compile kernel `gather_kernel` with `out_idx=None`
2026-09-09 13:47:26  [TileLang:tilelang.jit.kernel:INFO] (kernel.py:137): TileLang completes to compile kernel `gather_kernel`
{"module": "submissions/nsa134.py", "source_sha256": "e4f7025dfecd6edb626d6acd3f5d46937afe02b38f49f62cdbaa6730c157fce7", "case": {"B": 4, "seq_len": 1024, "kv_heads": 1, "q_heads": 16, "dim": 64, "selected_blocks": 4, "block_size": 16, "causal": 1}, "seed": 751, "update": 0, "index_dtype": "torch.int32", "nonfinite": 0, "mismatch_count": 0, "max_abs": 0.001953125, "status": "PASS"}
{"module": "submissions/nsa128.py", "source_sha256": "309e71c21ea3190d38b2ba9ef82cc295bb61b66bebf4aa332c6f757ba83db57a", "case": {"B": 4, "seq_len": 1024, "kv_heads": 1, "q_heads": 16, "dim": 64, "selected_blocks": 4, "block_size": 16, "causal": 1}, "seed": 752, "update": 1, "index_dtype": "torch.int32", "nonfinite": 0, "mismatch_count": 0, "max_abs": 0.0625, "status": "PASS"}
{"module": "submissions/nsa134.py", "source_sha256": "e4f7025dfecd6edb626d6acd3f5d46937afe02b38f49f62cdbaa6730c157fce7", "case": {"B": 4, "seq_len": 1024, "kv_heads": 1, "q_heads": 16, "dim": 64, "selected_blocks": 4, "block_size": 16, "causal": 1}, "seed": 752, "update": 1, "index_dtype": "torch.int32", "nonfinite": 0, "mismatch_count": 0, "max_abs": 0.0625, "status": "PASS"}
{"module": "submissions/nsa128.py", "source_sha256": "309e71c21ea3190d38b2ba9ef82cc295bb61b66bebf4aa332c6f757ba83db57a", "case": {"B": 4, "seq_len": 1024, "kv_heads": 1, "q_heads": 16, "dim": 64, "selected_blocks": 4, "block_size": 16, "causal": 1}, "seed": 753, "update": 2, "index_dtype": "torch.int32", "nonfinite": 0, "mismatch_count": 0, "max_abs": 7.62939453125e-06, "status": "PASS"}
{"module": "submissions/nsa134.py", "source_sha256": "e4f7025dfecd6edb626d6acd3f5d46937afe02b38f49f62cdbaa6730c157fce7", "case": {"B": 4, "seq_len": 1024, "kv_heads": 1, "q_heads": 16, "dim": 64, "selected_blocks": 4, "block_size": 16, "causal": 1}, "seed": 753, "update": 2, "index_dtype": "torch.int32", "nonfinite": 0, "mismatch_count": 0, "max_abs": 7.62939453125e-06, "status": "PASS"}
2026-09-09 13:47:26  [TileLang:tilelang.jit.kernel:INFO] (kernel.py:129): TileLang begins to compile kernel `kernel` with `out_idx=None`
2026-09-09 13:47:33  [TileLang:tilelang.jit.kernel:INFO] (kernel.py:137): TileLang completes to compile kernel `kernel`
{"module": "submissions/nsa128.py", "source_sha256": "309e71c21ea3190d38b2ba9ef82cc295bb61b66bebf4aa332c6f757ba83db57a", "case": {"B": 1, "seq_len": 512, "kv_heads": 1, "q_heads": 16, "dim": 64, "selected_blocks": 4, "block_size": 32, "causal": 1}, "seed": 751, "update": 0, "index_dtype": "torch.int32", "nonfinite": 0, "mismatch_count": 0, "max_abs": 0.0009765625, "status": "PASS"}
2026-09-09 13:47:33  [TileLang:tilelang.cache.kernel_cache:WARNING] (kernel_cache.py:342): Found kernel 'kernel' in memory cache. For better performance, consider using `@tilelang.jit` instead of direct kernel caching.
{"module": "submissions/nsa134.py", "source_sha256": "e4f7025dfecd6edb626d6acd3f5d46937afe02b38f49f62cdbaa6730c157fce7", "case": {"B": 1, "seq_len": 512, "kv_heads": 1, "q_heads": 16, "dim": 64, "selected_blocks": 4, "block_size": 32, "causal": 1}, "seed": 751, "update": 0, "index_dtype": "torch.int32", "nonfinite": 0, "mismatch_count": 0, "max_abs": 0.0009765625, "status": "PASS"}
{"module": "submissions/nsa128.py", "source_sha256": "309e71c21ea3190d38b2ba9ef82cc295bb61b66bebf4aa332c6f757ba83db57a", "case": {"B": 1, "seq_len": 512, "kv_heads": 1, "q_heads": 16, "dim": 64, "selected_blocks": 4, "block_size": 32, "causal": 1}, "seed": 752, "update": 1, "index_dtype": "torch.int32", "nonfinite": 0, "mismatch_count": 0, "max_abs": 0.03125, "status": "PASS"}
{"module": "submissions/nsa134.py", "source_sha256": "e4f7025dfecd6edb626d6acd3f5d46937afe02b38f49f62cdbaa6730c157fce7", "case": {"B": 1, "seq_len": 512, "kv_heads": 1, "q_heads": 16, "dim": 64, "selected_blocks": 4, "block_size": 32, "causal": 1}, "seed": 752, "update": 1, "index_dtype": "torch.int32", "nonfinite": 0, "mismatch_count": 0, "max_abs": 0.03125, "status": "PASS"}
{"module": "submissions/nsa128.py", "source_sha256": "309e71c21ea3190d38b2ba9ef82cc295bb61b66bebf4aa332c6f757ba83db57a", "case": {"B": 1, "seq_len": 512, "kv_heads": 1, "q_heads": 16, "dim": 64, "selected_blocks": 4, "block_size": 32, "causal": 1}, "seed": 753, "update": 2, "index_dtype": "torch.int32", "nonfinite": 0, "mismatch_count": 0, "max_abs": 7.62939453125e-06, "status": "PASS"}
{"module": "submissions/nsa134.py", "source_sha256": "e4f7025dfecd6edb626d6acd3f5d46937afe02b38f49f62cdbaa6730c157fce7", "case": {"B": 1, "seq_len": 512, "kv_heads": 1, "q_heads": 16, "dim": 64, "selected_blocks": 4, "block_size": 32, "causal": 1}, "seed": 753, "update": 2, "index_dtype": "torch.int32", "nonfinite": 0, "mismatch_count": 0, "max_abs": 7.62939453125e-06, "status": "PASS"}
2026-09-09 13:47:34  [TileLang:tilelang.jit.kernel:INFO] (kernel.py:129): TileLang begins to compile kernel `kernel` with `out_idx=None`
2026-09-09 13:47:41  [TileLang:tilelang.jit.kernel:INFO] (kernel.py:137): TileLang completes to compile kernel `kernel`
{"module": "submissions/nsa128.py", "source_sha256": "309e71c21ea3190d38b2ba9ef82cc295bb61b66bebf4aa332c6f757ba83db57a", "case": {"B": 1, "seq_len": 512, "kv_heads": 1, "q_heads": 16, "dim": 128, "selected_blocks": 4, "block_size": 16, "causal": 1}, "seed": 751, "update": 0, "index_dtype": "torch.int32", "nonfinite": 0, "mismatch_count": 0, "max_abs": 0.001953125, "status": "PASS"}
2026-09-09 13:47:41  [TileLang:tilelang.cache.kernel_cache:WARNING] (kernel_cache.py:342): Found kernel 'kernel' in memory cache. For better performance, consider using `@tilelang.jit` instead of direct kernel caching.
{"module": "submissions/nsa134.py", "source_sha256": "e4f7025dfecd6edb626d6acd3f5d46937afe02b38f49f62cdbaa6730c157fce7", "case": {"B": 1, "seq_len": 512, "kv_heads": 1, "q_heads": 16, "dim": 128, "selected_blocks": 4, "block_size": 16, "causal": 1}, "seed": 751, "update": 0, "index_dtype": "torch.int32", "nonfinite": 0, "mismatch_count": 0, "max_abs": 0.001953125, "status": "PASS"}
{"module": "submissions/nsa128.py", "source_sha256": "309e71c21ea3190d38b2ba9ef82cc295bb61b66bebf4aa332c6f757ba83db57a", "case": {"B": 1, "seq_len": 512, "kv_heads": 1, "q_heads": 16, "dim": 128, "selected_blocks": 4, "block_size": 16, "causal": 1}, "seed": 752, "update": 1, "index_dtype": "torch.int32", "nonfinite": 0, "mismatch_count": 0, "max_abs": 0.03125, "status": "PASS"}
{"module": "submissions/nsa134.py", "source_sha256": "e4f7025dfecd6edb626d6acd3f5d46937afe02b38f49f62cdbaa6730c157fce7", "case": {"B": 1, "seq_len": 512, "kv_heads": 1, "q_heads": 16, "dim": 128, "selected_blocks": 4, "block_size": 16, "causal": 1}, "seed": 752, "update": 1, "index_dtype": "torch.int32", "nonfinite": 0, "mismatch_count": 0, "max_abs": 0.03125, "status": "PASS"}
{"module": "submissions/nsa128.py", "source_sha256": "309e71c21ea3190d38b2ba9ef82cc295bb61b66bebf4aa332c6f757ba83db57a", "case": {"B": 1, "seq_len": 512, "kv_heads": 1, "q_heads": 16, "dim": 128, "selected_blocks": 4, "block_size": 16, "causal": 1}, "seed": 753, "update": 2, "index_dtype": "torch.int32", "nonfinite": 0, "mismatch_count": 0, "max_abs": 2.562999725341797e-06, "status": "PASS"}
{"module": "submissions/nsa134.py", "source_sha256": "e4f7025dfecd6edb626d6acd3f5d46937afe02b38f49f62cdbaa6730c157fce7", "case": {"B": 1, "seq_len": 512, "kv_heads": 1, "q_heads": 16, "dim": 128, "selected_blocks": 4, "block_size": 16, "causal": 1}, "seed": 753, "update": 2, "index_dtype": "torch.int32", "nonfinite": 0, "mismatch_count": 0, "max_abs": 2.562999725341797e-06, "status": "PASS"}
{"stage": "complete", "script": "stress_nsa134_s4_sync.py"}
{"workflow": "complete", "limitation": "Target screen only, not full validation"}
