Loading tilelang libs from dev root: /opt/tilelang-metax-v0.1.10/build
2026-09-09 07:40:18  [TileLang:tilelang.cache.kernel_cache:WARNING] (kernel_cache.py:342): Found kernel 'kernel' in memory cache. For better performance, consider using `@tilelang.jit` instead of direct kernel caching.
2026-09-09 07:40:18  [TileLang:tilelang.cache.kernel_cache:WARNING] (kernel_cache.py:342): Found kernel 'kernel' in memory cache. For better performance, consider using `@tilelang.jit` instead of direct kernel caching.
{"case_id": 1, "module": "submissions/nsa109.py", "seed": 211, "mode": "public", "median_us": {"cupti": 4.874239999999991}}
{"case_id": 1, "module": "submissions/nsa103.py", "seed": 211, "mode": "public", "median_us": {"cupti": 4.899840000000041}}
2026-09-09 07:40:20  [TileLang:tilelang.cache.kernel_cache:WARNING] (kernel_cache.py:342): Found kernel 'kernel' in memory cache. For better performance, consider using `@tilelang.jit` instead of direct kernel caching.
2026-09-09 07:40:20  [TileLang:tilelang.cache.kernel_cache:WARNING] (kernel_cache.py:342): Found kernel 'kernel' in memory cache. For better performance, consider using `@tilelang.jit` instead of direct kernel caching.
{"case_id": 2, "module": "submissions/nsa109.py", "seed": 211, "mode": "public", "median_us": {"cupti": 5.959679999999898}}
{"case_id": 2, "module": "submissions/nsa103.py", "seed": 211, "mode": "public", "median_us": {"cupti": 5.9340799999999945}}
2026-09-09 07:40:21  [TileLang:tilelang.cache.kernel_cache:WARNING] (kernel_cache.py:342): Found kernel 'kernel' in memory cache. For better performance, consider using `@tilelang.jit` instead of direct kernel caching.
2026-09-09 07:40:21  [TileLang:tilelang.cache.kernel_cache:WARNING] (kernel_cache.py:342): Found kernel 'kernel' in memory cache. For better performance, consider using `@tilelang.jit` instead of direct kernel caching.
{"case_id": 3, "module": "submissions/nsa109.py", "seed": 211, "mode": "public", "median_us": {"cupti": 8.67328000000005}}
{"case_id": 3, "module": "submissions/nsa103.py", "seed": 211, "mode": "public", "median_us": {"cupti": 8.668160000000025}}
2026-09-09 07:40:22  [TileLang:tilelang.cache.kernel_cache:WARNING] (kernel_cache.py:342): Found kernel 'kernel' in memory cache. For better performance, consider using `@tilelang.jit` instead of direct kernel caching.
2026-09-09 07:40:22  [TileLang:tilelang.cache.kernel_cache:WARNING] (kernel_cache.py:342): Found kernel 'kernel' in memory cache. For better performance, consider using `@tilelang.jit` instead of direct kernel caching.
{"case_id": 4, "module": "submissions/nsa109.py", "seed": 211, "mode": "public", "median_us": {"cupti": 10.4857599999999}}
{"case_id": 4, "module": "submissions/nsa103.py", "seed": 211, "mode": "public", "median_us": {"cupti": 10.480639999999948}}
2026-09-09 07:40:23  [TileLang:tilelang.cache.kernel_cache:WARNING] (kernel_cache.py:342): Found kernel 'kernel' in memory cache. For better performance, consider using `@tilelang.jit` instead of direct kernel caching.
{"case_id": 5, "module": "submissions/nsa109.py", "seed": 211, "mode": "public", "median_us": {"cupti": 25.651199999999918}}
{"case_id": 5, "module": "submissions/nsa103.py", "seed": 211, "mode": "public", "median_us": {"cupti": 25.564159999999866}}
2026-09-09 07:40:24  [TileLang:tilelang.cache.kernel_cache:WARNING] (kernel_cache.py:342): Found kernel 'kernel' in memory cache. For better performance, consider using `@tilelang.jit` instead of direct kernel caching.
{"case_id": 6, "module": "submissions/nsa109.py", "seed": 211, "mode": "public", "median_us": {"cupti": 81.10080000000005}}
{"case_id": 6, "module": "submissions/nsa103.py", "seed": 211, "mode": "public", "median_us": {"cupti": 81.05472000000009}}
2026-09-09 07:40:25  [TileLang:tilelang.cache.kernel_cache:WARNING] (kernel_cache.py:342): Found kernel 'kernel' in memory cache. For better performance, consider using `@tilelang.jit` instead of direct kernel caching.
2026-09-09 07:40:25  [TileLang:tilelang.cache.kernel_cache:WARNING] (kernel_cache.py:342): Found kernel 'kernel' in memory cache. For better performance, consider using `@tilelang.jit` instead of direct kernel caching.
{"case_id": 7, "module": "submissions/nsa109.py", "seed": 211, "mode": "public", "median_us": {"cupti": 24.760320000000103}}
{"case_id": 7, "module": "submissions/nsa103.py", "seed": 211, "mode": "public", "median_us": {"cupti": 24.76543999999987}}
2026-09-09 07:40:26  [TileLang:tilelang.cache.kernel_cache:WARNING] (kernel_cache.py:342): Found kernel 'kernel' in memory cache. For better performance, consider using `@tilelang.jit` instead of direct kernel caching.
{"case_id": 8, "module": "submissions/nsa109.py", "seed": 211, "mode": "public", "median_us": {"cupti": 40.69375999999982}}
{"case_id": 8, "module": "submissions/nsa103.py", "seed": 211, "mode": "public", "median_us": {"cupti": 40.70399999999991}}
2026-09-09 07:40:28  [TileLang:tilelang.cache.kernel_cache:WARNING] (kernel_cache.py:342): Found kernel 'kernel' in memory cache. For better performance, consider using `@tilelang.jit` instead of direct kernel caching.
2026-09-09 07:40:28  [TileLang:tilelang.cache.kernel_cache:WARNING] (kernel_cache.py:342): Found kernel 'kernel' in memory cache. For better performance, consider using `@tilelang.jit` instead of direct kernel caching.
{"case_id": 9, "module": "submissions/nsa109.py", "seed": 211, "mode": "public", "median_us": {"cupti": 40.19712000000007}}
{"case_id": 9, "module": "submissions/nsa103.py", "seed": 211, "mode": "public", "median_us": {"cupti": 40.15616000000013}}
2026-09-09 07:40:29  [TileLang:tilelang.cache.kernel_cache:WARNING] (kernel_cache.py:342): Found kernel 'gather_kernel' in memory cache. For better performance, consider using `@tilelang.jit` instead of direct kernel caching.
{"case_id": 10, "module": "submissions/nsa109.py", "seed": 211, "mode": "public", "median_us": {"cupti": 6.958079999999936}}
{"case_id": 10, "module": "submissions/nsa103.py", "seed": 211, "mode": "public", "median_us": {"cupti": 7.106559999999917}}
2026-09-09 07:40:30  [TileLang:tilelang.cache.kernel_cache:WARNING] (kernel_cache.py:342): Found kernel 'gather_kernel' in memory cache. For better performance, consider using `@tilelang.jit` instead of direct kernel caching.
2026-09-09 07:40:30  [TileLang:tilelang.cache.kernel_cache:WARNING] (kernel_cache.py:342): Found kernel 'gather_kernel' in memory cache. For better performance, consider using `@tilelang.jit` instead of direct kernel caching.
{"case_id": 11, "module": "submissions/nsa109.py", "seed": 211, "mode": "public", "median_us": {"cupti": 19.12319999999985}}
{"case_id": 11, "module": "submissions/nsa103.py", "seed": 211, "mode": "public", "median_us": {"cupti": 19.184639999999966}}
2026-09-09 07:40:31  [TileLang:tilelang.cache.kernel_cache:WARNING] (kernel_cache.py:342): Found kernel 'kernel' in memory cache. For better performance, consider using `@tilelang.jit` instead of direct kernel caching.
{"case_id": 12, "module": "submissions/nsa109.py", "seed": 211, "mode": "public", "median_us": {"cupti": 62.888960000000324}}
{"case_id": 12, "module": "submissions/nsa103.py", "seed": 211, "mode": "public", "median_us": {"cupti": 62.97600000000002}}
2026-09-09 07:40:32  [TileLang:tilelang.cache.kernel_cache:WARNING] (kernel_cache.py:342): Found kernel 'kernel' in memory cache. For better performance, consider using `@tilelang.jit` instead of direct kernel caching.
{"case_id": 13, "module": "submissions/nsa109.py", "seed": 211, "mode": "public", "median_us": {"cupti": 7.736320000000087}}
{"case_id": 13, "module": "submissions/nsa103.py", "seed": 211, "mode": "public", "median_us": {"cupti": 7.705599999999831}}
2026-09-09 07:40:33  [TileLang:tilelang.cache.kernel_cache:WARNING] (kernel_cache.py:342): Found kernel 'kernel' in memory cache. For better performance, consider using `@tilelang.jit` instead of direct kernel caching.
2026-09-09 07:40:33  [TileLang:tilelang.cache.kernel_cache:WARNING] (kernel_cache.py:342): Found kernel 'kernel' in memory cache. For better performance, consider using `@tilelang.jit` instead of direct kernel caching.
{"case_id": 14, "module": "submissions/nsa109.py", "seed": 211, "mode": "public", "median_us": {"cupti": 16.281600000000108}}
{"case_id": 14, "module": "submissions/nsa103.py", "seed": 211, "mode": "public", "median_us": {"cupti": 16.291840000000047}}
Loading tilelang libs from dev root: /opt/tilelang-metax-v0.1.10/build
{"module": "submissions/nsa103.py", "source_sha256": "6115cd1595aaa26f518e362810ab50771ade4812b0b35fb8d81444d471f5795a", "case": {"B": 1, "seq_len": 64, "kv_heads": 1, "q_heads": 16, "dim": 64, "selected_blocks": 2, "block_size": 16, "causal": 1}, "update": 0, "seed": 509, "index_mode": "current_random", "mismatch_count": 0, "status": "PASS", "nonfinite": 0, "max_abs": 0.0009765625}
{"module": "submissions/nsa109.py", "source_sha256": "7abe284475520edf64999c583148cde45cc1c8f0a017503cc98068e7f33986fa", "case": {"B": 1, "seq_len": 64, "kv_heads": 1, "q_heads": 16, "dim": 64, "selected_blocks": 2, "block_size": 16, "causal": 1}, "update": 0, "seed": 509, "index_mode": "current_random", "mismatch_count": 0, "status": "PASS", "nonfinite": 0, "max_abs": 0.0009765625}
{"module": "submissions/nsa103.py", "source_sha256": "6115cd1595aaa26f518e362810ab50771ade4812b0b35fb8d81444d471f5795a", "case": {"B": 1, "seq_len": 64, "kv_heads": 1, "q_heads": 16, "dim": 64, "selected_blocks": 2, "block_size": 16, "causal": 1}, "update": 1, "seed": 510, "index_mode": "current_first_only", "mismatch_count": 0, "status": "PASS", "nonfinite": 0, "max_abs": 0.0625}
{"module": "submissions/nsa109.py", "source_sha256": "7abe284475520edf64999c583148cde45cc1c8f0a017503cc98068e7f33986fa", "case": {"B": 1, "seq_len": 64, "kv_heads": 1, "q_heads": 16, "dim": 64, "selected_blocks": 2, "block_size": 16, "causal": 1}, "update": 1, "seed": 510, "index_mode": "current_first_only", "mismatch_count": 0, "status": "PASS", "nonfinite": 0, "max_abs": 0.0625}
{"module": "submissions/nsa103.py", "source_sha256": "6115cd1595aaa26f518e362810ab50771ade4812b0b35fb8d81444d471f5795a", "case": {"B": 1, "seq_len": 64, "kv_heads": 1, "q_heads": 16, "dim": 64, "selected_blocks": 2, "block_size": 16, "causal": 1}, "update": 2, "seed": 511, "index_mode": "current_last_only", "mismatch_count": 0, "status": "PASS", "nonfinite": 0, "max_abs": 0.03125}
{"module": "submissions/nsa109.py", "source_sha256": "7abe284475520edf64999c583148cde45cc1c8f0a017503cc98068e7f33986fa", "case": {"B": 1, "seq_len": 64, "kv_heads": 1, "q_heads": 16, "dim": 64, "selected_blocks": 2, "block_size": 16, "causal": 1}, "update": 2, "seed": 511, "index_mode": "current_last_only", "mismatch_count": 0, "status": "PASS", "nonfinite": 0, "max_abs": 0.03125}
{"module": "submissions/nsa103.py", "source_sha256": "6115cd1595aaa26f518e362810ab50771ade4812b0b35fb8d81444d471f5795a", "case": {"B": 2, "seq_len": 257, "kv_heads": 1, "q_heads": 16, "dim": 64, "selected_blocks": 2, "block_size": 16, "causal": 1}, "update": 0, "seed": 509, "index_mode": "current_random", "mismatch_count": 0, "status": "PASS", "nonfinite": 0, "max_abs": 0.001953125}
{"module": "submissions/nsa109.py", "source_sha256": "7abe284475520edf64999c583148cde45cc1c8f0a017503cc98068e7f33986fa", "case": {"B": 2, "seq_len": 257, "kv_heads": 1, "q_heads": 16, "dim": 64, "selected_blocks": 2, "block_size": 16, "causal": 1}, "update": 0, "seed": 509, "index_mode": "current_random", "mismatch_count": 0, "status": "PASS", "nonfinite": 0, "max_abs": 0.001953125}
{"module": "submissions/nsa103.py", "source_sha256": "6115cd1595aaa26f518e362810ab50771ade4812b0b35fb8d81444d471f5795a", "case": {"B": 2, "seq_len": 257, "kv_heads": 1, "q_heads": 16, "dim": 64, "selected_blocks": 2, "block_size": 16, "causal": 1}, "update": 1, "seed": 510, "index_mode": "current_first_only", "mismatch_count": 0, "status": "PASS", "nonfinite": 0, "max_abs": 0.0625}
{"module": "submissions/nsa109.py", "source_sha256": "7abe284475520edf64999c583148cde45cc1c8f0a017503cc98068e7f33986fa", "case": {"B": 2, "seq_len": 257, "kv_heads": 1, "q_heads": 16, "dim": 64, "selected_blocks": 2, "block_size": 16, "causal": 1}, "update": 1, "seed": 510, "index_mode": "current_first_only", "mismatch_count": 0, "status": "PASS", "nonfinite": 0, "max_abs": 0.0625}
{"module": "submissions/nsa103.py", "source_sha256": "6115cd1595aaa26f518e362810ab50771ade4812b0b35fb8d81444d471f5795a", "case": {"B": 2, "seq_len": 257, "kv_heads": 1, "q_heads": 16, "dim": 64, "selected_blocks": 2, "block_size": 16, "causal": 1}, "update": 2, "seed": 511, "index_mode": "current_last_only", "mismatch_count": 0, "status": "PASS", "nonfinite": 0, "max_abs": 0.0625}
{"module": "submissions/nsa109.py", "source_sha256": "7abe284475520edf64999c583148cde45cc1c8f0a017503cc98068e7f33986fa", "case": {"B": 2, "seq_len": 257, "kv_heads": 1, "q_heads": 16, "dim": 64, "selected_blocks": 2, "block_size": 16, "causal": 1}, "update": 2, "seed": 511, "index_mode": "current_last_only", "mismatch_count": 0, "status": "PASS", "nonfinite": 0, "max_abs": 0.0625}
{"module": "submissions/nsa103.py", "source_sha256": "6115cd1595aaa26f518e362810ab50771ade4812b0b35fb8d81444d471f5795a", "case": {"B": 1, "seq_len": 512, "kv_heads": 2, "q_heads": 32, "dim": 64, "selected_blocks": 2, "block_size": 16, "causal": 1}, "update": 0, "seed": 509, "index_mode": "current_random", "mismatch_count": 0, "status": "PASS", "nonfinite": 0, "max_abs": 0.001953125}
{"module": "submissions/nsa109.py", "source_sha256": "7abe284475520edf64999c583148cde45cc1c8f0a017503cc98068e7f33986fa", "case": {"B": 1, "seq_len": 512, "kv_heads": 2, "q_heads": 32, "dim": 64, "selected_blocks": 2, "block_size": 16, "causal": 1}, "update": 0, "seed": 509, "index_mode": "current_random", "mismatch_count": 0, "status": "PASS", "nonfinite": 0, "max_abs": 0.001953125}
{"module": "submissions/nsa103.py", "source_sha256": "6115cd1595aaa26f518e362810ab50771ade4812b0b35fb8d81444d471f5795a", "case": {"B": 1, "seq_len": 512, "kv_heads": 2, "q_heads": 32, "dim": 64, "selected_blocks": 2, "block_size": 16, "causal": 1}, "update": 1, "seed": 510, "index_mode": "current_first_only", "mismatch_count": 0, "status": "PASS", "nonfinite": 0, "max_abs": 0.0625}
{"module": "submissions/nsa109.py", "source_sha256": "7abe284475520edf64999c583148cde45cc1c8f0a017503cc98068e7f33986fa", "case": {"B": 1, "seq_len": 512, "kv_heads": 2, "q_heads": 32, "dim": 64, "selected_blocks": 2, "block_size": 16, "causal": 1}, "update": 1, "seed": 510, "index_mode": "current_first_only", "mismatch_count": 0, "status": "PASS", "nonfinite": 0, "max_abs": 0.0625}
{"module": "submissions/nsa103.py", "source_sha256": "6115cd1595aaa26f518e362810ab50771ade4812b0b35fb8d81444d471f5795a", "case": {"B": 1, "seq_len": 512, "kv_heads": 2, "q_heads": 32, "dim": 64, "selected_blocks": 2, "block_size": 16, "causal": 1}, "update": 2, "seed": 511, "index_mode": "current_last_only", "mismatch_count": 0, "status": "PASS", "nonfinite": 0, "max_abs": 0.0625}
{"module": "submissions/nsa109.py", "source_sha256": "7abe284475520edf64999c583148cde45cc1c8f0a017503cc98068e7f33986fa", "case": {"B": 1, "seq_len": 512, "kv_heads": 2, "q_heads": 32, "dim": 64, "selected_blocks": 2, "block_size": 16, "causal": 1}, "update": 2, "seed": 511, "index_mode": "current_last_only", "mismatch_count": 0, "status": "PASS", "nonfinite": 0, "max_abs": 0.0625}
{"module": "submissions/nsa103.py", "source_sha256": "6115cd1595aaa26f518e362810ab50771ade4812b0b35fb8d81444d471f5795a", "case": {"B": 1, "seq_len": 513, "kv_heads": 2, "q_heads": 32, "dim": 64, "selected_blocks": 2, "block_size": 16, "causal": 1}, "update": 0, "seed": 509, "index_mode": "current_random", "mismatch_count": 0, "status": "PASS", "nonfinite": 0, "max_abs": 0.001953125}
{"module": "submissions/nsa109.py", "source_sha256": "7abe284475520edf64999c583148cde45cc1c8f0a017503cc98068e7f33986fa", "case": {"B": 1, "seq_len": 513, "kv_heads": 2, "q_heads": 32, "dim": 64, "selected_blocks": 2, "block_size": 16, "causal": 1}, "update": 0, "seed": 509, "index_mode": "current_random", "mismatch_count": 0, "status": "PASS", "nonfinite": 0, "max_abs": 0.001953125}
{"module": "submissions/nsa103.py", "source_sha256": "6115cd1595aaa26f518e362810ab50771ade4812b0b35fb8d81444d471f5795a", "case": {"B": 1, "seq_len": 513, "kv_heads": 2, "q_heads": 32, "dim": 64, "selected_blocks": 2, "block_size": 16, "causal": 1}, "update": 1, "seed": 510, "index_mode": "current_first_only", "mismatch_count": 0, "status": "PASS", "nonfinite": 0, "max_abs": 0.0625}
{"module": "submissions/nsa109.py", "source_sha256": "7abe284475520edf64999c583148cde45cc1c8f0a017503cc98068e7f33986fa", "case": {"B": 1, "seq_len": 513, "kv_heads": 2, "q_heads": 32, "dim": 64, "selected_blocks": 2, "block_size": 16, "causal": 1}, "update": 1, "seed": 510, "index_mode": "current_first_only", "mismatch_count": 0, "status": "PASS", "nonfinite": 0, "max_abs": 0.0625}
{"module": "submissions/nsa103.py", "source_sha256": "6115cd1595aaa26f518e362810ab50771ade4812b0b35fb8d81444d471f5795a", "case": {"B": 1, "seq_len": 513, "kv_heads": 2, "q_heads": 32, "dim": 64, "selected_blocks": 2, "block_size": 16, "causal": 1}, "update": 2, "seed": 511, "index_mode": "current_last_only", "mismatch_count": 0, "status": "PASS", "nonfinite": 0, "max_abs": 0.0625}
{"module": "submissions/nsa109.py", "source_sha256": "7abe284475520edf64999c583148cde45cc1c8f0a017503cc98068e7f33986fa", "case": {"B": 1, "seq_len": 513, "kv_heads": 2, "q_heads": 32, "dim": 64, "selected_blocks": 2, "block_size": 16, "causal": 1}, "update": 2, "seed": 511, "index_mode": "current_last_only", "mismatch_count": 0, "status": "PASS", "nonfinite": 0, "max_abs": 0.0625}
{"module": "submissions/nsa103.py", "source_sha256": "6115cd1595aaa26f518e362810ab50771ade4812b0b35fb8d81444d471f5795a", "case": {"B": 1, "seq_len": 64, "kv_heads": 1, "q_heads": 16, "dim": 64, "selected_blocks": 4, "block_size": 16, "causal": 1}, "update": 0, "seed": 509, "index_mode": "current_random", "mismatch_count": 0, "status": "PASS", "nonfinite": 0, "max_abs": 0.0009765625}
2026-09-09 07:41:12  [TileLang:tilelang.cache.kernel_cache:WARNING] (kernel_cache.py:342): Found kernel 'gather_kernel' in memory cache. For better performance, consider using `@tilelang.jit` instead of direct kernel caching.
{"module": "submissions/nsa109.py", "source_sha256": "7abe284475520edf64999c583148cde45cc1c8f0a017503cc98068e7f33986fa", "case": {"B": 1, "seq_len": 64, "kv_heads": 1, "q_heads": 16, "dim": 64, "selected_blocks": 4, "block_size": 16, "causal": 1}, "update": 0, "seed": 509, "index_mode": "current_random", "mismatch_count": 0, "status": "PASS", "nonfinite": 0, "max_abs": 0.0009765625}
{"module": "submissions/nsa103.py", "source_sha256": "6115cd1595aaa26f518e362810ab50771ade4812b0b35fb8d81444d471f5795a", "case": {"B": 1, "seq_len": 64, "kv_heads": 1, "q_heads": 16, "dim": 64, "selected_blocks": 4, "block_size": 16, "causal": 1}, "update": 1, "seed": 510, "index_mode": "current_first_only", "mismatch_count": 0, "status": "PASS", "nonfinite": 0, "max_abs": 0.0625}
{"module": "submissions/nsa109.py", "source_sha256": "7abe284475520edf64999c583148cde45cc1c8f0a017503cc98068e7f33986fa", "case": {"B": 1, "seq_len": 64, "kv_heads": 1, "q_heads": 16, "dim": 64, "selected_blocks": 4, "block_size": 16, "causal": 1}, "update": 1, "seed": 510, "index_mode": "current_first_only", "mismatch_count": 0, "status": "PASS", "nonfinite": 0, "max_abs": 0.0625}
{"module": "submissions/nsa103.py", "source_sha256": "6115cd1595aaa26f518e362810ab50771ade4812b0b35fb8d81444d471f5795a", "case": {"B": 1, "seq_len": 64, "kv_heads": 1, "q_heads": 16, "dim": 64, "selected_blocks": 4, "block_size": 16, "causal": 1}, "update": 2, "seed": 511, "index_mode": "current_last_only", "mismatch_count": 0, "status": "PASS", "nonfinite": 0, "max_abs": 0.03125}
{"module": "submissions/nsa109.py", "source_sha256": "7abe284475520edf64999c583148cde45cc1c8f0a017503cc98068e7f33986fa", "case": {"B": 1, "seq_len": 64, "kv_heads": 1, "q_heads": 16, "dim": 64, "selected_blocks": 4, "block_size": 16, "causal": 1}, "update": 2, "seed": 511, "index_mode": "current_last_only", "mismatch_count": 0, "status": "PASS", "nonfinite": 0, "max_abs": 0.03125}
{"module": "submissions/nsa103.py", "source_sha256": "6115cd1595aaa26f518e362810ab50771ade4812b0b35fb8d81444d471f5795a", "case": {"B": 2, "seq_len": 257, "kv_heads": 1, "q_heads": 16, "dim": 64, "selected_blocks": 4, "block_size": 16, "causal": 1}, "update": 0, "seed": 509, "index_mode": "current_random", "mismatch_count": 0, "status": "PASS", "nonfinite": 0, "max_abs": 0.001953125}
2026-09-09 07:41:13  [TileLang:tilelang.cache.kernel_cache:WARNING] (kernel_cache.py:342): Found kernel 'gather_kernel' in memory cache. For better performance, consider using `@tilelang.jit` instead of direct kernel caching.
{"module": "submissions/nsa109.py", "source_sha256": "7abe284475520edf64999c583148cde45cc1c8f0a017503cc98068e7f33986fa", "case": {"B": 2, "seq_len": 257, "kv_heads": 1, "q_heads": 16, "dim": 64, "selected_blocks": 4, "block_size": 16, "causal": 1}, "update": 0, "seed": 509, "index_mode": "current_random", "mismatch_count": 0, "status": "PASS", "nonfinite": 0, "max_abs": 0.001953125}
{"module": "submissions/nsa103.py", "source_sha256": "6115cd1595aaa26f518e362810ab50771ade4812b0b35fb8d81444d471f5795a", "case": {"B": 2, "seq_len": 257, "kv_heads": 1, "q_heads": 16, "dim": 64, "selected_blocks": 4, "block_size": 16, "causal": 1}, "update": 1, "seed": 510, "index_mode": "current_first_only", "mismatch_count": 0, "status": "PASS", "nonfinite": 0, "max_abs": 0.0625}
{"module": "submissions/nsa109.py", "source_sha256": "7abe284475520edf64999c583148cde45cc1c8f0a017503cc98068e7f33986fa", "case": {"B": 2, "seq_len": 257, "kv_heads": 1, "q_heads": 16, "dim": 64, "selected_blocks": 4, "block_size": 16, "causal": 1}, "update": 1, "seed": 510, "index_mode": "current_first_only", "mismatch_count": 0, "status": "PASS", "nonfinite": 0, "max_abs": 0.0625}
{"module": "submissions/nsa103.py", "source_sha256": "6115cd1595aaa26f518e362810ab50771ade4812b0b35fb8d81444d471f5795a", "case": {"B": 2, "seq_len": 257, "kv_heads": 1, "q_heads": 16, "dim": 64, "selected_blocks": 4, "block_size": 16, "causal": 1}, "update": 2, "seed": 511, "index_mode": "current_last_only", "mismatch_count": 0, "status": "PASS", "nonfinite": 0, "max_abs": 0.0625}
{"module": "submissions/nsa109.py", "source_sha256": "7abe284475520edf64999c583148cde45cc1c8f0a017503cc98068e7f33986fa", "case": {"B": 2, "seq_len": 257, "kv_heads": 1, "q_heads": 16, "dim": 64, "selected_blocks": 4, "block_size": 16, "causal": 1}, "update": 2, "seed": 511, "index_mode": "current_last_only", "mismatch_count": 0, "status": "PASS", "nonfinite": 0, "max_abs": 0.0625}
{"module": "submissions/nsa103.py", "source_sha256": "6115cd1595aaa26f518e362810ab50771ade4812b0b35fb8d81444d471f5795a", "case": {"B": 1, "seq_len": 512, "kv_heads": 2, "q_heads": 32, "dim": 64, "selected_blocks": 4, "block_size": 16, "causal": 1}, "update": 0, "seed": 509, "index_mode": "current_random", "mismatch_count": 0, "status": "PASS", "nonfinite": 0, "max_abs": 0.001953125}
2026-09-09 07:41:13  [TileLang:tilelang.cache.kernel_cache:WARNING] (kernel_cache.py:342): Found kernel 'gather_kernel' in memory cache. For better performance, consider using `@tilelang.jit` instead of direct kernel caching.
{"module": "submissions/nsa109.py", "source_sha256": "7abe284475520edf64999c583148cde45cc1c8f0a017503cc98068e7f33986fa", "case": {"B": 1, "seq_len": 512, "kv_heads": 2, "q_heads": 32, "dim": 64, "selected_blocks": 4, "block_size": 16, "causal": 1}, "update": 0, "seed": 509, "index_mode": "current_random", "mismatch_count": 0, "status": "PASS", "nonfinite": 0, "max_abs": 0.001953125}
{"module": "submissions/nsa103.py", "source_sha256": "6115cd1595aaa26f518e362810ab50771ade4812b0b35fb8d81444d471f5795a", "case": {"B": 1, "seq_len": 512, "kv_heads": 2, "q_heads": 32, "dim": 64, "selected_blocks": 4, "block_size": 16, "causal": 1}, "update": 1, "seed": 510, "index_mode": "current_first_only", "mismatch_count": 0, "status": "PASS", "nonfinite": 0, "max_abs": 0.0625}
{"module": "submissions/nsa109.py", "source_sha256": "7abe284475520edf64999c583148cde45cc1c8f0a017503cc98068e7f33986fa", "case": {"B": 1, "seq_len": 512, "kv_heads": 2, "q_heads": 32, "dim": 64, "selected_blocks": 4, "block_size": 16, "causal": 1}, "update": 1, "seed": 510, "index_mode": "current_first_only", "mismatch_count": 0, "status": "PASS", "nonfinite": 0, "max_abs": 0.0625}
{"module": "submissions/nsa103.py", "source_sha256": "6115cd1595aaa26f518e362810ab50771ade4812b0b35fb8d81444d471f5795a", "case": {"B": 1, "seq_len": 512, "kv_heads": 2, "q_heads": 32, "dim": 64, "selected_blocks": 4, "block_size": 16, "causal": 1}, "update": 2, "seed": 511, "index_mode": "current_last_only", "mismatch_count": 0, "status": "PASS", "nonfinite": 0, "max_abs": 0.0625}
{"module": "submissions/nsa109.py", "source_sha256": "7abe284475520edf64999c583148cde45cc1c8f0a017503cc98068e7f33986fa", "case": {"B": 1, "seq_len": 512, "kv_heads": 2, "q_heads": 32, "dim": 64, "selected_blocks": 4, "block_size": 16, "causal": 1}, "update": 2, "seed": 511, "index_mode": "current_last_only", "mismatch_count": 0, "status": "PASS", "nonfinite": 0, "max_abs": 0.0625}
{"module": "submissions/nsa103.py", "source_sha256": "6115cd1595aaa26f518e362810ab50771ade4812b0b35fb8d81444d471f5795a", "case": {"B": 1, "seq_len": 513, "kv_heads": 2, "q_heads": 32, "dim": 64, "selected_blocks": 4, "block_size": 16, "causal": 1}, "update": 0, "seed": 509, "index_mode": "current_random", "mismatch_count": 0, "status": "PASS", "nonfinite": 0, "max_abs": 0.001953125}
2026-09-09 07:41:13  [TileLang:tilelang.cache.kernel_cache:WARNING] (kernel_cache.py:342): Found kernel 'gather_kernel' in memory cache. For better performance, consider using `@tilelang.jit` instead of direct kernel caching.
{"module": "submissions/nsa109.py", "source_sha256": "7abe284475520edf64999c583148cde45cc1c8f0a017503cc98068e7f33986fa", "case": {"B": 1, "seq_len": 513, "kv_heads": 2, "q_heads": 32, "dim": 64, "selected_blocks": 4, "block_size": 16, "causal": 1}, "update": 0, "seed": 509, "index_mode": "current_random", "mismatch_count": 0, "status": "PASS", "nonfinite": 0, "max_abs": 0.001953125}
{"module": "submissions/nsa103.py", "source_sha256": "6115cd1595aaa26f518e362810ab50771ade4812b0b35fb8d81444d471f5795a", "case": {"B": 1, "seq_len": 513, "kv_heads": 2, "q_heads": 32, "dim": 64, "selected_blocks": 4, "block_size": 16, "causal": 1}, "update": 1, "seed": 510, "index_mode": "current_first_only", "mismatch_count": 0, "status": "PASS", "nonfinite": 0, "max_abs": 0.0625}
{"module": "submissions/nsa109.py", "source_sha256": "7abe284475520edf64999c583148cde45cc1c8f0a017503cc98068e7f33986fa", "case": {"B": 1, "seq_len": 513, "kv_heads": 2, "q_heads": 32, "dim": 64, "selected_blocks": 4, "block_size": 16, "causal": 1}, "update": 1, "seed": 510, "index_mode": "current_first_only", "mismatch_count": 0, "status": "PASS", "nonfinite": 0, "max_abs": 0.0625}
{"module": "submissions/nsa103.py", "source_sha256": "6115cd1595aaa26f518e362810ab50771ade4812b0b35fb8d81444d471f5795a", "case": {"B": 1, "seq_len": 513, "kv_heads": 2, "q_heads": 32, "dim": 64, "selected_blocks": 4, "block_size": 16, "causal": 1}, "update": 2, "seed": 511, "index_mode": "current_last_only", "mismatch_count": 0, "status": "PASS", "nonfinite": 0, "max_abs": 0.0625}
{"module": "submissions/nsa109.py", "source_sha256": "7abe284475520edf64999c583148cde45cc1c8f0a017503cc98068e7f33986fa", "case": {"B": 1, "seq_len": 513, "kv_heads": 2, "q_heads": 32, "dim": 64, "selected_blocks": 4, "block_size": 16, "causal": 1}, "update": 2, "seed": 511, "index_mode": "current_last_only", "mismatch_count": 0, "status": "PASS", "nonfinite": 0, "max_abs": 0.0625}
Loading tilelang libs from dev root: /opt/tilelang-metax-v0.1.10/build
submissions/nsa109.py 10 EXPORTED
