Loading tilelang libs from dev root: /opt/tilelang-metax-v0.1.10/build
2026-09-09 07:01:46  [TileLang:tilelang.jit.kernel:INFO] (kernel.py:129): TileLang begins to compile kernel `kernel` with `out_idx=None`
Traceback (most recent call last):
  File "/data/nsa_codex_20260909_r1/tests/calibrate_oj_protocol.py", line 53, in <module>
    fn()
  File "/data/nsa_codex_20260909_r1/tests/calibrate_oj_protocol.py", line 51, in <lambda>
    fn = lambda mod=mod: mod.run_kernel(*data, out, *args)
                         ^^^^^^^^^^^^^^^^^^^^^^^^^^^^^^^^^
  File "/data/nsa_codex_20260909_r1/submissions/nsa100.py", line 1633, in run_kernel
    kernel = _get_kernel(
             ^^^^^^^^^^^^
  File "/data/nsa_codex_20260909_r1/submissions/nsa100.py", line 1602, in _get_kernel
    kernel = fn(
             ^^^
  File "/opt/tilelang-metax-v0.1.10/tilelang/jit/__init__.py", line 461, in __call__
    kernel = self.compile(*args, **kwargs)
             ^^^^^^^^^^^^^^^^^^^^^^^^^^^^^
  File "/opt/tilelang-metax-v0.1.10/tilelang/jit/__init__.py", line 391, in compile
    kernel_result = compile(
                    ^^^^^^^^
  File "/opt/tilelang-metax-v0.1.10/tilelang/jit/__init__.py", line 111, in compile
    return cached(
           ^^^^^^^
  File "/opt/tilelang-metax-v0.1.10/tilelang/cache/__init__.py", line 74, in cached
    return _dispatch_map[execution_backend].cached(
           ^^^^^^^^^^^^^^^^^^^^^^^^^^^^^^^^^^^^^^^^
  File "/opt/tilelang-metax-v0.1.10/tilelang/cache/kernel_cache.py", line 365, in cached
    kernel = JITKernel(
             ^^^^^^^^^^
  File "/opt/tilelang-metax-v0.1.10/tilelang/jit/kernel.py", line 132, in __init__
    adapter = self._compile_and_create_adapter(func, out_idx)
              ^^^^^^^^^^^^^^^^^^^^^^^^^^^^^^^^^^^^^^^^^^^^^^^
  File "/opt/tilelang-metax-v0.1.10/tilelang/jit/kernel.py", line 247, in _compile_and_create_adapter
    artifact = tilelang.lower(
               ^^^^^^^^^^^^^^^
  File "/opt/tilelang-metax-v0.1.10/tilelang/engine/lower.py", line 384, in lower
    host_mod, device_mod, params, target, target_host = lower_to_host_device_ir(
                                                        ^^^^^^^^^^^^^^^^^^^^^^^^
  File "/opt/tilelang-metax-v0.1.10/tilelang/engine/lower.py", line 358, in lower_to_host_device_ir
    mod = LowerAndLegalize(mod, target)
          ^^^^^^^^^^^^^^^^^^^^^^^^^^^^^
  File "/opt/tilelang-metax-v0.1.10/tilelang/engine/phase.py", line 206, in LowerAndLegalize
    mod = tilelang.transform.LayoutInference()(mod)
          ^^^^^^^^^^^^^^^^^^^^^^^^^^^^^^^^^^^^^^^^^
  File "/opt/tilelang-metax-v0.1.10/3rdparty/tvm/python/tvm/ir/transform.py", line 171, in __call__
    return _ffi_transform_api.RunPass(self, mod)
           ^^^^^^^^^^^^^^^^^^^^^^^^^^^^^^^^^^^^^
  File "python/tvm_ffi/cython/function.pxi", line 968, in tvm_ffi.core.Function.__call__
tvm.error.InternalError: Layout infer conflict between Vlinear and Vs in T.Parallel loop:
    loop Fragment((16, 64) -> (16,), replicate: 1, thread: 64, forward_thread: _i // 4 * 16 + _j % 16, forward_index: (_j // 16 * 4 + _i % 4,), thread_range: I.Range(0, 64))
    fragment Fragment((16, 64) -> (16,), replicate: 1, thread: 64, forward_thread: _i * 4 + _j // 16, forward_index: (_j % 16,))

