{"reduce_header": "/opt/tilelang-metax-v0.1.10/src/tl_templates/maca/reduce.h", "sha256": "ca5b49087fed84da9cd290ddf8d57578bce3f3bb20a89b61d0fd0739e3d5809f"}
{"stage": "begin", "script": "calibrate_oj_protocol.py"}
Loading tilelang libs from dev root: /opt/tilelang-metax-v0.1.10/build
2026-09-09 13:38:37  [TileLang:tilelang.jit.kernel:INFO] (kernel.py:129): TileLang begins to compile kernel `gather_kernel` with `out_idx=None`
2026-09-09 13:38:43  [TileLang:tilelang.jit.kernel:INFO] (kernel.py:137): TileLang completes to compile kernel `gather_kernel`
2026-09-09 13:38:43  [TileLang:tilelang.jit.kernel:INFO] (kernel.py:129): TileLang begins to compile kernel `gather_kernel` with `out_idx=None`
2026-09-09 13:38:49  [TileLang:tilelang.jit.kernel:INFO] (kernel.py:137): TileLang completes to compile kernel `gather_kernel`
2026-09-09 13:38:49  [TileLang:tilelang.cache.kernel_cache:WARNING] (kernel_cache.py:342): Found kernel 'gather_kernel' in memory cache. For better performance, consider using `@tilelang.jit` instead of direct kernel caching.
{"case_id": 11, "module": "submissions/nsa137.py", "seed": 547, "mode": "public", "median_us": {"cupti": 19.12575999999997}}
{"case_id": 11, "module": "submissions/nsa136.py", "seed": 547, "mode": "public", "median_us": {"cupti": 18.910719999999948}}
{"case_id": 11, "module": "submissions/nsa134.py", "seed": 547, "mode": "public", "median_us": {"cupti": 19.24608}}
{"case_id": 11, "module": "submissions/nsa128.py", "seed": 547, "mode": "public", "median_us": {"cupti": 19.21024000000012}}
{"case_id": 11, "module": "submissions/nsa137.py", "seed": 547, "mode": "current", "median_us": {"cupti": 19.422720000000048}}
{"case_id": 11, "module": "submissions/nsa136.py", "seed": 547, "mode": "current", "median_us": {"cupti": 19.217919999999957}}
{"case_id": 11, "module": "submissions/nsa134.py", "seed": 547, "mode": "current", "median_us": {"cupti": 19.54559999999998}}
{"case_id": 11, "module": "submissions/nsa128.py", "seed": 547, "mode": "current", "median_us": {"cupti": 19.386880000000055}}
{"stage": "complete", "script": "calibrate_oj_protocol.py"}
{"stage": "begin", "script": "dump_sources.py"}
2026-09-09 13:38:56  [TileLang:tilelang.cache.kernel_cache:WARNING] (kernel_cache.py:342): Found kernel 'gather_kernel' in memory cache. For better performance, consider using `@tilelang.jit` instead of direct kernel caching.
{"case_id": 11, "path": "/data/nsa_codex_20260909_r1/results/artifacts134_137/nsa137_case11.cu", "sha256": "9d9c7fceee80e1298722201990b073c6dbcb07e2ec2cc187fcb689fd140f9b42"}
2026-09-09 13:38:57  [TileLang:tilelang.cache.kernel_cache:WARNING] (kernel_cache.py:342): Found kernel 'gather_kernel' in memory cache. For better performance, consider using `@tilelang.jit` instead of direct kernel caching.
{"case_id": 11, "path": "/data/nsa_codex_20260909_r1/results/artifacts134_137/nsa136_case11.cu", "sha256": "327035ae6ee4acc07fd7b3989cefca8a82c8a5855da2ea0ba16c8fc3efb57707"}
2026-09-09 13:38:59  [TileLang:tilelang.cache.kernel_cache:WARNING] (kernel_cache.py:342): Found kernel 'gather_kernel' in memory cache. For better performance, consider using `@tilelang.jit` instead of direct kernel caching.
{"case_id": 11, "path": "/data/nsa_codex_20260909_r1/results/artifacts134_137/nsa134_case11.cu", "sha256": "327035ae6ee4acc07fd7b3989cefca8a82c8a5855da2ea0ba16c8fc3efb57707"}
2026-09-09 13:39:00  [TileLang:tilelang.cache.kernel_cache:WARNING] (kernel_cache.py:342): Found kernel 'gather_kernel' in memory cache. For better performance, consider using `@tilelang.jit` instead of direct kernel caching.
{"case_id": 11, "path": "/data/nsa_codex_20260909_r1/results/artifacts134_137/nsa128_case11.cu", "sha256": "77087f5cd01a2b04c0de1cba131b116362ba697060abec2e90970ad5622e668d"}
{"stage": "complete", "script": "dump_sources.py"}
{"workflow": "complete", "limitation": "Target screen only, not full validation"}
