{"stage": "begin", "script": "calibrate_oj_protocol.py"}
Loading tilelang libs from dev root: /opt/tilelang-metax-v0.1.10/build
2026-09-09 14:05:52  [TileLang:tilelang.cache.kernel_cache:WARNING] (kernel_cache.py:342): Found kernel 'kernel' in memory cache. For better performance, consider using `@tilelang.jit` instead of direct kernel caching.
2026-09-09 14:05:52  [TileLang:tilelang.cache.kernel_cache:WARNING] (kernel_cache.py:342): Found kernel 'kernel' in memory cache. For better performance, consider using `@tilelang.jit` instead of direct kernel caching.
{"case_id": 1, "module": "submissions/nsa128.py", "seed": 563, "mode": "public", "median_us": {"cupti": 4.8972800000000465}}
{"case_id": 1, "module": "submissions/nsa133.py", "seed": 563, "mode": "public", "median_us": {"cupti": 4.881920000000064}}
{"case_id": 1, "module": "submissions/nsa128.py", "seed": 563, "mode": "current", "median_us": {"cupti": 4.922879999999987}}
{"case_id": 1, "module": "submissions/nsa133.py", "seed": 563, "mode": "current", "median_us": {"cupti": 4.945920000000151}}
2026-09-09 14:05:54  [TileLang:tilelang.cache.kernel_cache:WARNING] (kernel_cache.py:342): Found kernel 'kernel' in memory cache. For better performance, consider using `@tilelang.jit` instead of direct kernel caching.
2026-09-09 14:05:54  [TileLang:tilelang.cache.kernel_cache:WARNING] (kernel_cache.py:342): Found kernel 'kernel' in memory cache. For better performance, consider using `@tilelang.jit` instead of direct kernel caching.
{"case_id": 2, "module": "submissions/nsa128.py", "seed": 563, "mode": "public", "median_us": {"cupti": 5.913599999999988}}
{"case_id": 2, "module": "submissions/nsa133.py", "seed": 563, "mode": "public", "median_us": {"cupti": 5.972480000000051}}
{"case_id": 2, "module": "submissions/nsa128.py", "seed": 563, "mode": "current", "median_us": {"cupti": 5.980160000000014}}
{"case_id": 2, "module": "submissions/nsa133.py", "seed": 563, "mode": "current", "median_us": {"cupti": 5.9340799999999945}}
2026-09-09 14:05:55  [TileLang:tilelang.cache.kernel_cache:WARNING] (kernel_cache.py:342): Found kernel 'kernel' in memory cache. For better performance, consider using `@tilelang.jit` instead of direct kernel caching.
2026-09-09 14:05:55  [TileLang:tilelang.cache.kernel_cache:WARNING] (kernel_cache.py:342): Found kernel 'kernel' in memory cache. For better performance, consider using `@tilelang.jit` instead of direct kernel caching.
{"case_id": 3, "module": "submissions/nsa128.py", "seed": 563, "mode": "public", "median_us": {"cupti": 8.634880000000031}}
{"case_id": 3, "module": "submissions/nsa133.py", "seed": 563, "mode": "public", "median_us": {"cupti": 8.752640000000065}}
{"case_id": 3, "module": "submissions/nsa128.py", "seed": 563, "mode": "current", "median_us": {"cupti": 8.801280000000045}}
{"case_id": 3, "module": "submissions/nsa133.py", "seed": 563, "mode": "current", "median_us": {"cupti": 8.760320000000082}}
2026-09-09 14:05:56  [TileLang:tilelang.cache.kernel_cache:WARNING] (kernel_cache.py:342): Found kernel 'kernel' in memory cache. For better performance, consider using `@tilelang.jit` instead of direct kernel caching.
{"case_id": 4, "module": "submissions/nsa128.py", "seed": 563, "mode": "public", "median_us": {"cupti": 10.29375999999991}}
{"case_id": 4, "module": "submissions/nsa133.py", "seed": 563, "mode": "public", "median_us": {"cupti": 10.224640000000054}}
{"case_id": 4, "module": "submissions/nsa128.py", "seed": 563, "mode": "current", "median_us": {"cupti": 10.321920000000063}}
{"case_id": 4, "module": "submissions/nsa133.py", "seed": 563, "mode": "current", "median_us": {"cupti": 10.303999999999997}}
2026-09-09 14:05:58  [TileLang:tilelang.cache.kernel_cache:WARNING] (kernel_cache.py:342): Found kernel 'kernel' in memory cache. For better performance, consider using `@tilelang.jit` instead of direct kernel caching.
{"case_id": 5, "module": "submissions/nsa128.py", "seed": 563, "mode": "public", "median_us": {"cupti": 24.104960000000013}}
{"case_id": 5, "module": "submissions/nsa133.py", "seed": 563, "mode": "public", "median_us": {"cupti": 24.02047999999997}}
{"case_id": 5, "module": "submissions/nsa128.py", "seed": 563, "mode": "current", "median_us": {"cupti": 23.97184000000003}}
{"case_id": 5, "module": "submissions/nsa133.py", "seed": 563, "mode": "current", "median_us": {"cupti": 24.005119999999916}}
{"case_id": 6, "module": "submissions/nsa128.py", "seed": 563, "mode": "public", "median_us": {"cupti": 81.70496000000006}}
{"case_id": 6, "module": "submissions/nsa133.py", "seed": 563, "mode": "public", "median_us": {"cupti": 82.47039999999993}}
{"case_id": 6, "module": "submissions/nsa128.py", "seed": 563, "mode": "current", "median_us": {"cupti": 81.55647999999985}}
{"case_id": 6, "module": "submissions/nsa133.py", "seed": 563, "mode": "current", "median_us": {"cupti": 82.52160000000006}}
2026-09-09 14:06:01  [TileLang:tilelang.cache.kernel_cache:WARNING] (kernel_cache.py:342): Found kernel 'kernel' in memory cache. For better performance, consider using `@tilelang.jit` instead of direct kernel caching.
{"case_id": 7, "module": "submissions/nsa128.py", "seed": 563, "mode": "public", "median_us": {"cupti": 24.1126399999999}}
{"case_id": 7, "module": "submissions/nsa133.py", "seed": 563, "mode": "public", "median_us": {"cupti": 24.02560000000014}}
{"case_id": 7, "module": "submissions/nsa128.py", "seed": 563, "mode": "current", "median_us": {"cupti": 23.969280000000072}}
{"case_id": 7, "module": "submissions/nsa133.py", "seed": 563, "mode": "current", "median_us": {"cupti": 24.017919999999975}}
2026-09-09 14:06:02  [TileLang:tilelang.cache.kernel_cache:WARNING] (kernel_cache.py:342): Found kernel 'kernel' in memory cache. For better performance, consider using `@tilelang.jit` instead of direct kernel caching.
{"case_id": 8, "module": "submissions/nsa128.py", "seed": 563, "mode": "public", "median_us": {"cupti": 40.64000000000006}}
{"case_id": 8, "module": "submissions/nsa133.py", "seed": 563, "mode": "public", "median_us": {"cupti": 40.6041599999999}}
{"case_id": 8, "module": "submissions/nsa128.py", "seed": 563, "mode": "current", "median_us": {"cupti": 40.627199999999874}}
{"case_id": 8, "module": "submissions/nsa133.py", "seed": 563, "mode": "current", "median_us": {"cupti": 40.42496000000005}}
2026-09-09 14:06:04  [TileLang:tilelang.cache.kernel_cache:WARNING] (kernel_cache.py:342): Found kernel 'kernel' in memory cache. For better performance, consider using `@tilelang.jit` instead of direct kernel caching.
{"case_id": 9, "module": "submissions/nsa128.py", "seed": 563, "mode": "public", "median_us": {"cupti": 39.61344000000008}}
{"case_id": 9, "module": "submissions/nsa133.py", "seed": 563, "mode": "public", "median_us": {"cupti": 39.541759999999925}}
{"case_id": 9, "module": "submissions/nsa128.py", "seed": 563, "mode": "current", "median_us": {"cupti": 39.64928000000003}}
{"case_id": 9, "module": "submissions/nsa133.py", "seed": 563, "mode": "current", "median_us": {"cupti": 39.562239999999875}}
2026-09-09 14:06:05  [TileLang:tilelang.cache.kernel_cache:WARNING] (kernel_cache.py:342): Found kernel 'gather_kernel' in memory cache. For better performance, consider using `@tilelang.jit` instead of direct kernel caching.
{"case_id": 10, "module": "submissions/nsa128.py", "seed": 563, "mode": "public", "median_us": {"cupti": 7.103999999999996}}
{"case_id": 10, "module": "submissions/nsa133.py", "seed": 563, "mode": "public", "median_us": {"cupti": 7.083519999999972}}
{"case_id": 10, "module": "submissions/nsa128.py", "seed": 563, "mode": "current", "median_us": {"cupti": 7.02464}}
{"case_id": 10, "module": "submissions/nsa133.py", "seed": 563, "mode": "current", "median_us": {"cupti": 7.0451199999999705}}
2026-09-09 14:06:07  [TileLang:tilelang.cache.kernel_cache:WARNING] (kernel_cache.py:342): Found kernel 'gather_kernel' in memory cache. For better performance, consider using `@tilelang.jit` instead of direct kernel caching.
2026-09-09 14:06:07  [TileLang:tilelang.cache.kernel_cache:WARNING] (kernel_cache.py:342): Found kernel 'gather_kernel' in memory cache. For better performance, consider using `@tilelang.jit` instead of direct kernel caching.
{"case_id": 11, "module": "submissions/nsa128.py", "seed": 563, "mode": "public", "median_us": {"cupti": 19.1897599999999}}
{"case_id": 11, "module": "submissions/nsa133.py", "seed": 563, "mode": "public", "median_us": {"cupti": 19.153920000000053}}
{"case_id": 11, "module": "submissions/nsa128.py", "seed": 563, "mode": "current", "median_us": {"cupti": 19.197440000000007}}
{"case_id": 11, "module": "submissions/nsa133.py", "seed": 563, "mode": "current", "median_us": {"cupti": 19.18207999999997}}
2026-09-09 14:06:08  [TileLang:tilelang.cache.kernel_cache:WARNING] (kernel_cache.py:342): Found kernel 'kernel' in memory cache. For better performance, consider using `@tilelang.jit` instead of direct kernel caching.
{"case_id": 12, "module": "submissions/nsa128.py", "seed": 563, "mode": "public", "median_us": {"cupti": 60.723200000000105}}
{"case_id": 12, "module": "submissions/nsa133.py", "seed": 563, "mode": "public", "median_us": {"cupti": 60.67967999999992}}
{"case_id": 12, "module": "submissions/nsa128.py", "seed": 563, "mode": "current", "median_us": {"cupti": 61.450240000000015}}
{"case_id": 12, "module": "submissions/nsa133.py", "seed": 563, "mode": "current", "median_us": {"cupti": 61.4988800000001}}
2026-09-09 14:06:10  [TileLang:tilelang.cache.kernel_cache:WARNING] (kernel_cache.py:342): Found kernel 'kernel' in memory cache. For better performance, consider using `@tilelang.jit` instead of direct kernel caching.
{"case_id": 13, "module": "submissions/nsa128.py", "seed": 563, "mode": "public", "median_us": {"cupti": 7.8796800000000795}}
{"case_id": 13, "module": "submissions/nsa133.py", "seed": 563, "mode": "public", "median_us": {"cupti": 7.9206400000001125}}
{"case_id": 13, "module": "submissions/nsa128.py", "seed": 563, "mode": "current", "median_us": {"cupti": 7.872000000000115}}
{"case_id": 13, "module": "submissions/nsa133.py", "seed": 563, "mode": "current", "median_us": {"cupti": 7.8822400000000385}}
2026-09-09 14:06:11  [TileLang:tilelang.cache.kernel_cache:WARNING] (kernel_cache.py:342): Found kernel 'kernel' in memory cache. For better performance, consider using `@tilelang.jit` instead of direct kernel caching.
{"case_id": 14, "module": "submissions/nsa128.py", "seed": 563, "mode": "public", "median_us": {"cupti": 15.992320000000053}}
{"case_id": 14, "module": "submissions/nsa133.py", "seed": 563, "mode": "public", "median_us": {"cupti": 16.046079999999982}}
{"case_id": 14, "module": "submissions/nsa128.py", "seed": 563, "mode": "current", "median_us": {"cupti": 15.948800000000066}}
{"case_id": 14, "module": "submissions/nsa133.py", "seed": 563, "mode": "current", "median_us": {"cupti": 15.930880000000016}}
{"stage": "complete", "script": "calibrate_oj_protocol.py"}
{"stage": "begin", "script": "dump_sources.py"}
2026-09-09 14:06:13  [TileLang:tilelang.cache.kernel_cache:WARNING] (kernel_cache.py:342): Found kernel 'kernel' in memory cache. For better performance, consider using `@tilelang.jit` instead of direct kernel caching.
{"case_id": 1, "path": "/data/nsa_codex_20260909_r1/results/sources133/nsa128_case1.cu", "sha256": "8be1153532d3a653b113379c567a72a96a75c1d248fb19b8d1edf30f99722dad"}
2026-09-09 14:06:14  [TileLang:tilelang.cache.kernel_cache:WARNING] (kernel_cache.py:342): Found kernel 'kernel' in memory cache. For better performance, consider using `@tilelang.jit` instead of direct kernel caching.
{"case_id": 2, "path": "/data/nsa_codex_20260909_r1/results/sources133/nsa128_case2.cu", "sha256": "3e070ae804c0016c2b3389bb957b4c99bb4721bb97e80885d3e0c05bdb31c5a6"}
2026-09-09 14:06:14  [TileLang:tilelang.cache.kernel_cache:WARNING] (kernel_cache.py:342): Found kernel 'kernel' in memory cache. For better performance, consider using `@tilelang.jit` instead of direct kernel caching.
{"case_id": 3, "path": "/data/nsa_codex_20260909_r1/results/sources133/nsa128_case3.cu", "sha256": "d47a724e64eaa9f48f20510271150e2c425ab9454166d8b1c588d9ab4ccea59a"}
2026-09-09 14:06:14  [TileLang:tilelang.cache.kernel_cache:WARNING] (kernel_cache.py:342): Found kernel 'kernel' in memory cache. For better performance, consider using `@tilelang.jit` instead of direct kernel caching.
{"case_id": 4, "path": "/data/nsa_codex_20260909_r1/results/sources133/nsa128_case4.cu", "sha256": "6e8715e0be11e3a0aef559f62e61976453aa647de4a81d021c44da4570139e77"}
2026-09-09 14:06:14  [TileLang:tilelang.cache.kernel_cache:WARNING] (kernel_cache.py:342): Found kernel 'kernel' in memory cache. For better performance, consider using `@tilelang.jit` instead of direct kernel caching.
{"case_id": 5, "path": "/data/nsa_codex_20260909_r1/results/sources133/nsa128_case5.cu", "sha256": "958a6c8bf7cdbd7b2ea00cc31f6982f6917dd89fe3a058ad62f220dd4a805bd1"}
2026-09-09 14:06:14  [TileLang:tilelang.cache.kernel_cache:WARNING] (kernel_cache.py:342): Found kernel 'kernel' in memory cache. For better performance, consider using `@tilelang.jit` instead of direct kernel caching.
{"case_id": 6, "path": "/data/nsa_codex_20260909_r1/results/sources133/nsa128_case6.cu", "sha256": "37e9597746b48fbc651e96ff0a322a79320827fb2c3db3ce9fb0176f8dfe6ac6"}
2026-09-09 14:06:14  [TileLang:tilelang.cache.kernel_cache:WARNING] (kernel_cache.py:342): Found kernel 'kernel' in memory cache. For better performance, consider using `@tilelang.jit` instead of direct kernel caching.
{"case_id": 7, "path": "/data/nsa_codex_20260909_r1/results/sources133/nsa128_case7.cu", "sha256": "82c5e78e02cc6f4b09a47766de694807ebd339f3371ab12047330259e227719a"}
2026-09-09 14:06:14  [TileLang:tilelang.cache.kernel_cache:WARNING] (kernel_cache.py:342): Found kernel 'kernel' in memory cache. For better performance, consider using `@tilelang.jit` instead of direct kernel caching.
{"case_id": 8, "path": "/data/nsa_codex_20260909_r1/results/sources133/nsa128_case8.cu", "sha256": "ef1d68eae46695bc8b7c7dd844f24acad64ab951b24ac37fc5729e8203b75906"}
2026-09-09 14:06:14  [TileLang:tilelang.cache.kernel_cache:WARNING] (kernel_cache.py:342): Found kernel 'kernel' in memory cache. For better performance, consider using `@tilelang.jit` instead of direct kernel caching.
{"case_id": 9, "path": "/data/nsa_codex_20260909_r1/results/sources133/nsa128_case9.cu", "sha256": "0b4e0cdd126e53e5b73dc2a98e71ddf586fcc2faf6371f0184240e7feca575ec"}
2026-09-09 14:06:15  [TileLang:tilelang.cache.kernel_cache:WARNING] (kernel_cache.py:342): Found kernel 'gather_kernel' in memory cache. For better performance, consider using `@tilelang.jit` instead of direct kernel caching.
{"case_id": 10, "path": "/data/nsa_codex_20260909_r1/results/sources133/nsa128_case10.cu", "sha256": "71a8a86de1195b264ae0aa6cf0a6176a4b78b18d3ade435b88079bd0b64d77e8"}
2026-09-09 14:06:15  [TileLang:tilelang.cache.kernel_cache:WARNING] (kernel_cache.py:342): Found kernel 'gather_kernel' in memory cache. For better performance, consider using `@tilelang.jit` instead of direct kernel caching.
{"case_id": 11, "path": "/data/nsa_codex_20260909_r1/results/sources133/nsa128_case11.cu", "sha256": "77087f5cd01a2b04c0de1cba131b116362ba697060abec2e90970ad5622e668d"}
2026-09-09 14:06:15  [TileLang:tilelang.cache.kernel_cache:WARNING] (kernel_cache.py:342): Found kernel 'kernel' in memory cache. For better performance, consider using `@tilelang.jit` instead of direct kernel caching.
{"case_id": 12, "path": "/data/nsa_codex_20260909_r1/results/sources133/nsa128_case12.cu", "sha256": "b6617d2506adae51fa29fc7496e88058b940761b645095796df1dd496c3b3493"}
2026-09-09 14:06:15  [TileLang:tilelang.cache.kernel_cache:WARNING] (kernel_cache.py:342): Found kernel 'kernel' in memory cache. For better performance, consider using `@tilelang.jit` instead of direct kernel caching.
{"case_id": 13, "path": "/data/nsa_codex_20260909_r1/results/sources133/nsa128_case13.cu", "sha256": "fce0aa492fb667f9a796b2557061acebece556cd24d4b23ace2fd6afe5317876"}
2026-09-09 14:06:15  [TileLang:tilelang.cache.kernel_cache:WARNING] (kernel_cache.py:342): Found kernel 'kernel' in memory cache. For better performance, consider using `@tilelang.jit` instead of direct kernel caching.
{"case_id": 14, "path": "/data/nsa_codex_20260909_r1/results/sources133/nsa128_case14.cu", "sha256": "184c13c40faceb865fb2837388d6f947055a66a77766edae871160c2add1771e"}
2026-09-09 14:06:16  [TileLang:tilelang.cache.kernel_cache:WARNING] (kernel_cache.py:342): Found kernel 'kernel' in memory cache. For better performance, consider using `@tilelang.jit` instead of direct kernel caching.
{"case_id": 1, "path": "/data/nsa_codex_20260909_r1/results/sources133/nsa133_case1.cu", "sha256": "8be1153532d3a653b113379c567a72a96a75c1d248fb19b8d1edf30f99722dad"}
2026-09-09 14:06:17  [TileLang:tilelang.cache.kernel_cache:WARNING] (kernel_cache.py:342): Found kernel 'kernel' in memory cache. For better performance, consider using `@tilelang.jit` instead of direct kernel caching.
{"case_id": 2, "path": "/data/nsa_codex_20260909_r1/results/sources133/nsa133_case2.cu", "sha256": "3e070ae804c0016c2b3389bb957b4c99bb4721bb97e80885d3e0c05bdb31c5a6"}
2026-09-09 14:06:17  [TileLang:tilelang.cache.kernel_cache:WARNING] (kernel_cache.py:342): Found kernel 'kernel' in memory cache. For better performance, consider using `@tilelang.jit` instead of direct kernel caching.
{"case_id": 3, "path": "/data/nsa_codex_20260909_r1/results/sources133/nsa133_case3.cu", "sha256": "d47a724e64eaa9f48f20510271150e2c425ab9454166d8b1c588d9ab4ccea59a"}
2026-09-09 14:06:17  [TileLang:tilelang.cache.kernel_cache:WARNING] (kernel_cache.py:342): Found kernel 'kernel' in memory cache. For better performance, consider using `@tilelang.jit` instead of direct kernel caching.
{"case_id": 4, "path": "/data/nsa_codex_20260909_r1/results/sources133/nsa133_case4.cu", "sha256": "6e8715e0be11e3a0aef559f62e61976453aa647de4a81d021c44da4570139e77"}
2026-09-09 14:06:17  [TileLang:tilelang.cache.kernel_cache:WARNING] (kernel_cache.py:342): Found kernel 'kernel' in memory cache. For better performance, consider using `@tilelang.jit` instead of direct kernel caching.
{"case_id": 5, "path": "/data/nsa_codex_20260909_r1/results/sources133/nsa133_case5.cu", "sha256": "958a6c8bf7cdbd7b2ea00cc31f6982f6917dd89fe3a058ad62f220dd4a805bd1"}
2026-09-09 14:06:17  [TileLang:tilelang.cache.kernel_cache:WARNING] (kernel_cache.py:342): Found kernel 'kernel' in memory cache. For better performance, consider using `@tilelang.jit` instead of direct kernel caching.
{"case_id": 6, "path": "/data/nsa_codex_20260909_r1/results/sources133/nsa133_case6.cu", "sha256": "de4ef4a9c8cd46bad42f100acc9eb90e5a581af56715a9362c0bb04d5fd3f830"}
2026-09-09 14:06:17  [TileLang:tilelang.cache.kernel_cache:WARNING] (kernel_cache.py:342): Found kernel 'kernel' in memory cache. For better performance, consider using `@tilelang.jit` instead of direct kernel caching.
{"case_id": 7, "path": "/data/nsa_codex_20260909_r1/results/sources133/nsa133_case7.cu", "sha256": "82c5e78e02cc6f4b09a47766de694807ebd339f3371ab12047330259e227719a"}
2026-09-09 14:06:17  [TileLang:tilelang.cache.kernel_cache:WARNING] (kernel_cache.py:342): Found kernel 'kernel' in memory cache. For better performance, consider using `@tilelang.jit` instead of direct kernel caching.
{"case_id": 8, "path": "/data/nsa_codex_20260909_r1/results/sources133/nsa133_case8.cu", "sha256": "ef1d68eae46695bc8b7c7dd844f24acad64ab951b24ac37fc5729e8203b75906"}
2026-09-09 14:06:17  [TileLang:tilelang.cache.kernel_cache:WARNING] (kernel_cache.py:342): Found kernel 'kernel' in memory cache. For better performance, consider using `@tilelang.jit` instead of direct kernel caching.
{"case_id": 9, "path": "/data/nsa_codex_20260909_r1/results/sources133/nsa133_case9.cu", "sha256": "0b4e0cdd126e53e5b73dc2a98e71ddf586fcc2faf6371f0184240e7feca575ec"}
2026-09-09 14:06:18  [TileLang:tilelang.cache.kernel_cache:WARNING] (kernel_cache.py:342): Found kernel 'gather_kernel' in memory cache. For better performance, consider using `@tilelang.jit` instead of direct kernel caching.
{"case_id": 10, "path": "/data/nsa_codex_20260909_r1/results/sources133/nsa133_case10.cu", "sha256": "71a8a86de1195b264ae0aa6cf0a6176a4b78b18d3ade435b88079bd0b64d77e8"}
2026-09-09 14:06:18  [TileLang:tilelang.cache.kernel_cache:WARNING] (kernel_cache.py:342): Found kernel 'gather_kernel' in memory cache. For better performance, consider using `@tilelang.jit` instead of direct kernel caching.
{"case_id": 11, "path": "/data/nsa_codex_20260909_r1/results/sources133/nsa133_case11.cu", "sha256": "77087f5cd01a2b04c0de1cba131b116362ba697060abec2e90970ad5622e668d"}
2026-09-09 14:06:18  [TileLang:tilelang.cache.kernel_cache:WARNING] (kernel_cache.py:342): Found kernel 'kernel' in memory cache. For better performance, consider using `@tilelang.jit` instead of direct kernel caching.
{"case_id": 12, "path": "/data/nsa_codex_20260909_r1/results/sources133/nsa133_case12.cu", "sha256": "b6617d2506adae51fa29fc7496e88058b940761b645095796df1dd496c3b3493"}
2026-09-09 14:06:18  [TileLang:tilelang.cache.kernel_cache:WARNING] (kernel_cache.py:342): Found kernel 'kernel' in memory cache. For better performance, consider using `@tilelang.jit` instead of direct kernel caching.
{"case_id": 13, "path": "/data/nsa_codex_20260909_r1/results/sources133/nsa133_case13.cu", "sha256": "fce0aa492fb667f9a796b2557061acebece556cd24d4b23ace2fd6afe5317876"}
2026-09-09 14:06:18  [TileLang:tilelang.cache.kernel_cache:WARNING] (kernel_cache.py:342): Found kernel 'kernel' in memory cache. For better performance, consider using `@tilelang.jit` instead of direct kernel caching.
{"case_id": 14, "path": "/data/nsa_codex_20260909_r1/results/sources133/nsa133_case14.cu", "sha256": "184c13c40faceb865fb2837388d6f947055a66a77766edae871160c2add1771e"}
{"stage": "complete", "script": "dump_sources.py"}
{"workflow": "complete", "limitation": "Local validation, not OJ score"}
