{"stage": "memory_preflight", "limit_bytes": 34359738368, "used_bytes": 57257984}
{"stage": "begin", "script": "stress_nsa127_bounds.py"}
Loading tilelang libs from dev root: /opt/tilelang-metax-v0.1.10/build
{"module": "submissions/nsa127.py", "source_sha256": "ca7e74e935cf6e2a53e1880f1d8a3cd3a43055482c95d2b8ef030f6555acbf22", "case": {"B": 4, "seq_len": 1024, "kv_heads": 1, "q_heads": 16, "dim": 64, "selected_blocks": 1, "block_size": 16, "causal": 1}, "update": 0, "seed": 683, "mismatch_count": 0, "nonfinite": 0, "max_abs": 0.001953125, "status": "PASS"}
2026-09-09 12:24:56  [TileLang:tilelang.cache.kernel_cache:WARNING] (kernel_cache.py:342): Found kernel 'kernel' in memory cache. For better performance, consider using `@tilelang.jit` instead of direct kernel caching.
{"module": "submissions/nsa123.py", "source_sha256": "dda61abf1f8031a9544f69d18a6ec3d2457392440688ff899f80bba10d24f291", "case": {"B": 4, "seq_len": 1024, "kv_heads": 1, "q_heads": 16, "dim": 64, "selected_blocks": 1, "block_size": 16, "causal": 1}, "update": 0, "seed": 683, "mismatch_count": 0, "nonfinite": 0, "max_abs": 0.001953125, "status": "PASS"}
{"module": "submissions/nsa127.py", "source_sha256": "ca7e74e935cf6e2a53e1880f1d8a3cd3a43055482c95d2b8ef030f6555acbf22", "case": {"B": 4, "seq_len": 1024, "kv_heads": 1, "q_heads": 16, "dim": 64, "selected_blocks": 1, "block_size": 16, "causal": 1}, "update": 1, "seed": 684, "mismatch_count": 0, "nonfinite": 0, "max_abs": 0.03125, "status": "PASS"}
{"module": "submissions/nsa123.py", "source_sha256": "dda61abf1f8031a9544f69d18a6ec3d2457392440688ff899f80bba10d24f291", "case": {"B": 4, "seq_len": 1024, "kv_heads": 1, "q_heads": 16, "dim": 64, "selected_blocks": 1, "block_size": 16, "causal": 1}, "update": 1, "seed": 684, "mismatch_count": 0, "nonfinite": 0, "max_abs": 0.03125, "status": "PASS"}
{"module": "submissions/nsa127.py", "source_sha256": "ca7e74e935cf6e2a53e1880f1d8a3cd3a43055482c95d2b8ef030f6555acbf22", "case": {"B": 4, "seq_len": 1024, "kv_heads": 1, "q_heads": 16, "dim": 64, "selected_blocks": 1, "block_size": 16, "causal": 1}, "update": 2, "seed": 685, "mismatch_count": 0, "nonfinite": 0, "max_abs": 1.7821788787841797e-05, "status": "PASS"}
{"module": "submissions/nsa123.py", "source_sha256": "dda61abf1f8031a9544f69d18a6ec3d2457392440688ff899f80bba10d24f291", "case": {"B": 4, "seq_len": 1024, "kv_heads": 1, "q_heads": 16, "dim": 64, "selected_blocks": 1, "block_size": 16, "causal": 1}, "update": 2, "seed": 685, "mismatch_count": 0, "nonfinite": 0, "max_abs": 1.7821788787841797e-05, "status": "PASS"}
{"module": "submissions/nsa127.py", "source_sha256": "ca7e74e935cf6e2a53e1880f1d8a3cd3a43055482c95d2b8ef030f6555acbf22", "case": {"B": 4, "seq_len": 1008, "kv_heads": 1, "q_heads": 16, "dim": 64, "selected_blocks": 1, "block_size": 16, "causal": 1}, "update": 0, "seed": 683, "mismatch_count": 0, "nonfinite": 0, "max_abs": 0.001953125, "status": "PASS"}
{"module": "submissions/nsa123.py", "source_sha256": "dda61abf1f8031a9544f69d18a6ec3d2457392440688ff899f80bba10d24f291", "case": {"B": 4, "seq_len": 1008, "kv_heads": 1, "q_heads": 16, "dim": 64, "selected_blocks": 1, "block_size": 16, "causal": 1}, "update": 0, "seed": 683, "mismatch_count": 0, "nonfinite": 0, "max_abs": 0.001953125, "status": "PASS"}
{"module": "submissions/nsa127.py", "source_sha256": "ca7e74e935cf6e2a53e1880f1d8a3cd3a43055482c95d2b8ef030f6555acbf22", "case": {"B": 4, "seq_len": 1008, "kv_heads": 1, "q_heads": 16, "dim": 64, "selected_blocks": 1, "block_size": 16, "causal": 1}, "update": 1, "seed": 684, "mismatch_count": 0, "nonfinite": 0, "max_abs": 0.03125, "status": "PASS"}
{"module": "submissions/nsa123.py", "source_sha256": "dda61abf1f8031a9544f69d18a6ec3d2457392440688ff899f80bba10d24f291", "case": {"B": 4, "seq_len": 1008, "kv_heads": 1, "q_heads": 16, "dim": 64, "selected_blocks": 1, "block_size": 16, "causal": 1}, "update": 1, "seed": 684, "mismatch_count": 0, "nonfinite": 0, "max_abs": 0.03125, "status": "PASS"}
{"module": "submissions/nsa127.py", "source_sha256": "ca7e74e935cf6e2a53e1880f1d8a3cd3a43055482c95d2b8ef030f6555acbf22", "case": {"B": 4, "seq_len": 1008, "kv_heads": 1, "q_heads": 16, "dim": 64, "selected_blocks": 1, "block_size": 16, "causal": 1}, "update": 2, "seed": 685, "mismatch_count": 0, "nonfinite": 0, "max_abs": 1.7821788787841797e-05, "status": "PASS"}
{"module": "submissions/nsa123.py", "source_sha256": "dda61abf1f8031a9544f69d18a6ec3d2457392440688ff899f80bba10d24f291", "case": {"B": 4, "seq_len": 1008, "kv_heads": 1, "q_heads": 16, "dim": 64, "selected_blocks": 1, "block_size": 16, "causal": 1}, "update": 2, "seed": 685, "mismatch_count": 0, "nonfinite": 0, "max_abs": 1.7821788787841797e-05, "status": "PASS"}
{"module": "submissions/nsa127.py", "source_sha256": "ca7e74e935cf6e2a53e1880f1d8a3cd3a43055482c95d2b8ef030f6555acbf22", "case": {"B": 4, "seq_len": 1040, "kv_heads": 1, "q_heads": 16, "dim": 64, "selected_blocks": 1, "block_size": 16, "causal": 1}, "update": 0, "seed": 683, "mismatch_count": 0, "nonfinite": 0, "max_abs": 0.001953125, "status": "PASS"}
2026-09-09 12:24:56  [TileLang:tilelang.cache.kernel_cache:WARNING] (kernel_cache.py:342): Found kernel 'kernel' in memory cache. For better performance, consider using `@tilelang.jit` instead of direct kernel caching.
{"module": "submissions/nsa123.py", "source_sha256": "dda61abf1f8031a9544f69d18a6ec3d2457392440688ff899f80bba10d24f291", "case": {"B": 4, "seq_len": 1040, "kv_heads": 1, "q_heads": 16, "dim": 64, "selected_blocks": 1, "block_size": 16, "causal": 1}, "update": 0, "seed": 683, "mismatch_count": 0, "nonfinite": 0, "max_abs": 0.001953125, "status": "PASS"}
{"module": "submissions/nsa127.py", "source_sha256": "ca7e74e935cf6e2a53e1880f1d8a3cd3a43055482c95d2b8ef030f6555acbf22", "case": {"B": 4, "seq_len": 1040, "kv_heads": 1, "q_heads": 16, "dim": 64, "selected_blocks": 1, "block_size": 16, "causal": 1}, "update": 1, "seed": 684, "mismatch_count": 0, "nonfinite": 0, "max_abs": 0.03125, "status": "PASS"}
{"module": "submissions/nsa123.py", "source_sha256": "dda61abf1f8031a9544f69d18a6ec3d2457392440688ff899f80bba10d24f291", "case": {"B": 4, "seq_len": 1040, "kv_heads": 1, "q_heads": 16, "dim": 64, "selected_blocks": 1, "block_size": 16, "causal": 1}, "update": 1, "seed": 684, "mismatch_count": 0, "nonfinite": 0, "max_abs": 0.03125, "status": "PASS"}
{"module": "submissions/nsa127.py", "source_sha256": "ca7e74e935cf6e2a53e1880f1d8a3cd3a43055482c95d2b8ef030f6555acbf22", "case": {"B": 4, "seq_len": 1040, "kv_heads": 1, "q_heads": 16, "dim": 64, "selected_blocks": 1, "block_size": 16, "causal": 1}, "update": 2, "seed": 685, "mismatch_count": 0, "nonfinite": 0, "max_abs": 1.7821788787841797e-05, "status": "PASS"}
{"module": "submissions/nsa123.py", "source_sha256": "dda61abf1f8031a9544f69d18a6ec3d2457392440688ff899f80bba10d24f291", "case": {"B": 4, "seq_len": 1040, "kv_heads": 1, "q_heads": 16, "dim": 64, "selected_blocks": 1, "block_size": 16, "causal": 1}, "update": 2, "seed": 685, "mismatch_count": 0, "nonfinite": 0, "max_abs": 1.7821788787841797e-05, "status": "PASS"}
{"module": "submissions/nsa127.py", "source_sha256": "ca7e74e935cf6e2a53e1880f1d8a3cd3a43055482c95d2b8ef030f6555acbf22", "case": {"B": 4, "seq_len": 1025, "kv_heads": 1, "q_heads": 16, "dim": 64, "selected_blocks": 1, "block_size": 16, "causal": 1}, "update": 0, "seed": 683, "mismatch_count": 0, "nonfinite": 0, "max_abs": 0.001953125, "status": "PASS"}
2026-09-09 12:24:56  [TileLang:tilelang.cache.kernel_cache:WARNING] (kernel_cache.py:342): Found kernel 'kernel' in memory cache. For better performance, consider using `@tilelang.jit` instead of direct kernel caching.
{"module": "submissions/nsa123.py", "source_sha256": "dda61abf1f8031a9544f69d18a6ec3d2457392440688ff899f80bba10d24f291", "case": {"B": 4, "seq_len": 1025, "kv_heads": 1, "q_heads": 16, "dim": 64, "selected_blocks": 1, "block_size": 16, "causal": 1}, "update": 0, "seed": 683, "mismatch_count": 0, "nonfinite": 0, "max_abs": 0.001953125, "status": "PASS"}
{"module": "submissions/nsa127.py", "source_sha256": "ca7e74e935cf6e2a53e1880f1d8a3cd3a43055482c95d2b8ef030f6555acbf22", "case": {"B": 4, "seq_len": 1025, "kv_heads": 1, "q_heads": 16, "dim": 64, "selected_blocks": 1, "block_size": 16, "causal": 1}, "update": 1, "seed": 684, "mismatch_count": 0, "nonfinite": 0, "max_abs": 0.03125, "status": "PASS"}
{"module": "submissions/nsa123.py", "source_sha256": "dda61abf1f8031a9544f69d18a6ec3d2457392440688ff899f80bba10d24f291", "case": {"B": 4, "seq_len": 1025, "kv_heads": 1, "q_heads": 16, "dim": 64, "selected_blocks": 1, "block_size": 16, "causal": 1}, "update": 1, "seed": 684, "mismatch_count": 0, "nonfinite": 0, "max_abs": 0.03125, "status": "PASS"}
{"module": "submissions/nsa127.py", "source_sha256": "ca7e74e935cf6e2a53e1880f1d8a3cd3a43055482c95d2b8ef030f6555acbf22", "case": {"B": 4, "seq_len": 1025, "kv_heads": 1, "q_heads": 16, "dim": 64, "selected_blocks": 1, "block_size": 16, "causal": 1}, "update": 2, "seed": 685, "mismatch_count": 0, "nonfinite": 0, "max_abs": 1.7821788787841797e-05, "status": "PASS"}
{"module": "submissions/nsa123.py", "source_sha256": "dda61abf1f8031a9544f69d18a6ec3d2457392440688ff899f80bba10d24f291", "case": {"B": 4, "seq_len": 1025, "kv_heads": 1, "q_heads": 16, "dim": 64, "selected_blocks": 1, "block_size": 16, "causal": 1}, "update": 2, "seed": 685, "mismatch_count": 0, "nonfinite": 0, "max_abs": 1.7821788787841797e-05, "status": "PASS"}
{"module": "submissions/nsa127.py", "source_sha256": "ca7e74e935cf6e2a53e1880f1d8a3cd3a43055482c95d2b8ef030f6555acbf22", "case": {"B": 1, "seq_len": 2048, "kv_heads": 2, "q_heads": 32, "dim": 64, "selected_blocks": 1, "block_size": 16, "causal": 1}, "update": 0, "seed": 683, "mismatch_count": 0, "nonfinite": 0, "max_abs": 0.001953125, "status": "PASS"}
2026-09-09 12:24:57  [TileLang:tilelang.cache.kernel_cache:WARNING] (kernel_cache.py:342): Found kernel 'kernel' in memory cache. For better performance, consider using `@tilelang.jit` instead of direct kernel caching.
{"module": "submissions/nsa123.py", "source_sha256": "dda61abf1f8031a9544f69d18a6ec3d2457392440688ff899f80bba10d24f291", "case": {"B": 1, "seq_len": 2048, "kv_heads": 2, "q_heads": 32, "dim": 64, "selected_blocks": 1, "block_size": 16, "causal": 1}, "update": 0, "seed": 683, "mismatch_count": 0, "nonfinite": 0, "max_abs": 0.001953125, "status": "PASS"}
{"module": "submissions/nsa127.py", "source_sha256": "ca7e74e935cf6e2a53e1880f1d8a3cd3a43055482c95d2b8ef030f6555acbf22", "case": {"B": 1, "seq_len": 2048, "kv_heads": 2, "q_heads": 32, "dim": 64, "selected_blocks": 1, "block_size": 16, "causal": 1}, "update": 1, "seed": 684, "mismatch_count": 0, "nonfinite": 0, "max_abs": 0.03125, "status": "PASS"}
{"module": "submissions/nsa123.py", "source_sha256": "dda61abf1f8031a9544f69d18a6ec3d2457392440688ff899f80bba10d24f291", "case": {"B": 1, "seq_len": 2048, "kv_heads": 2, "q_heads": 32, "dim": 64, "selected_blocks": 1, "block_size": 16, "causal": 1}, "update": 1, "seed": 684, "mismatch_count": 0, "nonfinite": 0, "max_abs": 0.03125, "status": "PASS"}
{"module": "submissions/nsa127.py", "source_sha256": "ca7e74e935cf6e2a53e1880f1d8a3cd3a43055482c95d2b8ef030f6555acbf22", "case": {"B": 1, "seq_len": 2048, "kv_heads": 2, "q_heads": 32, "dim": 64, "selected_blocks": 1, "block_size": 16, "causal": 1}, "update": 2, "seed": 685, "mismatch_count": 0, "nonfinite": 0, "max_abs": 1.7821788787841797e-05, "status": "PASS"}
{"module": "submissions/nsa123.py", "source_sha256": "dda61abf1f8031a9544f69d18a6ec3d2457392440688ff899f80bba10d24f291", "case": {"B": 1, "seq_len": 2048, "kv_heads": 2, "q_heads": 32, "dim": 64, "selected_blocks": 1, "block_size": 16, "causal": 1}, "update": 2, "seed": 685, "mismatch_count": 0, "nonfinite": 0, "max_abs": 1.7821788787841797e-05, "status": "PASS"}
{"module": "submissions/nsa127.py", "source_sha256": "ca7e74e935cf6e2a53e1880f1d8a3cd3a43055482c95d2b8ef030f6555acbf22", "case": {"B": 1, "seq_len": 4096, "kv_heads": 1, "q_heads": 16, "dim": 64, "selected_blocks": 1, "block_size": 16, "causal": 1}, "update": 0, "seed": 683, "mismatch_count": 0, "nonfinite": 0, "max_abs": 0.001953125, "status": "PASS"}
{"module": "submissions/nsa123.py", "source_sha256": "dda61abf1f8031a9544f69d18a6ec3d2457392440688ff899f80bba10d24f291", "case": {"B": 1, "seq_len": 4096, "kv_heads": 1, "q_heads": 16, "dim": 64, "selected_blocks": 1, "block_size": 16, "causal": 1}, "update": 0, "seed": 683, "mismatch_count": 0, "nonfinite": 0, "max_abs": 0.001953125, "status": "PASS"}
{"module": "submissions/nsa127.py", "source_sha256": "ca7e74e935cf6e2a53e1880f1d8a3cd3a43055482c95d2b8ef030f6555acbf22", "case": {"B": 1, "seq_len": 4096, "kv_heads": 1, "q_heads": 16, "dim": 64, "selected_blocks": 1, "block_size": 16, "causal": 1}, "update": 1, "seed": 684, "mismatch_count": 0, "nonfinite": 0, "max_abs": 0.03125, "status": "PASS"}
{"module": "submissions/nsa123.py", "source_sha256": "dda61abf1f8031a9544f69d18a6ec3d2457392440688ff899f80bba10d24f291", "case": {"B": 1, "seq_len": 4096, "kv_heads": 1, "q_heads": 16, "dim": 64, "selected_blocks": 1, "block_size": 16, "causal": 1}, "update": 1, "seed": 684, "mismatch_count": 0, "nonfinite": 0, "max_abs": 0.03125, "status": "PASS"}
{"module": "submissions/nsa127.py", "source_sha256": "ca7e74e935cf6e2a53e1880f1d8a3cd3a43055482c95d2b8ef030f6555acbf22", "case": {"B": 1, "seq_len": 4096, "kv_heads": 1, "q_heads": 16, "dim": 64, "selected_blocks": 1, "block_size": 16, "causal": 1}, "update": 2, "seed": 685, "mismatch_count": 0, "nonfinite": 0, "max_abs": 1.7821788787841797e-05, "status": "PASS"}
{"module": "submissions/nsa123.py", "source_sha256": "dda61abf1f8031a9544f69d18a6ec3d2457392440688ff899f80bba10d24f291", "case": {"B": 1, "seq_len": 4096, "kv_heads": 1, "q_heads": 16, "dim": 64, "selected_blocks": 1, "block_size": 16, "causal": 1}, "update": 2, "seed": 685, "mismatch_count": 0, "nonfinite": 0, "max_abs": 1.7821788787841797e-05, "status": "PASS"}
{"module": "submissions/nsa127.py", "source_sha256": "ca7e74e935cf6e2a53e1880f1d8a3cd3a43055482c95d2b8ef030f6555acbf22", "case": {"B": 2, "seq_len": 4096, "kv_heads": 1, "q_heads": 16, "dim": 64, "selected_blocks": 1, "block_size": 16, "causal": 1}, "update": 0, "seed": 683, "mismatch_count": 0, "nonfinite": 0, "max_abs": 0.001953125, "status": "PASS"}
2026-09-09 12:24:57  [TileLang:tilelang.cache.kernel_cache:WARNING] (kernel_cache.py:342): Found kernel 'kernel' in memory cache. For better performance, consider using `@tilelang.jit` instead of direct kernel caching.
{"module": "submissions/nsa123.py", "source_sha256": "dda61abf1f8031a9544f69d18a6ec3d2457392440688ff899f80bba10d24f291", "case": {"B": 2, "seq_len": 4096, "kv_heads": 1, "q_heads": 16, "dim": 64, "selected_blocks": 1, "block_size": 16, "causal": 1}, "update": 0, "seed": 683, "mismatch_count": 0, "nonfinite": 0, "max_abs": 0.001953125, "status": "PASS"}
{"module": "submissions/nsa127.py", "source_sha256": "ca7e74e935cf6e2a53e1880f1d8a3cd3a43055482c95d2b8ef030f6555acbf22", "case": {"B": 2, "seq_len": 4096, "kv_heads": 1, "q_heads": 16, "dim": 64, "selected_blocks": 1, "block_size": 16, "causal": 1}, "update": 1, "seed": 684, "mismatch_count": 0, "nonfinite": 0, "max_abs": 0.03125, "status": "PASS"}
{"module": "submissions/nsa123.py", "source_sha256": "dda61abf1f8031a9544f69d18a6ec3d2457392440688ff899f80bba10d24f291", "case": {"B": 2, "seq_len": 4096, "kv_heads": 1, "q_heads": 16, "dim": 64, "selected_blocks": 1, "block_size": 16, "causal": 1}, "update": 1, "seed": 684, "mismatch_count": 0, "nonfinite": 0, "max_abs": 0.03125, "status": "PASS"}
{"module": "submissions/nsa127.py", "source_sha256": "ca7e74e935cf6e2a53e1880f1d8a3cd3a43055482c95d2b8ef030f6555acbf22", "case": {"B": 2, "seq_len": 4096, "kv_heads": 1, "q_heads": 16, "dim": 64, "selected_blocks": 1, "block_size": 16, "causal": 1}, "update": 2, "seed": 685, "mismatch_count": 0, "nonfinite": 0, "max_abs": 1.7821788787841797e-05, "status": "PASS"}
{"module": "submissions/nsa123.py", "source_sha256": "dda61abf1f8031a9544f69d18a6ec3d2457392440688ff899f80bba10d24f291", "case": {"B": 2, "seq_len": 4096, "kv_heads": 1, "q_heads": 16, "dim": 64, "selected_blocks": 1, "block_size": 16, "causal": 1}, "update": 2, "seed": 685, "mismatch_count": 0, "nonfinite": 0, "max_abs": 1.7821788787841797e-05, "status": "PASS"}
{"module": "submissions/nsa127.py", "source_sha256": "ca7e74e935cf6e2a53e1880f1d8a3cd3a43055482c95d2b8ef030f6555acbf22", "case": {"B": 1, "seq_len": 8192, "kv_heads": 1, "q_heads": 16, "dim": 64, "selected_blocks": 1, "block_size": 16, "causal": 1}, "update": 0, "seed": 683, "mismatch_count": 0, "nonfinite": 0, "max_abs": 0.001953125, "status": "PASS"}
{"module": "submissions/nsa123.py", "source_sha256": "dda61abf1f8031a9544f69d18a6ec3d2457392440688ff899f80bba10d24f291", "case": {"B": 1, "seq_len": 8192, "kv_heads": 1, "q_heads": 16, "dim": 64, "selected_blocks": 1, "block_size": 16, "causal": 1}, "update": 0, "seed": 683, "mismatch_count": 0, "nonfinite": 0, "max_abs": 0.001953125, "status": "PASS"}
{"module": "submissions/nsa127.py", "source_sha256": "ca7e74e935cf6e2a53e1880f1d8a3cd3a43055482c95d2b8ef030f6555acbf22", "case": {"B": 1, "seq_len": 8192, "kv_heads": 1, "q_heads": 16, "dim": 64, "selected_blocks": 1, "block_size": 16, "causal": 1}, "update": 1, "seed": 684, "mismatch_count": 0, "nonfinite": 0, "max_abs": 0.03125, "status": "PASS"}
{"module": "submissions/nsa123.py", "source_sha256": "dda61abf1f8031a9544f69d18a6ec3d2457392440688ff899f80bba10d24f291", "case": {"B": 1, "seq_len": 8192, "kv_heads": 1, "q_heads": 16, "dim": 64, "selected_blocks": 1, "block_size": 16, "causal": 1}, "update": 1, "seed": 684, "mismatch_count": 0, "nonfinite": 0, "max_abs": 0.03125, "status": "PASS"}
{"module": "submissions/nsa127.py", "source_sha256": "ca7e74e935cf6e2a53e1880f1d8a3cd3a43055482c95d2b8ef030f6555acbf22", "case": {"B": 1, "seq_len": 8192, "kv_heads": 1, "q_heads": 16, "dim": 64, "selected_blocks": 1, "block_size": 16, "causal": 1}, "update": 2, "seed": 685, "mismatch_count": 0, "nonfinite": 0, "max_abs": 1.7821788787841797e-05, "status": "PASS"}
{"module": "submissions/nsa123.py", "source_sha256": "dda61abf1f8031a9544f69d18a6ec3d2457392440688ff899f80bba10d24f291", "case": {"B": 1, "seq_len": 8192, "kv_heads": 1, "q_heads": 16, "dim": 64, "selected_blocks": 1, "block_size": 16, "causal": 1}, "update": 2, "seed": 685, "mismatch_count": 0, "nonfinite": 0, "max_abs": 1.7821788787841797e-05, "status": "PASS"}
{"module": "submissions/nsa127.py", "source_sha256": "ca7e74e935cf6e2a53e1880f1d8a3cd3a43055482c95d2b8ef030f6555acbf22", "case": {"B": 2, "seq_len": 512, "kv_heads": 1, "q_heads": 16, "dim": 64, "selected_blocks": 1, "block_size": 16, "causal": 1}, "update": 0, "seed": 683, "mismatch_count": 0, "nonfinite": 0, "max_abs": 0.001953125, "status": "PASS"}
{"module": "submissions/nsa123.py", "source_sha256": "dda61abf1f8031a9544f69d18a6ec3d2457392440688ff899f80bba10d24f291", "case": {"B": 2, "seq_len": 512, "kv_heads": 1, "q_heads": 16, "dim": 64, "selected_blocks": 1, "block_size": 16, "causal": 1}, "update": 0, "seed": 683, "mismatch_count": 0, "nonfinite": 0, "max_abs": 0.001953125, "status": "PASS"}
{"module": "submissions/nsa127.py", "source_sha256": "ca7e74e935cf6e2a53e1880f1d8a3cd3a43055482c95d2b8ef030f6555acbf22", "case": {"B": 2, "seq_len": 512, "kv_heads": 1, "q_heads": 16, "dim": 64, "selected_blocks": 1, "block_size": 16, "causal": 1}, "update": 1, "seed": 684, "mismatch_count": 0, "nonfinite": 0, "max_abs": 0.03125, "status": "PASS"}
{"module": "submissions/nsa123.py", "source_sha256": "dda61abf1f8031a9544f69d18a6ec3d2457392440688ff899f80bba10d24f291", "case": {"B": 2, "seq_len": 512, "kv_heads": 1, "q_heads": 16, "dim": 64, "selected_blocks": 1, "block_size": 16, "causal": 1}, "update": 1, "seed": 684, "mismatch_count": 0, "nonfinite": 0, "max_abs": 0.03125, "status": "PASS"}
{"module": "submissions/nsa127.py", "source_sha256": "ca7e74e935cf6e2a53e1880f1d8a3cd3a43055482c95d2b8ef030f6555acbf22", "case": {"B": 2, "seq_len": 512, "kv_heads": 1, "q_heads": 16, "dim": 64, "selected_blocks": 1, "block_size": 16, "causal": 1}, "update": 2, "seed": 685, "mismatch_count": 0, "nonfinite": 0, "max_abs": 1.7821788787841797e-05, "status": "PASS"}
{"module": "submissions/nsa123.py", "source_sha256": "dda61abf1f8031a9544f69d18a6ec3d2457392440688ff899f80bba10d24f291", "case": {"B": 2, "seq_len": 512, "kv_heads": 1, "q_heads": 16, "dim": 64, "selected_blocks": 1, "block_size": 16, "causal": 1}, "update": 2, "seed": 685, "mismatch_count": 0, "nonfinite": 0, "max_abs": 1.7821788787841797e-05, "status": "PASS"}
{"module": "submissions/nsa127.py", "source_sha256": "ca7e74e935cf6e2a53e1880f1d8a3cd3a43055482c95d2b8ef030f6555acbf22", "case": {"B": 2, "seq_len": 512, "kv_heads": 2, "q_heads": 32, "dim": 64, "selected_blocks": 1, "block_size": 16, "causal": 1}, "update": 0, "seed": 683, "mismatch_count": 0, "nonfinite": 0, "max_abs": 0.001953125, "status": "PASS"}
{"module": "submissions/nsa123.py", "source_sha256": "dda61abf1f8031a9544f69d18a6ec3d2457392440688ff899f80bba10d24f291", "case": {"B": 2, "seq_len": 512, "kv_heads": 2, "q_heads": 32, "dim": 64, "selected_blocks": 1, "block_size": 16, "causal": 1}, "update": 0, "seed": 683, "mismatch_count": 0, "nonfinite": 0, "max_abs": 0.001953125, "status": "PASS"}
{"module": "submissions/nsa127.py", "source_sha256": "ca7e74e935cf6e2a53e1880f1d8a3cd3a43055482c95d2b8ef030f6555acbf22", "case": {"B": 2, "seq_len": 512, "kv_heads": 2, "q_heads": 32, "dim": 64, "selected_blocks": 1, "block_size": 16, "causal": 1}, "update": 1, "seed": 684, "mismatch_count": 0, "nonfinite": 0, "max_abs": 0.0625, "status": "PASS"}
{"module": "submissions/nsa123.py", "source_sha256": "dda61abf1f8031a9544f69d18a6ec3d2457392440688ff899f80bba10d24f291", "case": {"B": 2, "seq_len": 512, "kv_heads": 2, "q_heads": 32, "dim": 64, "selected_blocks": 1, "block_size": 16, "causal": 1}, "update": 1, "seed": 684, "mismatch_count": 0, "nonfinite": 0, "max_abs": 0.0625, "status": "PASS"}
{"module": "submissions/nsa127.py", "source_sha256": "ca7e74e935cf6e2a53e1880f1d8a3cd3a43055482c95d2b8ef030f6555acbf22", "case": {"B": 2, "seq_len": 512, "kv_heads": 2, "q_heads": 32, "dim": 64, "selected_blocks": 1, "block_size": 16, "causal": 1}, "update": 2, "seed": 685, "mismatch_count": 0, "nonfinite": 0, "max_abs": 1.7821788787841797e-05, "status": "PASS"}
{"module": "submissions/nsa123.py", "source_sha256": "dda61abf1f8031a9544f69d18a6ec3d2457392440688ff899f80bba10d24f291", "case": {"B": 2, "seq_len": 512, "kv_heads": 2, "q_heads": 32, "dim": 64, "selected_blocks": 1, "block_size": 16, "causal": 1}, "update": 2, "seed": 685, "mismatch_count": 0, "nonfinite": 0, "max_abs": 1.7821788787841797e-05, "status": "PASS"}
2026-09-09 12:24:59  [TileLang:tilelang.jit.kernel:INFO] (kernel.py:129): TileLang begins to compile kernel `kernel` with `out_idx=None`
2026-09-09 12:25:04  [TileLang:tilelang.jit.kernel:INFO] (kernel.py:137): TileLang completes to compile kernel `kernel`
{"module": "submissions/nsa127.py", "source_sha256": "ca7e74e935cf6e2a53e1880f1d8a3cd3a43055482c95d2b8ef030f6555acbf22", "case": {"B": 4, "seq_len": 256, "kv_heads": 1, "q_heads": 16, "dim": 64, "selected_blocks": 1, "block_size": 16, "causal": 1}, "update": 0, "seed": 683, "mismatch_count": 0, "nonfinite": 0, "max_abs": 0.001953125, "status": "PASS"}
2026-09-09 12:25:05  [TileLang:tilelang.jit.kernel:INFO] (kernel.py:129): TileLang begins to compile kernel `kernel` with `out_idx=None`
2026-09-09 12:25:11  [TileLang:tilelang.jit.kernel:INFO] (kernel.py:137): TileLang completes to compile kernel `kernel`
{"module": "submissions/nsa123.py", "source_sha256": "dda61abf1f8031a9544f69d18a6ec3d2457392440688ff899f80bba10d24f291", "case": {"B": 4, "seq_len": 256, "kv_heads": 1, "q_heads": 16, "dim": 64, "selected_blocks": 1, "block_size": 16, "causal": 1}, "update": 0, "seed": 683, "mismatch_count": 0, "nonfinite": 0, "max_abs": 0.001953125, "status": "PASS"}
{"module": "submissions/nsa127.py", "source_sha256": "ca7e74e935cf6e2a53e1880f1d8a3cd3a43055482c95d2b8ef030f6555acbf22", "case": {"B": 4, "seq_len": 256, "kv_heads": 1, "q_heads": 16, "dim": 64, "selected_blocks": 1, "block_size": 16, "causal": 1}, "update": 1, "seed": 684, "mismatch_count": 0, "nonfinite": 0, "max_abs": 0.03125, "status": "PASS"}
{"module": "submissions/nsa123.py", "source_sha256": "dda61abf1f8031a9544f69d18a6ec3d2457392440688ff899f80bba10d24f291", "case": {"B": 4, "seq_len": 256, "kv_heads": 1, "q_heads": 16, "dim": 64, "selected_blocks": 1, "block_size": 16, "causal": 1}, "update": 1, "seed": 684, "mismatch_count": 0, "nonfinite": 0, "max_abs": 0.03125, "status": "PASS"}
{"module": "submissions/nsa127.py", "source_sha256": "ca7e74e935cf6e2a53e1880f1d8a3cd3a43055482c95d2b8ef030f6555acbf22", "case": {"B": 4, "seq_len": 256, "kv_heads": 1, "q_heads": 16, "dim": 64, "selected_blocks": 1, "block_size": 16, "causal": 1}, "update": 2, "seed": 685, "mismatch_count": 0, "nonfinite": 0, "max_abs": 1.7821788787841797e-05, "status": "PASS"}
{"module": "submissions/nsa123.py", "source_sha256": "dda61abf1f8031a9544f69d18a6ec3d2457392440688ff899f80bba10d24f291", "case": {"B": 4, "seq_len": 256, "kv_heads": 1, "q_heads": 16, "dim": 64, "selected_blocks": 1, "block_size": 16, "causal": 1}, "update": 2, "seed": 685, "mismatch_count": 0, "nonfinite": 0, "max_abs": 1.7821788787841797e-05, "status": "PASS"}
{"module": "submissions/nsa127.py", "source_sha256": "ca7e74e935cf6e2a53e1880f1d8a3cd3a43055482c95d2b8ef030f6555acbf22", "case": {"B": 1, "seq_len": 128, "kv_heads": 1, "q_heads": 16, "dim": 64, "selected_blocks": 1, "block_size": 16, "causal": 1}, "update": 0, "seed": 683, "mismatch_count": 0, "nonfinite": 0, "max_abs": 0.001953125, "status": "PASS"}
2026-09-09 12:25:11  [TileLang:tilelang.cache.kernel_cache:WARNING] (kernel_cache.py:342): Found kernel 'kernel' in memory cache. For better performance, consider using `@tilelang.jit` instead of direct kernel caching.
{"module": "submissions/nsa123.py", "source_sha256": "dda61abf1f8031a9544f69d18a6ec3d2457392440688ff899f80bba10d24f291", "case": {"B": 1, "seq_len": 128, "kv_heads": 1, "q_heads": 16, "dim": 64, "selected_blocks": 1, "block_size": 16, "causal": 1}, "update": 0, "seed": 683, "mismatch_count": 0, "nonfinite": 0, "max_abs": 0.001953125, "status": "PASS"}
{"module": "submissions/nsa127.py", "source_sha256": "ca7e74e935cf6e2a53e1880f1d8a3cd3a43055482c95d2b8ef030f6555acbf22", "case": {"B": 1, "seq_len": 128, "kv_heads": 1, "q_heads": 16, "dim": 64, "selected_blocks": 1, "block_size": 16, "causal": 1}, "update": 1, "seed": 684, "mismatch_count": 0, "nonfinite": 0, "max_abs": 0.03125, "status": "PASS"}
{"module": "submissions/nsa123.py", "source_sha256": "dda61abf1f8031a9544f69d18a6ec3d2457392440688ff899f80bba10d24f291", "case": {"B": 1, "seq_len": 128, "kv_heads": 1, "q_heads": 16, "dim": 64, "selected_blocks": 1, "block_size": 16, "causal": 1}, "update": 1, "seed": 684, "mismatch_count": 0, "nonfinite": 0, "max_abs": 0.03125, "status": "PASS"}
{"module": "submissions/nsa127.py", "source_sha256": "ca7e74e935cf6e2a53e1880f1d8a3cd3a43055482c95d2b8ef030f6555acbf22", "case": {"B": 1, "seq_len": 128, "kv_heads": 1, "q_heads": 16, "dim": 64, "selected_blocks": 1, "block_size": 16, "causal": 1}, "update": 2, "seed": 685, "mismatch_count": 0, "nonfinite": 0, "max_abs": 1.7821788787841797e-05, "status": "PASS"}
{"module": "submissions/nsa123.py", "source_sha256": "dda61abf1f8031a9544f69d18a6ec3d2457392440688ff899f80bba10d24f291", "case": {"B": 1, "seq_len": 128, "kv_heads": 1, "q_heads": 16, "dim": 64, "selected_blocks": 1, "block_size": 16, "causal": 1}, "update": 2, "seed": 685, "mismatch_count": 0, "nonfinite": 0, "max_abs": 1.7821788787841797e-05, "status": "PASS"}
{"stage": "complete", "script": "stress_nsa127_bounds.py"}
{"stage": "begin", "script": "calibrate_oj_protocol.py"}
2026-09-09 12:25:15  [TileLang:tilelang.cache.kernel_cache:WARNING] (kernel_cache.py:342): Found kernel 'kernel' in memory cache. For better performance, consider using `@tilelang.jit` instead of direct kernel caching.
2026-09-09 12:25:15  [TileLang:tilelang.cache.kernel_cache:WARNING] (kernel_cache.py:342): Found kernel 'kernel' in memory cache. For better performance, consider using `@tilelang.jit` instead of direct kernel caching.
{"case_id": 1, "module": "submissions/nsa123.py", "seed": 491, "mode": "public", "median_us": {"cupti": 4.933119999999999}}
{"case_id": 1, "module": "submissions/nsa127.py", "seed": 491, "mode": "public", "median_us": {"cupti": 4.986879999999965}}
{"case_id": 1, "module": "submissions/nsa123.py", "seed": 491, "mode": "current", "median_us": {"cupti": 4.925440000000144}}
{"case_id": 1, "module": "submissions/nsa127.py", "seed": 491, "mode": "current", "median_us": {"cupti": 4.930559999999932}}
2026-09-09 12:25:17  [TileLang:tilelang.cache.kernel_cache:WARNING] (kernel_cache.py:342): Found kernel 'kernel' in memory cache. For better performance, consider using `@tilelang.jit` instead of direct kernel caching.
2026-09-09 12:25:17  [TileLang:tilelang.cache.kernel_cache:WARNING] (kernel_cache.py:342): Found kernel 'kernel' in memory cache. For better performance, consider using `@tilelang.jit` instead of direct kernel caching.
2026-09-09 12:25:17  [TileLang:tilelang.cache.kernel_cache:WARNING] (kernel_cache.py:342): Found kernel 'kernel' in memory cache. For better performance, consider using `@tilelang.jit` instead of direct kernel caching.
{"case_id": 2, "module": "submissions/nsa123.py", "seed": 491, "mode": "public", "median_us": {"cupti": 5.936640000000061}}
{"case_id": 2, "module": "submissions/nsa127.py", "seed": 491, "mode": "public", "median_us": {"cupti": 5.972480000000051}}
{"case_id": 2, "module": "submissions/nsa123.py", "seed": 491, "mode": "current", "median_us": {"cupti": 5.90079999999989}}
{"case_id": 2, "module": "submissions/nsa127.py", "seed": 491, "mode": "current", "median_us": {"cupti": 5.9084799999999635}}
2026-09-09 12:25:18  [TileLang:tilelang.cache.kernel_cache:WARNING] (kernel_cache.py:342): Found kernel 'kernel' in memory cache. For better performance, consider using `@tilelang.jit` instead of direct kernel caching.
2026-09-09 12:25:18  [TileLang:tilelang.cache.kernel_cache:WARNING] (kernel_cache.py:342): Found kernel 'kernel' in memory cache. For better performance, consider using `@tilelang.jit` instead of direct kernel caching.
{"case_id": 3, "module": "submissions/nsa123.py", "seed": 491, "mode": "public", "median_us": {"cupti": 8.394240000000064}}
{"case_id": 3, "module": "submissions/nsa127.py", "seed": 491, "mode": "public", "median_us": {"cupti": 8.35071999999991}}
{"case_id": 3, "module": "submissions/nsa123.py", "seed": 491, "mode": "current", "median_us": {"cupti": 8.504319999999954}}
{"case_id": 3, "module": "submissions/nsa127.py", "seed": 491, "mode": "current", "median_us": {"cupti": 8.430079999999926}}
2026-09-09 12:25:19  [TileLang:tilelang.cache.kernel_cache:WARNING] (kernel_cache.py:342): Found kernel 'kernel' in memory cache. For better performance, consider using `@tilelang.jit` instead of direct kernel caching.
2026-09-09 12:25:19  [TileLang:tilelang.cache.kernel_cache:WARNING] (kernel_cache.py:342): Found kernel 'kernel' in memory cache. For better performance, consider using `@tilelang.jit` instead of direct kernel caching.
2026-09-09 12:25:20  [TileLang:tilelang.cache.kernel_cache:WARNING] (kernel_cache.py:342): Found kernel 'kernel' in memory cache. For better performance, consider using `@tilelang.jit` instead of direct kernel caching.
{"case_id": 4, "module": "submissions/nsa123.py", "seed": 491, "mode": "public", "median_us": {"cupti": 10.567680000000019}}
{"case_id": 4, "module": "submissions/nsa127.py", "seed": 491, "mode": "public", "median_us": {"cupti": 10.327039999999997}}
{"case_id": 4, "module": "submissions/nsa123.py", "seed": 491, "mode": "current", "median_us": {"cupti": 10.572799999999988}}
{"case_id": 4, "module": "submissions/nsa127.py", "seed": 491, "mode": "current", "median_us": {"cupti": 10.327039999999851}}
2026-09-09 12:25:21  [TileLang:tilelang.cache.kernel_cache:WARNING] (kernel_cache.py:342): Found kernel 'kernel' in memory cache. For better performance, consider using `@tilelang.jit` instead of direct kernel caching.
2026-09-09 12:25:21  [TileLang:tilelang.cache.kernel_cache:WARNING] (kernel_cache.py:342): Found kernel 'kernel' in memory cache. For better performance, consider using `@tilelang.jit` instead of direct kernel caching.
{"case_id": 5, "module": "submissions/nsa123.py", "seed": 491, "mode": "public", "median_us": {"cupti": 24.08191999999999}}
{"case_id": 5, "module": "submissions/nsa127.py", "seed": 491, "mode": "public", "median_us": {"cupti": 24.053759999999965}}
{"case_id": 5, "module": "submissions/nsa123.py", "seed": 491, "mode": "current", "median_us": {"cupti": 24.066559999999992}}
{"case_id": 5, "module": "submissions/nsa127.py", "seed": 491, "mode": "current", "median_us": {"cupti": 24.06400000000005}}
2026-09-09 12:25:22  [TileLang:tilelang.cache.kernel_cache:WARNING] (kernel_cache.py:342): Found kernel 'kernel' in memory cache. For better performance, consider using `@tilelang.jit` instead of direct kernel caching.
{"case_id": 6, "module": "submissions/nsa123.py", "seed": 491, "mode": "public", "median_us": {"cupti": 81.45920000000001}}
{"case_id": 6, "module": "submissions/nsa127.py", "seed": 491, "mode": "public", "median_us": {"cupti": 81.45919999999975}}
{"case_id": 6, "module": "submissions/nsa123.py", "seed": 491, "mode": "current", "median_us": {"cupti": 81.61792}}
{"case_id": 6, "module": "submissions/nsa127.py", "seed": 491, "mode": "current", "median_us": {"cupti": 81.6460799999999}}
2026-09-09 12:25:24  [TileLang:tilelang.cache.kernel_cache:WARNING] (kernel_cache.py:342): Found kernel 'kernel' in memory cache. For better performance, consider using `@tilelang.jit` instead of direct kernel caching.
2026-09-09 12:25:24  [TileLang:tilelang.cache.kernel_cache:WARNING] (kernel_cache.py:342): Found kernel 'kernel' in memory cache. For better performance, consider using `@tilelang.jit` instead of direct kernel caching.
2026-09-09 12:25:24  [TileLang:tilelang.cache.kernel_cache:WARNING] (kernel_cache.py:342): Found kernel 'kernel' in memory cache. For better performance, consider using `@tilelang.jit` instead of direct kernel caching.
{"case_id": 7, "module": "submissions/nsa123.py", "seed": 491, "mode": "public", "median_us": {"cupti": 24.642559999999882}}
{"case_id": 7, "module": "submissions/nsa127.py", "seed": 491, "mode": "public", "median_us": {"cupti": 24.002560000000067}}
{"case_id": 7, "module": "submissions/nsa123.py", "seed": 491, "mode": "current", "median_us": {"cupti": 24.668160000000064}}
{"case_id": 7, "module": "submissions/nsa127.py", "seed": 491, "mode": "current", "median_us": {"cupti": 23.976959999999963}}
2026-09-09 12:25:25  [TileLang:tilelang.cache.kernel_cache:WARNING] (kernel_cache.py:342): Found kernel 'kernel' in memory cache. For better performance, consider using `@tilelang.jit` instead of direct kernel caching.
2026-09-09 12:25:25  [TileLang:tilelang.cache.kernel_cache:WARNING] (kernel_cache.py:342): Found kernel 'kernel' in memory cache. For better performance, consider using `@tilelang.jit` instead of direct kernel caching.
{"case_id": 8, "module": "submissions/nsa123.py", "seed": 491, "mode": "public", "median_us": {"cupti": 41.136640000000114}}
{"case_id": 8, "module": "submissions/nsa127.py", "seed": 491, "mode": "public", "median_us": {"cupti": 41.1110400000001}}
{"case_id": 8, "module": "submissions/nsa123.py", "seed": 491, "mode": "current", "median_us": {"cupti": 41.04447999999986}}
{"case_id": 8, "module": "submissions/nsa127.py", "seed": 491, "mode": "current", "median_us": {"cupti": 40.95999999999985}}
2026-09-09 12:25:27  [TileLang:tilelang.cache.kernel_cache:WARNING] (kernel_cache.py:342): Found kernel 'kernel' in memory cache. For better performance, consider using `@tilelang.jit` instead of direct kernel caching.
2026-09-09 12:25:27  [TileLang:tilelang.cache.kernel_cache:WARNING] (kernel_cache.py:342): Found kernel 'kernel' in memory cache. For better performance, consider using `@tilelang.jit` instead of direct kernel caching.
2026-09-09 12:25:27  [TileLang:tilelang.cache.kernel_cache:WARNING] (kernel_cache.py:342): Found kernel 'kernel' in memory cache. For better performance, consider using `@tilelang.jit` instead of direct kernel caching.
{"case_id": 9, "module": "submissions/nsa123.py", "seed": 491, "mode": "public", "median_us": {"cupti": 40.471040000000144}}
{"case_id": 9, "module": "submissions/nsa127.py", "seed": 491, "mode": "public", "median_us": {"cupti": 39.90016000000013}}
{"case_id": 9, "module": "submissions/nsa123.py", "seed": 491, "mode": "current", "median_us": {"cupti": 40.39167999999998}}
{"case_id": 9, "module": "submissions/nsa127.py", "seed": 491, "mode": "current", "median_us": {"cupti": 39.84384000000002}}
2026-09-09 12:25:29  [TileLang:tilelang.cache.kernel_cache:WARNING] (kernel_cache.py:342): Found kernel 'gather_kernel' in memory cache. For better performance, consider using `@tilelang.jit` instead of direct kernel caching.
{"case_id": 10, "module": "submissions/nsa123.py", "seed": 491, "mode": "public", "median_us": {"cupti": 7.080960000000031}}
{"case_id": 10, "module": "submissions/nsa127.py", "seed": 491, "mode": "public", "median_us": {"cupti": 7.014400000000096}}
{"case_id": 10, "module": "submissions/nsa123.py", "seed": 491, "mode": "current", "median_us": {"cupti": 6.940160000000051}}
{"case_id": 10, "module": "submissions/nsa127.py", "seed": 491, "mode": "current", "median_us": {"cupti": 6.96063999999993}}
2026-09-09 12:25:30  [TileLang:tilelang.cache.kernel_cache:WARNING] (kernel_cache.py:342): Found kernel 'gather_kernel' in memory cache. For better performance, consider using `@tilelang.jit` instead of direct kernel caching.
2026-09-09 12:25:30  [TileLang:tilelang.cache.kernel_cache:WARNING] (kernel_cache.py:342): Found kernel 'gather_kernel' in memory cache. For better performance, consider using `@tilelang.jit` instead of direct kernel caching.
{"case_id": 11, "module": "submissions/nsa123.py", "seed": 491, "mode": "public", "median_us": {"cupti": 19.76576000000012}}
{"case_id": 11, "module": "submissions/nsa127.py", "seed": 491, "mode": "public", "median_us": {"cupti": 19.824639999999963}}
{"case_id": 11, "module": "submissions/nsa123.py", "seed": 491, "mode": "current", "median_us": {"cupti": 19.73248000000003}}
{"case_id": 11, "module": "submissions/nsa127.py", "seed": 491, "mode": "current", "median_us": {"cupti": 19.745279999999966}}
2026-09-09 12:25:31  [TileLang:tilelang.cache.kernel_cache:WARNING] (kernel_cache.py:342): Found kernel 'kernel' in memory cache. For better performance, consider using `@tilelang.jit` instead of direct kernel caching.
{"case_id": 12, "module": "submissions/nsa123.py", "seed": 491, "mode": "public", "median_us": {"cupti": 62.65599999999997}}
{"case_id": 12, "module": "submissions/nsa127.py", "seed": 491, "mode": "public", "median_us": {"cupti": 62.67392000000004}}
{"case_id": 12, "module": "submissions/nsa123.py", "seed": 491, "mode": "current", "median_us": {"cupti": 63.64928000000013}}
{"case_id": 12, "module": "submissions/nsa127.py", "seed": 491, "mode": "current", "median_us": {"cupti": 63.592959999999984}}
2026-09-09 12:25:33  [TileLang:tilelang.cache.kernel_cache:WARNING] (kernel_cache.py:342): Found kernel 'kernel' in memory cache. For better performance, consider using `@tilelang.jit` instead of direct kernel caching.
{"case_id": 13, "module": "submissions/nsa123.py", "seed": 491, "mode": "public", "median_us": {"cupti": 7.751679999999979}}
{"case_id": 13, "module": "submissions/nsa127.py", "seed": 491, "mode": "public", "median_us": {"cupti": 7.715839999999899}}
{"case_id": 13, "module": "submissions/nsa123.py", "seed": 491, "mode": "current", "median_us": {"cupti": 7.820799999999927}}
{"case_id": 13, "module": "submissions/nsa127.py", "seed": 491, "mode": "current", "median_us": {"cupti": 7.807999999999884}}
2026-09-09 12:25:34  [TileLang:tilelang.cache.kernel_cache:WARNING] (kernel_cache.py:342): Found kernel 'kernel' in memory cache. For better performance, consider using `@tilelang.jit` instead of direct kernel caching.
2026-09-09 12:25:34  [TileLang:tilelang.cache.kernel_cache:WARNING] (kernel_cache.py:342): Found kernel 'kernel' in memory cache. For better performance, consider using `@tilelang.jit` instead of direct kernel caching.
2026-09-09 12:25:34  [TileLang:tilelang.cache.kernel_cache:WARNING] (kernel_cache.py:342): Found kernel 'kernel' in memory cache. For better performance, consider using `@tilelang.jit` instead of direct kernel caching.
{"case_id": 14, "module": "submissions/nsa123.py", "seed": 491, "mode": "public", "median_us": {"cupti": 16.30720000000003}}
{"case_id": 14, "module": "submissions/nsa127.py", "seed": 491, "mode": "public", "median_us": {"cupti": 16.222720000000027}}
{"case_id": 14, "module": "submissions/nsa123.py", "seed": 491, "mode": "current", "median_us": {"cupti": 16.35840000000004}}
{"case_id": 14, "module": "submissions/nsa127.py", "seed": 491, "mode": "current", "median_us": {"cupti": 16.35840000000002}}
{"stage": "complete", "script": "calibrate_oj_protocol.py"}
{"stage": "begin", "script": "dump_sources.py"}
2026-09-09 12:25:37  [TileLang:tilelang.cache.kernel_cache:WARNING] (kernel_cache.py:342): Found kernel 'kernel' in memory cache. For better performance, consider using `@tilelang.jit` instead of direct kernel caching.
{"case_id": 4, "path": "/data/nsa_codex_20260909_r1/results/sources127_handoff/nsa123_case4.cu", "sha256": "d90d2d3e66c81f9cd39116e9607563bc4fe8428899d01cc602202e00e3085826"}
2026-09-09 12:25:37  [TileLang:tilelang.cache.kernel_cache:WARNING] (kernel_cache.py:342): Found kernel 'kernel' in memory cache. For better performance, consider using `@tilelang.jit` instead of direct kernel caching.
{"case_id": 5, "path": "/data/nsa_codex_20260909_r1/results/sources127_handoff/nsa123_case5.cu", "sha256": "958a6c8bf7cdbd7b2ea00cc31f6982f6917dd89fe3a058ad62f220dd4a805bd1"}
2026-09-09 12:25:37  [TileLang:tilelang.cache.kernel_cache:WARNING] (kernel_cache.py:342): Found kernel 'kernel' in memory cache. For better performance, consider using `@tilelang.jit` instead of direct kernel caching.
{"case_id": 7, "path": "/data/nsa_codex_20260909_r1/results/sources127_handoff/nsa123_case7.cu", "sha256": "42c01428ca7d494ba5103d14939022989351aecb08f881e3c90b92d3951ebfaa"}
2026-09-09 12:25:37  [TileLang:tilelang.cache.kernel_cache:WARNING] (kernel_cache.py:342): Found kernel 'kernel' in memory cache. For better performance, consider using `@tilelang.jit` instead of direct kernel caching.
{"case_id": 9, "path": "/data/nsa_codex_20260909_r1/results/sources127_handoff/nsa123_case9.cu", "sha256": "c2cdb1c338ba7ee31c532faec613a2cc259c80e217181282329186b0fbe19c96"}
2026-09-09 12:25:37  [TileLang:tilelang.cache.kernel_cache:WARNING] (kernel_cache.py:342): Found kernel 'kernel' in memory cache. For better performance, consider using `@tilelang.jit` instead of direct kernel caching.
{"case_id": 14, "path": "/data/nsa_codex_20260909_r1/results/sources127_handoff/nsa123_case14.cu", "sha256": "416c857358854a76e108cf3638b39ec5750f0ff9c9497b5f343f1c0724a1c26f"}
2026-09-09 12:25:38  [TileLang:tilelang.cache.kernel_cache:WARNING] (kernel_cache.py:342): Found kernel 'kernel' in memory cache. For better performance, consider using `@tilelang.jit` instead of direct kernel caching.
{"case_id": 4, "path": "/data/nsa_codex_20260909_r1/results/sources127_handoff/nsa127_case4.cu", "sha256": "6e8715e0be11e3a0aef559f62e61976453aa647de4a81d021c44da4570139e77"}
2026-09-09 12:25:39  [TileLang:tilelang.cache.kernel_cache:WARNING] (kernel_cache.py:342): Found kernel 'kernel' in memory cache. For better performance, consider using `@tilelang.jit` instead of direct kernel caching.
{"case_id": 5, "path": "/data/nsa_codex_20260909_r1/results/sources127_handoff/nsa127_case5.cu", "sha256": "958a6c8bf7cdbd7b2ea00cc31f6982f6917dd89fe3a058ad62f220dd4a805bd1"}
2026-09-09 12:25:39  [TileLang:tilelang.cache.kernel_cache:WARNING] (kernel_cache.py:342): Found kernel 'kernel' in memory cache. For better performance, consider using `@tilelang.jit` instead of direct kernel caching.
{"case_id": 7, "path": "/data/nsa_codex_20260909_r1/results/sources127_handoff/nsa127_case7.cu", "sha256": "82c5e78e02cc6f4b09a47766de694807ebd339f3371ab12047330259e227719a"}
2026-09-09 12:25:39  [TileLang:tilelang.cache.kernel_cache:WARNING] (kernel_cache.py:342): Found kernel 'kernel' in memory cache. For better performance, consider using `@tilelang.jit` instead of direct kernel caching.
{"case_id": 9, "path": "/data/nsa_codex_20260909_r1/results/sources127_handoff/nsa127_case9.cu", "sha256": "0b4e0cdd126e53e5b73dc2a98e71ddf586fcc2faf6371f0184240e7feca575ec"}
2026-09-09 12:25:39  [TileLang:tilelang.cache.kernel_cache:WARNING] (kernel_cache.py:342): Found kernel 'kernel' in memory cache. For better performance, consider using `@tilelang.jit` instead of direct kernel caching.
{"case_id": 14, "path": "/data/nsa_codex_20260909_r1/results/sources127_handoff/nsa127_case14.cu", "sha256": "184c13c40faceb865fb2837388d6f947055a66a77766edae871160c2add1771e"}
{"stage": "complete", "script": "dump_sources.py"}
{"workflow": "complete", "limitation": "Local validation, not OJ score"}
