Loading tilelang libs from dev root: /opt/tilelang-metax-v0.1.10/build
2026-09-09 07:09:39  [TileLang:tilelang.jit.kernel:INFO] (kernel.py:129): TileLang begins to compile kernel `kernel` with `out_idx=None`
2026-09-09 07:09:45  [TileLang:tilelang.jit.kernel:INFO] (kernel.py:137): TileLang completes to compile kernel `kernel`
{"case_id": 8, "module": "submissions/nsa097.py", "seed": 137, "mode": "current", "median_us": {"cupti": 40.58624000000022}}
{"case_id": 8, "module": "submissions/nsa102.py", "seed": 137, "mode": "current", "median_us": {"cupti": 52.85376000000011}}
Loading tilelang libs from dev root: /opt/tilelang-metax-v0.1.10/build
2026-09-09 07:10:25  [TileLang:tilelang.cache.kernel_cache:WARNING] (kernel_cache.py:342): Found kernel 'kernel' in memory cache. For better performance, consider using `@tilelang.jit` instead of direct kernel caching.
2026-09-09 07:10:25  [TileLang:tilelang.cache.kernel_cache:WARNING] (kernel_cache.py:342): Found kernel 'kernel' in memory cache. For better performance, consider using `@tilelang.jit` instead of direct kernel caching.
{"case_id": 1, "module": "submissions/nsa097.py", "seed": 42, "mode": "public", "median_us": {"cupti": 4.93568000000003}}
{"case_id": 1, "module": "submissions/nsa103.py", "seed": 42, "mode": "public", "median_us": {"cupti": 4.945920000000115}}
2026-09-09 07:10:27  [TileLang:tilelang.cache.kernel_cache:WARNING] (kernel_cache.py:342): Found kernel 'kernel' in memory cache. For better performance, consider using `@tilelang.jit` instead of direct kernel caching.
2026-09-09 07:10:27  [TileLang:tilelang.cache.kernel_cache:WARNING] (kernel_cache.py:342): Found kernel 'kernel' in memory cache. For better performance, consider using `@tilelang.jit` instead of direct kernel caching.
{"case_id": 2, "module": "submissions/nsa097.py", "seed": 42, "mode": "public", "median_us": {"cupti": 5.980159999999996}}
{"case_id": 2, "module": "submissions/nsa103.py", "seed": 42, "mode": "public", "median_us": {"cupti": 5.939199999999983}}
2026-09-09 07:10:28  [TileLang:tilelang.cache.kernel_cache:WARNING] (kernel_cache.py:342): Found kernel 'kernel' in memory cache. For better performance, consider using `@tilelang.jit` instead of direct kernel caching.
2026-09-09 07:10:28  [TileLang:tilelang.cache.kernel_cache:WARNING] (kernel_cache.py:342): Found kernel 'kernel' in memory cache. For better performance, consider using `@tilelang.jit` instead of direct kernel caching.
{"case_id": 3, "module": "submissions/nsa097.py", "seed": 42, "mode": "public", "median_us": {"cupti": 8.775680000000103}}
{"case_id": 3, "module": "submissions/nsa103.py", "seed": 42, "mode": "public", "median_us": {"cupti": 8.693759999999893}}
2026-09-09 07:10:29  [TileLang:tilelang.cache.kernel_cache:WARNING] (kernel_cache.py:342): Found kernel 'kernel' in memory cache. For better performance, consider using `@tilelang.jit` instead of direct kernel caching.
2026-09-09 07:10:29  [TileLang:tilelang.cache.kernel_cache:WARNING] (kernel_cache.py:342): Found kernel 'kernel' in memory cache. For better performance, consider using `@tilelang.jit` instead of direct kernel caching.
{"case_id": 4, "module": "submissions/nsa097.py", "seed": 42, "mode": "public", "median_us": {"cupti": 10.57792000000005}}
{"case_id": 4, "module": "submissions/nsa103.py", "seed": 42, "mode": "public", "median_us": {"cupti": 10.588160000000064}}
2026-09-09 07:10:30  [TileLang:tilelang.cache.kernel_cache:WARNING] (kernel_cache.py:342): Found kernel 'kernel' in memory cache. For better performance, consider using `@tilelang.jit` instead of direct kernel caching.
{"case_id": 5, "module": "submissions/nsa097.py", "seed": 42, "mode": "public", "median_us": {"cupti": 25.59487999999983}}
{"case_id": 5, "module": "submissions/nsa103.py", "seed": 42, "mode": "public", "median_us": {"cupti": 25.589759999999877}}
2026-09-09 07:10:31  [TileLang:tilelang.cache.kernel_cache:WARNING] (kernel_cache.py:342): Found kernel 'kernel' in memory cache. For better performance, consider using `@tilelang.jit` instead of direct kernel caching.
{"case_id": 6, "module": "submissions/nsa097.py", "seed": 42, "mode": "public", "median_us": {"cupti": 81.12639999999978}}
{"case_id": 6, "module": "submissions/nsa103.py", "seed": 42, "mode": "public", "median_us": {"cupti": 81.20319999999985}}
2026-09-09 07:10:32  [TileLang:tilelang.cache.kernel_cache:WARNING] (kernel_cache.py:342): Found kernel 'kernel' in memory cache. For better performance, consider using `@tilelang.jit` instead of direct kernel caching.
2026-09-09 07:10:33  [TileLang:tilelang.cache.kernel_cache:WARNING] (kernel_cache.py:342): Found kernel 'kernel' in memory cache. For better performance, consider using `@tilelang.jit` instead of direct kernel caching.
{"case_id": 7, "module": "submissions/nsa097.py", "seed": 42, "mode": "public", "median_us": {"cupti": 24.73983999999997}}
{"case_id": 7, "module": "submissions/nsa103.py", "seed": 42, "mode": "public", "median_us": {"cupti": 24.770559999999968}}
2026-09-09 07:10:34  [TileLang:tilelang.cache.kernel_cache:WARNING] (kernel_cache.py:342): Found kernel 'kernel' in memory cache. For better performance, consider using `@tilelang.jit` instead of direct kernel caching.
{"case_id": 8, "module": "submissions/nsa097.py", "seed": 42, "mode": "public", "median_us": {"cupti": 40.91392}}
{"case_id": 8, "module": "submissions/nsa103.py", "seed": 42, "mode": "public", "median_us": {"cupti": 40.94463999999975}}
2026-09-09 07:10:35  [TileLang:tilelang.cache.kernel_cache:WARNING] (kernel_cache.py:342): Found kernel 'kernel' in memory cache. For better performance, consider using `@tilelang.jit` instead of direct kernel caching.
2026-09-09 07:10:35  [TileLang:tilelang.cache.kernel_cache:WARNING] (kernel_cache.py:342): Found kernel 'kernel' in memory cache. For better performance, consider using `@tilelang.jit` instead of direct kernel caching.
{"case_id": 9, "module": "submissions/nsa097.py", "seed": 42, "mode": "public", "median_us": {"cupti": 40.46336000000014}}
{"case_id": 9, "module": "submissions/nsa103.py", "seed": 42, "mode": "public", "median_us": {"cupti": 40.48896000000011}}
2026-09-09 07:10:36  [TileLang:tilelang.cache.kernel_cache:WARNING] (kernel_cache.py:342): Found kernel 'gather_kernel' in memory cache. For better performance, consider using `@tilelang.jit` instead of direct kernel caching.
2026-09-09 07:10:36  [TileLang:tilelang.cache.kernel_cache:WARNING] (kernel_cache.py:342): Found kernel 'gather_kernel' in memory cache. For better performance, consider using `@tilelang.jit` instead of direct kernel caching.
{"case_id": 10, "module": "submissions/nsa097.py", "seed": 42, "mode": "public", "median_us": {"cupti": 7.193600000000006}}
{"case_id": 10, "module": "submissions/nsa103.py", "seed": 42, "mode": "public", "median_us": {"cupti": 7.244799999999923}}
2026-09-09 07:10:37  [TileLang:tilelang.cache.kernel_cache:WARNING] (kernel_cache.py:342): Found kernel 'gather_kernel' in memory cache. For better performance, consider using `@tilelang.jit` instead of direct kernel caching.
2026-09-09 07:10:37  [TileLang:tilelang.cache.kernel_cache:WARNING] (kernel_cache.py:342): Found kernel 'gather_kernel' in memory cache. For better performance, consider using `@tilelang.jit` instead of direct kernel caching.
{"case_id": 11, "module": "submissions/nsa097.py", "seed": 42, "mode": "public", "median_us": {"cupti": 19.302400000000087}}
{"case_id": 11, "module": "submissions/nsa103.py", "seed": 42, "mode": "public", "median_us": {"cupti": 19.256319999999906}}
2026-09-09 07:10:38  [TileLang:tilelang.cache.kernel_cache:WARNING] (kernel_cache.py:342): Found kernel 'kernel' in memory cache. For better performance, consider using `@tilelang.jit` instead of direct kernel caching.
{"case_id": 12, "module": "submissions/nsa097.py", "seed": 42, "mode": "public", "median_us": {"cupti": 62.73023999999998}}
{"case_id": 12, "module": "submissions/nsa103.py", "seed": 42, "mode": "public", "median_us": {"cupti": 62.73023999999991}}
2026-09-09 07:10:39  [TileLang:tilelang.cache.kernel_cache:WARNING] (kernel_cache.py:342): Found kernel 'kernel' in memory cache. For better performance, consider using `@tilelang.jit` instead of direct kernel caching.
{"case_id": 13, "module": "submissions/nsa097.py", "seed": 42, "mode": "public", "median_us": {"cupti": 7.997439999999988}}
{"case_id": 13, "module": "submissions/nsa103.py", "seed": 42, "mode": "public", "median_us": {"cupti": 7.82335999999992}}
2026-09-09 07:10:40  [TileLang:tilelang.cache.kernel_cache:WARNING] (kernel_cache.py:342): Found kernel 'kernel' in memory cache. For better performance, consider using `@tilelang.jit` instead of direct kernel caching.
2026-09-09 07:10:40  [TileLang:tilelang.cache.kernel_cache:WARNING] (kernel_cache.py:342): Found kernel 'kernel' in memory cache. For better performance, consider using `@tilelang.jit` instead of direct kernel caching.
{"case_id": 14, "module": "submissions/nsa097.py", "seed": 42, "mode": "public", "median_us": {"cupti": 16.38911999999989}}
{"case_id": 14, "module": "submissions/nsa103.py", "seed": 42, "mode": "public", "median_us": {"cupti": 16.44543999999987}}
