Loading tilelang libs from dev root: /opt/tilelang-metax-v0.1.10/build
2026-09-09 10:46:41  [TileLang:tilelang.jit.kernel:INFO] (kernel.py:129): TileLang begins to compile kernel `kernel` with `out_idx=None`
2026-09-09 10:46:48  [TileLang:tilelang.jit.kernel:INFO] (kernel.py:137): TileLang completes to compile kernel `kernel`
{"case_id": 5, "module": "submissions/nsa109.py", "seed": 449, "mode": "public", "median_us": {"cupti": 25.553920000000108}}
{"case_id": 5, "module": "submissions/nsa122.py", "seed": 449, "mode": "public", "median_us": {"cupti": 24.11519999999997}}
{"case_id": 5, "module": "submissions/nsa109.py", "seed": 449, "mode": "current", "median_us": {"cupti": 25.446400000000068}}
{"case_id": 5, "module": "submissions/nsa122.py", "seed": 449, "mode": "current", "median_us": {"cupti": 24.120320000000063}}
2026-09-09 10:46:50  [TileLang:tilelang.jit.kernel:INFO] (kernel.py:129): TileLang begins to compile kernel `kernel` with `out_idx=None`
2026-09-09 10:46:56  [TileLang:tilelang.jit.kernel:INFO] (kernel.py:137): TileLang completes to compile kernel `kernel`
2026-09-09 10:46:56  [TileLang:tilelang.cache.kernel_cache:WARNING] (kernel_cache.py:342): Found kernel 'kernel' in memory cache. For better performance, consider using `@tilelang.jit` instead of direct kernel caching.
{"case_id": 7, "module": "submissions/nsa109.py", "seed": 449, "mode": "public", "median_us": {"cupti": 24.750079999999798}}
{"case_id": 7, "module": "submissions/nsa122.py", "seed": 449, "mode": "public", "median_us": {"cupti": 24.995839999999955}}
{"case_id": 7, "module": "submissions/nsa109.py", "seed": 449, "mode": "current", "median_us": {"cupti": 24.775679999999884}}
{"case_id": 7, "module": "submissions/nsa122.py", "seed": 449, "mode": "current", "median_us": {"cupti": 25.006080000000185}}
2026-09-09 10:46:58  [TileLang:tilelang.jit.kernel:INFO] (kernel.py:129): TileLang begins to compile kernel `kernel` with `out_idx=None`
2026-09-09 10:47:04  [TileLang:tilelang.jit.kernel:INFO] (kernel.py:137): TileLang completes to compile kernel `kernel`
{"case_id": 8, "module": "submissions/nsa109.py", "seed": 449, "mode": "public", "median_us": {"cupti": 40.893439999999934}}
{"case_id": 8, "module": "submissions/nsa122.py", "seed": 449, "mode": "public", "median_us": {"cupti": 40.75519999999993}}
{"case_id": 8, "module": "submissions/nsa109.py", "seed": 449, "mode": "current", "median_us": {"cupti": 40.71936000000005}}
{"case_id": 8, "module": "submissions/nsa122.py", "seed": 449, "mode": "current", "median_us": {"cupti": 40.570879999999995}}
2026-09-09 10:47:06  [TileLang:tilelang.jit.kernel:INFO] (kernel.py:129): TileLang begins to compile kernel `kernel` with `out_idx=None`
2026-09-09 10:47:12  [TileLang:tilelang.jit.kernel:INFO] (kernel.py:137): TileLang completes to compile kernel `kernel`
2026-09-09 10:47:12  [TileLang:tilelang.cache.kernel_cache:WARNING] (kernel_cache.py:342): Found kernel 'kernel' in memory cache. For better performance, consider using `@tilelang.jit` instead of direct kernel caching.
{"case_id": 9, "module": "submissions/nsa109.py", "seed": 449, "mode": "public", "median_us": {"cupti": 40.555519999999966}}
{"case_id": 9, "module": "submissions/nsa122.py", "seed": 449, "mode": "public", "median_us": {"cupti": 41.11360000000004}}
{"case_id": 9, "module": "submissions/nsa109.py", "seed": 449, "mode": "current", "median_us": {"cupti": 40.41728000000006}}
{"case_id": 9, "module": "submissions/nsa122.py", "seed": 449, "mode": "current", "median_us": {"cupti": 40.99071999999997}}
