{"stage": "begin", "script": "calibrate_oj_protocol.py"}
Loading tilelang libs from dev root: /opt/tilelang-metax-v0.1.10/build
2026-09-09 14:54:38  [TileLang:tilelang.jit.kernel:INFO] (kernel.py:129): TileLang begins to compile kernel `kernel` with `out_idx=None`
2026-09-09 14:54:44  [TileLang:tilelang.jit.kernel:INFO] (kernel.py:137): TileLang completes to compile kernel `kernel`
2026-09-09 14:54:45  [TileLang:tilelang.jit.kernel:INFO] (kernel.py:129): TileLang begins to compile kernel `kernel` with `out_idx=None`
2026-09-09 14:54:51  [TileLang:tilelang.jit.kernel:INFO] (kernel.py:137): TileLang completes to compile kernel `kernel`
{"case_id": 12, "module": "submissions/nsa142.py", "seed": 599, "mode": "public", "median_us": {"cupti": 60.68224000000028}}
{"case_id": 12, "module": "submissions/nsa143.py", "seed": 599, "mode": "public", "median_us": {"cupti": 60.77439999999995}}
{"case_id": 12, "module": "submissions/nsa144.py", "seed": 599, "mode": "public", "median_us": {"cupti": 63.00159999999992}}
{"case_id": 12, "module": "submissions/nsa142.py", "seed": 599, "mode": "current", "median_us": {"cupti": 61.42464000000008}}
{"case_id": 12, "module": "submissions/nsa143.py", "seed": 599, "mode": "current", "median_us": {"cupti": 61.49631999999976}}
{"case_id": 12, "module": "submissions/nsa144.py", "seed": 599, "mode": "current", "median_us": {"cupti": 64.02047999999992}}
{"stage": "complete", "script": "calibrate_oj_protocol.py"}
{"stage": "begin", "script": "dump_sources.py"}
2026-09-09 14:54:56  [TileLang:tilelang.cache.kernel_cache:WARNING] (kernel_cache.py:342): Found kernel 'kernel' in memory cache. For better performance, consider using `@tilelang.jit` instead of direct kernel caching.
{"case_id": 12, "path": "/data/nsa_codex_20260909_r1/results/artifacts143_144/nsa142_case12.cu", "sha256": "b6617d2506adae51fa29fc7496e88058b940761b645095796df1dd496c3b3493"}
2026-09-09 14:54:58  [TileLang:tilelang.cache.kernel_cache:WARNING] (kernel_cache.py:342): Found kernel 'kernel' in memory cache. For better performance, consider using `@tilelang.jit` instead of direct kernel caching.
{"case_id": 12, "path": "/data/nsa_codex_20260909_r1/results/artifacts143_144/nsa143_case12.cu", "sha256": "1e534beb6803f9755c83e42cf748370323f83297f47b4875e5ef70fcfdd653e5"}
2026-09-09 14:54:59  [TileLang:tilelang.cache.kernel_cache:WARNING] (kernel_cache.py:342): Found kernel 'kernel' in memory cache. For better performance, consider using `@tilelang.jit` instead of direct kernel caching.
{"case_id": 12, "path": "/data/nsa_codex_20260909_r1/results/artifacts143_144/nsa144_case12.cu", "sha256": "62d7ec7d41f1f5a82ea9fe1c57abe8ecff3b4fbeebab33f46219ae77c2cab0ef"}
{"stage": "complete", "script": "dump_sources.py"}
{"stage": "begin", "script": "stress_nsa_h2_small.py"}
{"module": "submissions/nsa128.py", "source_sha256": "309e71c21ea3190d38b2ba9ef82cc295bb61b66bebf4aa332c6f757ba83db57a", "case": {"B": 1, "seq_len": 64, "kv_heads": 2, "q_heads": 32, "dim": 64, "selected_blocks": 1, "block_size": 16, "causal": 1}, "update": 0, "seed": 509, "scalar_gate_expected": true, "status": "PASS", "mismatch_count": 0, "nonfinite": 0, "max_abs": 0.001953125}
{"module": "submissions/nsa142.py", "source_sha256": "b877d4b3a93e3c330bc0c47b7dd41ba7536453a8b9ed012f452b908d95a4708a", "case": {"B": 1, "seq_len": 64, "kv_heads": 2, "q_heads": 32, "dim": 64, "selected_blocks": 1, "block_size": 16, "causal": 1}, "update": 0, "seed": 509, "scalar_gate_expected": true, "status": "PASS", "mismatch_count": 0, "nonfinite": 0, "max_abs": 0.001953125}
{"module": "submissions/nsa128.py", "source_sha256": "309e71c21ea3190d38b2ba9ef82cc295bb61b66bebf4aa332c6f757ba83db57a", "case": {"B": 1, "seq_len": 64, "kv_heads": 2, "q_heads": 32, "dim": 64, "selected_blocks": 1, "block_size": 16, "causal": 1}, "update": 1, "seed": 510, "scalar_gate_expected": true, "status": "PASS", "mismatch_count": 0, "nonfinite": 0, "max_abs": 0.03125}
{"module": "submissions/nsa142.py", "source_sha256": "b877d4b3a93e3c330bc0c47b7dd41ba7536453a8b9ed012f452b908d95a4708a", "case": {"B": 1, "seq_len": 64, "kv_heads": 2, "q_heads": 32, "dim": 64, "selected_blocks": 1, "block_size": 16, "causal": 1}, "update": 1, "seed": 510, "scalar_gate_expected": true, "status": "PASS", "mismatch_count": 0, "nonfinite": 0, "max_abs": 0.03125}
{"module": "submissions/nsa128.py", "source_sha256": "309e71c21ea3190d38b2ba9ef82cc295bb61b66bebf4aa332c6f757ba83db57a", "case": {"B": 1, "seq_len": 128, "kv_heads": 2, "q_heads": 32, "dim": 64, "selected_blocks": 1, "block_size": 16, "causal": 1}, "update": 0, "seed": 509, "scalar_gate_expected": true, "status": "PASS", "mismatch_count": 0, "nonfinite": 0, "max_abs": 0.001953125}
{"module": "submissions/nsa142.py", "source_sha256": "b877d4b3a93e3c330bc0c47b7dd41ba7536453a8b9ed012f452b908d95a4708a", "case": {"B": 1, "seq_len": 128, "kv_heads": 2, "q_heads": 32, "dim": 64, "selected_blocks": 1, "block_size": 16, "causal": 1}, "update": 0, "seed": 509, "scalar_gate_expected": true, "status": "PASS", "mismatch_count": 0, "nonfinite": 0, "max_abs": 0.001953125}
{"module": "submissions/nsa128.py", "source_sha256": "309e71c21ea3190d38b2ba9ef82cc295bb61b66bebf4aa332c6f757ba83db57a", "case": {"B": 1, "seq_len": 128, "kv_heads": 2, "q_heads": 32, "dim": 64, "selected_blocks": 1, "block_size": 16, "causal": 1}, "update": 1, "seed": 510, "scalar_gate_expected": true, "status": "PASS", "mismatch_count": 0, "nonfinite": 0, "max_abs": 0.03125}
{"module": "submissions/nsa142.py", "source_sha256": "b877d4b3a93e3c330bc0c47b7dd41ba7536453a8b9ed012f452b908d95a4708a", "case": {"B": 1, "seq_len": 128, "kv_heads": 2, "q_heads": 32, "dim": 64, "selected_blocks": 1, "block_size": 16, "causal": 1}, "update": 1, "seed": 510, "scalar_gate_expected": true, "status": "PASS", "mismatch_count": 0, "nonfinite": 0, "max_abs": 0.03125}
{"module": "submissions/nsa128.py", "source_sha256": "309e71c21ea3190d38b2ba9ef82cc295bb61b66bebf4aa332c6f757ba83db57a", "case": {"B": 1, "seq_len": 256, "kv_heads": 2, "q_heads": 32, "dim": 64, "selected_blocks": 1, "block_size": 16, "causal": 1}, "update": 0, "seed": 509, "scalar_gate_expected": true, "status": "PASS", "mismatch_count": 0, "nonfinite": 0, "max_abs": 0.001953125}
{"module": "submissions/nsa142.py", "source_sha256": "b877d4b3a93e3c330bc0c47b7dd41ba7536453a8b9ed012f452b908d95a4708a", "case": {"B": 1, "seq_len": 256, "kv_heads": 2, "q_heads": 32, "dim": 64, "selected_blocks": 1, "block_size": 16, "causal": 1}, "update": 0, "seed": 509, "scalar_gate_expected": true, "status": "PASS", "mismatch_count": 0, "nonfinite": 0, "max_abs": 0.001953125}
{"module": "submissions/nsa128.py", "source_sha256": "309e71c21ea3190d38b2ba9ef82cc295bb61b66bebf4aa332c6f757ba83db57a", "case": {"B": 1, "seq_len": 256, "kv_heads": 2, "q_heads": 32, "dim": 64, "selected_blocks": 1, "block_size": 16, "causal": 1}, "update": 1, "seed": 510, "scalar_gate_expected": true, "status": "PASS", "mismatch_count": 0, "nonfinite": 0, "max_abs": 0.03125}
{"module": "submissions/nsa142.py", "source_sha256": "b877d4b3a93e3c330bc0c47b7dd41ba7536453a8b9ed012f452b908d95a4708a", "case": {"B": 1, "seq_len": 256, "kv_heads": 2, "q_heads": 32, "dim": 64, "selected_blocks": 1, "block_size": 16, "causal": 1}, "update": 1, "seed": 510, "scalar_gate_expected": true, "status": "PASS", "mismatch_count": 0, "nonfinite": 0, "max_abs": 0.03125}
{"module": "submissions/nsa128.py", "source_sha256": "309e71c21ea3190d38b2ba9ef82cc295bb61b66bebf4aa332c6f757ba83db57a", "case": {"B": 1, "seq_len": 257, "kv_heads": 2, "q_heads": 32, "dim": 64, "selected_blocks": 1, "block_size": 16, "causal": 1}, "update": 0, "seed": 509, "scalar_gate_expected": true, "status": "PASS", "mismatch_count": 0, "nonfinite": 0, "max_abs": 0.001953125}
2026-09-09 14:55:03  [TileLang:tilelang.cache.kernel_cache:WARNING] (kernel_cache.py:342): Found kernel 'kernel' in memory cache. For better performance, consider using `@tilelang.jit` instead of direct kernel caching.
{"module": "submissions/nsa142.py", "source_sha256": "b877d4b3a93e3c330bc0c47b7dd41ba7536453a8b9ed012f452b908d95a4708a", "case": {"B": 1, "seq_len": 257, "kv_heads": 2, "q_heads": 32, "dim": 64, "selected_blocks": 1, "block_size": 16, "causal": 1}, "update": 0, "seed": 509, "scalar_gate_expected": true, "status": "PASS", "mismatch_count": 0, "nonfinite": 0, "max_abs": 0.001953125}
{"module": "submissions/nsa128.py", "source_sha256": "309e71c21ea3190d38b2ba9ef82cc295bb61b66bebf4aa332c6f757ba83db57a", "case": {"B": 1, "seq_len": 257, "kv_heads": 2, "q_heads": 32, "dim": 64, "selected_blocks": 1, "block_size": 16, "causal": 1}, "update": 1, "seed": 510, "scalar_gate_expected": true, "status": "PASS", "mismatch_count": 0, "nonfinite": 0, "max_abs": 0.03125}
{"module": "submissions/nsa142.py", "source_sha256": "b877d4b3a93e3c330bc0c47b7dd41ba7536453a8b9ed012f452b908d95a4708a", "case": {"B": 1, "seq_len": 257, "kv_heads": 2, "q_heads": 32, "dim": 64, "selected_blocks": 1, "block_size": 16, "causal": 1}, "update": 1, "seed": 510, "scalar_gate_expected": true, "status": "PASS", "mismatch_count": 0, "nonfinite": 0, "max_abs": 0.03125}
{"module": "submissions/nsa128.py", "source_sha256": "309e71c21ea3190d38b2ba9ef82cc295bb61b66bebf4aa332c6f757ba83db57a", "case": {"B": 1, "seq_len": 512, "kv_heads": 2, "q_heads": 32, "dim": 64, "selected_blocks": 1, "block_size": 16, "causal": 1}, "update": 0, "seed": 509, "scalar_gate_expected": true, "status": "PASS", "mismatch_count": 0, "nonfinite": 0, "max_abs": 0.001953125}
{"module": "submissions/nsa142.py", "source_sha256": "b877d4b3a93e3c330bc0c47b7dd41ba7536453a8b9ed012f452b908d95a4708a", "case": {"B": 1, "seq_len": 512, "kv_heads": 2, "q_heads": 32, "dim": 64, "selected_blocks": 1, "block_size": 16, "causal": 1}, "update": 0, "seed": 509, "scalar_gate_expected": true, "status": "PASS", "mismatch_count": 0, "nonfinite": 0, "max_abs": 0.001953125}
{"module": "submissions/nsa128.py", "source_sha256": "309e71c21ea3190d38b2ba9ef82cc295bb61b66bebf4aa332c6f757ba83db57a", "case": {"B": 1, "seq_len": 512, "kv_heads": 2, "q_heads": 32, "dim": 64, "selected_blocks": 1, "block_size": 16, "causal": 1}, "update": 1, "seed": 510, "scalar_gate_expected": true, "status": "PASS", "mismatch_count": 0, "nonfinite": 0, "max_abs": 0.03125}
{"module": "submissions/nsa142.py", "source_sha256": "b877d4b3a93e3c330bc0c47b7dd41ba7536453a8b9ed012f452b908d95a4708a", "case": {"B": 1, "seq_len": 512, "kv_heads": 2, "q_heads": 32, "dim": 64, "selected_blocks": 1, "block_size": 16, "causal": 1}, "update": 1, "seed": 510, "scalar_gate_expected": true, "status": "PASS", "mismatch_count": 0, "nonfinite": 0, "max_abs": 0.03125}
{"module": "submissions/nsa128.py", "source_sha256": "309e71c21ea3190d38b2ba9ef82cc295bb61b66bebf4aa332c6f757ba83db57a", "case": {"B": 1, "seq_len": 513, "kv_heads": 2, "q_heads": 32, "dim": 64, "selected_blocks": 1, "block_size": 16, "causal": 1}, "update": 0, "seed": 509, "scalar_gate_expected": false, "status": "PASS", "mismatch_count": 0, "nonfinite": 0, "max_abs": 0.001953125}
2026-09-09 14:55:04  [TileLang:tilelang.cache.kernel_cache:WARNING] (kernel_cache.py:342): Found kernel 'kernel' in memory cache. For better performance, consider using `@tilelang.jit` instead of direct kernel caching.
{"module": "submissions/nsa142.py", "source_sha256": "b877d4b3a93e3c330bc0c47b7dd41ba7536453a8b9ed012f452b908d95a4708a", "case": {"B": 1, "seq_len": 513, "kv_heads": 2, "q_heads": 32, "dim": 64, "selected_blocks": 1, "block_size": 16, "causal": 1}, "update": 0, "seed": 509, "scalar_gate_expected": false, "status": "PASS", "mismatch_count": 0, "nonfinite": 0, "max_abs": 0.001953125}
{"module": "submissions/nsa128.py", "source_sha256": "309e71c21ea3190d38b2ba9ef82cc295bb61b66bebf4aa332c6f757ba83db57a", "case": {"B": 1, "seq_len": 513, "kv_heads": 2, "q_heads": 32, "dim": 64, "selected_blocks": 1, "block_size": 16, "causal": 1}, "update": 1, "seed": 510, "scalar_gate_expected": false, "status": "PASS", "mismatch_count": 0, "nonfinite": 0, "max_abs": 0.03125}
{"module": "submissions/nsa142.py", "source_sha256": "b877d4b3a93e3c330bc0c47b7dd41ba7536453a8b9ed012f452b908d95a4708a", "case": {"B": 1, "seq_len": 513, "kv_heads": 2, "q_heads": 32, "dim": 64, "selected_blocks": 1, "block_size": 16, "causal": 1}, "update": 1, "seed": 510, "scalar_gate_expected": false, "status": "PASS", "mismatch_count": 0, "nonfinite": 0, "max_abs": 0.03125}
{"module": "submissions/nsa128.py", "source_sha256": "309e71c21ea3190d38b2ba9ef82cc295bb61b66bebf4aa332c6f757ba83db57a", "case": {"B": 2, "seq_len": 256, "kv_heads": 2, "q_heads": 32, "dim": 64, "selected_blocks": 1, "block_size": 16, "causal": 1}, "update": 0, "seed": 509, "scalar_gate_expected": true, "status": "PASS", "mismatch_count": 0, "nonfinite": 0, "max_abs": 0.001953125}
{"module": "submissions/nsa142.py", "source_sha256": "b877d4b3a93e3c330bc0c47b7dd41ba7536453a8b9ed012f452b908d95a4708a", "case": {"B": 2, "seq_len": 256, "kv_heads": 2, "q_heads": 32, "dim": 64, "selected_blocks": 1, "block_size": 16, "causal": 1}, "update": 0, "seed": 509, "scalar_gate_expected": true, "status": "PASS", "mismatch_count": 0, "nonfinite": 0, "max_abs": 0.001953125}
{"module": "submissions/nsa128.py", "source_sha256": "309e71c21ea3190d38b2ba9ef82cc295bb61b66bebf4aa332c6f757ba83db57a", "case": {"B": 2, "seq_len": 256, "kv_heads": 2, "q_heads": 32, "dim": 64, "selected_blocks": 1, "block_size": 16, "causal": 1}, "update": 1, "seed": 510, "scalar_gate_expected": true, "status": "PASS", "mismatch_count": 0, "nonfinite": 0, "max_abs": 0.03125}
{"module": "submissions/nsa142.py", "source_sha256": "b877d4b3a93e3c330bc0c47b7dd41ba7536453a8b9ed012f452b908d95a4708a", "case": {"B": 2, "seq_len": 256, "kv_heads": 2, "q_heads": 32, "dim": 64, "selected_blocks": 1, "block_size": 16, "causal": 1}, "update": 1, "seed": 510, "scalar_gate_expected": true, "status": "PASS", "mismatch_count": 0, "nonfinite": 0, "max_abs": 0.03125}
{"module": "submissions/nsa128.py", "source_sha256": "309e71c21ea3190d38b2ba9ef82cc295bb61b66bebf4aa332c6f757ba83db57a", "case": {"B": 2, "seq_len": 257, "kv_heads": 2, "q_heads": 32, "dim": 64, "selected_blocks": 1, "block_size": 16, "causal": 1}, "update": 0, "seed": 509, "scalar_gate_expected": false, "status": "PASS", "mismatch_count": 0, "nonfinite": 0, "max_abs": 0.001953125}
2026-09-09 14:55:04  [TileLang:tilelang.cache.kernel_cache:WARNING] (kernel_cache.py:342): Found kernel 'kernel' in memory cache. For better performance, consider using `@tilelang.jit` instead of direct kernel caching.
{"module": "submissions/nsa142.py", "source_sha256": "b877d4b3a93e3c330bc0c47b7dd41ba7536453a8b9ed012f452b908d95a4708a", "case": {"B": 2, "seq_len": 257, "kv_heads": 2, "q_heads": 32, "dim": 64, "selected_blocks": 1, "block_size": 16, "causal": 1}, "update": 0, "seed": 509, "scalar_gate_expected": false, "status": "PASS", "mismatch_count": 0, "nonfinite": 0, "max_abs": 0.001953125}
{"module": "submissions/nsa128.py", "source_sha256": "309e71c21ea3190d38b2ba9ef82cc295bb61b66bebf4aa332c6f757ba83db57a", "case": {"B": 2, "seq_len": 257, "kv_heads": 2, "q_heads": 32, "dim": 64, "selected_blocks": 1, "block_size": 16, "causal": 1}, "update": 1, "seed": 510, "scalar_gate_expected": false, "status": "PASS", "mismatch_count": 0, "nonfinite": 0, "max_abs": 0.03125}
{"module": "submissions/nsa142.py", "source_sha256": "b877d4b3a93e3c330bc0c47b7dd41ba7536453a8b9ed012f452b908d95a4708a", "case": {"B": 2, "seq_len": 257, "kv_heads": 2, "q_heads": 32, "dim": 64, "selected_blocks": 1, "block_size": 16, "causal": 1}, "update": 1, "seed": 510, "scalar_gate_expected": false, "status": "PASS", "mismatch_count": 0, "nonfinite": 0, "max_abs": 0.03125}
{"stage": "complete", "script": "stress_nsa_h2_small.py"}
{"stage": "begin", "script": "stress_nsa134_s4_sync.py"}
{"module": "submissions/nsa128.py", "source_sha256": "309e71c21ea3190d38b2ba9ef82cc295bb61b66bebf4aa332c6f757ba83db57a", "case": {"B": 2, "seq_len": 512, "kv_heads": 1, "q_heads": 16, "dim": 64, "selected_blocks": 4, "block_size": 16, "causal": 1}, "seed": 751, "update": 0, "index_dtype": "torch.int32", "nonfinite": 0, "mismatch_count": 0, "max_abs": 0.001953125, "status": "PASS"}
{"module": "submissions/nsa142.py", "source_sha256": "b877d4b3a93e3c330bc0c47b7dd41ba7536453a8b9ed012f452b908d95a4708a", "case": {"B": 2, "seq_len": 512, "kv_heads": 1, "q_heads": 16, "dim": 64, "selected_blocks": 4, "block_size": 16, "causal": 1}, "seed": 751, "update": 0, "index_dtype": "torch.int32", "nonfinite": 0, "mismatch_count": 0, "max_abs": 0.001953125, "status": "PASS"}
{"module": "submissions/nsa128.py", "source_sha256": "309e71c21ea3190d38b2ba9ef82cc295bb61b66bebf4aa332c6f757ba83db57a", "case": {"B": 2, "seq_len": 512, "kv_heads": 1, "q_heads": 16, "dim": 64, "selected_blocks": 4, "block_size": 16, "causal": 1}, "seed": 752, "update": 1, "index_dtype": "torch.int32", "nonfinite": 0, "mismatch_count": 0, "max_abs": 0.03125, "status": "PASS"}
{"module": "submissions/nsa142.py", "source_sha256": "b877d4b3a93e3c330bc0c47b7dd41ba7536453a8b9ed012f452b908d95a4708a", "case": {"B": 2, "seq_len": 512, "kv_heads": 1, "q_heads": 16, "dim": 64, "selected_blocks": 4, "block_size": 16, "causal": 1}, "seed": 752, "update": 1, "index_dtype": "torch.int32", "nonfinite": 0, "mismatch_count": 0, "max_abs": 0.03125, "status": "PASS"}
{"module": "submissions/nsa128.py", "source_sha256": "309e71c21ea3190d38b2ba9ef82cc295bb61b66bebf4aa332c6f757ba83db57a", "case": {"B": 2, "seq_len": 512, "kv_heads": 1, "q_heads": 16, "dim": 64, "selected_blocks": 4, "block_size": 16, "causal": 1}, "seed": 753, "update": 2, "index_dtype": "torch.int32", "nonfinite": 0, "mismatch_count": 0, "max_abs": 7.62939453125e-06, "status": "PASS"}
{"module": "submissions/nsa142.py", "source_sha256": "b877d4b3a93e3c330bc0c47b7dd41ba7536453a8b9ed012f452b908d95a4708a", "case": {"B": 2, "seq_len": 512, "kv_heads": 1, "q_heads": 16, "dim": 64, "selected_blocks": 4, "block_size": 16, "causal": 1}, "seed": 753, "update": 2, "index_dtype": "torch.int32", "nonfinite": 0, "mismatch_count": 0, "max_abs": 7.62939453125e-06, "status": "PASS"}
{"module": "submissions/nsa128.py", "source_sha256": "309e71c21ea3190d38b2ba9ef82cc295bb61b66bebf4aa332c6f757ba83db57a", "case": {"B": 1, "seq_len": 512, "kv_heads": 2, "q_heads": 32, "dim": 64, "selected_blocks": 4, "block_size": 16, "causal": 1}, "seed": 751, "update": 0, "index_dtype": "torch.int32", "nonfinite": 0, "mismatch_count": 0, "max_abs": 0.001953125, "status": "PASS"}
{"module": "submissions/nsa142.py", "source_sha256": "b877d4b3a93e3c330bc0c47b7dd41ba7536453a8b9ed012f452b908d95a4708a", "case": {"B": 1, "seq_len": 512, "kv_heads": 2, "q_heads": 32, "dim": 64, "selected_blocks": 4, "block_size": 16, "causal": 1}, "seed": 751, "update": 0, "index_dtype": "torch.int32", "nonfinite": 0, "mismatch_count": 0, "max_abs": 0.001953125, "status": "PASS"}
{"module": "submissions/nsa128.py", "source_sha256": "309e71c21ea3190d38b2ba9ef82cc295bb61b66bebf4aa332c6f757ba83db57a", "case": {"B": 1, "seq_len": 512, "kv_heads": 2, "q_heads": 32, "dim": 64, "selected_blocks": 4, "block_size": 16, "causal": 1}, "seed": 752, "update": 1, "index_dtype": "torch.int32", "nonfinite": 0, "mismatch_count": 0, "max_abs": 0.0625, "status": "PASS"}
{"module": "submissions/nsa142.py", "source_sha256": "b877d4b3a93e3c330bc0c47b7dd41ba7536453a8b9ed012f452b908d95a4708a", "case": {"B": 1, "seq_len": 512, "kv_heads": 2, "q_heads": 32, "dim": 64, "selected_blocks": 4, "block_size": 16, "causal": 1}, "seed": 752, "update": 1, "index_dtype": "torch.int32", "nonfinite": 0, "mismatch_count": 0, "max_abs": 0.0625, "status": "PASS"}
{"module": "submissions/nsa128.py", "source_sha256": "309e71c21ea3190d38b2ba9ef82cc295bb61b66bebf4aa332c6f757ba83db57a", "case": {"B": 1, "seq_len": 512, "kv_heads": 2, "q_heads": 32, "dim": 64, "selected_blocks": 4, "block_size": 16, "causal": 1}, "seed": 753, "update": 2, "index_dtype": "torch.int32", "nonfinite": 0, "mismatch_count": 0, "max_abs": 7.62939453125e-06, "status": "PASS"}
{"module": "submissions/nsa142.py", "source_sha256": "b877d4b3a93e3c330bc0c47b7dd41ba7536453a8b9ed012f452b908d95a4708a", "case": {"B": 1, "seq_len": 512, "kv_heads": 2, "q_heads": 32, "dim": 64, "selected_blocks": 4, "block_size": 16, "causal": 1}, "seed": 753, "update": 2, "index_dtype": "torch.int32", "nonfinite": 0, "mismatch_count": 0, "max_abs": 7.62939453125e-06, "status": "PASS"}
{"module": "submissions/nsa128.py", "source_sha256": "309e71c21ea3190d38b2ba9ef82cc295bb61b66bebf4aa332c6f757ba83db57a", "case": {"B": 1, "seq_len": 513, "kv_heads": 1, "q_heads": 16, "dim": 64, "selected_blocks": 4, "block_size": 16, "causal": 1}, "seed": 751, "update": 0, "index_dtype": "torch.int32", "nonfinite": 0, "mismatch_count": 0, "max_abs": 0.001953125, "status": "PASS"}
{"module": "submissions/nsa142.py", "source_sha256": "b877d4b3a93e3c330bc0c47b7dd41ba7536453a8b9ed012f452b908d95a4708a", "case": {"B": 1, "seq_len": 513, "kv_heads": 1, "q_heads": 16, "dim": 64, "selected_blocks": 4, "block_size": 16, "causal": 1}, "seed": 751, "update": 0, "index_dtype": "torch.int32", "nonfinite": 0, "mismatch_count": 0, "max_abs": 0.001953125, "status": "PASS"}
{"module": "submissions/nsa128.py", "source_sha256": "309e71c21ea3190d38b2ba9ef82cc295bb61b66bebf4aa332c6f757ba83db57a", "case": {"B": 1, "seq_len": 513, "kv_heads": 1, "q_heads": 16, "dim": 64, "selected_blocks": 4, "block_size": 16, "causal": 1}, "seed": 752, "update": 1, "index_dtype": "torch.int32", "nonfinite": 0, "mismatch_count": 0, "max_abs": 0.0625, "status": "PASS"}
{"module": "submissions/nsa142.py", "source_sha256": "b877d4b3a93e3c330bc0c47b7dd41ba7536453a8b9ed012f452b908d95a4708a", "case": {"B": 1, "seq_len": 513, "kv_heads": 1, "q_heads": 16, "dim": 64, "selected_blocks": 4, "block_size": 16, "causal": 1}, "seed": 752, "update": 1, "index_dtype": "torch.int32", "nonfinite": 0, "mismatch_count": 0, "max_abs": 0.0625, "status": "PASS"}
{"module": "submissions/nsa128.py", "source_sha256": "309e71c21ea3190d38b2ba9ef82cc295bb61b66bebf4aa332c6f757ba83db57a", "case": {"B": 1, "seq_len": 513, "kv_heads": 1, "q_heads": 16, "dim": 64, "selected_blocks": 4, "block_size": 16, "causal": 1}, "seed": 753, "update": 2, "index_dtype": "torch.int32", "nonfinite": 0, "mismatch_count": 0, "max_abs": 7.62939453125e-06, "status": "PASS"}
{"module": "submissions/nsa142.py", "source_sha256": "b877d4b3a93e3c330bc0c47b7dd41ba7536453a8b9ed012f452b908d95a4708a", "case": {"B": 1, "seq_len": 513, "kv_heads": 1, "q_heads": 16, "dim": 64, "selected_blocks": 4, "block_size": 16, "causal": 1}, "seed": 753, "update": 2, "index_dtype": "torch.int32", "nonfinite": 0, "mismatch_count": 0, "max_abs": 7.62939453125e-06, "status": "PASS"}
{"module": "submissions/nsa128.py", "source_sha256": "309e71c21ea3190d38b2ba9ef82cc295bb61b66bebf4aa332c6f757ba83db57a", "case": {"B": 1, "seq_len": 496, "kv_heads": 1, "q_heads": 16, "dim": 64, "selected_blocks": 4, "block_size": 16, "causal": 1}, "seed": 751, "update": 0, "index_dtype": "torch.int32", "nonfinite": 0, "mismatch_count": 0, "max_abs": 0.001953125, "status": "PASS"}
{"module": "submissions/nsa142.py", "source_sha256": "b877d4b3a93e3c330bc0c47b7dd41ba7536453a8b9ed012f452b908d95a4708a", "case": {"B": 1, "seq_len": 496, "kv_heads": 1, "q_heads": 16, "dim": 64, "selected_blocks": 4, "block_size": 16, "causal": 1}, "seed": 751, "update": 0, "index_dtype": "torch.int32", "nonfinite": 0, "mismatch_count": 0, "max_abs": 0.001953125, "status": "PASS"}
{"module": "submissions/nsa128.py", "source_sha256": "309e71c21ea3190d38b2ba9ef82cc295bb61b66bebf4aa332c6f757ba83db57a", "case": {"B": 1, "seq_len": 496, "kv_heads": 1, "q_heads": 16, "dim": 64, "selected_blocks": 4, "block_size": 16, "causal": 1}, "seed": 752, "update": 1, "index_dtype": "torch.int32", "nonfinite": 0, "mismatch_count": 0, "max_abs": 0.0625, "status": "PASS"}
{"module": "submissions/nsa142.py", "source_sha256": "b877d4b3a93e3c330bc0c47b7dd41ba7536453a8b9ed012f452b908d95a4708a", "case": {"B": 1, "seq_len": 496, "kv_heads": 1, "q_heads": 16, "dim": 64, "selected_blocks": 4, "block_size": 16, "causal": 1}, "seed": 752, "update": 1, "index_dtype": "torch.int32", "nonfinite": 0, "mismatch_count": 0, "max_abs": 0.0625, "status": "PASS"}
{"module": "submissions/nsa128.py", "source_sha256": "309e71c21ea3190d38b2ba9ef82cc295bb61b66bebf4aa332c6f757ba83db57a", "case": {"B": 1, "seq_len": 496, "kv_heads": 1, "q_heads": 16, "dim": 64, "selected_blocks": 4, "block_size": 16, "causal": 1}, "seed": 753, "update": 2, "index_dtype": "torch.int32", "nonfinite": 0, "mismatch_count": 0, "max_abs": 7.62939453125e-06, "status": "PASS"}
{"module": "submissions/nsa142.py", "source_sha256": "b877d4b3a93e3c330bc0c47b7dd41ba7536453a8b9ed012f452b908d95a4708a", "case": {"B": 1, "seq_len": 496, "kv_heads": 1, "q_heads": 16, "dim": 64, "selected_blocks": 4, "block_size": 16, "causal": 1}, "seed": 753, "update": 2, "index_dtype": "torch.int32", "nonfinite": 0, "mismatch_count": 0, "max_abs": 7.62939453125e-06, "status": "PASS"}
{"module": "submissions/nsa128.py", "source_sha256": "309e71c21ea3190d38b2ba9ef82cc295bb61b66bebf4aa332c6f757ba83db57a", "case": {"B": 1, "seq_len": 64, "kv_heads": 1, "q_heads": 16, "dim": 64, "selected_blocks": 4, "block_size": 16, "causal": 1}, "seed": 751, "update": 0, "index_dtype": "torch.int32", "nonfinite": 0, "mismatch_count": 0, "max_abs": 0.001953125, "status": "PASS"}
{"module": "submissions/nsa142.py", "source_sha256": "b877d4b3a93e3c330bc0c47b7dd41ba7536453a8b9ed012f452b908d95a4708a", "case": {"B": 1, "seq_len": 64, "kv_heads": 1, "q_heads": 16, "dim": 64, "selected_blocks": 4, "block_size": 16, "causal": 1}, "seed": 751, "update": 0, "index_dtype": "torch.int32", "nonfinite": 0, "mismatch_count": 0, "max_abs": 0.001953125, "status": "PASS"}
{"module": "submissions/nsa128.py", "source_sha256": "309e71c21ea3190d38b2ba9ef82cc295bb61b66bebf4aa332c6f757ba83db57a", "case": {"B": 1, "seq_len": 64, "kv_heads": 1, "q_heads": 16, "dim": 64, "selected_blocks": 4, "block_size": 16, "causal": 1}, "seed": 752, "update": 1, "index_dtype": "torch.int32", "nonfinite": 0, "mismatch_count": 0, "max_abs": 0.03125, "status": "PASS"}
{"module": "submissions/nsa142.py", "source_sha256": "b877d4b3a93e3c330bc0c47b7dd41ba7536453a8b9ed012f452b908d95a4708a", "case": {"B": 1, "seq_len": 64, "kv_heads": 1, "q_heads": 16, "dim": 64, "selected_blocks": 4, "block_size": 16, "causal": 1}, "seed": 752, "update": 1, "index_dtype": "torch.int32", "nonfinite": 0, "mismatch_count": 0, "max_abs": 0.03125, "status": "PASS"}
{"module": "submissions/nsa128.py", "source_sha256": "309e71c21ea3190d38b2ba9ef82cc295bb61b66bebf4aa332c6f757ba83db57a", "case": {"B": 1, "seq_len": 64, "kv_heads": 1, "q_heads": 16, "dim": 64, "selected_blocks": 4, "block_size": 16, "causal": 1}, "seed": 753, "update": 2, "index_dtype": "torch.int32", "nonfinite": 0, "mismatch_count": 0, "max_abs": 7.62939453125e-06, "status": "PASS"}
{"module": "submissions/nsa142.py", "source_sha256": "b877d4b3a93e3c330bc0c47b7dd41ba7536453a8b9ed012f452b908d95a4708a", "case": {"B": 1, "seq_len": 64, "kv_heads": 1, "q_heads": 16, "dim": 64, "selected_blocks": 4, "block_size": 16, "causal": 1}, "seed": 753, "update": 2, "index_dtype": "torch.int32", "nonfinite": 0, "mismatch_count": 0, "max_abs": 7.62939453125e-06, "status": "PASS"}
{"module": "submissions/nsa128.py", "source_sha256": "309e71c21ea3190d38b2ba9ef82cc295bb61b66bebf4aa332c6f757ba83db57a", "case": {"B": 4, "seq_len": 1024, "kv_heads": 1, "q_heads": 16, "dim": 64, "selected_blocks": 4, "block_size": 16, "causal": 1}, "seed": 751, "update": 0, "index_dtype": "torch.int32", "nonfinite": 0, "mismatch_count": 0, "max_abs": 0.001953125, "status": "PASS"}
{"module": "submissions/nsa142.py", "source_sha256": "b877d4b3a93e3c330bc0c47b7dd41ba7536453a8b9ed012f452b908d95a4708a", "case": {"B": 4, "seq_len": 1024, "kv_heads": 1, "q_heads": 16, "dim": 64, "selected_blocks": 4, "block_size": 16, "causal": 1}, "seed": 751, "update": 0, "index_dtype": "torch.int32", "nonfinite": 0, "mismatch_count": 0, "max_abs": 0.001953125, "status": "PASS"}
{"module": "submissions/nsa128.py", "source_sha256": "309e71c21ea3190d38b2ba9ef82cc295bb61b66bebf4aa332c6f757ba83db57a", "case": {"B": 4, "seq_len": 1024, "kv_heads": 1, "q_heads": 16, "dim": 64, "selected_blocks": 4, "block_size": 16, "causal": 1}, "seed": 752, "update": 1, "index_dtype": "torch.int32", "nonfinite": 0, "mismatch_count": 0, "max_abs": 0.0625, "status": "PASS"}
{"module": "submissions/nsa142.py", "source_sha256": "b877d4b3a93e3c330bc0c47b7dd41ba7536453a8b9ed012f452b908d95a4708a", "case": {"B": 4, "seq_len": 1024, "kv_heads": 1, "q_heads": 16, "dim": 64, "selected_blocks": 4, "block_size": 16, "causal": 1}, "seed": 752, "update": 1, "index_dtype": "torch.int32", "nonfinite": 0, "mismatch_count": 0, "max_abs": 0.0625, "status": "PASS"}
{"module": "submissions/nsa128.py", "source_sha256": "309e71c21ea3190d38b2ba9ef82cc295bb61b66bebf4aa332c6f757ba83db57a", "case": {"B": 4, "seq_len": 1024, "kv_heads": 1, "q_heads": 16, "dim": 64, "selected_blocks": 4, "block_size": 16, "causal": 1}, "seed": 753, "update": 2, "index_dtype": "torch.int32", "nonfinite": 0, "mismatch_count": 0, "max_abs": 7.62939453125e-06, "status": "PASS"}
{"module": "submissions/nsa142.py", "source_sha256": "b877d4b3a93e3c330bc0c47b7dd41ba7536453a8b9ed012f452b908d95a4708a", "case": {"B": 4, "seq_len": 1024, "kv_heads": 1, "q_heads": 16, "dim": 64, "selected_blocks": 4, "block_size": 16, "causal": 1}, "seed": 753, "update": 2, "index_dtype": "torch.int32", "nonfinite": 0, "mismatch_count": 0, "max_abs": 7.62939453125e-06, "status": "PASS"}
{"module": "submissions/nsa128.py", "source_sha256": "309e71c21ea3190d38b2ba9ef82cc295bb61b66bebf4aa332c6f757ba83db57a", "case": {"B": 1, "seq_len": 512, "kv_heads": 1, "q_heads": 16, "dim": 64, "selected_blocks": 4, "block_size": 32, "causal": 1}, "seed": 751, "update": 0, "index_dtype": "torch.int32", "nonfinite": 0, "mismatch_count": 0, "max_abs": 0.0009765625, "status": "PASS"}
2026-09-09 14:55:09  [TileLang:tilelang.cache.kernel_cache:WARNING] (kernel_cache.py:342): Found kernel 'kernel' in memory cache. For better performance, consider using `@tilelang.jit` instead of direct kernel caching.
{"module": "submissions/nsa142.py", "source_sha256": "b877d4b3a93e3c330bc0c47b7dd41ba7536453a8b9ed012f452b908d95a4708a", "case": {"B": 1, "seq_len": 512, "kv_heads": 1, "q_heads": 16, "dim": 64, "selected_blocks": 4, "block_size": 32, "causal": 1}, "seed": 751, "update": 0, "index_dtype": "torch.int32", "nonfinite": 0, "mismatch_count": 0, "max_abs": 0.0009765625, "status": "PASS"}
{"module": "submissions/nsa128.py", "source_sha256": "309e71c21ea3190d38b2ba9ef82cc295bb61b66bebf4aa332c6f757ba83db57a", "case": {"B": 1, "seq_len": 512, "kv_heads": 1, "q_heads": 16, "dim": 64, "selected_blocks": 4, "block_size": 32, "causal": 1}, "seed": 752, "update": 1, "index_dtype": "torch.int32", "nonfinite": 0, "mismatch_count": 0, "max_abs": 0.03125, "status": "PASS"}
{"module": "submissions/nsa142.py", "source_sha256": "b877d4b3a93e3c330bc0c47b7dd41ba7536453a8b9ed012f452b908d95a4708a", "case": {"B": 1, "seq_len": 512, "kv_heads": 1, "q_heads": 16, "dim": 64, "selected_blocks": 4, "block_size": 32, "causal": 1}, "seed": 752, "update": 1, "index_dtype": "torch.int32", "nonfinite": 0, "mismatch_count": 0, "max_abs": 0.03125, "status": "PASS"}
{"module": "submissions/nsa128.py", "source_sha256": "309e71c21ea3190d38b2ba9ef82cc295bb61b66bebf4aa332c6f757ba83db57a", "case": {"B": 1, "seq_len": 512, "kv_heads": 1, "q_heads": 16, "dim": 64, "selected_blocks": 4, "block_size": 32, "causal": 1}, "seed": 753, "update": 2, "index_dtype": "torch.int32", "nonfinite": 0, "mismatch_count": 0, "max_abs": 7.62939453125e-06, "status": "PASS"}
{"module": "submissions/nsa142.py", "source_sha256": "b877d4b3a93e3c330bc0c47b7dd41ba7536453a8b9ed012f452b908d95a4708a", "case": {"B": 1, "seq_len": 512, "kv_heads": 1, "q_heads": 16, "dim": 64, "selected_blocks": 4, "block_size": 32, "causal": 1}, "seed": 753, "update": 2, "index_dtype": "torch.int32", "nonfinite": 0, "mismatch_count": 0, "max_abs": 7.62939453125e-06, "status": "PASS"}
{"module": "submissions/nsa128.py", "source_sha256": "309e71c21ea3190d38b2ba9ef82cc295bb61b66bebf4aa332c6f757ba83db57a", "case": {"B": 1, "seq_len": 512, "kv_heads": 1, "q_heads": 16, "dim": 128, "selected_blocks": 4, "block_size": 16, "causal": 1}, "seed": 751, "update": 0, "index_dtype": "torch.int32", "nonfinite": 0, "mismatch_count": 0, "max_abs": 0.001953125, "status": "PASS"}
2026-09-09 14:55:09  [TileLang:tilelang.cache.kernel_cache:WARNING] (kernel_cache.py:342): Found kernel 'kernel' in memory cache. For better performance, consider using `@tilelang.jit` instead of direct kernel caching.
{"module": "submissions/nsa142.py", "source_sha256": "b877d4b3a93e3c330bc0c47b7dd41ba7536453a8b9ed012f452b908d95a4708a", "case": {"B": 1, "seq_len": 512, "kv_heads": 1, "q_heads": 16, "dim": 128, "selected_blocks": 4, "block_size": 16, "causal": 1}, "seed": 751, "update": 0, "index_dtype": "torch.int32", "nonfinite": 0, "mismatch_count": 0, "max_abs": 0.001953125, "status": "PASS"}
{"module": "submissions/nsa128.py", "source_sha256": "309e71c21ea3190d38b2ba9ef82cc295bb61b66bebf4aa332c6f757ba83db57a", "case": {"B": 1, "seq_len": 512, "kv_heads": 1, "q_heads": 16, "dim": 128, "selected_blocks": 4, "block_size": 16, "causal": 1}, "seed": 752, "update": 1, "index_dtype": "torch.int32", "nonfinite": 0, "mismatch_count": 0, "max_abs": 0.03125, "status": "PASS"}
{"module": "submissions/nsa142.py", "source_sha256": "b877d4b3a93e3c330bc0c47b7dd41ba7536453a8b9ed012f452b908d95a4708a", "case": {"B": 1, "seq_len": 512, "kv_heads": 1, "q_heads": 16, "dim": 128, "selected_blocks": 4, "block_size": 16, "causal": 1}, "seed": 752, "update": 1, "index_dtype": "torch.int32", "nonfinite": 0, "mismatch_count": 0, "max_abs": 0.03125, "status": "PASS"}
{"module": "submissions/nsa128.py", "source_sha256": "309e71c21ea3190d38b2ba9ef82cc295bb61b66bebf4aa332c6f757ba83db57a", "case": {"B": 1, "seq_len": 512, "kv_heads": 1, "q_heads": 16, "dim": 128, "selected_blocks": 4, "block_size": 16, "causal": 1}, "seed": 753, "update": 2, "index_dtype": "torch.int32", "nonfinite": 0, "mismatch_count": 0, "max_abs": 2.562999725341797e-06, "status": "PASS"}
{"module": "submissions/nsa142.py", "source_sha256": "b877d4b3a93e3c330bc0c47b7dd41ba7536453a8b9ed012f452b908d95a4708a", "case": {"B": 1, "seq_len": 512, "kv_heads": 1, "q_heads": 16, "dim": 128, "selected_blocks": 4, "block_size": 16, "causal": 1}, "seed": 753, "update": 2, "index_dtype": "torch.int32", "nonfinite": 0, "mismatch_count": 0, "max_abs": 2.562999725341797e-06, "status": "PASS"}
{"stage": "complete", "script": "stress_nsa134_s4_sync.py"}
{"stage": "begin", "script": "calibrate_oj_protocol.py"}
2026-09-09 14:55:13  [TileLang:tilelang.cache.kernel_cache:WARNING] (kernel_cache.py:342): Found kernel 'kernel' in memory cache. For better performance, consider using `@tilelang.jit` instead of direct kernel caching.
2026-09-09 14:55:13  [TileLang:tilelang.cache.kernel_cache:WARNING] (kernel_cache.py:342): Found kernel 'kernel' in memory cache. For better performance, consider using `@tilelang.jit` instead of direct kernel caching.
{"case_id": 1, "module": "submissions/nsa128.py", "seed": 601, "mode": "public", "median_us": {"cupti": 4.948480000000073}}
{"case_id": 1, "module": "submissions/nsa142.py", "seed": 601, "mode": "public", "median_us": {"cupti": 4.935680000000065}}
{"case_id": 1, "module": "submissions/nsa128.py", "seed": 601, "mode": "current", "median_us": {"cupti": 4.938239999999951}}
{"case_id": 1, "module": "submissions/nsa142.py", "seed": 601, "mode": "current", "median_us": {"cupti": 4.958719999999866}}
2026-09-09 14:55:14  [TileLang:tilelang.cache.kernel_cache:WARNING] (kernel_cache.py:342): Found kernel 'kernel' in memory cache. For better performance, consider using `@tilelang.jit` instead of direct kernel caching.
2026-09-09 14:55:14  [TileLang:tilelang.cache.kernel_cache:WARNING] (kernel_cache.py:342): Found kernel 'kernel' in memory cache. For better performance, consider using `@tilelang.jit` instead of direct kernel caching.
{"case_id": 2, "module": "submissions/nsa128.py", "seed": 601, "mode": "public", "median_us": {"cupti": 5.685759999999883}}
{"case_id": 2, "module": "submissions/nsa142.py", "seed": 601, "mode": "public", "median_us": {"cupti": 5.696000000000041}}
{"case_id": 2, "module": "submissions/nsa128.py", "seed": 601, "mode": "current", "median_us": {"cupti": 5.757440000000133}}
{"case_id": 2, "module": "submissions/nsa142.py", "seed": 601, "mode": "current", "median_us": {"cupti": 5.719040000000023}}
2026-09-09 14:55:16  [TileLang:tilelang.cache.kernel_cache:WARNING] (kernel_cache.py:342): Found kernel 'kernel' in memory cache. For better performance, consider using `@tilelang.jit` instead of direct kernel caching.
2026-09-09 14:55:16  [TileLang:tilelang.cache.kernel_cache:WARNING] (kernel_cache.py:342): Found kernel 'kernel' in memory cache. For better performance, consider using `@tilelang.jit` instead of direct kernel caching.
{"case_id": 3, "module": "submissions/nsa128.py", "seed": 601, "mode": "public", "median_us": {"cupti": 8.575999999999949}}
{"case_id": 3, "module": "submissions/nsa142.py", "seed": 601, "mode": "public", "median_us": {"cupti": 8.593919999999962}}
{"case_id": 3, "module": "submissions/nsa128.py", "seed": 601, "mode": "current", "median_us": {"cupti": 8.583680000000058}}
{"case_id": 3, "module": "submissions/nsa142.py", "seed": 601, "mode": "current", "median_us": {"cupti": 8.578560000000017}}
2026-09-09 14:55:17  [TileLang:tilelang.cache.kernel_cache:WARNING] (kernel_cache.py:342): Found kernel 'kernel' in memory cache. For better performance, consider using `@tilelang.jit` instead of direct kernel caching.
{"case_id": 4, "module": "submissions/nsa128.py", "seed": 601, "mode": "public", "median_us": {"cupti": 10.434559999999893}}
{"case_id": 4, "module": "submissions/nsa142.py", "seed": 601, "mode": "public", "median_us": {"cupti": 10.306559999999918}}
{"case_id": 4, "module": "submissions/nsa128.py", "seed": 601, "mode": "current", "median_us": {"cupti": 10.36288000000006}}
{"case_id": 4, "module": "submissions/nsa142.py", "seed": 601, "mode": "current", "median_us": {"cupti": 10.367999999999974}}
2026-09-09 14:55:18  [TileLang:tilelang.cache.kernel_cache:WARNING] (kernel_cache.py:342): Found kernel 'kernel' in memory cache. For better performance, consider using `@tilelang.jit` instead of direct kernel caching.
{"case_id": 5, "module": "submissions/nsa128.py", "seed": 601, "mode": "public", "median_us": {"cupti": 24.01792000000001}}
{"case_id": 5, "module": "submissions/nsa142.py", "seed": 601, "mode": "public", "median_us": {"cupti": 24.020480000000042}}
{"case_id": 5, "module": "submissions/nsa128.py", "seed": 601, "mode": "current", "median_us": {"cupti": 24.11776000000002}}
{"case_id": 5, "module": "submissions/nsa142.py", "seed": 601, "mode": "current", "median_us": {"cupti": 24.03840000000004}}
2026-09-09 14:55:20  [TileLang:tilelang.cache.kernel_cache:WARNING] (kernel_cache.py:342): Found kernel 'kernel' in memory cache. For better performance, consider using `@tilelang.jit` instead of direct kernel caching.
{"case_id": 6, "module": "submissions/nsa128.py", "seed": 601, "mode": "public", "median_us": {"cupti": 81.1801599999999}}
{"case_id": 6, "module": "submissions/nsa142.py", "seed": 601, "mode": "public", "median_us": {"cupti": 81.13407999999987}}
{"case_id": 6, "module": "submissions/nsa128.py", "seed": 601, "mode": "current", "median_us": {"cupti": 81.1136}}
{"case_id": 6, "module": "submissions/nsa142.py", "seed": 601, "mode": "current", "median_us": {"cupti": 81.15712000000008}}
2026-09-09 14:55:21  [TileLang:tilelang.cache.kernel_cache:WARNING] (kernel_cache.py:342): Found kernel 'kernel' in memory cache. For better performance, consider using `@tilelang.jit` instead of direct kernel caching.
{"case_id": 7, "module": "submissions/nsa128.py", "seed": 601, "mode": "public", "median_us": {"cupti": 24.189439999999976}}
{"case_id": 7, "module": "submissions/nsa142.py", "seed": 601, "mode": "public", "median_us": {"cupti": 24.22016}}
{"case_id": 7, "module": "submissions/nsa128.py", "seed": 601, "mode": "current", "median_us": {"cupti": 24.184320000000064}}
{"case_id": 7, "module": "submissions/nsa142.py", "seed": 601, "mode": "current", "median_us": {"cupti": 24.23295999999997}}
2026-09-09 14:55:23  [TileLang:tilelang.cache.kernel_cache:WARNING] (kernel_cache.py:342): Found kernel 'kernel' in memory cache. For better performance, consider using `@tilelang.jit` instead of direct kernel caching.
{"case_id": 8, "module": "submissions/nsa128.py", "seed": 601, "mode": "public", "median_us": {"cupti": 40.60928}}
{"case_id": 8, "module": "submissions/nsa142.py", "seed": 601, "mode": "public", "median_us": {"cupti": 40.59648000000014}}
{"case_id": 8, "module": "submissions/nsa128.py", "seed": 601, "mode": "current", "median_us": {"cupti": 40.61952000000009}}
{"case_id": 8, "module": "submissions/nsa142.py", "seed": 601, "mode": "current", "median_us": {"cupti": 40.60159999999996}}
2026-09-09 14:55:24  [TileLang:tilelang.cache.kernel_cache:WARNING] (kernel_cache.py:342): Found kernel 'kernel' in memory cache. For better performance, consider using `@tilelang.jit` instead of direct kernel caching.
{"case_id": 9, "module": "submissions/nsa128.py", "seed": 601, "mode": "public", "median_us": {"cupti": 39.75167999999991}}
{"case_id": 9, "module": "submissions/nsa142.py", "seed": 601, "mode": "public", "median_us": {"cupti": 39.76703999999985}}
{"case_id": 9, "module": "submissions/nsa128.py", "seed": 601, "mode": "current", "median_us": {"cupti": 39.682559999999995}}
{"case_id": 9, "module": "submissions/nsa142.py", "seed": 601, "mode": "current", "median_us": {"cupti": 39.69024000000012}}
2026-09-09 14:55:26  [TileLang:tilelang.cache.kernel_cache:WARNING] (kernel_cache.py:342): Found kernel 'gather_kernel' in memory cache. For better performance, consider using `@tilelang.jit` instead of direct kernel caching.
{"case_id": 10, "module": "submissions/nsa128.py", "seed": 601, "mode": "public", "median_us": {"cupti": 7.0118399999999195}}
{"case_id": 10, "module": "submissions/nsa142.py", "seed": 601, "mode": "public", "median_us": {"cupti": 7.0579200000000135}}
{"case_id": 10, "module": "submissions/nsa128.py", "seed": 601, "mode": "current", "median_us": {"cupti": 6.917120000000013}}
{"case_id": 10, "module": "submissions/nsa142.py", "seed": 601, "mode": "current", "median_us": {"cupti": 6.940160000000015}}
2026-09-09 14:55:27  [TileLang:tilelang.cache.kernel_cache:WARNING] (kernel_cache.py:342): Found kernel 'gather_kernel' in memory cache. For better performance, consider using `@tilelang.jit` instead of direct kernel caching.
2026-09-09 14:55:27  [TileLang:tilelang.cache.kernel_cache:WARNING] (kernel_cache.py:342): Found kernel 'gather_kernel' in memory cache. For better performance, consider using `@tilelang.jit` instead of direct kernel caching.
2026-09-09 14:55:27  [TileLang:tilelang.cache.kernel_cache:WARNING] (kernel_cache.py:342): Found kernel 'gather_kernel' in memory cache. For better performance, consider using `@tilelang.jit` instead of direct kernel caching.
{"case_id": 11, "module": "submissions/nsa128.py", "seed": 601, "mode": "public", "median_us": {"cupti": 19.048960000000044}}
{"case_id": 11, "module": "submissions/nsa142.py", "seed": 601, "mode": "public", "median_us": {"cupti": 18.713600000000042}}
{"case_id": 11, "module": "submissions/nsa128.py", "seed": 601, "mode": "current", "median_us": {"cupti": 19.07199999999997}}
{"case_id": 11, "module": "submissions/nsa142.py", "seed": 601, "mode": "current", "median_us": {"cupti": 18.746880000000036}}
2026-09-09 14:55:28  [TileLang:tilelang.cache.kernel_cache:WARNING] (kernel_cache.py:342): Found kernel 'kernel' in memory cache. For better performance, consider using `@tilelang.jit` instead of direct kernel caching.
2026-09-09 14:55:29  [TileLang:tilelang.cache.kernel_cache:WARNING] (kernel_cache.py:342): Found kernel 'kernel' in memory cache. For better performance, consider using `@tilelang.jit` instead of direct kernel caching.
2026-09-09 14:55:29  [TileLang:tilelang.cache.kernel_cache:WARNING] (kernel_cache.py:342): Found kernel 'kernel' in memory cache. For better performance, consider using `@tilelang.jit` instead of direct kernel caching.
{"case_id": 12, "module": "submissions/nsa128.py", "seed": 601, "mode": "public", "median_us": {"cupti": 60.78975999999982}}
{"case_id": 12, "module": "submissions/nsa142.py", "seed": 601, "mode": "public", "median_us": {"cupti": 60.707839999999855}}
{"case_id": 12, "module": "submissions/nsa128.py", "seed": 601, "mode": "current", "median_us": {"cupti": 61.38880000000003}}
{"case_id": 12, "module": "submissions/nsa142.py", "seed": 601, "mode": "current", "median_us": {"cupti": 61.43231999999989}}
2026-09-09 14:55:30  [TileLang:tilelang.cache.kernel_cache:WARNING] (kernel_cache.py:342): Found kernel 'kernel' in memory cache. For better performance, consider using `@tilelang.jit` instead of direct kernel caching.
2026-09-09 14:55:30  [TileLang:tilelang.cache.kernel_cache:WARNING] (kernel_cache.py:342): Found kernel 'kernel' in memory cache. For better performance, consider using `@tilelang.jit` instead of direct kernel caching.
{"case_id": 13, "module": "submissions/nsa128.py", "seed": 601, "mode": "public", "median_us": {"cupti": 7.651840000000048}}
{"case_id": 13, "module": "submissions/nsa142.py", "seed": 601, "mode": "public", "median_us": {"cupti": 7.557119999999886}}
{"case_id": 13, "module": "submissions/nsa128.py", "seed": 601, "mode": "current", "median_us": {"cupti": 7.580160000000014}}
{"case_id": 13, "module": "submissions/nsa142.py", "seed": 601, "mode": "current", "median_us": {"cupti": 7.559679999999953}}
2026-09-09 14:55:31  [TileLang:tilelang.cache.kernel_cache:WARNING] (kernel_cache.py:342): Found kernel 'kernel' in memory cache. For better performance, consider using `@tilelang.jit` instead of direct kernel caching.
{"case_id": 14, "module": "submissions/nsa128.py", "seed": 601, "mode": "public", "median_us": {"cupti": 15.928319999999912}}
{"case_id": 14, "module": "submissions/nsa142.py", "seed": 601, "mode": "public", "median_us": {"cupti": 15.874560000000002}}
{"case_id": 14, "module": "submissions/nsa128.py", "seed": 601, "mode": "current", "median_us": {"cupti": 15.999999999999929}}
{"case_id": 14, "module": "submissions/nsa142.py", "seed": 601, "mode": "current", "median_us": {"cupti": 15.97695999999998}}
{"stage": "complete", "script": "calibrate_oj_protocol.py"}
{"stage": "begin", "script": "dump_sources.py"}
2026-09-09 14:55:34  [TileLang:tilelang.cache.kernel_cache:WARNING] (kernel_cache.py:342): Found kernel 'kernel' in memory cache. For better performance, consider using `@tilelang.jit` instead of direct kernel caching.
{"case_id": 1, "path": "/data/nsa_codex_20260909_r1/results/sources142/nsa128_case1.cu", "sha256": "8be1153532d3a653b113379c567a72a96a75c1d248fb19b8d1edf30f99722dad"}
2026-09-09 14:55:34  [TileLang:tilelang.cache.kernel_cache:WARNING] (kernel_cache.py:342): Found kernel 'kernel' in memory cache. For better performance, consider using `@tilelang.jit` instead of direct kernel caching.
{"case_id": 2, "path": "/data/nsa_codex_20260909_r1/results/sources142/nsa128_case2.cu", "sha256": "3e070ae804c0016c2b3389bb957b4c99bb4721bb97e80885d3e0c05bdb31c5a6"}
2026-09-09 14:55:34  [TileLang:tilelang.cache.kernel_cache:WARNING] (kernel_cache.py:342): Found kernel 'kernel' in memory cache. For better performance, consider using `@tilelang.jit` instead of direct kernel caching.
{"case_id": 3, "path": "/data/nsa_codex_20260909_r1/results/sources142/nsa128_case3.cu", "sha256": "d47a724e64eaa9f48f20510271150e2c425ab9454166d8b1c588d9ab4ccea59a"}
2026-09-09 14:55:34  [TileLang:tilelang.cache.kernel_cache:WARNING] (kernel_cache.py:342): Found kernel 'kernel' in memory cache. For better performance, consider using `@tilelang.jit` instead of direct kernel caching.
{"case_id": 4, "path": "/data/nsa_codex_20260909_r1/results/sources142/nsa128_case4.cu", "sha256": "6e8715e0be11e3a0aef559f62e61976453aa647de4a81d021c44da4570139e77"}
2026-09-09 14:55:34  [TileLang:tilelang.cache.kernel_cache:WARNING] (kernel_cache.py:342): Found kernel 'kernel' in memory cache. For better performance, consider using `@tilelang.jit` instead of direct kernel caching.
{"case_id": 5, "path": "/data/nsa_codex_20260909_r1/results/sources142/nsa128_case5.cu", "sha256": "958a6c8bf7cdbd7b2ea00cc31f6982f6917dd89fe3a058ad62f220dd4a805bd1"}
2026-09-09 14:55:34  [TileLang:tilelang.cache.kernel_cache:WARNING] (kernel_cache.py:342): Found kernel 'kernel' in memory cache. For better performance, consider using `@tilelang.jit` instead of direct kernel caching.
{"case_id": 6, "path": "/data/nsa_codex_20260909_r1/results/sources142/nsa128_case6.cu", "sha256": "37e9597746b48fbc651e96ff0a322a79320827fb2c3db3ce9fb0176f8dfe6ac6"}
2026-09-09 14:55:35  [TileLang:tilelang.cache.kernel_cache:WARNING] (kernel_cache.py:342): Found kernel 'kernel' in memory cache. For better performance, consider using `@tilelang.jit` instead of direct kernel caching.
{"case_id": 7, "path": "/data/nsa_codex_20260909_r1/results/sources142/nsa128_case7.cu", "sha256": "82c5e78e02cc6f4b09a47766de694807ebd339f3371ab12047330259e227719a"}
2026-09-09 14:55:35  [TileLang:tilelang.cache.kernel_cache:WARNING] (kernel_cache.py:342): Found kernel 'kernel' in memory cache. For better performance, consider using `@tilelang.jit` instead of direct kernel caching.
{"case_id": 8, "path": "/data/nsa_codex_20260909_r1/results/sources142/nsa128_case8.cu", "sha256": "ef1d68eae46695bc8b7c7dd844f24acad64ab951b24ac37fc5729e8203b75906"}
2026-09-09 14:55:35  [TileLang:tilelang.cache.kernel_cache:WARNING] (kernel_cache.py:342): Found kernel 'kernel' in memory cache. For better performance, consider using `@tilelang.jit` instead of direct kernel caching.
{"case_id": 9, "path": "/data/nsa_codex_20260909_r1/results/sources142/nsa128_case9.cu", "sha256": "0b4e0cdd126e53e5b73dc2a98e71ddf586fcc2faf6371f0184240e7feca575ec"}
2026-09-09 14:55:35  [TileLang:tilelang.cache.kernel_cache:WARNING] (kernel_cache.py:342): Found kernel 'gather_kernel' in memory cache. For better performance, consider using `@tilelang.jit` instead of direct kernel caching.
{"case_id": 10, "path": "/data/nsa_codex_20260909_r1/results/sources142/nsa128_case10.cu", "sha256": "71a8a86de1195b264ae0aa6cf0a6176a4b78b18d3ade435b88079bd0b64d77e8"}
2026-09-09 14:55:35  [TileLang:tilelang.cache.kernel_cache:WARNING] (kernel_cache.py:342): Found kernel 'gather_kernel' in memory cache. For better performance, consider using `@tilelang.jit` instead of direct kernel caching.
{"case_id": 11, "path": "/data/nsa_codex_20260909_r1/results/sources142/nsa128_case11.cu", "sha256": "77087f5cd01a2b04c0de1cba131b116362ba697060abec2e90970ad5622e668d"}
2026-09-09 14:55:35  [TileLang:tilelang.cache.kernel_cache:WARNING] (kernel_cache.py:342): Found kernel 'kernel' in memory cache. For better performance, consider using `@tilelang.jit` instead of direct kernel caching.
{"case_id": 12, "path": "/data/nsa_codex_20260909_r1/results/sources142/nsa128_case12.cu", "sha256": "b6617d2506adae51fa29fc7496e88058b940761b645095796df1dd496c3b3493"}
2026-09-09 14:55:35  [TileLang:tilelang.cache.kernel_cache:WARNING] (kernel_cache.py:342): Found kernel 'kernel' in memory cache. For better performance, consider using `@tilelang.jit` instead of direct kernel caching.
{"case_id": 13, "path": "/data/nsa_codex_20260909_r1/results/sources142/nsa128_case13.cu", "sha256": "fce0aa492fb667f9a796b2557061acebece556cd24d4b23ace2fd6afe5317876"}
2026-09-09 14:55:35  [TileLang:tilelang.cache.kernel_cache:WARNING] (kernel_cache.py:342): Found kernel 'kernel' in memory cache. For better performance, consider using `@tilelang.jit` instead of direct kernel caching.
{"case_id": 14, "path": "/data/nsa_codex_20260909_r1/results/sources142/nsa128_case14.cu", "sha256": "184c13c40faceb865fb2837388d6f947055a66a77766edae871160c2add1771e"}
2026-09-09 14:55:37  [TileLang:tilelang.cache.kernel_cache:WARNING] (kernel_cache.py:342): Found kernel 'kernel' in memory cache. For better performance, consider using `@tilelang.jit` instead of direct kernel caching.
{"case_id": 1, "path": "/data/nsa_codex_20260909_r1/results/sources142/nsa142_case1.cu", "sha256": "8be1153532d3a653b113379c567a72a96a75c1d248fb19b8d1edf30f99722dad"}
2026-09-09 14:55:37  [TileLang:tilelang.cache.kernel_cache:WARNING] (kernel_cache.py:342): Found kernel 'kernel' in memory cache. For better performance, consider using `@tilelang.jit` instead of direct kernel caching.
{"case_id": 2, "path": "/data/nsa_codex_20260909_r1/results/sources142/nsa142_case2.cu", "sha256": "3e070ae804c0016c2b3389bb957b4c99bb4721bb97e80885d3e0c05bdb31c5a6"}
2026-09-09 14:55:37  [TileLang:tilelang.cache.kernel_cache:WARNING] (kernel_cache.py:342): Found kernel 'kernel' in memory cache. For better performance, consider using `@tilelang.jit` instead of direct kernel caching.
{"case_id": 3, "path": "/data/nsa_codex_20260909_r1/results/sources142/nsa142_case3.cu", "sha256": "d47a724e64eaa9f48f20510271150e2c425ab9454166d8b1c588d9ab4ccea59a"}
2026-09-09 14:55:37  [TileLang:tilelang.cache.kernel_cache:WARNING] (kernel_cache.py:342): Found kernel 'kernel' in memory cache. For better performance, consider using `@tilelang.jit` instead of direct kernel caching.
{"case_id": 4, "path": "/data/nsa_codex_20260909_r1/results/sources142/nsa142_case4.cu", "sha256": "6e8715e0be11e3a0aef559f62e61976453aa647de4a81d021c44da4570139e77"}
2026-09-09 14:55:37  [TileLang:tilelang.cache.kernel_cache:WARNING] (kernel_cache.py:342): Found kernel 'kernel' in memory cache. For better performance, consider using `@tilelang.jit` instead of direct kernel caching.
{"case_id": 5, "path": "/data/nsa_codex_20260909_r1/results/sources142/nsa142_case5.cu", "sha256": "958a6c8bf7cdbd7b2ea00cc31f6982f6917dd89fe3a058ad62f220dd4a805bd1"}
2026-09-09 14:55:38  [TileLang:tilelang.cache.kernel_cache:WARNING] (kernel_cache.py:342): Found kernel 'kernel' in memory cache. For better performance, consider using `@tilelang.jit` instead of direct kernel caching.
{"case_id": 6, "path": "/data/nsa_codex_20260909_r1/results/sources142/nsa142_case6.cu", "sha256": "37e9597746b48fbc651e96ff0a322a79320827fb2c3db3ce9fb0176f8dfe6ac6"}
2026-09-09 14:55:38  [TileLang:tilelang.cache.kernel_cache:WARNING] (kernel_cache.py:342): Found kernel 'kernel' in memory cache. For better performance, consider using `@tilelang.jit` instead of direct kernel caching.
{"case_id": 7, "path": "/data/nsa_codex_20260909_r1/results/sources142/nsa142_case7.cu", "sha256": "82c5e78e02cc6f4b09a47766de694807ebd339f3371ab12047330259e227719a"}
2026-09-09 14:55:38  [TileLang:tilelang.cache.kernel_cache:WARNING] (kernel_cache.py:342): Found kernel 'kernel' in memory cache. For better performance, consider using `@tilelang.jit` instead of direct kernel caching.
{"case_id": 8, "path": "/data/nsa_codex_20260909_r1/results/sources142/nsa142_case8.cu", "sha256": "ef1d68eae46695bc8b7c7dd844f24acad64ab951b24ac37fc5729e8203b75906"}
2026-09-09 14:55:38  [TileLang:tilelang.cache.kernel_cache:WARNING] (kernel_cache.py:342): Found kernel 'kernel' in memory cache. For better performance, consider using `@tilelang.jit` instead of direct kernel caching.
{"case_id": 9, "path": "/data/nsa_codex_20260909_r1/results/sources142/nsa142_case9.cu", "sha256": "0b4e0cdd126e53e5b73dc2a98e71ddf586fcc2faf6371f0184240e7feca575ec"}
2026-09-09 14:55:38  [TileLang:tilelang.cache.kernel_cache:WARNING] (kernel_cache.py:342): Found kernel 'gather_kernel' in memory cache. For better performance, consider using `@tilelang.jit` instead of direct kernel caching.
{"case_id": 10, "path": "/data/nsa_codex_20260909_r1/results/sources142/nsa142_case10.cu", "sha256": "71a8a86de1195b264ae0aa6cf0a6176a4b78b18d3ade435b88079bd0b64d77e8"}
2026-09-09 14:55:38  [TileLang:tilelang.cache.kernel_cache:WARNING] (kernel_cache.py:342): Found kernel 'gather_kernel' in memory cache. For better performance, consider using `@tilelang.jit` instead of direct kernel caching.
{"case_id": 11, "path": "/data/nsa_codex_20260909_r1/results/sources142/nsa142_case11.cu", "sha256": "327035ae6ee4acc07fd7b3989cefca8a82c8a5855da2ea0ba16c8fc3efb57707"}
2026-09-09 14:55:38  [TileLang:tilelang.cache.kernel_cache:WARNING] (kernel_cache.py:342): Found kernel 'kernel' in memory cache. For better performance, consider using `@tilelang.jit` instead of direct kernel caching.
{"case_id": 12, "path": "/data/nsa_codex_20260909_r1/results/sources142/nsa142_case12.cu", "sha256": "b6617d2506adae51fa29fc7496e88058b940761b645095796df1dd496c3b3493"}
2026-09-09 14:55:38  [TileLang:tilelang.cache.kernel_cache:WARNING] (kernel_cache.py:342): Found kernel 'kernel' in memory cache. For better performance, consider using `@tilelang.jit` instead of direct kernel caching.
{"case_id": 13, "path": "/data/nsa_codex_20260909_r1/results/sources142/nsa142_case13.cu", "sha256": "acf63a074c763e617620fa84a1d76f61551b324a06334279c56ece5ae4a1a09b"}
2026-09-09 14:55:39  [TileLang:tilelang.cache.kernel_cache:WARNING] (kernel_cache.py:342): Found kernel 'kernel' in memory cache. For better performance, consider using `@tilelang.jit` instead of direct kernel caching.
{"case_id": 14, "path": "/data/nsa_codex_20260909_r1/results/sources142/nsa142_case14.cu", "sha256": "184c13c40faceb865fb2837388d6f947055a66a77766edae871160c2add1771e"}
{"stage": "complete", "script": "dump_sources.py"}
