Loading tilelang libs from dev root: /opt/tilelang-metax-v0.1.10/build
{"module": "submissions/nsa109.py", "source_sha256": "7abe284475520edf64999c583148cde45cc1c8f0a017503cc98068e7f33986fa", "case": {"B": 2, "seq_len": 1024, "kv_heads": 1, "q_heads": 16, "dim": 128, "selected_blocks": 1, "block_size": 32, "causal": 1}, "update": 0, "seed": 617, "mismatch_count": 0, "nonfinite": 0, "max_abs": 0.001953125, "status": "PASS"}
2026-09-09 10:01:52  [TileLang:tilelang.jit.kernel:INFO] (kernel.py:129): TileLang begins to compile kernel `kernel` with `out_idx=None`
2026-09-09 10:01:59  [TileLang:tilelang.jit.kernel:INFO] (kernel.py:137): TileLang completes to compile kernel `kernel`
{"module": "submissions/nsa115.py", "source_sha256": "d61cf78bb563263b804971ab22ad826ff357994162ccdc3ceb6a78076f99b911", "case": {"B": 2, "seq_len": 1024, "kv_heads": 1, "q_heads": 16, "dim": 128, "selected_blocks": 1, "block_size": 32, "causal": 1}, "update": 0, "seed": 617, "mismatch_count": 0, "nonfinite": 0, "max_abs": 0.001953125, "status": "PASS"}
{"module": "submissions/nsa109.py", "source_sha256": "7abe284475520edf64999c583148cde45cc1c8f0a017503cc98068e7f33986fa", "case": {"B": 2, "seq_len": 1024, "kv_heads": 1, "q_heads": 16, "dim": 128, "selected_blocks": 1, "block_size": 32, "causal": 1}, "update": 1, "seed": 618, "mismatch_count": 0, "nonfinite": 0, "max_abs": 0.0625, "status": "PASS"}
{"module": "submissions/nsa115.py", "source_sha256": "d61cf78bb563263b804971ab22ad826ff357994162ccdc3ceb6a78076f99b911", "case": {"B": 2, "seq_len": 1024, "kv_heads": 1, "q_heads": 16, "dim": 128, "selected_blocks": 1, "block_size": 32, "causal": 1}, "update": 1, "seed": 618, "mismatch_count": 0, "nonfinite": 0, "max_abs": 0.0625, "status": "PASS"}
{"module": "submissions/nsa109.py", "source_sha256": "7abe284475520edf64999c583148cde45cc1c8f0a017503cc98068e7f33986fa", "case": {"B": 2, "seq_len": 1024, "kv_heads": 1, "q_heads": 16, "dim": 128, "selected_blocks": 1, "block_size": 32, "causal": 1}, "update": 2, "seed": 619, "mismatch_count": 0, "nonfinite": 0, "max_abs": 7.62939453125e-06, "status": "PASS"}
{"module": "submissions/nsa115.py", "source_sha256": "d61cf78bb563263b804971ab22ad826ff357994162ccdc3ceb6a78076f99b911", "case": {"B": 2, "seq_len": 1024, "kv_heads": 1, "q_heads": 16, "dim": 128, "selected_blocks": 1, "block_size": 32, "causal": 1}, "update": 2, "seed": 619, "mismatch_count": 0, "nonfinite": 0, "max_abs": 7.62939453125e-06, "status": "PASS"}
2026-09-09 10:02:00  [TileLang:tilelang.jit.kernel:INFO] (kernel.py:129): TileLang begins to compile kernel `kernel` with `out_idx=None`
2026-09-09 10:02:06  [TileLang:tilelang.jit.kernel:INFO] (kernel.py:137): TileLang completes to compile kernel `kernel`
{"module": "submissions/nsa109.py", "source_sha256": "7abe284475520edf64999c583148cde45cc1c8f0a017503cc98068e7f33986fa", "case": {"B": 2, "seq_len": 1056, "kv_heads": 1, "q_heads": 16, "dim": 128, "selected_blocks": 1, "block_size": 32, "causal": 1}, "update": 0, "seed": 617, "mismatch_count": 0, "nonfinite": 0, "max_abs": 0.001953125, "status": "PASS"}
2026-09-09 10:02:07  [TileLang:tilelang.jit.kernel:INFO] (kernel.py:129): TileLang begins to compile kernel `kernel` with `out_idx=None`
2026-09-09 10:02:14  [TileLang:tilelang.jit.kernel:INFO] (kernel.py:137): TileLang completes to compile kernel `kernel`
{"module": "submissions/nsa115.py", "source_sha256": "d61cf78bb563263b804971ab22ad826ff357994162ccdc3ceb6a78076f99b911", "case": {"B": 2, "seq_len": 1056, "kv_heads": 1, "q_heads": 16, "dim": 128, "selected_blocks": 1, "block_size": 32, "causal": 1}, "update": 0, "seed": 617, "mismatch_count": 0, "nonfinite": 0, "max_abs": 0.001953125, "status": "PASS"}
{"module": "submissions/nsa109.py", "source_sha256": "7abe284475520edf64999c583148cde45cc1c8f0a017503cc98068e7f33986fa", "case": {"B": 2, "seq_len": 1056, "kv_heads": 1, "q_heads": 16, "dim": 128, "selected_blocks": 1, "block_size": 32, "causal": 1}, "update": 1, "seed": 618, "mismatch_count": 0, "nonfinite": 0, "max_abs": 0.0625, "status": "PASS"}
{"module": "submissions/nsa115.py", "source_sha256": "d61cf78bb563263b804971ab22ad826ff357994162ccdc3ceb6a78076f99b911", "case": {"B": 2, "seq_len": 1056, "kv_heads": 1, "q_heads": 16, "dim": 128, "selected_blocks": 1, "block_size": 32, "causal": 1}, "update": 1, "seed": 618, "mismatch_count": 0, "nonfinite": 0, "max_abs": 0.0625, "status": "PASS"}
{"module": "submissions/nsa109.py", "source_sha256": "7abe284475520edf64999c583148cde45cc1c8f0a017503cc98068e7f33986fa", "case": {"B": 2, "seq_len": 1056, "kv_heads": 1, "q_heads": 16, "dim": 128, "selected_blocks": 1, "block_size": 32, "causal": 1}, "update": 2, "seed": 619, "mismatch_count": 0, "nonfinite": 0, "max_abs": 7.62939453125e-06, "status": "PASS"}
{"module": "submissions/nsa115.py", "source_sha256": "d61cf78bb563263b804971ab22ad826ff357994162ccdc3ceb6a78076f99b911", "case": {"B": 2, "seq_len": 1056, "kv_heads": 1, "q_heads": 16, "dim": 128, "selected_blocks": 1, "block_size": 32, "causal": 1}, "update": 2, "seed": 619, "mismatch_count": 0, "nonfinite": 0, "max_abs": 7.62939453125e-06, "status": "PASS"}
2026-09-09 10:02:14  [TileLang:tilelang.jit.kernel:INFO] (kernel.py:129): TileLang begins to compile kernel `kernel` with `out_idx=None`
2026-09-09 10:02:20  [TileLang:tilelang.jit.kernel:INFO] (kernel.py:137): TileLang completes to compile kernel `kernel`
{"module": "submissions/nsa109.py", "source_sha256": "7abe284475520edf64999c583148cde45cc1c8f0a017503cc98068e7f33986fa", "case": {"B": 2, "seq_len": 1025, "kv_heads": 1, "q_heads": 16, "dim": 128, "selected_blocks": 1, "block_size": 32, "causal": 1}, "update": 0, "seed": 617, "mismatch_count": 0, "nonfinite": 0, "max_abs": 0.001953125, "status": "PASS"}
2026-09-09 10:02:20  [TileLang:tilelang.cache.kernel_cache:WARNING] (kernel_cache.py:342): Found kernel 'kernel' in memory cache. For better performance, consider using `@tilelang.jit` instead of direct kernel caching.
{"module": "submissions/nsa115.py", "source_sha256": "d61cf78bb563263b804971ab22ad826ff357994162ccdc3ceb6a78076f99b911", "case": {"B": 2, "seq_len": 1025, "kv_heads": 1, "q_heads": 16, "dim": 128, "selected_blocks": 1, "block_size": 32, "causal": 1}, "update": 0, "seed": 617, "mismatch_count": 0, "nonfinite": 0, "max_abs": 0.001953125, "status": "PASS"}
{"module": "submissions/nsa109.py", "source_sha256": "7abe284475520edf64999c583148cde45cc1c8f0a017503cc98068e7f33986fa", "case": {"B": 2, "seq_len": 1025, "kv_heads": 1, "q_heads": 16, "dim": 128, "selected_blocks": 1, "block_size": 32, "causal": 1}, "update": 1, "seed": 618, "mismatch_count": 0, "nonfinite": 0, "max_abs": 0.0625, "status": "PASS"}
{"module": "submissions/nsa115.py", "source_sha256": "d61cf78bb563263b804971ab22ad826ff357994162ccdc3ceb6a78076f99b911", "case": {"B": 2, "seq_len": 1025, "kv_heads": 1, "q_heads": 16, "dim": 128, "selected_blocks": 1, "block_size": 32, "causal": 1}, "update": 1, "seed": 618, "mismatch_count": 0, "nonfinite": 0, "max_abs": 0.0625, "status": "PASS"}
{"module": "submissions/nsa109.py", "source_sha256": "7abe284475520edf64999c583148cde45cc1c8f0a017503cc98068e7f33986fa", "case": {"B": 2, "seq_len": 1025, "kv_heads": 1, "q_heads": 16, "dim": 128, "selected_blocks": 1, "block_size": 32, "causal": 1}, "update": 2, "seed": 619, "mismatch_count": 0, "nonfinite": 0, "max_abs": 7.62939453125e-06, "status": "PASS"}
{"module": "submissions/nsa115.py", "source_sha256": "d61cf78bb563263b804971ab22ad826ff357994162ccdc3ceb6a78076f99b911", "case": {"B": 2, "seq_len": 1025, "kv_heads": 1, "q_heads": 16, "dim": 128, "selected_blocks": 1, "block_size": 32, "causal": 1}, "update": 2, "seed": 619, "mismatch_count": 0, "nonfinite": 0, "max_abs": 7.62939453125e-06, "status": "PASS"}
2026-09-09 10:02:20  [TileLang:tilelang.jit.kernel:INFO] (kernel.py:129): TileLang begins to compile kernel `kernel` with `out_idx=None`
2026-09-09 10:02:27  [TileLang:tilelang.jit.kernel:INFO] (kernel.py:137): TileLang completes to compile kernel `kernel`
{"module": "submissions/nsa109.py", "source_sha256": "7abe284475520edf64999c583148cde45cc1c8f0a017503cc98068e7f33986fa", "case": {"B": 2, "seq_len": 1024, "kv_heads": 2, "q_heads": 32, "dim": 128, "selected_blocks": 1, "block_size": 32, "causal": 1}, "update": 0, "seed": 617, "mismatch_count": 0, "nonfinite": 0, "max_abs": 0.001953125, "status": "PASS"}
2026-09-09 10:02:27  [TileLang:tilelang.cache.kernel_cache:WARNING] (kernel_cache.py:342): Found kernel 'kernel' in memory cache. For better performance, consider using `@tilelang.jit` instead of direct kernel caching.
{"module": "submissions/nsa115.py", "source_sha256": "d61cf78bb563263b804971ab22ad826ff357994162ccdc3ceb6a78076f99b911", "case": {"B": 2, "seq_len": 1024, "kv_heads": 2, "q_heads": 32, "dim": 128, "selected_blocks": 1, "block_size": 32, "causal": 1}, "update": 0, "seed": 617, "mismatch_count": 0, "nonfinite": 0, "max_abs": 0.001953125, "status": "PASS"}
{"module": "submissions/nsa109.py", "source_sha256": "7abe284475520edf64999c583148cde45cc1c8f0a017503cc98068e7f33986fa", "case": {"B": 2, "seq_len": 1024, "kv_heads": 2, "q_heads": 32, "dim": 128, "selected_blocks": 1, "block_size": 32, "causal": 1}, "update": 1, "seed": 618, "mismatch_count": 0, "nonfinite": 0, "max_abs": 0.0625, "status": "PASS"}
{"module": "submissions/nsa115.py", "source_sha256": "d61cf78bb563263b804971ab22ad826ff357994162ccdc3ceb6a78076f99b911", "case": {"B": 2, "seq_len": 1024, "kv_heads": 2, "q_heads": 32, "dim": 128, "selected_blocks": 1, "block_size": 32, "causal": 1}, "update": 1, "seed": 618, "mismatch_count": 0, "nonfinite": 0, "max_abs": 0.0625, "status": "PASS"}
{"module": "submissions/nsa109.py", "source_sha256": "7abe284475520edf64999c583148cde45cc1c8f0a017503cc98068e7f33986fa", "case": {"B": 2, "seq_len": 1024, "kv_heads": 2, "q_heads": 32, "dim": 128, "selected_blocks": 1, "block_size": 32, "causal": 1}, "update": 2, "seed": 619, "mismatch_count": 0, "nonfinite": 0, "max_abs": 7.62939453125e-06, "status": "PASS"}
{"module": "submissions/nsa115.py", "source_sha256": "d61cf78bb563263b804971ab22ad826ff357994162ccdc3ceb6a78076f99b911", "case": {"B": 2, "seq_len": 1024, "kv_heads": 2, "q_heads": 32, "dim": 128, "selected_blocks": 1, "block_size": 32, "causal": 1}, "update": 2, "seed": 619, "mismatch_count": 0, "nonfinite": 0, "max_abs": 7.62939453125e-06, "status": "PASS"}
