{"stage": "begin", "script": "calibrate_oj_protocol.py"}
Loading tilelang libs from dev root: /opt/tilelang-metax-v0.1.10/build
2026-09-09 13:13:38  [TileLang:tilelang.jit.kernel:INFO] (kernel.py:129): TileLang begins to compile kernel `kernel` with `out_idx=None`
2026-09-09 13:13:45  [TileLang:tilelang.jit.kernel:INFO] (kernel.py:137): TileLang completes to compile kernel `kernel`
2026-09-09 13:13:45  [TileLang:tilelang.jit.kernel:INFO] (kernel.py:129): TileLang begins to compile kernel `kernel` with `out_idx=None`
2026-09-09 13:13:51  [TileLang:tilelang.jit.kernel:INFO] (kernel.py:137): TileLang completes to compile kernel `kernel`
{"case_id": 6, "module": "submissions/nsa128.py", "seed": 529, "mode": "public", "median_us": {"cupti": 81.5718399999999}}
{"case_id": 6, "module": "submissions/nsa132.py", "seed": 529, "mode": "public", "median_us": {"cupti": 83.57887999999996}}
{"case_id": 6, "module": "submissions/nsa133.py", "seed": 529, "mode": "public", "median_us": {"cupti": 82.61120000000028}}
{"case_id": 6, "module": "submissions/nsa128.py", "seed": 529, "mode": "current", "median_us": {"cupti": 81.67936000000002}}
{"case_id": 6, "module": "submissions/nsa132.py", "seed": 529, "mode": "current", "median_us": {"cupti": 84.2752}}
{"case_id": 6, "module": "submissions/nsa133.py", "seed": 529, "mode": "current", "median_us": {"cupti": 82.87743999999995}}
{"stage": "complete", "script": "calibrate_oj_protocol.py"}
{"stage": "begin", "script": "dump_sources.py"}
2026-09-09 13:13:56  [TileLang:tilelang.cache.kernel_cache:WARNING] (kernel_cache.py:342): Found kernel 'kernel' in memory cache. For better performance, consider using `@tilelang.jit` instead of direct kernel caching.
{"case_id": 6, "path": "/data/nsa_codex_20260909_r1/results/artifacts132_133/nsa128_case6.cu", "sha256": "37e9597746b48fbc651e96ff0a322a79320827fb2c3db3ce9fb0176f8dfe6ac6"}
2026-09-09 13:13:58  [TileLang:tilelang.cache.kernel_cache:WARNING] (kernel_cache.py:342): Found kernel 'kernel' in memory cache. For better performance, consider using `@tilelang.jit` instead of direct kernel caching.
{"case_id": 6, "path": "/data/nsa_codex_20260909_r1/results/artifacts132_133/nsa132_case6.cu", "sha256": "a989a927e8c5342e6a30074b19a5940a2e2e47ae39bb686860ddf3fd4d17e1a9"}
2026-09-09 13:13:59  [TileLang:tilelang.cache.kernel_cache:WARNING] (kernel_cache.py:342): Found kernel 'kernel' in memory cache. For better performance, consider using `@tilelang.jit` instead of direct kernel caching.
{"case_id": 6, "path": "/data/nsa_codex_20260909_r1/results/artifacts132_133/nsa133_case6.cu", "sha256": "de4ef4a9c8cd46bad42f100acc9eb90e5a581af56715a9362c0bb04d5fd3f830"}
{"stage": "complete", "script": "dump_sources.py"}
{"workflow": "complete", "limitation": "Target screen only, not full validation"}
