Loading tilelang libs from dev root: /opt/tilelang-metax-v0.1.10/build
2026-09-09 11:06:16  [TileLang:tilelang.cache.kernel_cache:WARNING] (kernel_cache.py:342): Found kernel 'kernel' in memory cache. For better performance, consider using `@tilelang.jit` instead of direct kernel caching.
2026-09-09 11:06:16  [TileLang:tilelang.cache.kernel_cache:WARNING] (kernel_cache.py:342): Found kernel 'kernel' in memory cache. For better performance, consider using `@tilelang.jit` instead of direct kernel caching.
{"case_id": 2, "module": "submissions/nsa123.py", "seed": 467, "mode": "public", "median_us": {"cupti": 5.770240000000013}}
{"case_id": 2, "module": "submissions/nsa124.py", "seed": 467, "mode": "public", "median_us": {"cupti": 5.770239999999976}}
{"case_id": 2, "module": "submissions/nsa123.py", "seed": 467, "mode": "current", "median_us": {"cupti": 5.754879999999975}}
{"case_id": 2, "module": "submissions/nsa124.py", "seed": 467, "mode": "current", "median_us": {"cupti": 5.749759999999916}}
2026-09-09 11:06:18  [TileLang:tilelang.jit.kernel:INFO] (kernel.py:129): TileLang begins to compile kernel `kernel` with `out_idx=None`
2026-09-09 11:06:24  [TileLang:tilelang.jit.kernel:INFO] (kernel.py:137): TileLang completes to compile kernel `kernel`
2026-09-09 11:06:24  [TileLang:tilelang.cache.kernel_cache:WARNING] (kernel_cache.py:342): Found kernel 'kernel' in memory cache. For better performance, consider using `@tilelang.jit` instead of direct kernel caching.
{"case_id": 4, "module": "submissions/nsa123.py", "seed": 467, "mode": "public", "median_us": {"cupti": 10.572800000000207}}
{"case_id": 4, "module": "submissions/nsa124.py", "seed": 467, "mode": "public", "median_us": {"cupti": 10.378239999999824}}
{"case_id": 4, "module": "submissions/nsa123.py", "seed": 467, "mode": "current", "median_us": {"cupti": 10.583039999999928}}
{"case_id": 4, "module": "submissions/nsa124.py", "seed": 467, "mode": "current", "median_us": {"cupti": 10.357760000000052}}
2026-09-09 11:06:26  [TileLang:tilelang.jit.kernel:INFO] (kernel.py:129): TileLang begins to compile kernel `kernel` with `out_idx=None`
2026-09-09 11:06:32  [TileLang:tilelang.jit.kernel:INFO] (kernel.py:137): TileLang completes to compile kernel `kernel`
2026-09-09 11:06:32  [TileLang:tilelang.cache.kernel_cache:WARNING] (kernel_cache.py:342): Found kernel 'kernel' in memory cache. For better performance, consider using `@tilelang.jit` instead of direct kernel caching.
{"case_id": 14, "module": "submissions/nsa123.py", "seed": 467, "mode": "public", "median_us": {"cupti": 16.302079999999986}}
{"case_id": 14, "module": "submissions/nsa124.py", "seed": 467, "mode": "public", "median_us": {"cupti": 16.09727999999992}}
{"case_id": 14, "module": "submissions/nsa123.py", "seed": 467, "mode": "current", "median_us": {"cupti": 16.389119999999966}}
{"case_id": 14, "module": "submissions/nsa124.py", "seed": 467, "mode": "current", "median_us": {"cupti": 16.051200000000136}}
Loading tilelang libs from dev root: /opt/tilelang-metax-v0.1.10/build
2026-09-09 11:07:14  [TileLang:tilelang.jit.kernel:INFO] (kernel.py:129): TileLang begins to compile kernel `kernel` with `out_idx=None`
2026-09-09 11:07:21  [TileLang:tilelang.jit.kernel:INFO] (kernel.py:137): TileLang completes to compile kernel `kernel`
2026-09-09 11:07:21  [TileLang:tilelang.jit.kernel:INFO] (kernel.py:129): TileLang begins to compile kernel `kernel` with `out_idx=None`
2026-09-09 11:07:27  [TileLang:tilelang.jit.kernel:INFO] (kernel.py:137): TileLang completes to compile kernel `kernel`
2026-09-09 11:07:27  [TileLang:tilelang.cache.kernel_cache:WARNING] (kernel_cache.py:342): Found kernel 'kernel' in memory cache. For better performance, consider using `@tilelang.jit` instead of direct kernel caching.
{"case_id": 7, "module": "submissions/nsa123.py", "seed": 479, "mode": "public", "median_us": {"cupti": 24.76543999999991}}
{"case_id": 7, "module": "submissions/nsa126.py", "seed": 479, "mode": "public", "median_us": {"cupti": 25.871360000000024}}
{"case_id": 7, "module": "submissions/nsa125.py", "seed": 479, "mode": "public", "median_us": {"cupti": 23.905279999999983}}
{"case_id": 7, "module": "submissions/nsa123.py", "seed": 479, "mode": "current", "median_us": {"cupti": 24.893439999999863}}
{"case_id": 7, "module": "submissions/nsa126.py", "seed": 479, "mode": "current", "median_us": {"cupti": 25.999360000000202}}
{"case_id": 7, "module": "submissions/nsa125.py", "seed": 479, "mode": "current", "median_us": {"cupti": 24.04351999999981}}
2026-09-09 11:07:30  [TileLang:tilelang.jit.kernel:INFO] (kernel.py:129): TileLang begins to compile kernel `kernel` with `out_idx=None`
2026-09-09 11:07:36  [TileLang:tilelang.jit.kernel:INFO] (kernel.py:137): TileLang completes to compile kernel `kernel`
2026-09-09 11:07:36  [TileLang:tilelang.jit.kernel:INFO] (kernel.py:129): TileLang begins to compile kernel `kernel` with `out_idx=None`
2026-09-09 11:07:42  [TileLang:tilelang.jit.kernel:INFO] (kernel.py:137): TileLang completes to compile kernel `kernel`
2026-09-09 11:07:42  [TileLang:tilelang.cache.kernel_cache:WARNING] (kernel_cache.py:342): Found kernel 'kernel' in memory cache. For better performance, consider using `@tilelang.jit` instead of direct kernel caching.
{"case_id": 9, "module": "submissions/nsa123.py", "seed": 479, "mode": "public", "median_us": {"cupti": 40.427520000000044}}
{"case_id": 9, "module": "submissions/nsa126.py", "seed": 479, "mode": "public", "median_us": {"cupti": 40.48383999999987}}
{"case_id": 9, "module": "submissions/nsa125.py", "seed": 479, "mode": "public", "median_us": {"cupti": 39.87455999999988}}
{"case_id": 9, "module": "submissions/nsa123.py", "seed": 479, "mode": "current", "median_us": {"cupti": 40.35071999999997}}
{"case_id": 9, "module": "submissions/nsa126.py", "seed": 479, "mode": "current", "median_us": {"cupti": 40.35584000000003}}
{"case_id": 9, "module": "submissions/nsa125.py", "seed": 479, "mode": "current", "median_us": {"cupti": 39.77216000000008}}
