Loading tilelang libs from dev root: /opt/tilelang-metax-v0.1.10/build
2026-09-09 08:30:44  [TileLang:tilelang.jit.kernel:INFO] (kernel.py:129): TileLang begins to compile kernel `kernel` with `out_idx=None`
2026-09-09 08:30:51  [TileLang:tilelang.jit.kernel:INFO] (kernel.py:137): TileLang completes to compile kernel `kernel`
{"case_id": 12, "module": "submissions/nsa109.py", "seed": 211, "mode": "public", "median_us": {"cupti": 66.15552000000011}}
{"case_id": 12, "module": "submissions/nsa111.py", "seed": 211, "mode": "public", "median_us": {"cupti": 66.84160000000011}}
{"case_id": 12, "module": "submissions/nsa112.py", "seed": 211, "mode": "public", "median_us": {"cupti": 65.90975999999993}}
{"case_id": 12, "module": "submissions/nsa109.py", "seed": 211, "mode": "current", "median_us": {"cupti": 66.29888000000007}}
{"case_id": 12, "module": "submissions/nsa111.py", "seed": 211, "mode": "current", "median_us": {"cupti": 69.53984000000001}}
{"case_id": 12, "module": "submissions/nsa112.py", "seed": 211, "mode": "current", "median_us": {"cupti": 65.25439999999976}}
Loading tilelang libs from dev root: /opt/tilelang-metax-v0.1.10/build
2026-09-09 08:31:31  [TileLang:tilelang.jit.kernel:INFO] (kernel.py:129): TileLang begins to compile kernel `kernel` with `out_idx=None`
2026-09-09 08:31:38  [TileLang:tilelang.jit.kernel:INFO] (kernel.py:137): TileLang completes to compile kernel `kernel`
{"module": "submissions/nsa112.py", "source_sha256": "6558f5fcd6df83b8ad4d1e8612692f42d13fd104bba74a7bdf883fa476989115", "case": {"B": 1, "seq_len": 1024, "kv_heads": 1, "q_heads": 16, "dim": 64, "selected_blocks": 8, "block_size": 16, "causal": 1}, "update": 0, "seed": 613, "mismatch_count": 0, "status": "PASS", "nonfinite": 0, "max_abs": 0.0009765625}
{"module": "submissions/nsa112.py", "source_sha256": "6558f5fcd6df83b8ad4d1e8612692f42d13fd104bba74a7bdf883fa476989115", "case": {"B": 1, "seq_len": 1024, "kv_heads": 1, "q_heads": 16, "dim": 64, "selected_blocks": 8, "block_size": 16, "causal": 1}, "update": 1, "seed": 614, "mismatch_count": 0, "status": "PASS", "nonfinite": 0, "max_abs": 0.03125}
{"module": "submissions/nsa112.py", "source_sha256": "6558f5fcd6df83b8ad4d1e8612692f42d13fd104bba74a7bdf883fa476989115", "case": {"B": 1, "seq_len": 1024, "kv_heads": 1, "q_heads": 16, "dim": 64, "selected_blocks": 8, "block_size": 16, "causal": 1}, "update": 2, "seed": 615, "mismatch_count": 0, "status": "PASS", "nonfinite": 0, "max_abs": 0.03125}
{"module": "submissions/nsa112.py", "source_sha256": "6558f5fcd6df83b8ad4d1e8612692f42d13fd104bba74a7bdf883fa476989115", "case": {"B": 1, "seq_len": 1024, "kv_heads": 1, "q_heads": 16, "dim": 64, "selected_blocks": 8, "block_size": 16, "causal": 1}, "update": 3, "seed": 616, "mismatch_count": 0, "status": "PASS", "nonfinite": 0, "max_abs": 1.7821788787841797e-05}
2026-09-09 08:31:38  [TileLang:tilelang.jit.kernel:INFO] (kernel.py:129): TileLang begins to compile kernel `kernel` with `out_idx=None`
2026-09-09 08:31:46  [TileLang:tilelang.jit.kernel:INFO] (kernel.py:137): TileLang completes to compile kernel `kernel`
{"module": "submissions/nsa112.py", "source_sha256": "6558f5fcd6df83b8ad4d1e8612692f42d13fd104bba74a7bdf883fa476989115", "case": {"B": 1, "seq_len": 1040, "kv_heads": 1, "q_heads": 16, "dim": 64, "selected_blocks": 8, "block_size": 16, "causal": 1}, "update": 0, "seed": 613, "mismatch_count": 0, "status": "PASS", "nonfinite": 0, "max_abs": 0.0009765625}
{"module": "submissions/nsa112.py", "source_sha256": "6558f5fcd6df83b8ad4d1e8612692f42d13fd104bba74a7bdf883fa476989115", "case": {"B": 1, "seq_len": 1040, "kv_heads": 1, "q_heads": 16, "dim": 64, "selected_blocks": 8, "block_size": 16, "causal": 1}, "update": 1, "seed": 614, "mismatch_count": 0, "status": "PASS", "nonfinite": 0, "max_abs": 0.03125}
{"module": "submissions/nsa112.py", "source_sha256": "6558f5fcd6df83b8ad4d1e8612692f42d13fd104bba74a7bdf883fa476989115", "case": {"B": 1, "seq_len": 1040, "kv_heads": 1, "q_heads": 16, "dim": 64, "selected_blocks": 8, "block_size": 16, "causal": 1}, "update": 2, "seed": 615, "mismatch_count": 0, "status": "PASS", "nonfinite": 0, "max_abs": 0.03125}
{"module": "submissions/nsa112.py", "source_sha256": "6558f5fcd6df83b8ad4d1e8612692f42d13fd104bba74a7bdf883fa476989115", "case": {"B": 1, "seq_len": 1040, "kv_heads": 1, "q_heads": 16, "dim": 64, "selected_blocks": 8, "block_size": 16, "causal": 1}, "update": 3, "seed": 616, "mismatch_count": 0, "status": "PASS", "nonfinite": 0, "max_abs": 1.7821788787841797e-05}
{"module": "submissions/nsa112.py", "source_sha256": "6558f5fcd6df83b8ad4d1e8612692f42d13fd104bba74a7bdf883fa476989115", "case": {"B": 1, "seq_len": 1025, "kv_heads": 1, "q_heads": 16, "dim": 64, "selected_blocks": 8, "block_size": 16, "causal": 1}, "update": 0, "seed": 613, "mismatch_count": 0, "status": "PASS", "nonfinite": 0, "max_abs": 0.0009765625}
{"module": "submissions/nsa112.py", "source_sha256": "6558f5fcd6df83b8ad4d1e8612692f42d13fd104bba74a7bdf883fa476989115", "case": {"B": 1, "seq_len": 1025, "kv_heads": 1, "q_heads": 16, "dim": 64, "selected_blocks": 8, "block_size": 16, "causal": 1}, "update": 1, "seed": 614, "mismatch_count": 0, "status": "PASS", "nonfinite": 0, "max_abs": 0.03125}
{"module": "submissions/nsa112.py", "source_sha256": "6558f5fcd6df83b8ad4d1e8612692f42d13fd104bba74a7bdf883fa476989115", "case": {"B": 1, "seq_len": 1025, "kv_heads": 1, "q_heads": 16, "dim": 64, "selected_blocks": 8, "block_size": 16, "causal": 1}, "update": 2, "seed": 615, "mismatch_count": 0, "status": "PASS", "nonfinite": 0, "max_abs": 0.03125}
{"module": "submissions/nsa112.py", "source_sha256": "6558f5fcd6df83b8ad4d1e8612692f42d13fd104bba74a7bdf883fa476989115", "case": {"B": 1, "seq_len": 1025, "kv_heads": 1, "q_heads": 16, "dim": 64, "selected_blocks": 8, "block_size": 16, "causal": 1}, "update": 3, "seed": 616, "mismatch_count": 0, "status": "PASS", "nonfinite": 0, "max_abs": 1.7821788787841797e-05}
{"module": "submissions/nsa112.py", "source_sha256": "6558f5fcd6df83b8ad4d1e8612692f42d13fd104bba74a7bdf883fa476989115", "case": {"B": 1, "seq_len": 1024, "kv_heads": 2, "q_heads": 32, "dim": 64, "selected_blocks": 8, "block_size": 16, "causal": 1}, "update": 0, "seed": 613, "mismatch_count": 0, "status": "PASS", "nonfinite": 0, "max_abs": 0.0009765625}
{"module": "submissions/nsa112.py", "source_sha256": "6558f5fcd6df83b8ad4d1e8612692f42d13fd104bba74a7bdf883fa476989115", "case": {"B": 1, "seq_len": 1024, "kv_heads": 2, "q_heads": 32, "dim": 64, "selected_blocks": 8, "block_size": 16, "causal": 1}, "update": 1, "seed": 614, "mismatch_count": 0, "status": "PASS", "nonfinite": 0, "max_abs": 0.03125}
{"module": "submissions/nsa112.py", "source_sha256": "6558f5fcd6df83b8ad4d1e8612692f42d13fd104bba74a7bdf883fa476989115", "case": {"B": 1, "seq_len": 1024, "kv_heads": 2, "q_heads": 32, "dim": 64, "selected_blocks": 8, "block_size": 16, "causal": 1}, "update": 2, "seed": 615, "mismatch_count": 0, "status": "PASS", "nonfinite": 0, "max_abs": 0.03125}
{"module": "submissions/nsa112.py", "source_sha256": "6558f5fcd6df83b8ad4d1e8612692f42d13fd104bba74a7bdf883fa476989115", "case": {"B": 1, "seq_len": 1024, "kv_heads": 2, "q_heads": 32, "dim": 64, "selected_blocks": 8, "block_size": 16, "causal": 1}, "update": 3, "seed": 616, "mismatch_count": 0, "status": "PASS", "nonfinite": 0, "max_abs": 1.7821788787841797e-05}
Loading tilelang libs from dev root: /opt/tilelang-metax-v0.1.10/build
{"module": "submissions/nsa111.py", "case_id": 12, "hardware": {"L2_cache_size": 8388608, "gcnArchName": "MetaX C500", "is_integrated": 0, "is_multi_gpu_board": 0, "major": 8, "max_threads_per_multi_processor": 2048, "minor": 0, "multi_processor_count": 104, "name": "MetaX C500", "pci_bus_id": 14, "pci_device_id": 0, "pci_domain_id": 0, "regs_per_multiprocessor": 131072, "shared_memory_per_block": 65536, "shared_memory_per_block_optin": 65536, "shared_memory_per_multiprocessor": 65536, "total_memory": 16341008384, "warp_size": 64}, "threads": 64, "block_dimensions": [64, 1, 1], "dynamic_shared_bytes": 3072, "function_symbol": "__device_stub__kernel_kernel", "attributes_status": 0, "attributes": {"binaryVersion": 10, "cacheModeCA": 0, "constSizeBytes": 0, "localSizeBytes": 0, "maxDynamicSharedSizeBytes": 65536, "maxThreadsPerBlock": 64, "numRegs": 80, "preferredShmemCarveout": 50, "ptxVersion": 10, "sharedSizeBytes": 0}, "occupancy_status": 0, "theoretical_active_blocks_per_sm": 21}
{"module": "submissions/nsa112.py", "case_id": 12, "hardware": {"L2_cache_size": 8388608, "gcnArchName": "MetaX C500", "is_integrated": 0, "is_multi_gpu_board": 0, "major": 8, "max_threads_per_multi_processor": 2048, "minor": 0, "multi_processor_count": 104, "name": "MetaX C500", "pci_bus_id": 14, "pci_device_id": 0, "pci_domain_id": 0, "regs_per_multiprocessor": 131072, "shared_memory_per_block": 65536, "shared_memory_per_block_optin": 65536, "shared_memory_per_multiprocessor": 65536, "total_memory": 16341008384, "warp_size": 64}, "threads": 64, "block_dimensions": [64, 1, 1], "dynamic_shared_bytes": 2560, "function_symbol": "__device_stub__kernel_kernel", "attributes_status": 0, "attributes": {"binaryVersion": 10, "cacheModeCA": 0, "constSizeBytes": 0, "localSizeBytes": 0, "maxDynamicSharedSizeBytes": 65536, "maxThreadsPerBlock": 64, "numRegs": 77, "preferredShmemCarveout": 50, "ptxVersion": 10, "sharedSizeBytes": 0}, "occupancy_status": 0, "theoretical_active_blocks_per_sm": 24}
Loading tilelang libs from dev root: /opt/tilelang-metax-v0.1.10/build
submissions/nsa112.py 12 EXPORTED
