Loading tilelang libs from dev root: /opt/tilelang-metax-v0.1.10/build
2026-09-09 07:33:44  [TileLang:tilelang.cache.kernel_cache:WARNING] (kernel_cache.py:342): Found kernel 'kernel' in memory cache. For better performance, consider using `@tilelang.jit` instead of direct kernel caching.
2026-09-09 07:33:44  [TileLang:tilelang.cache.kernel_cache:WARNING] (kernel_cache.py:342): Found kernel 'kernel' in memory cache. For better performance, consider using `@tilelang.jit` instead of direct kernel caching.
{"case_id": 1, "module": "submissions/nsa103.py", "seed": 42, "mode": "public", "median_us": {"cupti": 4.8896000000001}}
{"case_id": 1, "module": "submissions/nsa108.py", "seed": 42, "mode": "public", "median_us": {"cupti": 4.904960000000101}}
2026-09-09 07:33:46  [TileLang:tilelang.cache.kernel_cache:WARNING] (kernel_cache.py:342): Found kernel 'kernel' in memory cache. For better performance, consider using `@tilelang.jit` instead of direct kernel caching.
2026-09-09 07:33:46  [TileLang:tilelang.cache.kernel_cache:WARNING] (kernel_cache.py:342): Found kernel 'kernel' in memory cache. For better performance, consider using `@tilelang.jit` instead of direct kernel caching.
{"case_id": 2, "module": "submissions/nsa103.py", "seed": 42, "mode": "public", "median_us": {"cupti": 5.923840000000054}}
{"case_id": 2, "module": "submissions/nsa108.py", "seed": 42, "mode": "public", "median_us": {"cupti": 5.959680000000044}}
2026-09-09 07:33:47  [TileLang:tilelang.cache.kernel_cache:WARNING] (kernel_cache.py:342): Found kernel 'kernel' in memory cache. For better performance, consider using `@tilelang.jit` instead of direct kernel caching.
2026-09-09 07:33:47  [TileLang:tilelang.cache.kernel_cache:WARNING] (kernel_cache.py:342): Found kernel 'kernel' in memory cache. For better performance, consider using `@tilelang.jit` instead of direct kernel caching.
{"case_id": 3, "module": "submissions/nsa103.py", "seed": 42, "mode": "public", "median_us": {"cupti": 8.703999999999832}}
{"case_id": 3, "module": "submissions/nsa108.py", "seed": 42, "mode": "public", "median_us": {"cupti": 8.765439999999945}}
2026-09-09 07:33:48  [TileLang:tilelang.cache.kernel_cache:WARNING] (kernel_cache.py:342): Found kernel 'kernel' in memory cache. For better performance, consider using `@tilelang.jit` instead of direct kernel caching.
2026-09-09 07:33:48  [TileLang:tilelang.cache.kernel_cache:WARNING] (kernel_cache.py:342): Found kernel 'kernel' in memory cache. For better performance, consider using `@tilelang.jit` instead of direct kernel caching.
{"case_id": 4, "module": "submissions/nsa103.py", "seed": 42, "mode": "public", "median_us": {"cupti": 10.603520000000172}}
{"case_id": 4, "module": "submissions/nsa108.py", "seed": 42, "mode": "public", "median_us": {"cupti": 10.61375999999993}}
2026-09-09 07:33:49  [TileLang:tilelang.cache.kernel_cache:WARNING] (kernel_cache.py:342): Found kernel 'kernel' in memory cache. For better performance, consider using `@tilelang.jit` instead of direct kernel caching.
{"case_id": 5, "module": "submissions/nsa103.py", "seed": 42, "mode": "public", "median_us": {"cupti": 25.64095999999998}}
{"case_id": 5, "module": "submissions/nsa108.py", "seed": 42, "mode": "public", "median_us": {"cupti": 25.615360000000038}}
2026-09-09 07:33:50  [TileLang:tilelang.cache.kernel_cache:WARNING] (kernel_cache.py:342): Found kernel 'kernel' in memory cache. For better performance, consider using `@tilelang.jit` instead of direct kernel caching.
{"case_id": 6, "module": "submissions/nsa103.py", "seed": 42, "mode": "public", "median_us": {"cupti": 81.05984000000008}}
{"case_id": 6, "module": "submissions/nsa108.py", "seed": 42, "mode": "public", "median_us": {"cupti": 81.01887999999995}}
2026-09-09 07:33:51  [TileLang:tilelang.cache.kernel_cache:WARNING] (kernel_cache.py:342): Found kernel 'kernel' in memory cache. For better performance, consider using `@tilelang.jit` instead of direct kernel caching.
2026-09-09 07:33:52  [TileLang:tilelang.cache.kernel_cache:WARNING] (kernel_cache.py:342): Found kernel 'kernel' in memory cache. For better performance, consider using `@tilelang.jit` instead of direct kernel caching.
{"case_id": 7, "module": "submissions/nsa103.py", "seed": 42, "mode": "public", "median_us": {"cupti": 24.693760000000147}}
{"case_id": 7, "module": "submissions/nsa108.py", "seed": 42, "mode": "public", "median_us": {"cupti": 24.704000000000086}}
2026-09-09 07:33:53  [TileLang:tilelang.cache.kernel_cache:WARNING] (kernel_cache.py:342): Found kernel 'kernel' in memory cache. For better performance, consider using `@tilelang.jit` instead of direct kernel caching.
{"case_id": 8, "module": "submissions/nsa103.py", "seed": 42, "mode": "public", "median_us": {"cupti": 40.714240000000025}}
{"case_id": 8, "module": "submissions/nsa108.py", "seed": 42, "mode": "public", "median_us": {"cupti": 40.72447999999993}}
2026-09-09 07:33:54  [TileLang:tilelang.cache.kernel_cache:WARNING] (kernel_cache.py:342): Found kernel 'kernel' in memory cache. For better performance, consider using `@tilelang.jit` instead of direct kernel caching.
2026-09-09 07:33:54  [TileLang:tilelang.cache.kernel_cache:WARNING] (kernel_cache.py:342): Found kernel 'kernel' in memory cache. For better performance, consider using `@tilelang.jit` instead of direct kernel caching.
{"case_id": 9, "module": "submissions/nsa103.py", "seed": 42, "mode": "public", "median_us": {"cupti": 40.29439999999991}}
{"case_id": 9, "module": "submissions/nsa108.py", "seed": 42, "mode": "public", "median_us": {"cupti": 40.330239999999904}}
2026-09-09 07:33:55  [TileLang:tilelang.cache.kernel_cache:WARNING] (kernel_cache.py:342): Found kernel 'gather_kernel' in memory cache. For better performance, consider using `@tilelang.jit` instead of direct kernel caching.
{"case_id": 10, "module": "submissions/nsa103.py", "seed": 42, "mode": "public", "median_us": {"cupti": 7.249920000000056}}
{"case_id": 10, "module": "submissions/nsa108.py", "seed": 42, "mode": "public", "median_us": {"cupti": 7.019519999999975}}
2026-09-09 07:33:56  [TileLang:tilelang.cache.kernel_cache:WARNING] (kernel_cache.py:342): Found kernel 'gather_kernel' in memory cache. For better performance, consider using `@tilelang.jit` instead of direct kernel caching.
{"case_id": 11, "module": "submissions/nsa103.py", "seed": 42, "mode": "public", "median_us": {"cupti": 19.22560000000005}}
{"case_id": 11, "module": "submissions/nsa108.py", "seed": 42, "mode": "public", "median_us": {"cupti": 19.205120000000097}}
2026-09-09 07:33:57  [TileLang:tilelang.cache.kernel_cache:WARNING] (kernel_cache.py:342): Found kernel 'kernel' in memory cache. For better performance, consider using `@tilelang.jit` instead of direct kernel caching.
{"case_id": 12, "module": "submissions/nsa103.py", "seed": 42, "mode": "public", "median_us": {"cupti": 62.69951999999998}}
{"case_id": 12, "module": "submissions/nsa108.py", "seed": 42, "mode": "public", "median_us": {"cupti": 62.632960000000054}}
2026-09-09 07:33:58  [TileLang:tilelang.cache.kernel_cache:WARNING] (kernel_cache.py:342): Found kernel 'kernel' in memory cache. For better performance, consider using `@tilelang.jit` instead of direct kernel caching.
{"case_id": 13, "module": "submissions/nsa103.py", "seed": 42, "mode": "public", "median_us": {"cupti": 7.587840000000142}}
{"case_id": 13, "module": "submissions/nsa108.py", "seed": 42, "mode": "public", "median_us": {"cupti": 7.531519999999946}}
2026-09-09 07:33:59  [TileLang:tilelang.cache.kernel_cache:WARNING] (kernel_cache.py:342): Found kernel 'kernel' in memory cache. For better performance, consider using `@tilelang.jit` instead of direct kernel caching.
2026-09-09 07:33:59  [TileLang:tilelang.cache.kernel_cache:WARNING] (kernel_cache.py:342): Found kernel 'kernel' in memory cache. For better performance, consider using `@tilelang.jit` instead of direct kernel caching.
{"case_id": 14, "module": "submissions/nsa103.py", "seed": 42, "mode": "public", "median_us": {"cupti": 16.860160000000032}}
{"case_id": 14, "module": "submissions/nsa108.py", "seed": 42, "mode": "public", "median_us": {"cupti": 16.890879999999854}}
Loading tilelang libs from dev root: /opt/tilelang-metax-v0.1.10/build
2026-09-09 07:34:38  [TileLang:tilelang.jit.kernel:INFO] (kernel.py:129): TileLang begins to compile kernel `gather_kernel` with `out_idx=None`
2026-09-09 07:34:44  [TileLang:tilelang.jit.kernel:INFO] (kernel.py:137): TileLang completes to compile kernel `gather_kernel`
{"module": "submissions/nsa103.py", "source_sha256": "6115cd1595aaa26f518e362810ab50771ade4812b0b35fb8d81444d471f5795a", "case": {"B": 1, "seq_len": 64, "kv_heads": 1, "q_heads": 16, "dim": 64, "selected_blocks": 2, "block_size": 16, "causal": 1}, "update": 0, "seed": 509, "index_mode": "current_random", "mismatch_count": 0, "status": "PASS", "nonfinite": 0, "max_abs": 0.0009765625}
2026-09-09 07:34:44  [TileLang:tilelang.jit.kernel:INFO] (kernel.py:129): TileLang begins to compile kernel `gather_kernel` with `out_idx=None`
2026-09-09 07:34:51  [TileLang:tilelang.jit.kernel:INFO] (kernel.py:137): TileLang completes to compile kernel `gather_kernel`
{"module": "submissions/nsa108.py", "source_sha256": "de7852f192086fd776d138684bd52715023218e0b943b2fe1cc00878c07b3374", "case": {"B": 1, "seq_len": 64, "kv_heads": 1, "q_heads": 16, "dim": 64, "selected_blocks": 2, "block_size": 16, "causal": 1}, "update": 0, "seed": 509, "index_mode": "current_random", "mismatch_count": 0, "status": "PASS", "nonfinite": 0, "max_abs": 0.0009765625}
{"module": "submissions/nsa103.py", "source_sha256": "6115cd1595aaa26f518e362810ab50771ade4812b0b35fb8d81444d471f5795a", "case": {"B": 1, "seq_len": 64, "kv_heads": 1, "q_heads": 16, "dim": 64, "selected_blocks": 2, "block_size": 16, "causal": 1}, "update": 1, "seed": 510, "index_mode": "current_first_only", "mismatch_count": 0, "status": "PASS", "nonfinite": 0, "max_abs": 0.0625}
{"module": "submissions/nsa108.py", "source_sha256": "de7852f192086fd776d138684bd52715023218e0b943b2fe1cc00878c07b3374", "case": {"B": 1, "seq_len": 64, "kv_heads": 1, "q_heads": 16, "dim": 64, "selected_blocks": 2, "block_size": 16, "causal": 1}, "update": 1, "seed": 510, "index_mode": "current_first_only", "mismatch_count": 0, "status": "PASS", "nonfinite": 0, "max_abs": 0.0625}
{"module": "submissions/nsa103.py", "source_sha256": "6115cd1595aaa26f518e362810ab50771ade4812b0b35fb8d81444d471f5795a", "case": {"B": 1, "seq_len": 64, "kv_heads": 1, "q_heads": 16, "dim": 64, "selected_blocks": 2, "block_size": 16, "causal": 1}, "update": 2, "seed": 511, "index_mode": "current_last_only", "mismatch_count": 0, "status": "PASS", "nonfinite": 0, "max_abs": 0.03125}
{"module": "submissions/nsa108.py", "source_sha256": "de7852f192086fd776d138684bd52715023218e0b943b2fe1cc00878c07b3374", "case": {"B": 1, "seq_len": 64, "kv_heads": 1, "q_heads": 16, "dim": 64, "selected_blocks": 2, "block_size": 16, "causal": 1}, "update": 2, "seed": 511, "index_mode": "current_last_only", "mismatch_count": 0, "status": "PASS", "nonfinite": 0, "max_abs": 0.03125}
2026-09-09 07:34:51  [TileLang:tilelang.jit.kernel:INFO] (kernel.py:129): TileLang begins to compile kernel `gather_kernel` with `out_idx=None`
2026-09-09 07:34:57  [TileLang:tilelang.jit.kernel:INFO] (kernel.py:137): TileLang completes to compile kernel `gather_kernel`
{"module": "submissions/nsa103.py", "source_sha256": "6115cd1595aaa26f518e362810ab50771ade4812b0b35fb8d81444d471f5795a", "case": {"B": 2, "seq_len": 257, "kv_heads": 1, "q_heads": 16, "dim": 64, "selected_blocks": 2, "block_size": 16, "causal": 1}, "update": 0, "seed": 509, "index_mode": "current_random", "mismatch_count": 0, "status": "PASS", "nonfinite": 0, "max_abs": 0.001953125}
2026-09-09 07:34:57  [TileLang:tilelang.jit.kernel:INFO] (kernel.py:129): TileLang begins to compile kernel `gather_kernel` with `out_idx=None`
2026-09-09 07:35:03  [TileLang:tilelang.jit.kernel:INFO] (kernel.py:137): TileLang completes to compile kernel `gather_kernel`
{"module": "submissions/nsa108.py", "source_sha256": "de7852f192086fd776d138684bd52715023218e0b943b2fe1cc00878c07b3374", "case": {"B": 2, "seq_len": 257, "kv_heads": 1, "q_heads": 16, "dim": 64, "selected_blocks": 2, "block_size": 16, "causal": 1}, "update": 0, "seed": 509, "index_mode": "current_random", "mismatch_count": 0, "status": "PASS", "nonfinite": 0, "max_abs": 0.001953125}
{"module": "submissions/nsa103.py", "source_sha256": "6115cd1595aaa26f518e362810ab50771ade4812b0b35fb8d81444d471f5795a", "case": {"B": 2, "seq_len": 257, "kv_heads": 1, "q_heads": 16, "dim": 64, "selected_blocks": 2, "block_size": 16, "causal": 1}, "update": 1, "seed": 510, "index_mode": "current_first_only", "mismatch_count": 0, "status": "PASS", "nonfinite": 0, "max_abs": 0.0625}
{"module": "submissions/nsa108.py", "source_sha256": "de7852f192086fd776d138684bd52715023218e0b943b2fe1cc00878c07b3374", "case": {"B": 2, "seq_len": 257, "kv_heads": 1, "q_heads": 16, "dim": 64, "selected_blocks": 2, "block_size": 16, "causal": 1}, "update": 1, "seed": 510, "index_mode": "current_first_only", "mismatch_count": 0, "status": "PASS", "nonfinite": 0, "max_abs": 0.0625}
{"module": "submissions/nsa103.py", "source_sha256": "6115cd1595aaa26f518e362810ab50771ade4812b0b35fb8d81444d471f5795a", "case": {"B": 2, "seq_len": 257, "kv_heads": 1, "q_heads": 16, "dim": 64, "selected_blocks": 2, "block_size": 16, "causal": 1}, "update": 2, "seed": 511, "index_mode": "current_last_only", "mismatch_count": 0, "status": "PASS", "nonfinite": 0, "max_abs": 0.0625}
{"module": "submissions/nsa108.py", "source_sha256": "de7852f192086fd776d138684bd52715023218e0b943b2fe1cc00878c07b3374", "case": {"B": 2, "seq_len": 257, "kv_heads": 1, "q_heads": 16, "dim": 64, "selected_blocks": 2, "block_size": 16, "causal": 1}, "update": 2, "seed": 511, "index_mode": "current_last_only", "mismatch_count": 0, "status": "PASS", "nonfinite": 0, "max_abs": 0.0625}
2026-09-09 07:35:03  [TileLang:tilelang.jit.kernel:INFO] (kernel.py:129): TileLang begins to compile kernel `gather_kernel` with `out_idx=None`
2026-09-09 07:35:09  [TileLang:tilelang.jit.kernel:INFO] (kernel.py:137): TileLang completes to compile kernel `gather_kernel`
{"module": "submissions/nsa103.py", "source_sha256": "6115cd1595aaa26f518e362810ab50771ade4812b0b35fb8d81444d471f5795a", "case": {"B": 1, "seq_len": 512, "kv_heads": 2, "q_heads": 32, "dim": 64, "selected_blocks": 2, "block_size": 16, "causal": 1}, "update": 0, "seed": 509, "index_mode": "current_random", "mismatch_count": 0, "status": "PASS", "nonfinite": 0, "max_abs": 0.001953125}
2026-09-09 07:35:10  [TileLang:tilelang.jit.kernel:INFO] (kernel.py:129): TileLang begins to compile kernel `gather_kernel` with `out_idx=None`
2026-09-09 07:35:16  [TileLang:tilelang.jit.kernel:INFO] (kernel.py:137): TileLang completes to compile kernel `gather_kernel`
{"module": "submissions/nsa108.py", "source_sha256": "de7852f192086fd776d138684bd52715023218e0b943b2fe1cc00878c07b3374", "case": {"B": 1, "seq_len": 512, "kv_heads": 2, "q_heads": 32, "dim": 64, "selected_blocks": 2, "block_size": 16, "causal": 1}, "update": 0, "seed": 509, "index_mode": "current_random", "mismatch_count": 0, "status": "PASS", "nonfinite": 0, "max_abs": 0.001953125}
{"module": "submissions/nsa103.py", "source_sha256": "6115cd1595aaa26f518e362810ab50771ade4812b0b35fb8d81444d471f5795a", "case": {"B": 1, "seq_len": 512, "kv_heads": 2, "q_heads": 32, "dim": 64, "selected_blocks": 2, "block_size": 16, "causal": 1}, "update": 1, "seed": 510, "index_mode": "current_first_only", "mismatch_count": 0, "status": "PASS", "nonfinite": 0, "max_abs": 0.0625}
{"module": "submissions/nsa108.py", "source_sha256": "de7852f192086fd776d138684bd52715023218e0b943b2fe1cc00878c07b3374", "case": {"B": 1, "seq_len": 512, "kv_heads": 2, "q_heads": 32, "dim": 64, "selected_blocks": 2, "block_size": 16, "causal": 1}, "update": 1, "seed": 510, "index_mode": "current_first_only", "mismatch_count": 0, "status": "PASS", "nonfinite": 0, "max_abs": 0.0625}
{"module": "submissions/nsa103.py", "source_sha256": "6115cd1595aaa26f518e362810ab50771ade4812b0b35fb8d81444d471f5795a", "case": {"B": 1, "seq_len": 512, "kv_heads": 2, "q_heads": 32, "dim": 64, "selected_blocks": 2, "block_size": 16, "causal": 1}, "update": 2, "seed": 511, "index_mode": "current_last_only", "mismatch_count": 0, "status": "PASS", "nonfinite": 0, "max_abs": 0.0625}
{"module": "submissions/nsa108.py", "source_sha256": "de7852f192086fd776d138684bd52715023218e0b943b2fe1cc00878c07b3374", "case": {"B": 1, "seq_len": 512, "kv_heads": 2, "q_heads": 32, "dim": 64, "selected_blocks": 2, "block_size": 16, "causal": 1}, "update": 2, "seed": 511, "index_mode": "current_last_only", "mismatch_count": 0, "status": "PASS", "nonfinite": 0, "max_abs": 0.0625}
2026-09-09 07:35:16  [TileLang:tilelang.jit.kernel:INFO] (kernel.py:129): TileLang begins to compile kernel `gather_kernel` with `out_idx=None`
2026-09-09 07:35:22  [TileLang:tilelang.jit.kernel:INFO] (kernel.py:137): TileLang completes to compile kernel `gather_kernel`
{"module": "submissions/nsa103.py", "source_sha256": "6115cd1595aaa26f518e362810ab50771ade4812b0b35fb8d81444d471f5795a", "case": {"B": 1, "seq_len": 513, "kv_heads": 2, "q_heads": 32, "dim": 64, "selected_blocks": 2, "block_size": 16, "causal": 1}, "update": 0, "seed": 509, "index_mode": "current_random", "mismatch_count": 0, "status": "PASS", "nonfinite": 0, "max_abs": 0.001953125}
2026-09-09 07:35:22  [TileLang:tilelang.jit.kernel:INFO] (kernel.py:129): TileLang begins to compile kernel `gather_kernel` with `out_idx=None`
2026-09-09 07:35:28  [TileLang:tilelang.jit.kernel:INFO] (kernel.py:137): TileLang completes to compile kernel `gather_kernel`
{"module": "submissions/nsa108.py", "source_sha256": "de7852f192086fd776d138684bd52715023218e0b943b2fe1cc00878c07b3374", "case": {"B": 1, "seq_len": 513, "kv_heads": 2, "q_heads": 32, "dim": 64, "selected_blocks": 2, "block_size": 16, "causal": 1}, "update": 0, "seed": 509, "index_mode": "current_random", "mismatch_count": 0, "status": "PASS", "nonfinite": 0, "max_abs": 0.001953125}
{"module": "submissions/nsa103.py", "source_sha256": "6115cd1595aaa26f518e362810ab50771ade4812b0b35fb8d81444d471f5795a", "case": {"B": 1, "seq_len": 513, "kv_heads": 2, "q_heads": 32, "dim": 64, "selected_blocks": 2, "block_size": 16, "causal": 1}, "update": 1, "seed": 510, "index_mode": "current_first_only", "mismatch_count": 0, "status": "PASS", "nonfinite": 0, "max_abs": 0.0625}
{"module": "submissions/nsa108.py", "source_sha256": "de7852f192086fd776d138684bd52715023218e0b943b2fe1cc00878c07b3374", "case": {"B": 1, "seq_len": 513, "kv_heads": 2, "q_heads": 32, "dim": 64, "selected_blocks": 2, "block_size": 16, "causal": 1}, "update": 1, "seed": 510, "index_mode": "current_first_only", "mismatch_count": 0, "status": "PASS", "nonfinite": 0, "max_abs": 0.0625}
{"module": "submissions/nsa103.py", "source_sha256": "6115cd1595aaa26f518e362810ab50771ade4812b0b35fb8d81444d471f5795a", "case": {"B": 1, "seq_len": 513, "kv_heads": 2, "q_heads": 32, "dim": 64, "selected_blocks": 2, "block_size": 16, "causal": 1}, "update": 2, "seed": 511, "index_mode": "current_last_only", "mismatch_count": 0, "status": "PASS", "nonfinite": 0, "max_abs": 0.0625}
{"module": "submissions/nsa108.py", "source_sha256": "de7852f192086fd776d138684bd52715023218e0b943b2fe1cc00878c07b3374", "case": {"B": 1, "seq_len": 513, "kv_heads": 2, "q_heads": 32, "dim": 64, "selected_blocks": 2, "block_size": 16, "causal": 1}, "update": 2, "seed": 511, "index_mode": "current_last_only", "mismatch_count": 0, "status": "PASS", "nonfinite": 0, "max_abs": 0.0625}
2026-09-09 07:35:28  [TileLang:tilelang.jit.kernel:INFO] (kernel.py:129): TileLang begins to compile kernel `gather_kernel` with `out_idx=None`
2026-09-09 07:35:34  [TileLang:tilelang.jit.kernel:INFO] (kernel.py:137): TileLang completes to compile kernel `gather_kernel`
{"module": "submissions/nsa103.py", "source_sha256": "6115cd1595aaa26f518e362810ab50771ade4812b0b35fb8d81444d471f5795a", "case": {"B": 1, "seq_len": 64, "kv_heads": 1, "q_heads": 16, "dim": 64, "selected_blocks": 4, "block_size": 16, "causal": 1}, "update": 0, "seed": 509, "index_mode": "current_random", "mismatch_count": 0, "status": "PASS", "nonfinite": 0, "max_abs": 0.0009765625}
2026-09-09 07:35:34  [TileLang:tilelang.cache.kernel_cache:WARNING] (kernel_cache.py:342): Found kernel 'gather_kernel' in memory cache. For better performance, consider using `@tilelang.jit` instead of direct kernel caching.
{"module": "submissions/nsa108.py", "source_sha256": "de7852f192086fd776d138684bd52715023218e0b943b2fe1cc00878c07b3374", "case": {"B": 1, "seq_len": 64, "kv_heads": 1, "q_heads": 16, "dim": 64, "selected_blocks": 4, "block_size": 16, "causal": 1}, "update": 0, "seed": 509, "index_mode": "current_random", "mismatch_count": 0, "status": "PASS", "nonfinite": 0, "max_abs": 0.0009765625}
{"module": "submissions/nsa103.py", "source_sha256": "6115cd1595aaa26f518e362810ab50771ade4812b0b35fb8d81444d471f5795a", "case": {"B": 1, "seq_len": 64, "kv_heads": 1, "q_heads": 16, "dim": 64, "selected_blocks": 4, "block_size": 16, "causal": 1}, "update": 1, "seed": 510, "index_mode": "current_first_only", "mismatch_count": 0, "status": "PASS", "nonfinite": 0, "max_abs": 0.0625}
{"module": "submissions/nsa108.py", "source_sha256": "de7852f192086fd776d138684bd52715023218e0b943b2fe1cc00878c07b3374", "case": {"B": 1, "seq_len": 64, "kv_heads": 1, "q_heads": 16, "dim": 64, "selected_blocks": 4, "block_size": 16, "causal": 1}, "update": 1, "seed": 510, "index_mode": "current_first_only", "mismatch_count": 0, "status": "PASS", "nonfinite": 0, "max_abs": 0.0625}
{"module": "submissions/nsa103.py", "source_sha256": "6115cd1595aaa26f518e362810ab50771ade4812b0b35fb8d81444d471f5795a", "case": {"B": 1, "seq_len": 64, "kv_heads": 1, "q_heads": 16, "dim": 64, "selected_blocks": 4, "block_size": 16, "causal": 1}, "update": 2, "seed": 511, "index_mode": "current_last_only", "mismatch_count": 0, "status": "PASS", "nonfinite": 0, "max_abs": 0.03125}
{"module": "submissions/nsa108.py", "source_sha256": "de7852f192086fd776d138684bd52715023218e0b943b2fe1cc00878c07b3374", "case": {"B": 1, "seq_len": 64, "kv_heads": 1, "q_heads": 16, "dim": 64, "selected_blocks": 4, "block_size": 16, "causal": 1}, "update": 2, "seed": 511, "index_mode": "current_last_only", "mismatch_count": 0, "status": "PASS", "nonfinite": 0, "max_abs": 0.03125}
2026-09-09 07:35:35  [TileLang:tilelang.jit.kernel:INFO] (kernel.py:129): TileLang begins to compile kernel `gather_kernel` with `out_idx=None`
2026-09-09 07:35:40  [TileLang:tilelang.jit.kernel:INFO] (kernel.py:137): TileLang completes to compile kernel `gather_kernel`
{"module": "submissions/nsa103.py", "source_sha256": "6115cd1595aaa26f518e362810ab50771ade4812b0b35fb8d81444d471f5795a", "case": {"B": 2, "seq_len": 257, "kv_heads": 1, "q_heads": 16, "dim": 64, "selected_blocks": 4, "block_size": 16, "causal": 1}, "update": 0, "seed": 509, "index_mode": "current_random", "mismatch_count": 0, "status": "PASS", "nonfinite": 0, "max_abs": 0.001953125}
2026-09-09 07:35:41  [TileLang:tilelang.cache.kernel_cache:WARNING] (kernel_cache.py:342): Found kernel 'gather_kernel' in memory cache. For better performance, consider using `@tilelang.jit` instead of direct kernel caching.
{"module": "submissions/nsa108.py", "source_sha256": "de7852f192086fd776d138684bd52715023218e0b943b2fe1cc00878c07b3374", "case": {"B": 2, "seq_len": 257, "kv_heads": 1, "q_heads": 16, "dim": 64, "selected_blocks": 4, "block_size": 16, "causal": 1}, "update": 0, "seed": 509, "index_mode": "current_random", "mismatch_count": 0, "status": "PASS", "nonfinite": 0, "max_abs": 0.001953125}
{"module": "submissions/nsa103.py", "source_sha256": "6115cd1595aaa26f518e362810ab50771ade4812b0b35fb8d81444d471f5795a", "case": {"B": 2, "seq_len": 257, "kv_heads": 1, "q_heads": 16, "dim": 64, "selected_blocks": 4, "block_size": 16, "causal": 1}, "update": 1, "seed": 510, "index_mode": "current_first_only", "mismatch_count": 0, "status": "PASS", "nonfinite": 0, "max_abs": 0.0625}
{"module": "submissions/nsa108.py", "source_sha256": "de7852f192086fd776d138684bd52715023218e0b943b2fe1cc00878c07b3374", "case": {"B": 2, "seq_len": 257, "kv_heads": 1, "q_heads": 16, "dim": 64, "selected_blocks": 4, "block_size": 16, "causal": 1}, "update": 1, "seed": 510, "index_mode": "current_first_only", "mismatch_count": 0, "status": "PASS", "nonfinite": 0, "max_abs": 0.0625}
{"module": "submissions/nsa103.py", "source_sha256": "6115cd1595aaa26f518e362810ab50771ade4812b0b35fb8d81444d471f5795a", "case": {"B": 2, "seq_len": 257, "kv_heads": 1, "q_heads": 16, "dim": 64, "selected_blocks": 4, "block_size": 16, "causal": 1}, "update": 2, "seed": 511, "index_mode": "current_last_only", "mismatch_count": 0, "status": "PASS", "nonfinite": 0, "max_abs": 0.0625}
{"module": "submissions/nsa108.py", "source_sha256": "de7852f192086fd776d138684bd52715023218e0b943b2fe1cc00878c07b3374", "case": {"B": 2, "seq_len": 257, "kv_heads": 1, "q_heads": 16, "dim": 64, "selected_blocks": 4, "block_size": 16, "causal": 1}, "update": 2, "seed": 511, "index_mode": "current_last_only", "mismatch_count": 0, "status": "PASS", "nonfinite": 0, "max_abs": 0.0625}
2026-09-09 07:35:41  [TileLang:tilelang.jit.kernel:INFO] (kernel.py:129): TileLang begins to compile kernel `gather_kernel` with `out_idx=None`
2026-09-09 07:35:47  [TileLang:tilelang.jit.kernel:INFO] (kernel.py:137): TileLang completes to compile kernel `gather_kernel`
{"module": "submissions/nsa103.py", "source_sha256": "6115cd1595aaa26f518e362810ab50771ade4812b0b35fb8d81444d471f5795a", "case": {"B": 1, "seq_len": 512, "kv_heads": 2, "q_heads": 32, "dim": 64, "selected_blocks": 4, "block_size": 16, "causal": 1}, "update": 0, "seed": 509, "index_mode": "current_random", "mismatch_count": 0, "status": "PASS", "nonfinite": 0, "max_abs": 0.001953125}
2026-09-09 07:35:47  [TileLang:tilelang.jit.kernel:INFO] (kernel.py:129): TileLang begins to compile kernel `gather_kernel` with `out_idx=None`
2026-09-09 07:35:53  [TileLang:tilelang.jit.kernel:INFO] (kernel.py:137): TileLang completes to compile kernel `gather_kernel`
{"module": "submissions/nsa108.py", "source_sha256": "de7852f192086fd776d138684bd52715023218e0b943b2fe1cc00878c07b3374", "case": {"B": 1, "seq_len": 512, "kv_heads": 2, "q_heads": 32, "dim": 64, "selected_blocks": 4, "block_size": 16, "causal": 1}, "update": 0, "seed": 509, "index_mode": "current_random", "mismatch_count": 0, "status": "PASS", "nonfinite": 0, "max_abs": 0.001953125}
{"module": "submissions/nsa103.py", "source_sha256": "6115cd1595aaa26f518e362810ab50771ade4812b0b35fb8d81444d471f5795a", "case": {"B": 1, "seq_len": 512, "kv_heads": 2, "q_heads": 32, "dim": 64, "selected_blocks": 4, "block_size": 16, "causal": 1}, "update": 1, "seed": 510, "index_mode": "current_first_only", "mismatch_count": 0, "status": "PASS", "nonfinite": 0, "max_abs": 0.0625}
{"module": "submissions/nsa108.py", "source_sha256": "de7852f192086fd776d138684bd52715023218e0b943b2fe1cc00878c07b3374", "case": {"B": 1, "seq_len": 512, "kv_heads": 2, "q_heads": 32, "dim": 64, "selected_blocks": 4, "block_size": 16, "causal": 1}, "update": 1, "seed": 510, "index_mode": "current_first_only", "mismatch_count": 0, "status": "PASS", "nonfinite": 0, "max_abs": 0.0625}
{"module": "submissions/nsa103.py", "source_sha256": "6115cd1595aaa26f518e362810ab50771ade4812b0b35fb8d81444d471f5795a", "case": {"B": 1, "seq_len": 512, "kv_heads": 2, "q_heads": 32, "dim": 64, "selected_blocks": 4, "block_size": 16, "causal": 1}, "update": 2, "seed": 511, "index_mode": "current_last_only", "mismatch_count": 0, "status": "PASS", "nonfinite": 0, "max_abs": 0.0625}
{"module": "submissions/nsa108.py", "source_sha256": "de7852f192086fd776d138684bd52715023218e0b943b2fe1cc00878c07b3374", "case": {"B": 1, "seq_len": 512, "kv_heads": 2, "q_heads": 32, "dim": 64, "selected_blocks": 4, "block_size": 16, "causal": 1}, "update": 2, "seed": 511, "index_mode": "current_last_only", "mismatch_count": 0, "status": "PASS", "nonfinite": 0, "max_abs": 0.0625}
2026-09-09 07:35:53  [TileLang:tilelang.jit.kernel:INFO] (kernel.py:129): TileLang begins to compile kernel `gather_kernel` with `out_idx=None`
2026-09-09 07:36:00  [TileLang:tilelang.jit.kernel:INFO] (kernel.py:137): TileLang completes to compile kernel `gather_kernel`
{"module": "submissions/nsa103.py", "source_sha256": "6115cd1595aaa26f518e362810ab50771ade4812b0b35fb8d81444d471f5795a", "case": {"B": 1, "seq_len": 513, "kv_heads": 2, "q_heads": 32, "dim": 64, "selected_blocks": 4, "block_size": 16, "causal": 1}, "update": 0, "seed": 509, "index_mode": "current_random", "mismatch_count": 0, "status": "PASS", "nonfinite": 0, "max_abs": 0.001953125}
2026-09-09 07:36:00  [TileLang:tilelang.jit.kernel:INFO] (kernel.py:129): TileLang begins to compile kernel `gather_kernel` with `out_idx=None`
2026-09-09 07:36:06  [TileLang:tilelang.jit.kernel:INFO] (kernel.py:137): TileLang completes to compile kernel `gather_kernel`
{"module": "submissions/nsa108.py", "source_sha256": "de7852f192086fd776d138684bd52715023218e0b943b2fe1cc00878c07b3374", "case": {"B": 1, "seq_len": 513, "kv_heads": 2, "q_heads": 32, "dim": 64, "selected_blocks": 4, "block_size": 16, "causal": 1}, "update": 0, "seed": 509, "index_mode": "current_random", "mismatch_count": 0, "status": "PASS", "nonfinite": 0, "max_abs": 0.001953125}
{"module": "submissions/nsa103.py", "source_sha256": "6115cd1595aaa26f518e362810ab50771ade4812b0b35fb8d81444d471f5795a", "case": {"B": 1, "seq_len": 513, "kv_heads": 2, "q_heads": 32, "dim": 64, "selected_blocks": 4, "block_size": 16, "causal": 1}, "update": 1, "seed": 510, "index_mode": "current_first_only", "mismatch_count": 0, "status": "PASS", "nonfinite": 0, "max_abs": 0.0625}
{"module": "submissions/nsa108.py", "source_sha256": "de7852f192086fd776d138684bd52715023218e0b943b2fe1cc00878c07b3374", "case": {"B": 1, "seq_len": 513, "kv_heads": 2, "q_heads": 32, "dim": 64, "selected_blocks": 4, "block_size": 16, "causal": 1}, "update": 1, "seed": 510, "index_mode": "current_first_only", "mismatch_count": 0, "status": "PASS", "nonfinite": 0, "max_abs": 0.0625}
{"module": "submissions/nsa103.py", "source_sha256": "6115cd1595aaa26f518e362810ab50771ade4812b0b35fb8d81444d471f5795a", "case": {"B": 1, "seq_len": 513, "kv_heads": 2, "q_heads": 32, "dim": 64, "selected_blocks": 4, "block_size": 16, "causal": 1}, "update": 2, "seed": 511, "index_mode": "current_last_only", "mismatch_count": 0, "status": "PASS", "nonfinite": 0, "max_abs": 0.0625}
{"module": "submissions/nsa108.py", "source_sha256": "de7852f192086fd776d138684bd52715023218e0b943b2fe1cc00878c07b3374", "case": {"B": 1, "seq_len": 513, "kv_heads": 2, "q_heads": 32, "dim": 64, "selected_blocks": 4, "block_size": 16, "causal": 1}, "update": 2, "seed": 511, "index_mode": "current_last_only", "mismatch_count": 0, "status": "PASS", "nonfinite": 0, "max_abs": 0.0625}
