Loading tilelang libs from dev root: /opt/tilelang-metax-v0.1.10/build
2026-09-09 08:12:48  [TileLang:tilelang.jit.kernel:INFO] (kernel.py:129): TileLang begins to compile kernel `kernel` with `out_idx=None`
2026-09-09 08:12:56  [TileLang:tilelang.jit.kernel:INFO] (kernel.py:137): TileLang completes to compile kernel `kernel`
{"case_id": 12, "module": "submissions/nsa111.py", "seed": 137, "mode": "public", "median_us": {"cupti": 85.15071999999985}}
{"case_id": 12, "module": "submissions/nsa110.py", "seed": 137, "mode": "public", "median_us": {"cupti": 83.45088000000021}}
{"case_id": 12, "module": "submissions/nsa109.py", "seed": 137, "mode": "public", "median_us": {"cupti": 76.17535999999971}}
{"case_id": 12, "module": "submissions/nsa111.py", "seed": 137, "mode": "current", "median_us": {"cupti": 83.82976}}
{"case_id": 12, "module": "submissions/nsa110.py", "seed": 137, "mode": "current", "median_us": {"cupti": 101.18656000000004}}
{"case_id": 12, "module": "submissions/nsa109.py", "seed": 137, "mode": "current", "median_us": {"cupti": 98.01728000000018}}
Loading tilelang libs from dev root: /opt/tilelang-metax-v0.1.10/build
2026-09-09 08:13:39  [TileLang:tilelang.jit.kernel:INFO] (kernel.py:129): TileLang begins to compile kernel `kernel` with `out_idx=None`
2026-09-09 08:13:47  [TileLang:tilelang.jit.kernel:INFO] (kernel.py:137): TileLang completes to compile kernel `kernel`
{"module": "submissions/nsa111.py", "source_sha256": "16f053a260890275c4c670e0efebe3e59822b1da6252241bfaa88d232178e1c2", "case": {"B": 1, "seq_len": 1024, "kv_heads": 1, "q_heads": 16, "dim": 64, "selected_blocks": 8, "block_size": 16, "causal": 1}, "update": 0, "seed": 613, "mismatch_count": 0, "status": "PASS", "nonfinite": 0, "max_abs": 0.0009765625}
{"module": "submissions/nsa111.py", "source_sha256": "16f053a260890275c4c670e0efebe3e59822b1da6252241bfaa88d232178e1c2", "case": {"B": 1, "seq_len": 1024, "kv_heads": 1, "q_heads": 16, "dim": 64, "selected_blocks": 8, "block_size": 16, "causal": 1}, "update": 1, "seed": 614, "mismatch_count": 0, "status": "PASS", "nonfinite": 0, "max_abs": 0.03125}
{"module": "submissions/nsa111.py", "source_sha256": "16f053a260890275c4c670e0efebe3e59822b1da6252241bfaa88d232178e1c2", "case": {"B": 1, "seq_len": 1024, "kv_heads": 1, "q_heads": 16, "dim": 64, "selected_blocks": 8, "block_size": 16, "causal": 1}, "update": 2, "seed": 615, "mismatch_count": 0, "status": "PASS", "nonfinite": 0, "max_abs": 0.03125}
{"module": "submissions/nsa111.py", "source_sha256": "16f053a260890275c4c670e0efebe3e59822b1da6252241bfaa88d232178e1c2", "case": {"B": 1, "seq_len": 1024, "kv_heads": 1, "q_heads": 16, "dim": 64, "selected_blocks": 8, "block_size": 16, "causal": 1}, "update": 3, "seed": 616, "mismatch_count": 0, "status": "PASS", "nonfinite": 0, "max_abs": 1.7821788787841797e-05}
2026-09-09 08:13:47  [TileLang:tilelang.jit.kernel:INFO] (kernel.py:129): TileLang begins to compile kernel `kernel` with `out_idx=None`
2026-09-09 08:13:55  [TileLang:tilelang.jit.kernel:INFO] (kernel.py:137): TileLang completes to compile kernel `kernel`
{"module": "submissions/nsa111.py", "source_sha256": "16f053a260890275c4c670e0efebe3e59822b1da6252241bfaa88d232178e1c2", "case": {"B": 1, "seq_len": 1040, "kv_heads": 1, "q_heads": 16, "dim": 64, "selected_blocks": 8, "block_size": 16, "causal": 1}, "update": 0, "seed": 613, "mismatch_count": 0, "status": "PASS", "nonfinite": 0, "max_abs": 0.0009765625}
{"module": "submissions/nsa111.py", "source_sha256": "16f053a260890275c4c670e0efebe3e59822b1da6252241bfaa88d232178e1c2", "case": {"B": 1, "seq_len": 1040, "kv_heads": 1, "q_heads": 16, "dim": 64, "selected_blocks": 8, "block_size": 16, "causal": 1}, "update": 1, "seed": 614, "mismatch_count": 0, "status": "PASS", "nonfinite": 0, "max_abs": 0.03125}
{"module": "submissions/nsa111.py", "source_sha256": "16f053a260890275c4c670e0efebe3e59822b1da6252241bfaa88d232178e1c2", "case": {"B": 1, "seq_len": 1040, "kv_heads": 1, "q_heads": 16, "dim": 64, "selected_blocks": 8, "block_size": 16, "causal": 1}, "update": 2, "seed": 615, "mismatch_count": 0, "status": "PASS", "nonfinite": 0, "max_abs": 0.03125}
{"module": "submissions/nsa111.py", "source_sha256": "16f053a260890275c4c670e0efebe3e59822b1da6252241bfaa88d232178e1c2", "case": {"B": 1, "seq_len": 1040, "kv_heads": 1, "q_heads": 16, "dim": 64, "selected_blocks": 8, "block_size": 16, "causal": 1}, "update": 3, "seed": 616, "mismatch_count": 0, "status": "PASS", "nonfinite": 0, "max_abs": 1.7821788787841797e-05}
{"module": "submissions/nsa111.py", "source_sha256": "16f053a260890275c4c670e0efebe3e59822b1da6252241bfaa88d232178e1c2", "case": {"B": 1, "seq_len": 1025, "kv_heads": 1, "q_heads": 16, "dim": 64, "selected_blocks": 8, "block_size": 16, "causal": 1}, "update": 0, "seed": 613, "mismatch_count": 0, "status": "PASS", "nonfinite": 0, "max_abs": 0.0009765625}
{"module": "submissions/nsa111.py", "source_sha256": "16f053a260890275c4c670e0efebe3e59822b1da6252241bfaa88d232178e1c2", "case": {"B": 1, "seq_len": 1025, "kv_heads": 1, "q_heads": 16, "dim": 64, "selected_blocks": 8, "block_size": 16, "causal": 1}, "update": 1, "seed": 614, "mismatch_count": 0, "status": "PASS", "nonfinite": 0, "max_abs": 0.03125}
{"module": "submissions/nsa111.py", "source_sha256": "16f053a260890275c4c670e0efebe3e59822b1da6252241bfaa88d232178e1c2", "case": {"B": 1, "seq_len": 1025, "kv_heads": 1, "q_heads": 16, "dim": 64, "selected_blocks": 8, "block_size": 16, "causal": 1}, "update": 2, "seed": 615, "mismatch_count": 0, "status": "PASS", "nonfinite": 0, "max_abs": 0.03125}
{"module": "submissions/nsa111.py", "source_sha256": "16f053a260890275c4c670e0efebe3e59822b1da6252241bfaa88d232178e1c2", "case": {"B": 1, "seq_len": 1025, "kv_heads": 1, "q_heads": 16, "dim": 64, "selected_blocks": 8, "block_size": 16, "causal": 1}, "update": 3, "seed": 616, "mismatch_count": 0, "status": "PASS", "nonfinite": 0, "max_abs": 1.7821788787841797e-05}
{"module": "submissions/nsa111.py", "source_sha256": "16f053a260890275c4c670e0efebe3e59822b1da6252241bfaa88d232178e1c2", "case": {"B": 1, "seq_len": 1024, "kv_heads": 2, "q_heads": 32, "dim": 64, "selected_blocks": 8, "block_size": 16, "causal": 1}, "update": 0, "seed": 613, "mismatch_count": 0, "status": "PASS", "nonfinite": 0, "max_abs": 0.0009765625}
{"module": "submissions/nsa111.py", "source_sha256": "16f053a260890275c4c670e0efebe3e59822b1da6252241bfaa88d232178e1c2", "case": {"B": 1, "seq_len": 1024, "kv_heads": 2, "q_heads": 32, "dim": 64, "selected_blocks": 8, "block_size": 16, "causal": 1}, "update": 1, "seed": 614, "mismatch_count": 0, "status": "PASS", "nonfinite": 0, "max_abs": 0.03125}
{"module": "submissions/nsa111.py", "source_sha256": "16f053a260890275c4c670e0efebe3e59822b1da6252241bfaa88d232178e1c2", "case": {"B": 1, "seq_len": 1024, "kv_heads": 2, "q_heads": 32, "dim": 64, "selected_blocks": 8, "block_size": 16, "causal": 1}, "update": 2, "seed": 615, "mismatch_count": 0, "status": "PASS", "nonfinite": 0, "max_abs": 0.03125}
{"module": "submissions/nsa111.py", "source_sha256": "16f053a260890275c4c670e0efebe3e59822b1da6252241bfaa88d232178e1c2", "case": {"B": 1, "seq_len": 1024, "kv_heads": 2, "q_heads": 32, "dim": 64, "selected_blocks": 8, "block_size": 16, "causal": 1}, "update": 3, "seed": 616, "mismatch_count": 0, "status": "PASS", "nonfinite": 0, "max_abs": 1.7821788787841797e-05}
