{"stage": "begin", "script": "calibrate_oj_protocol.py"}
Loading tilelang libs from dev root: /opt/tilelang-metax-v0.1.10/build
2026-09-09 12:37:11  [TileLang:tilelang.cache.kernel_cache:WARNING] (kernel_cache.py:342): Found kernel 'kernel' in memory cache. For better performance, consider using `@tilelang.jit` instead of direct kernel caching.
{"case_id": 12, "module": "submissions/nsa127.py", "seed": 503, "mode": "public", "median_us": {"cupti": 62.89920000000006}}
{"case_id": 12, "module": "submissions/nsa128.py", "seed": 503, "mode": "public", "median_us": {"cupti": 60.83072000000008}}
{"case_id": 12, "module": "submissions/nsa129.py", "seed": 503, "mode": "public", "median_us": {"cupti": 60.73855999999992}}
{"case_id": 12, "module": "submissions/nsa127.py", "seed": 503, "mode": "current", "median_us": {"cupti": 64.01023999999983}}
{"case_id": 12, "module": "submissions/nsa128.py", "seed": 503, "mode": "current", "median_us": {"cupti": 61.42975999999995}}
{"case_id": 12, "module": "submissions/nsa129.py", "seed": 503, "mode": "current", "median_us": {"cupti": 61.56287999999993}}
{"stage": "complete", "script": "calibrate_oj_protocol.py"}
{"stage": "begin", "script": "stress_nsa128_s8.py"}
{"module": "submissions/nsa127.py", "source_sha256": "ca7e74e935cf6e2a53e1880f1d8a3cd3a43055482c95d2b8ef030f6555acbf22", "case": {"B": 1, "seq_len": 1024, "kv_heads": 1, "q_heads": 16, "dim": 64, "selected_blocks": 8, "block_size": 16, "causal": 1}, "seed": 701, "update": 0, "index_dtype": "torch.int32", "nonfinite": 0, "mismatch_count": 0, "max_abs": 0.0009765625, "status": "PASS"}
{"module": "submissions/nsa128.py", "source_sha256": "309e71c21ea3190d38b2ba9ef82cc295bb61b66bebf4aa332c6f757ba83db57a", "case": {"B": 1, "seq_len": 1024, "kv_heads": 1, "q_heads": 16, "dim": 64, "selected_blocks": 8, "block_size": 16, "causal": 1}, "seed": 701, "update": 0, "index_dtype": "torch.int32", "nonfinite": 0, "mismatch_count": 0, "max_abs": 0.0009765625, "status": "PASS"}
{"module": "submissions/nsa127.py", "source_sha256": "ca7e74e935cf6e2a53e1880f1d8a3cd3a43055482c95d2b8ef030f6555acbf22", "case": {"B": 1, "seq_len": 1024, "kv_heads": 1, "q_heads": 16, "dim": 64, "selected_blocks": 8, "block_size": 16, "causal": 1}, "seed": 702, "update": 1, "index_dtype": "torch.int32", "nonfinite": 0, "mismatch_count": 0, "max_abs": 0.03125, "status": "PASS"}
{"module": "submissions/nsa128.py", "source_sha256": "309e71c21ea3190d38b2ba9ef82cc295bb61b66bebf4aa332c6f757ba83db57a", "case": {"B": 1, "seq_len": 1024, "kv_heads": 1, "q_heads": 16, "dim": 64, "selected_blocks": 8, "block_size": 16, "causal": 1}, "seed": 702, "update": 1, "index_dtype": "torch.int32", "nonfinite": 0, "mismatch_count": 0, "max_abs": 0.03125, "status": "PASS"}
{"module": "submissions/nsa127.py", "source_sha256": "ca7e74e935cf6e2a53e1880f1d8a3cd3a43055482c95d2b8ef030f6555acbf22", "case": {"B": 1, "seq_len": 1024, "kv_heads": 1, "q_heads": 16, "dim": 64, "selected_blocks": 8, "block_size": 16, "causal": 1}, "seed": 703, "update": 2, "index_dtype": "torch.int32", "nonfinite": 0, "mismatch_count": 0, "max_abs": 7.62939453125e-06, "status": "PASS"}
{"module": "submissions/nsa128.py", "source_sha256": "309e71c21ea3190d38b2ba9ef82cc295bb61b66bebf4aa332c6f757ba83db57a", "case": {"B": 1, "seq_len": 1024, "kv_heads": 1, "q_heads": 16, "dim": 64, "selected_blocks": 8, "block_size": 16, "causal": 1}, "seed": 703, "update": 2, "index_dtype": "torch.int32", "nonfinite": 0, "mismatch_count": 0, "max_abs": 7.62939453125e-06, "status": "PASS"}
2026-09-09 12:37:18  [TileLang:tilelang.cache.kernel_cache:WARNING] (kernel_cache.py:342): Found kernel 'kernel' in memory cache. For better performance, consider using `@tilelang.jit` instead of direct kernel caching.
{"module": "submissions/nsa127.py", "source_sha256": "ca7e74e935cf6e2a53e1880f1d8a3cd3a43055482c95d2b8ef030f6555acbf22", "case": {"B": 4, "seq_len": 1024, "kv_heads": 1, "q_heads": 16, "dim": 64, "selected_blocks": 8, "block_size": 16, "causal": 1}, "seed": 701, "update": 0, "index_dtype": "torch.int32", "nonfinite": 0, "mismatch_count": 0, "max_abs": 0.001953125, "status": "PASS"}
2026-09-09 12:37:18  [TileLang:tilelang.cache.kernel_cache:WARNING] (kernel_cache.py:342): Found kernel 'kernel' in memory cache. For better performance, consider using `@tilelang.jit` instead of direct kernel caching.
{"module": "submissions/nsa128.py", "source_sha256": "309e71c21ea3190d38b2ba9ef82cc295bb61b66bebf4aa332c6f757ba83db57a", "case": {"B": 4, "seq_len": 1024, "kv_heads": 1, "q_heads": 16, "dim": 64, "selected_blocks": 8, "block_size": 16, "causal": 1}, "seed": 701, "update": 0, "index_dtype": "torch.int32", "nonfinite": 0, "mismatch_count": 0, "max_abs": 0.001953125, "status": "PASS"}
{"module": "submissions/nsa127.py", "source_sha256": "ca7e74e935cf6e2a53e1880f1d8a3cd3a43055482c95d2b8ef030f6555acbf22", "case": {"B": 4, "seq_len": 1024, "kv_heads": 1, "q_heads": 16, "dim": 64, "selected_blocks": 8, "block_size": 16, "causal": 1}, "seed": 702, "update": 1, "index_dtype": "torch.int32", "nonfinite": 0, "mismatch_count": 0, "max_abs": 0.03125, "status": "PASS"}
{"module": "submissions/nsa128.py", "source_sha256": "309e71c21ea3190d38b2ba9ef82cc295bb61b66bebf4aa332c6f757ba83db57a", "case": {"B": 4, "seq_len": 1024, "kv_heads": 1, "q_heads": 16, "dim": 64, "selected_blocks": 8, "block_size": 16, "causal": 1}, "seed": 702, "update": 1, "index_dtype": "torch.int32", "nonfinite": 0, "mismatch_count": 0, "max_abs": 0.03125, "status": "PASS"}
{"module": "submissions/nsa127.py", "source_sha256": "ca7e74e935cf6e2a53e1880f1d8a3cd3a43055482c95d2b8ef030f6555acbf22", "case": {"B": 4, "seq_len": 1024, "kv_heads": 1, "q_heads": 16, "dim": 64, "selected_blocks": 8, "block_size": 16, "causal": 1}, "seed": 703, "update": 2, "index_dtype": "torch.int32", "nonfinite": 0, "mismatch_count": 0, "max_abs": 7.62939453125e-06, "status": "PASS"}
{"module": "submissions/nsa128.py", "source_sha256": "309e71c21ea3190d38b2ba9ef82cc295bb61b66bebf4aa332c6f757ba83db57a", "case": {"B": 4, "seq_len": 1024, "kv_heads": 1, "q_heads": 16, "dim": 64, "selected_blocks": 8, "block_size": 16, "causal": 1}, "seed": 703, "update": 2, "index_dtype": "torch.int32", "nonfinite": 0, "mismatch_count": 0, "max_abs": 7.62939453125e-06, "status": "PASS"}
{"module": "submissions/nsa127.py", "source_sha256": "ca7e74e935cf6e2a53e1880f1d8a3cd3a43055482c95d2b8ef030f6555acbf22", "case": {"B": 1, "seq_len": 1040, "kv_heads": 1, "q_heads": 16, "dim": 64, "selected_blocks": 8, "block_size": 16, "causal": 1}, "seed": 701, "update": 0, "index_dtype": "torch.int32", "nonfinite": 0, "mismatch_count": 0, "max_abs": 0.0009765625, "status": "PASS"}
{"module": "submissions/nsa128.py", "source_sha256": "309e71c21ea3190d38b2ba9ef82cc295bb61b66bebf4aa332c6f757ba83db57a", "case": {"B": 1, "seq_len": 1040, "kv_heads": 1, "q_heads": 16, "dim": 64, "selected_blocks": 8, "block_size": 16, "causal": 1}, "seed": 701, "update": 0, "index_dtype": "torch.int32", "nonfinite": 0, "mismatch_count": 0, "max_abs": 0.0009765625, "status": "PASS"}
{"module": "submissions/nsa127.py", "source_sha256": "ca7e74e935cf6e2a53e1880f1d8a3cd3a43055482c95d2b8ef030f6555acbf22", "case": {"B": 1, "seq_len": 1040, "kv_heads": 1, "q_heads": 16, "dim": 64, "selected_blocks": 8, "block_size": 16, "causal": 1}, "seed": 702, "update": 1, "index_dtype": "torch.int32", "nonfinite": 0, "mismatch_count": 0, "max_abs": 0.03125, "status": "PASS"}
{"module": "submissions/nsa128.py", "source_sha256": "309e71c21ea3190d38b2ba9ef82cc295bb61b66bebf4aa332c6f757ba83db57a", "case": {"B": 1, "seq_len": 1040, "kv_heads": 1, "q_heads": 16, "dim": 64, "selected_blocks": 8, "block_size": 16, "causal": 1}, "seed": 702, "update": 1, "index_dtype": "torch.int32", "nonfinite": 0, "mismatch_count": 0, "max_abs": 0.03125, "status": "PASS"}
{"module": "submissions/nsa127.py", "source_sha256": "ca7e74e935cf6e2a53e1880f1d8a3cd3a43055482c95d2b8ef030f6555acbf22", "case": {"B": 1, "seq_len": 1040, "kv_heads": 1, "q_heads": 16, "dim": 64, "selected_blocks": 8, "block_size": 16, "causal": 1}, "seed": 703, "update": 2, "index_dtype": "torch.int32", "nonfinite": 0, "mismatch_count": 0, "max_abs": 7.62939453125e-06, "status": "PASS"}
{"module": "submissions/nsa128.py", "source_sha256": "309e71c21ea3190d38b2ba9ef82cc295bb61b66bebf4aa332c6f757ba83db57a", "case": {"B": 1, "seq_len": 1040, "kv_heads": 1, "q_heads": 16, "dim": 64, "selected_blocks": 8, "block_size": 16, "causal": 1}, "seed": 703, "update": 2, "index_dtype": "torch.int32", "nonfinite": 0, "mismatch_count": 0, "max_abs": 7.62939453125e-06, "status": "PASS"}
{"module": "submissions/nsa127.py", "source_sha256": "ca7e74e935cf6e2a53e1880f1d8a3cd3a43055482c95d2b8ef030f6555acbf22", "case": {"B": 1, "seq_len": 1025, "kv_heads": 1, "q_heads": 16, "dim": 64, "selected_blocks": 8, "block_size": 16, "causal": 1}, "seed": 701, "update": 0, "index_dtype": "torch.int32", "nonfinite": 0, "mismatch_count": 0, "max_abs": 0.0009765625, "status": "PASS"}
2026-09-09 12:37:19  [TileLang:tilelang.cache.kernel_cache:WARNING] (kernel_cache.py:342): Found kernel 'kernel' in memory cache. For better performance, consider using `@tilelang.jit` instead of direct kernel caching.
{"module": "submissions/nsa128.py", "source_sha256": "309e71c21ea3190d38b2ba9ef82cc295bb61b66bebf4aa332c6f757ba83db57a", "case": {"B": 1, "seq_len": 1025, "kv_heads": 1, "q_heads": 16, "dim": 64, "selected_blocks": 8, "block_size": 16, "causal": 1}, "seed": 701, "update": 0, "index_dtype": "torch.int32", "nonfinite": 0, "mismatch_count": 0, "max_abs": 0.0009765625, "status": "PASS"}
{"module": "submissions/nsa127.py", "source_sha256": "ca7e74e935cf6e2a53e1880f1d8a3cd3a43055482c95d2b8ef030f6555acbf22", "case": {"B": 1, "seq_len": 1025, "kv_heads": 1, "q_heads": 16, "dim": 64, "selected_blocks": 8, "block_size": 16, "causal": 1}, "seed": 702, "update": 1, "index_dtype": "torch.int32", "nonfinite": 0, "mismatch_count": 0, "max_abs": 0.03125, "status": "PASS"}
{"module": "submissions/nsa128.py", "source_sha256": "309e71c21ea3190d38b2ba9ef82cc295bb61b66bebf4aa332c6f757ba83db57a", "case": {"B": 1, "seq_len": 1025, "kv_heads": 1, "q_heads": 16, "dim": 64, "selected_blocks": 8, "block_size": 16, "causal": 1}, "seed": 702, "update": 1, "index_dtype": "torch.int32", "nonfinite": 0, "mismatch_count": 0, "max_abs": 0.03125, "status": "PASS"}
{"module": "submissions/nsa127.py", "source_sha256": "ca7e74e935cf6e2a53e1880f1d8a3cd3a43055482c95d2b8ef030f6555acbf22", "case": {"B": 1, "seq_len": 1025, "kv_heads": 1, "q_heads": 16, "dim": 64, "selected_blocks": 8, "block_size": 16, "causal": 1}, "seed": 703, "update": 2, "index_dtype": "torch.int32", "nonfinite": 0, "mismatch_count": 0, "max_abs": 7.62939453125e-06, "status": "PASS"}
{"module": "submissions/nsa128.py", "source_sha256": "309e71c21ea3190d38b2ba9ef82cc295bb61b66bebf4aa332c6f757ba83db57a", "case": {"B": 1, "seq_len": 1025, "kv_heads": 1, "q_heads": 16, "dim": 64, "selected_blocks": 8, "block_size": 16, "causal": 1}, "seed": 703, "update": 2, "index_dtype": "torch.int32", "nonfinite": 0, "mismatch_count": 0, "max_abs": 7.62939453125e-06, "status": "PASS"}
{"module": "submissions/nsa127.py", "source_sha256": "ca7e74e935cf6e2a53e1880f1d8a3cd3a43055482c95d2b8ef030f6555acbf22", "case": {"B": 1, "seq_len": 1008, "kv_heads": 1, "q_heads": 16, "dim": 64, "selected_blocks": 8, "block_size": 16, "causal": 1}, "seed": 701, "update": 0, "index_dtype": "torch.int32", "nonfinite": 0, "mismatch_count": 0, "max_abs": 0.0009765625, "status": "PASS"}
2026-09-09 12:37:19  [TileLang:tilelang.cache.kernel_cache:WARNING] (kernel_cache.py:342): Found kernel 'kernel' in memory cache. For better performance, consider using `@tilelang.jit` instead of direct kernel caching.
{"module": "submissions/nsa128.py", "source_sha256": "309e71c21ea3190d38b2ba9ef82cc295bb61b66bebf4aa332c6f757ba83db57a", "case": {"B": 1, "seq_len": 1008, "kv_heads": 1, "q_heads": 16, "dim": 64, "selected_blocks": 8, "block_size": 16, "causal": 1}, "seed": 701, "update": 0, "index_dtype": "torch.int32", "nonfinite": 0, "mismatch_count": 0, "max_abs": 0.0009765625, "status": "PASS"}
{"module": "submissions/nsa127.py", "source_sha256": "ca7e74e935cf6e2a53e1880f1d8a3cd3a43055482c95d2b8ef030f6555acbf22", "case": {"B": 1, "seq_len": 1008, "kv_heads": 1, "q_heads": 16, "dim": 64, "selected_blocks": 8, "block_size": 16, "causal": 1}, "seed": 702, "update": 1, "index_dtype": "torch.int32", "nonfinite": 0, "mismatch_count": 0, "max_abs": 0.03125, "status": "PASS"}
{"module": "submissions/nsa128.py", "source_sha256": "309e71c21ea3190d38b2ba9ef82cc295bb61b66bebf4aa332c6f757ba83db57a", "case": {"B": 1, "seq_len": 1008, "kv_heads": 1, "q_heads": 16, "dim": 64, "selected_blocks": 8, "block_size": 16, "causal": 1}, "seed": 702, "update": 1, "index_dtype": "torch.int32", "nonfinite": 0, "mismatch_count": 0, "max_abs": 0.03125, "status": "PASS"}
{"module": "submissions/nsa127.py", "source_sha256": "ca7e74e935cf6e2a53e1880f1d8a3cd3a43055482c95d2b8ef030f6555acbf22", "case": {"B": 1, "seq_len": 1008, "kv_heads": 1, "q_heads": 16, "dim": 64, "selected_blocks": 8, "block_size": 16, "causal": 1}, "seed": 703, "update": 2, "index_dtype": "torch.int32", "nonfinite": 0, "mismatch_count": 0, "max_abs": 7.62939453125e-06, "status": "PASS"}
{"module": "submissions/nsa128.py", "source_sha256": "309e71c21ea3190d38b2ba9ef82cc295bb61b66bebf4aa332c6f757ba83db57a", "case": {"B": 1, "seq_len": 1008, "kv_heads": 1, "q_heads": 16, "dim": 64, "selected_blocks": 8, "block_size": 16, "causal": 1}, "seed": 703, "update": 2, "index_dtype": "torch.int32", "nonfinite": 0, "mismatch_count": 0, "max_abs": 7.62939453125e-06, "status": "PASS"}
{"module": "submissions/nsa127.py", "source_sha256": "ca7e74e935cf6e2a53e1880f1d8a3cd3a43055482c95d2b8ef030f6555acbf22", "case": {"B": 1, "seq_len": 1024, "kv_heads": 2, "q_heads": 32, "dim": 64, "selected_blocks": 8, "block_size": 16, "causal": 1}, "seed": 701, "update": 0, "index_dtype": "torch.int32", "nonfinite": 0, "mismatch_count": 0, "max_abs": 0.001953125, "status": "PASS"}
2026-09-09 12:37:19  [TileLang:tilelang.cache.kernel_cache:WARNING] (kernel_cache.py:342): Found kernel 'kernel' in memory cache. For better performance, consider using `@tilelang.jit` instead of direct kernel caching.
{"module": "submissions/nsa128.py", "source_sha256": "309e71c21ea3190d38b2ba9ef82cc295bb61b66bebf4aa332c6f757ba83db57a", "case": {"B": 1, "seq_len": 1024, "kv_heads": 2, "q_heads": 32, "dim": 64, "selected_blocks": 8, "block_size": 16, "causal": 1}, "seed": 701, "update": 0, "index_dtype": "torch.int32", "nonfinite": 0, "mismatch_count": 0, "max_abs": 0.001953125, "status": "PASS"}
{"module": "submissions/nsa127.py", "source_sha256": "ca7e74e935cf6e2a53e1880f1d8a3cd3a43055482c95d2b8ef030f6555acbf22", "case": {"B": 1, "seq_len": 1024, "kv_heads": 2, "q_heads": 32, "dim": 64, "selected_blocks": 8, "block_size": 16, "causal": 1}, "seed": 702, "update": 1, "index_dtype": "torch.int32", "nonfinite": 0, "mismatch_count": 0, "max_abs": 0.03125, "status": "PASS"}
{"module": "submissions/nsa128.py", "source_sha256": "309e71c21ea3190d38b2ba9ef82cc295bb61b66bebf4aa332c6f757ba83db57a", "case": {"B": 1, "seq_len": 1024, "kv_heads": 2, "q_heads": 32, "dim": 64, "selected_blocks": 8, "block_size": 16, "causal": 1}, "seed": 702, "update": 1, "index_dtype": "torch.int32", "nonfinite": 0, "mismatch_count": 0, "max_abs": 0.03125, "status": "PASS"}
{"module": "submissions/nsa127.py", "source_sha256": "ca7e74e935cf6e2a53e1880f1d8a3cd3a43055482c95d2b8ef030f6555acbf22", "case": {"B": 1, "seq_len": 1024, "kv_heads": 2, "q_heads": 32, "dim": 64, "selected_blocks": 8, "block_size": 16, "causal": 1}, "seed": 703, "update": 2, "index_dtype": "torch.int32", "nonfinite": 0, "mismatch_count": 0, "max_abs": 7.62939453125e-06, "status": "PASS"}
{"module": "submissions/nsa128.py", "source_sha256": "309e71c21ea3190d38b2ba9ef82cc295bb61b66bebf4aa332c6f757ba83db57a", "case": {"B": 1, "seq_len": 1024, "kv_heads": 2, "q_heads": 32, "dim": 64, "selected_blocks": 8, "block_size": 16, "causal": 1}, "seed": 703, "update": 2, "index_dtype": "torch.int32", "nonfinite": 0, "mismatch_count": 0, "max_abs": 7.62939453125e-06, "status": "PASS"}
2026-09-09 12:37:20  [TileLang:tilelang.jit.kernel:INFO] (kernel.py:129): TileLang begins to compile kernel `kernel` with `out_idx=None`
2026-09-09 12:37:27  [TileLang:tilelang.jit.kernel:INFO] (kernel.py:137): TileLang completes to compile kernel `kernel`
{"module": "submissions/nsa127.py", "source_sha256": "ca7e74e935cf6e2a53e1880f1d8a3cd3a43055482c95d2b8ef030f6555acbf22", "case": {"B": 1, "seq_len": 1024, "kv_heads": 1, "q_heads": 16, "dim": 64, "selected_blocks": 8, "block_size": 32, "causal": 1}, "seed": 701, "update": 0, "index_dtype": "torch.int32", "nonfinite": 0, "mismatch_count": 0, "max_abs": 0.0009765625, "status": "PASS"}
2026-09-09 12:37:27  [TileLang:tilelang.cache.kernel_cache:WARNING] (kernel_cache.py:342): Found kernel 'kernel' in memory cache. For better performance, consider using `@tilelang.jit` instead of direct kernel caching.
{"module": "submissions/nsa128.py", "source_sha256": "309e71c21ea3190d38b2ba9ef82cc295bb61b66bebf4aa332c6f757ba83db57a", "case": {"B": 1, "seq_len": 1024, "kv_heads": 1, "q_heads": 16, "dim": 64, "selected_blocks": 8, "block_size": 32, "causal": 1}, "seed": 701, "update": 0, "index_dtype": "torch.int32", "nonfinite": 0, "mismatch_count": 0, "max_abs": 0.0009765625, "status": "PASS"}
{"module": "submissions/nsa127.py", "source_sha256": "ca7e74e935cf6e2a53e1880f1d8a3cd3a43055482c95d2b8ef030f6555acbf22", "case": {"B": 1, "seq_len": 1024, "kv_heads": 1, "q_heads": 16, "dim": 64, "selected_blocks": 8, "block_size": 32, "causal": 1}, "seed": 702, "update": 1, "index_dtype": "torch.int32", "nonfinite": 0, "mismatch_count": 0, "max_abs": 0.03125, "status": "PASS"}
{"module": "submissions/nsa128.py", "source_sha256": "309e71c21ea3190d38b2ba9ef82cc295bb61b66bebf4aa332c6f757ba83db57a", "case": {"B": 1, "seq_len": 1024, "kv_heads": 1, "q_heads": 16, "dim": 64, "selected_blocks": 8, "block_size": 32, "causal": 1}, "seed": 702, "update": 1, "index_dtype": "torch.int32", "nonfinite": 0, "mismatch_count": 0, "max_abs": 0.03125, "status": "PASS"}
{"module": "submissions/nsa127.py", "source_sha256": "ca7e74e935cf6e2a53e1880f1d8a3cd3a43055482c95d2b8ef030f6555acbf22", "case": {"B": 1, "seq_len": 1024, "kv_heads": 1, "q_heads": 16, "dim": 64, "selected_blocks": 8, "block_size": 32, "causal": 1}, "seed": 703, "update": 2, "index_dtype": "torch.int32", "nonfinite": 0, "mismatch_count": 0, "max_abs": 7.62939453125e-06, "status": "PASS"}
{"module": "submissions/nsa128.py", "source_sha256": "309e71c21ea3190d38b2ba9ef82cc295bb61b66bebf4aa332c6f757ba83db57a", "case": {"B": 1, "seq_len": 1024, "kv_heads": 1, "q_heads": 16, "dim": 64, "selected_blocks": 8, "block_size": 32, "causal": 1}, "seed": 703, "update": 2, "index_dtype": "torch.int32", "nonfinite": 0, "mismatch_count": 0, "max_abs": 7.62939453125e-06, "status": "PASS"}
2026-09-09 12:37:27  [TileLang:tilelang.jit.kernel:INFO] (kernel.py:129): TileLang begins to compile kernel `kernel` with `out_idx=None`
2026-09-09 12:37:34  [TileLang:tilelang.jit.kernel:INFO] (kernel.py:137): TileLang completes to compile kernel `kernel`
{"module": "submissions/nsa127.py", "source_sha256": "ca7e74e935cf6e2a53e1880f1d8a3cd3a43055482c95d2b8ef030f6555acbf22", "case": {"B": 1, "seq_len": 1024, "kv_heads": 1, "q_heads": 16, "dim": 128, "selected_blocks": 8, "block_size": 16, "causal": 1}, "seed": 701, "update": 0, "index_dtype": "torch.int32", "nonfinite": 0, "mismatch_count": 0, "max_abs": 0.001953125, "status": "PASS"}
2026-09-09 12:37:34  [TileLang:tilelang.cache.kernel_cache:WARNING] (kernel_cache.py:342): Found kernel 'kernel' in memory cache. For better performance, consider using `@tilelang.jit` instead of direct kernel caching.
{"module": "submissions/nsa128.py", "source_sha256": "309e71c21ea3190d38b2ba9ef82cc295bb61b66bebf4aa332c6f757ba83db57a", "case": {"B": 1, "seq_len": 1024, "kv_heads": 1, "q_heads": 16, "dim": 128, "selected_blocks": 8, "block_size": 16, "causal": 1}, "seed": 701, "update": 0, "index_dtype": "torch.int32", "nonfinite": 0, "mismatch_count": 0, "max_abs": 0.001953125, "status": "PASS"}
{"module": "submissions/nsa127.py", "source_sha256": "ca7e74e935cf6e2a53e1880f1d8a3cd3a43055482c95d2b8ef030f6555acbf22", "case": {"B": 1, "seq_len": 1024, "kv_heads": 1, "q_heads": 16, "dim": 128, "selected_blocks": 8, "block_size": 16, "causal": 1}, "seed": 702, "update": 1, "index_dtype": "torch.int32", "nonfinite": 0, "mismatch_count": 0, "max_abs": 0.03125, "status": "PASS"}
{"module": "submissions/nsa128.py", "source_sha256": "309e71c21ea3190d38b2ba9ef82cc295bb61b66bebf4aa332c6f757ba83db57a", "case": {"B": 1, "seq_len": 1024, "kv_heads": 1, "q_heads": 16, "dim": 128, "selected_blocks": 8, "block_size": 16, "causal": 1}, "seed": 702, "update": 1, "index_dtype": "torch.int32", "nonfinite": 0, "mismatch_count": 0, "max_abs": 0.03125, "status": "PASS"}
{"module": "submissions/nsa127.py", "source_sha256": "ca7e74e935cf6e2a53e1880f1d8a3cd3a43055482c95d2b8ef030f6555acbf22", "case": {"B": 1, "seq_len": 1024, "kv_heads": 1, "q_heads": 16, "dim": 128, "selected_blocks": 8, "block_size": 16, "causal": 1}, "seed": 703, "update": 2, "index_dtype": "torch.int32", "nonfinite": 0, "mismatch_count": 0, "max_abs": 2.562999725341797e-06, "status": "PASS"}
{"module": "submissions/nsa128.py", "source_sha256": "309e71c21ea3190d38b2ba9ef82cc295bb61b66bebf4aa332c6f757ba83db57a", "case": {"B": 1, "seq_len": 1024, "kv_heads": 1, "q_heads": 16, "dim": 128, "selected_blocks": 8, "block_size": 16, "causal": 1}, "seed": 703, "update": 2, "index_dtype": "torch.int32", "nonfinite": 0, "mismatch_count": 0, "max_abs": 2.562999725341797e-06, "status": "PASS"}
{"stage": "complete", "script": "stress_nsa128_s8.py"}
{"stage": "begin", "script": "calibrate_oj_protocol.py"}
2026-09-09 12:37:38  [TileLang:tilelang.cache.kernel_cache:WARNING] (kernel_cache.py:342): Found kernel 'kernel' in memory cache. For better performance, consider using `@tilelang.jit` instead of direct kernel caching.
2026-09-09 12:37:38  [TileLang:tilelang.cache.kernel_cache:WARNING] (kernel_cache.py:342): Found kernel 'kernel' in memory cache. For better performance, consider using `@tilelang.jit` instead of direct kernel caching.
{"case_id": 1, "module": "submissions/nsa127.py", "seed": 509, "mode": "public", "median_us": {"cupti": 4.981760000000013}}
{"case_id": 1, "module": "submissions/nsa128.py", "seed": 509, "mode": "public", "median_us": {"cupti": 4.93055999999995}}
{"case_id": 1, "module": "submissions/nsa127.py", "seed": 509, "mode": "current", "median_us": {"cupti": 4.9049599999999565}}
{"case_id": 1, "module": "submissions/nsa128.py", "seed": 509, "mode": "current", "median_us": {"cupti": 4.871679999999923}}
2026-09-09 12:37:40  [TileLang:tilelang.cache.kernel_cache:WARNING] (kernel_cache.py:342): Found kernel 'kernel' in memory cache. For better performance, consider using `@tilelang.jit` instead of direct kernel caching.
2026-09-09 12:37:40  [TileLang:tilelang.cache.kernel_cache:WARNING] (kernel_cache.py:342): Found kernel 'kernel' in memory cache. For better performance, consider using `@tilelang.jit` instead of direct kernel caching.
{"case_id": 2, "module": "submissions/nsa127.py", "seed": 509, "mode": "public", "median_us": {"cupti": 5.972480000000161}}
{"case_id": 2, "module": "submissions/nsa128.py", "seed": 509, "mode": "public", "median_us": {"cupti": 5.926400000000067}}
{"case_id": 2, "module": "submissions/nsa127.py", "seed": 509, "mode": "current", "median_us": {"cupti": 5.9033600000000295}}
{"case_id": 2, "module": "submissions/nsa128.py", "seed": 509, "mode": "current", "median_us": {"cupti": 5.931520000000055}}
2026-09-09 12:37:41  [TileLang:tilelang.cache.kernel_cache:WARNING] (kernel_cache.py:342): Found kernel 'kernel' in memory cache. For better performance, consider using `@tilelang.jit` instead of direct kernel caching.
2026-09-09 12:37:41  [TileLang:tilelang.cache.kernel_cache:WARNING] (kernel_cache.py:342): Found kernel 'kernel' in memory cache. For better performance, consider using `@tilelang.jit` instead of direct kernel caching.
{"case_id": 3, "module": "submissions/nsa127.py", "seed": 509, "mode": "public", "median_us": {"cupti": 8.73984000000004}}
{"case_id": 3, "module": "submissions/nsa128.py", "seed": 509, "mode": "public", "median_us": {"cupti": 8.778240000000114}}
{"case_id": 3, "module": "submissions/nsa127.py", "seed": 509, "mode": "current", "median_us": {"cupti": 8.675839999999898}}
{"case_id": 3, "module": "submissions/nsa128.py", "seed": 509, "mode": "current", "median_us": {"cupti": 8.757760000000015}}
2026-09-09 12:37:42  [TileLang:tilelang.cache.kernel_cache:WARNING] (kernel_cache.py:342): Found kernel 'kernel' in memory cache. For better performance, consider using `@tilelang.jit` instead of direct kernel caching.
{"case_id": 4, "module": "submissions/nsa127.py", "seed": 509, "mode": "public", "median_us": {"cupti": 10.42943999999994}}
{"case_id": 4, "module": "submissions/nsa128.py", "seed": 509, "mode": "public", "median_us": {"cupti": 10.444800000000015}}
{"case_id": 4, "module": "submissions/nsa127.py", "seed": 509, "mode": "current", "median_us": {"cupti": 10.429439999999959}}
{"case_id": 4, "module": "submissions/nsa128.py", "seed": 509, "mode": "current", "median_us": {"cupti": 10.38336000000001}}
2026-09-09 12:37:43  [TileLang:tilelang.cache.kernel_cache:WARNING] (kernel_cache.py:342): Found kernel 'kernel' in memory cache. For better performance, consider using `@tilelang.jit` instead of direct kernel caching.
{"case_id": 5, "module": "submissions/nsa127.py", "seed": 509, "mode": "public", "median_us": {"cupti": 24.174079999999886}}
{"case_id": 5, "module": "submissions/nsa128.py", "seed": 509, "mode": "public", "median_us": {"cupti": 24.215039999999917}}
{"case_id": 5, "module": "submissions/nsa127.py", "seed": 509, "mode": "current", "median_us": {"cupti": 24.20991999999993}}
{"case_id": 5, "module": "submissions/nsa128.py", "seed": 509, "mode": "current", "median_us": {"cupti": 24.255999999999915}}
2026-09-09 12:37:45  [TileLang:tilelang.cache.kernel_cache:WARNING] (kernel_cache.py:342): Found kernel 'kernel' in memory cache. For better performance, consider using `@tilelang.jit` instead of direct kernel caching.
{"case_id": 6, "module": "submissions/nsa127.py", "seed": 509, "mode": "public", "median_us": {"cupti": 81.25951999999994}}
{"case_id": 6, "module": "submissions/nsa128.py", "seed": 509, "mode": "public", "median_us": {"cupti": 81.12639999999983}}
{"case_id": 6, "module": "submissions/nsa127.py", "seed": 509, "mode": "current", "median_us": {"cupti": 81.23391999999987}}
{"case_id": 6, "module": "submissions/nsa128.py", "seed": 509, "mode": "current", "median_us": {"cupti": 81.23647999999987}}
2026-09-09 12:37:46  [TileLang:tilelang.cache.kernel_cache:WARNING] (kernel_cache.py:342): Found kernel 'kernel' in memory cache. For better performance, consider using `@tilelang.jit` instead of direct kernel caching.
{"case_id": 7, "module": "submissions/nsa127.py", "seed": 509, "mode": "public", "median_us": {"cupti": 23.976960000000073}}
{"case_id": 7, "module": "submissions/nsa128.py", "seed": 509, "mode": "public", "median_us": {"cupti": 23.943679999999986}}
{"case_id": 7, "module": "submissions/nsa127.py", "seed": 509, "mode": "current", "median_us": {"cupti": 24.035839999999915}}
{"case_id": 7, "module": "submissions/nsa128.py", "seed": 509, "mode": "current", "median_us": {"cupti": 24.05120000000003}}
2026-09-09 12:37:48  [TileLang:tilelang.cache.kernel_cache:WARNING] (kernel_cache.py:342): Found kernel 'kernel' in memory cache. For better performance, consider using `@tilelang.jit` instead of direct kernel caching.
{"case_id": 8, "module": "submissions/nsa127.py", "seed": 509, "mode": "public", "median_us": {"cupti": 40.706559999999996}}
{"case_id": 8, "module": "submissions/nsa128.py", "seed": 509, "mode": "public", "median_us": {"cupti": 40.660480000000064}}
{"case_id": 8, "module": "submissions/nsa127.py", "seed": 509, "mode": "current", "median_us": {"cupti": 40.545280000000005}}
{"case_id": 8, "module": "submissions/nsa128.py", "seed": 509, "mode": "current", "median_us": {"cupti": 40.62464000000007}}
2026-09-09 12:37:50  [TileLang:tilelang.cache.kernel_cache:WARNING] (kernel_cache.py:342): Found kernel 'kernel' in memory cache. For better performance, consider using `@tilelang.jit` instead of direct kernel caching.
{"case_id": 9, "module": "submissions/nsa127.py", "seed": 509, "mode": "public", "median_us": {"cupti": 39.636480000000034}}
{"case_id": 9, "module": "submissions/nsa128.py", "seed": 509, "mode": "public", "median_us": {"cupti": 39.69536000000002}}
{"case_id": 9, "module": "submissions/nsa127.py", "seed": 509, "mode": "current", "median_us": {"cupti": 39.65439999999997}}
{"case_id": 9, "module": "submissions/nsa128.py", "seed": 509, "mode": "current", "median_us": {"cupti": 39.7004799999999}}
2026-09-09 12:37:51  [TileLang:tilelang.cache.kernel_cache:WARNING] (kernel_cache.py:342): Found kernel 'gather_kernel' in memory cache. For better performance, consider using `@tilelang.jit` instead of direct kernel caching.
{"case_id": 10, "module": "submissions/nsa127.py", "seed": 509, "mode": "public", "median_us": {"cupti": 7.0732799999998495}}
{"case_id": 10, "module": "submissions/nsa128.py", "seed": 509, "mode": "public", "median_us": {"cupti": 7.027200000000084}}
{"case_id": 10, "module": "submissions/nsa127.py", "seed": 509, "mode": "current", "median_us": {"cupti": 7.034879999999957}}
{"case_id": 10, "module": "submissions/nsa128.py", "seed": 509, "mode": "current", "median_us": {"cupti": 7.009279999999981}}
2026-09-09 12:37:52  [TileLang:tilelang.cache.kernel_cache:WARNING] (kernel_cache.py:342): Found kernel 'gather_kernel' in memory cache. For better performance, consider using `@tilelang.jit` instead of direct kernel caching.
2026-09-09 12:37:53  [TileLang:tilelang.cache.kernel_cache:WARNING] (kernel_cache.py:342): Found kernel 'gather_kernel' in memory cache. For better performance, consider using `@tilelang.jit` instead of direct kernel caching.
{"case_id": 11, "module": "submissions/nsa127.py", "seed": 509, "mode": "public", "median_us": {"cupti": 19.240959999999927}}
{"case_id": 11, "module": "submissions/nsa128.py", "seed": 509, "mode": "public", "median_us": {"cupti": 19.292160000000038}}
{"case_id": 11, "module": "submissions/nsa127.py", "seed": 509, "mode": "current", "median_us": {"cupti": 19.271680000000018}}
{"case_id": 11, "module": "submissions/nsa128.py", "seed": 509, "mode": "current", "median_us": {"cupti": 19.310079999999942}}
2026-09-09 12:37:54  [TileLang:tilelang.cache.kernel_cache:WARNING] (kernel_cache.py:342): Found kernel 'kernel' in memory cache. For better performance, consider using `@tilelang.jit` instead of direct kernel caching.
2026-09-09 12:37:54  [TileLang:tilelang.cache.kernel_cache:WARNING] (kernel_cache.py:342): Found kernel 'kernel' in memory cache. For better performance, consider using `@tilelang.jit` instead of direct kernel caching.
2026-09-09 12:37:54  [TileLang:tilelang.cache.kernel_cache:WARNING] (kernel_cache.py:342): Found kernel 'kernel' in memory cache. For better performance, consider using `@tilelang.jit` instead of direct kernel caching.
{"case_id": 12, "module": "submissions/nsa127.py", "seed": 509, "mode": "public", "median_us": {"cupti": 63.045120000000026}}
{"case_id": 12, "module": "submissions/nsa128.py", "seed": 509, "mode": "public", "median_us": {"cupti": 60.69503999999997}}
{"case_id": 12, "module": "submissions/nsa127.py", "seed": 509, "mode": "current", "median_us": {"cupti": 64.00767999999997}}
{"case_id": 12, "module": "submissions/nsa128.py", "seed": 509, "mode": "current", "median_us": {"cupti": 61.53216000000019}}
2026-09-09 12:37:55  [TileLang:tilelang.cache.kernel_cache:WARNING] (kernel_cache.py:342): Found kernel 'kernel' in memory cache. For better performance, consider using `@tilelang.jit` instead of direct kernel caching.
{"case_id": 13, "module": "submissions/nsa127.py", "seed": 509, "mode": "public", "median_us": {"cupti": 7.572480000000068}}
{"case_id": 13, "module": "submissions/nsa128.py", "seed": 509, "mode": "public", "median_us": {"cupti": 7.536640000000025}}
{"case_id": 13, "module": "submissions/nsa127.py", "seed": 509, "mode": "current", "median_us": {"cupti": 7.623679999999913}}
{"case_id": 13, "module": "submissions/nsa128.py", "seed": 509, "mode": "current", "median_us": {"cupti": 7.595519999999924}}
2026-09-09 12:37:57  [TileLang:tilelang.cache.kernel_cache:WARNING] (kernel_cache.py:342): Found kernel 'kernel' in memory cache. For better performance, consider using `@tilelang.jit` instead of direct kernel caching.
{"case_id": 14, "module": "submissions/nsa127.py", "seed": 509, "mode": "public", "median_us": {"cupti": 16.281600000000033}}
{"case_id": 14, "module": "submissions/nsa128.py", "seed": 509, "mode": "public", "median_us": {"cupti": 16.1843199999999}}
{"case_id": 14, "module": "submissions/nsa127.py", "seed": 509, "mode": "current", "median_us": {"cupti": 16.14848}}
{"case_id": 14, "module": "submissions/nsa128.py", "seed": 509, "mode": "current", "median_us": {"cupti": 16.19199999999997}}
{"stage": "complete", "script": "calibrate_oj_protocol.py"}
{"stage": "begin", "script": "dump_sources.py"}
2026-09-09 12:37:59  [TileLang:tilelang.cache.kernel_cache:WARNING] (kernel_cache.py:342): Found kernel 'kernel' in memory cache. For better performance, consider using `@tilelang.jit` instead of direct kernel caching.
{"case_id": 1, "path": "/data/nsa_codex_20260909_r1/results/sources128/nsa127_case1.cu", "sha256": "8be1153532d3a653b113379c567a72a96a75c1d248fb19b8d1edf30f99722dad"}
2026-09-09 12:37:59  [TileLang:tilelang.cache.kernel_cache:WARNING] (kernel_cache.py:342): Found kernel 'kernel' in memory cache. For better performance, consider using `@tilelang.jit` instead of direct kernel caching.
{"case_id": 2, "path": "/data/nsa_codex_20260909_r1/results/sources128/nsa127_case2.cu", "sha256": "3e070ae804c0016c2b3389bb957b4c99bb4721bb97e80885d3e0c05bdb31c5a6"}
2026-09-09 12:37:59  [TileLang:tilelang.cache.kernel_cache:WARNING] (kernel_cache.py:342): Found kernel 'kernel' in memory cache. For better performance, consider using `@tilelang.jit` instead of direct kernel caching.
{"case_id": 3, "path": "/data/nsa_codex_20260909_r1/results/sources128/nsa127_case3.cu", "sha256": "d47a724e64eaa9f48f20510271150e2c425ab9454166d8b1c588d9ab4ccea59a"}
2026-09-09 12:38:00  [TileLang:tilelang.cache.kernel_cache:WARNING] (kernel_cache.py:342): Found kernel 'kernel' in memory cache. For better performance, consider using `@tilelang.jit` instead of direct kernel caching.
{"case_id": 4, "path": "/data/nsa_codex_20260909_r1/results/sources128/nsa127_case4.cu", "sha256": "6e8715e0be11e3a0aef559f62e61976453aa647de4a81d021c44da4570139e77"}
2026-09-09 12:38:00  [TileLang:tilelang.cache.kernel_cache:WARNING] (kernel_cache.py:342): Found kernel 'kernel' in memory cache. For better performance, consider using `@tilelang.jit` instead of direct kernel caching.
{"case_id": 5, "path": "/data/nsa_codex_20260909_r1/results/sources128/nsa127_case5.cu", "sha256": "958a6c8bf7cdbd7b2ea00cc31f6982f6917dd89fe3a058ad62f220dd4a805bd1"}
2026-09-09 12:38:00  [TileLang:tilelang.cache.kernel_cache:WARNING] (kernel_cache.py:342): Found kernel 'kernel' in memory cache. For better performance, consider using `@tilelang.jit` instead of direct kernel caching.
{"case_id": 6, "path": "/data/nsa_codex_20260909_r1/results/sources128/nsa127_case6.cu", "sha256": "37e9597746b48fbc651e96ff0a322a79320827fb2c3db3ce9fb0176f8dfe6ac6"}
2026-09-09 12:38:00  [TileLang:tilelang.cache.kernel_cache:WARNING] (kernel_cache.py:342): Found kernel 'kernel' in memory cache. For better performance, consider using `@tilelang.jit` instead of direct kernel caching.
{"case_id": 7, "path": "/data/nsa_codex_20260909_r1/results/sources128/nsa127_case7.cu", "sha256": "82c5e78e02cc6f4b09a47766de694807ebd339f3371ab12047330259e227719a"}
2026-09-09 12:38:00  [TileLang:tilelang.cache.kernel_cache:WARNING] (kernel_cache.py:342): Found kernel 'kernel' in memory cache. For better performance, consider using `@tilelang.jit` instead of direct kernel caching.
{"case_id": 8, "path": "/data/nsa_codex_20260909_r1/results/sources128/nsa127_case8.cu", "sha256": "ef1d68eae46695bc8b7c7dd844f24acad64ab951b24ac37fc5729e8203b75906"}
2026-09-09 12:38:00  [TileLang:tilelang.cache.kernel_cache:WARNING] (kernel_cache.py:342): Found kernel 'kernel' in memory cache. For better performance, consider using `@tilelang.jit` instead of direct kernel caching.
{"case_id": 9, "path": "/data/nsa_codex_20260909_r1/results/sources128/nsa127_case9.cu", "sha256": "0b4e0cdd126e53e5b73dc2a98e71ddf586fcc2faf6371f0184240e7feca575ec"}
2026-09-09 12:38:00  [TileLang:tilelang.cache.kernel_cache:WARNING] (kernel_cache.py:342): Found kernel 'gather_kernel' in memory cache. For better performance, consider using `@tilelang.jit` instead of direct kernel caching.
{"case_id": 10, "path": "/data/nsa_codex_20260909_r1/results/sources128/nsa127_case10.cu", "sha256": "71a8a86de1195b264ae0aa6cf0a6176a4b78b18d3ade435b88079bd0b64d77e8"}
2026-09-09 12:38:00  [TileLang:tilelang.cache.kernel_cache:WARNING] (kernel_cache.py:342): Found kernel 'gather_kernel' in memory cache. For better performance, consider using `@tilelang.jit` instead of direct kernel caching.
{"case_id": 11, "path": "/data/nsa_codex_20260909_r1/results/sources128/nsa127_case11.cu", "sha256": "77087f5cd01a2b04c0de1cba131b116362ba697060abec2e90970ad5622e668d"}
2026-09-09 12:38:00  [TileLang:tilelang.cache.kernel_cache:WARNING] (kernel_cache.py:342): Found kernel 'kernel' in memory cache. For better performance, consider using `@tilelang.jit` instead of direct kernel caching.
{"case_id": 12, "path": "/data/nsa_codex_20260909_r1/results/sources128/nsa127_case12.cu", "sha256": "df2ec1176877947e0380cad3ee8bac94ce20e5cbf954200cdf73d26eb3259587"}
2026-09-09 12:38:01  [TileLang:tilelang.cache.kernel_cache:WARNING] (kernel_cache.py:342): Found kernel 'kernel' in memory cache. For better performance, consider using `@tilelang.jit` instead of direct kernel caching.
{"case_id": 13, "path": "/data/nsa_codex_20260909_r1/results/sources128/nsa127_case13.cu", "sha256": "fce0aa492fb667f9a796b2557061acebece556cd24d4b23ace2fd6afe5317876"}
2026-09-09 12:38:01  [TileLang:tilelang.cache.kernel_cache:WARNING] (kernel_cache.py:342): Found kernel 'kernel' in memory cache. For better performance, consider using `@tilelang.jit` instead of direct kernel caching.
{"case_id": 14, "path": "/data/nsa_codex_20260909_r1/results/sources128/nsa127_case14.cu", "sha256": "184c13c40faceb865fb2837388d6f947055a66a77766edae871160c2add1771e"}
2026-09-09 12:38:02  [TileLang:tilelang.cache.kernel_cache:WARNING] (kernel_cache.py:342): Found kernel 'kernel' in memory cache. For better performance, consider using `@tilelang.jit` instead of direct kernel caching.
{"case_id": 1, "path": "/data/nsa_codex_20260909_r1/results/sources128/nsa128_case1.cu", "sha256": "8be1153532d3a653b113379c567a72a96a75c1d248fb19b8d1edf30f99722dad"}
2026-09-09 12:38:02  [TileLang:tilelang.cache.kernel_cache:WARNING] (kernel_cache.py:342): Found kernel 'kernel' in memory cache. For better performance, consider using `@tilelang.jit` instead of direct kernel caching.
{"case_id": 2, "path": "/data/nsa_codex_20260909_r1/results/sources128/nsa128_case2.cu", "sha256": "3e070ae804c0016c2b3389bb957b4c99bb4721bb97e80885d3e0c05bdb31c5a6"}
2026-09-09 12:38:02  [TileLang:tilelang.cache.kernel_cache:WARNING] (kernel_cache.py:342): Found kernel 'kernel' in memory cache. For better performance, consider using `@tilelang.jit` instead of direct kernel caching.
{"case_id": 3, "path": "/data/nsa_codex_20260909_r1/results/sources128/nsa128_case3.cu", "sha256": "d47a724e64eaa9f48f20510271150e2c425ab9454166d8b1c588d9ab4ccea59a"}
2026-09-09 12:38:02  [TileLang:tilelang.cache.kernel_cache:WARNING] (kernel_cache.py:342): Found kernel 'kernel' in memory cache. For better performance, consider using `@tilelang.jit` instead of direct kernel caching.
{"case_id": 4, "path": "/data/nsa_codex_20260909_r1/results/sources128/nsa128_case4.cu", "sha256": "6e8715e0be11e3a0aef559f62e61976453aa647de4a81d021c44da4570139e77"}
2026-09-09 12:38:03  [TileLang:tilelang.cache.kernel_cache:WARNING] (kernel_cache.py:342): Found kernel 'kernel' in memory cache. For better performance, consider using `@tilelang.jit` instead of direct kernel caching.
{"case_id": 5, "path": "/data/nsa_codex_20260909_r1/results/sources128/nsa128_case5.cu", "sha256": "958a6c8bf7cdbd7b2ea00cc31f6982f6917dd89fe3a058ad62f220dd4a805bd1"}
2026-09-09 12:38:03  [TileLang:tilelang.cache.kernel_cache:WARNING] (kernel_cache.py:342): Found kernel 'kernel' in memory cache. For better performance, consider using `@tilelang.jit` instead of direct kernel caching.
{"case_id": 6, "path": "/data/nsa_codex_20260909_r1/results/sources128/nsa128_case6.cu", "sha256": "37e9597746b48fbc651e96ff0a322a79320827fb2c3db3ce9fb0176f8dfe6ac6"}
2026-09-09 12:38:03  [TileLang:tilelang.cache.kernel_cache:WARNING] (kernel_cache.py:342): Found kernel 'kernel' in memory cache. For better performance, consider using `@tilelang.jit` instead of direct kernel caching.
{"case_id": 7, "path": "/data/nsa_codex_20260909_r1/results/sources128/nsa128_case7.cu", "sha256": "82c5e78e02cc6f4b09a47766de694807ebd339f3371ab12047330259e227719a"}
2026-09-09 12:38:03  [TileLang:tilelang.cache.kernel_cache:WARNING] (kernel_cache.py:342): Found kernel 'kernel' in memory cache. For better performance, consider using `@tilelang.jit` instead of direct kernel caching.
{"case_id": 8, "path": "/data/nsa_codex_20260909_r1/results/sources128/nsa128_case8.cu", "sha256": "ef1d68eae46695bc8b7c7dd844f24acad64ab951b24ac37fc5729e8203b75906"}
2026-09-09 12:38:03  [TileLang:tilelang.cache.kernel_cache:WARNING] (kernel_cache.py:342): Found kernel 'kernel' in memory cache. For better performance, consider using `@tilelang.jit` instead of direct kernel caching.
{"case_id": 9, "path": "/data/nsa_codex_20260909_r1/results/sources128/nsa128_case9.cu", "sha256": "0b4e0cdd126e53e5b73dc2a98e71ddf586fcc2faf6371f0184240e7feca575ec"}
2026-09-09 12:38:03  [TileLang:tilelang.cache.kernel_cache:WARNING] (kernel_cache.py:342): Found kernel 'gather_kernel' in memory cache. For better performance, consider using `@tilelang.jit` instead of direct kernel caching.
{"case_id": 10, "path": "/data/nsa_codex_20260909_r1/results/sources128/nsa128_case10.cu", "sha256": "71a8a86de1195b264ae0aa6cf0a6176a4b78b18d3ade435b88079bd0b64d77e8"}
2026-09-09 12:38:03  [TileLang:tilelang.cache.kernel_cache:WARNING] (kernel_cache.py:342): Found kernel 'gather_kernel' in memory cache. For better performance, consider using `@tilelang.jit` instead of direct kernel caching.
{"case_id": 11, "path": "/data/nsa_codex_20260909_r1/results/sources128/nsa128_case11.cu", "sha256": "77087f5cd01a2b04c0de1cba131b116362ba697060abec2e90970ad5622e668d"}
2026-09-09 12:38:03  [TileLang:tilelang.cache.kernel_cache:WARNING] (kernel_cache.py:342): Found kernel 'kernel' in memory cache. For better performance, consider using `@tilelang.jit` instead of direct kernel caching.
{"case_id": 12, "path": "/data/nsa_codex_20260909_r1/results/sources128/nsa128_case12.cu", "sha256": "b6617d2506adae51fa29fc7496e88058b940761b645095796df1dd496c3b3493"}
2026-09-09 12:38:04  [TileLang:tilelang.cache.kernel_cache:WARNING] (kernel_cache.py:342): Found kernel 'kernel' in memory cache. For better performance, consider using `@tilelang.jit` instead of direct kernel caching.
{"case_id": 13, "path": "/data/nsa_codex_20260909_r1/results/sources128/nsa128_case13.cu", "sha256": "fce0aa492fb667f9a796b2557061acebece556cd24d4b23ace2fd6afe5317876"}
2026-09-09 12:38:04  [TileLang:tilelang.cache.kernel_cache:WARNING] (kernel_cache.py:342): Found kernel 'kernel' in memory cache. For better performance, consider using `@tilelang.jit` instead of direct kernel caching.
{"case_id": 14, "path": "/data/nsa_codex_20260909_r1/results/sources128/nsa128_case14.cu", "sha256": "184c13c40faceb865fb2837388d6f947055a66a77766edae871160c2add1771e"}
{"stage": "complete", "script": "dump_sources.py"}
{"workflow": "complete", "limitation": "Local validation, not OJ score"}
