{"stage": "begin", "script": "stress_nsa_h2_small.py"}
Loading tilelang libs from dev root: /opt/tilelang-metax-v0.1.10/build
{"module": "submissions/nsa128.py", "source_sha256": "309e71c21ea3190d38b2ba9ef82cc295bb61b66bebf4aa332c6f757ba83db57a", "case": {"B": 1, "seq_len": 64, "kv_heads": 2, "q_heads": 32, "dim": 64, "selected_blocks": 1, "block_size": 16, "causal": 1}, "update": 0, "seed": 509, "scalar_gate_expected": true, "status": "PASS", "mismatch_count": 0, "nonfinite": 0, "max_abs": 0.001953125}
2026-09-09 14:24:04  [TileLang:tilelang.jit.kernel:INFO] (kernel.py:129): TileLang begins to compile kernel `kernel` with `out_idx=None`
2026-09-09 14:24:10  [TileLang:tilelang.jit.kernel:INFO] (kernel.py:137): TileLang completes to compile kernel `kernel`
{"module": "submissions/nsa138.py", "source_sha256": "7764382c1c2afb47d47c893999ca3eb665b79953c6dc8b81d34da70cd929d347", "case": {"B": 1, "seq_len": 64, "kv_heads": 2, "q_heads": 32, "dim": 64, "selected_blocks": 1, "block_size": 16, "causal": 1}, "update": 0, "seed": 509, "scalar_gate_expected": true, "status": "PASS", "mismatch_count": 0, "nonfinite": 0, "max_abs": 0.001953125}
{"module": "submissions/nsa128.py", "source_sha256": "309e71c21ea3190d38b2ba9ef82cc295bb61b66bebf4aa332c6f757ba83db57a", "case": {"B": 1, "seq_len": 64, "kv_heads": 2, "q_heads": 32, "dim": 64, "selected_blocks": 1, "block_size": 16, "causal": 1}, "update": 1, "seed": 510, "scalar_gate_expected": true, "status": "PASS", "mismatch_count": 0, "nonfinite": 0, "max_abs": 0.03125}
{"module": "submissions/nsa138.py", "source_sha256": "7764382c1c2afb47d47c893999ca3eb665b79953c6dc8b81d34da70cd929d347", "case": {"B": 1, "seq_len": 64, "kv_heads": 2, "q_heads": 32, "dim": 64, "selected_blocks": 1, "block_size": 16, "causal": 1}, "update": 1, "seed": 510, "scalar_gate_expected": true, "status": "PASS", "mismatch_count": 0, "nonfinite": 0, "max_abs": 0.03125}
{"module": "submissions/nsa128.py", "source_sha256": "309e71c21ea3190d38b2ba9ef82cc295bb61b66bebf4aa332c6f757ba83db57a", "case": {"B": 1, "seq_len": 128, "kv_heads": 2, "q_heads": 32, "dim": 64, "selected_blocks": 1, "block_size": 16, "causal": 1}, "update": 0, "seed": 509, "scalar_gate_expected": true, "status": "PASS", "mismatch_count": 0, "nonfinite": 0, "max_abs": 0.001953125}
2026-09-09 14:24:11  [TileLang:tilelang.jit.kernel:INFO] (kernel.py:129): TileLang begins to compile kernel `kernel` with `out_idx=None`
2026-09-09 14:24:17  [TileLang:tilelang.jit.kernel:INFO] (kernel.py:137): TileLang completes to compile kernel `kernel`
{"module": "submissions/nsa138.py", "source_sha256": "7764382c1c2afb47d47c893999ca3eb665b79953c6dc8b81d34da70cd929d347", "case": {"B": 1, "seq_len": 128, "kv_heads": 2, "q_heads": 32, "dim": 64, "selected_blocks": 1, "block_size": 16, "causal": 1}, "update": 0, "seed": 509, "scalar_gate_expected": true, "status": "PASS", "mismatch_count": 0, "nonfinite": 0, "max_abs": 0.001953125}
{"module": "submissions/nsa128.py", "source_sha256": "309e71c21ea3190d38b2ba9ef82cc295bb61b66bebf4aa332c6f757ba83db57a", "case": {"B": 1, "seq_len": 128, "kv_heads": 2, "q_heads": 32, "dim": 64, "selected_blocks": 1, "block_size": 16, "causal": 1}, "update": 1, "seed": 510, "scalar_gate_expected": true, "status": "PASS", "mismatch_count": 0, "nonfinite": 0, "max_abs": 0.03125}
{"module": "submissions/nsa138.py", "source_sha256": "7764382c1c2afb47d47c893999ca3eb665b79953c6dc8b81d34da70cd929d347", "case": {"B": 1, "seq_len": 128, "kv_heads": 2, "q_heads": 32, "dim": 64, "selected_blocks": 1, "block_size": 16, "causal": 1}, "update": 1, "seed": 510, "scalar_gate_expected": true, "status": "PASS", "mismatch_count": 0, "nonfinite": 0, "max_abs": 0.03125}
{"module": "submissions/nsa128.py", "source_sha256": "309e71c21ea3190d38b2ba9ef82cc295bb61b66bebf4aa332c6f757ba83db57a", "case": {"B": 1, "seq_len": 256, "kv_heads": 2, "q_heads": 32, "dim": 64, "selected_blocks": 1, "block_size": 16, "causal": 1}, "update": 0, "seed": 509, "scalar_gate_expected": true, "status": "PASS", "mismatch_count": 0, "nonfinite": 0, "max_abs": 0.001953125}
{"module": "submissions/nsa138.py", "source_sha256": "7764382c1c2afb47d47c893999ca3eb665b79953c6dc8b81d34da70cd929d347", "case": {"B": 1, "seq_len": 256, "kv_heads": 2, "q_heads": 32, "dim": 64, "selected_blocks": 1, "block_size": 16, "causal": 1}, "update": 0, "seed": 509, "scalar_gate_expected": true, "status": "PASS", "mismatch_count": 0, "nonfinite": 0, "max_abs": 0.001953125}
{"module": "submissions/nsa128.py", "source_sha256": "309e71c21ea3190d38b2ba9ef82cc295bb61b66bebf4aa332c6f757ba83db57a", "case": {"B": 1, "seq_len": 256, "kv_heads": 2, "q_heads": 32, "dim": 64, "selected_blocks": 1, "block_size": 16, "causal": 1}, "update": 1, "seed": 510, "scalar_gate_expected": true, "status": "PASS", "mismatch_count": 0, "nonfinite": 0, "max_abs": 0.03125}
{"module": "submissions/nsa138.py", "source_sha256": "7764382c1c2afb47d47c893999ca3eb665b79953c6dc8b81d34da70cd929d347", "case": {"B": 1, "seq_len": 256, "kv_heads": 2, "q_heads": 32, "dim": 64, "selected_blocks": 1, "block_size": 16, "causal": 1}, "update": 1, "seed": 510, "scalar_gate_expected": true, "status": "PASS", "mismatch_count": 0, "nonfinite": 0, "max_abs": 0.03125}
{"module": "submissions/nsa128.py", "source_sha256": "309e71c21ea3190d38b2ba9ef82cc295bb61b66bebf4aa332c6f757ba83db57a", "case": {"B": 1, "seq_len": 257, "kv_heads": 2, "q_heads": 32, "dim": 64, "selected_blocks": 1, "block_size": 16, "causal": 1}, "update": 0, "seed": 509, "scalar_gate_expected": true, "status": "PASS", "mismatch_count": 0, "nonfinite": 0, "max_abs": 0.001953125}
2026-09-09 14:24:17  [TileLang:tilelang.cache.kernel_cache:WARNING] (kernel_cache.py:342): Found kernel 'kernel' in memory cache. For better performance, consider using `@tilelang.jit` instead of direct kernel caching.
{"module": "submissions/nsa138.py", "source_sha256": "7764382c1c2afb47d47c893999ca3eb665b79953c6dc8b81d34da70cd929d347", "case": {"B": 1, "seq_len": 257, "kv_heads": 2, "q_heads": 32, "dim": 64, "selected_blocks": 1, "block_size": 16, "causal": 1}, "update": 0, "seed": 509, "scalar_gate_expected": true, "status": "PASS", "mismatch_count": 0, "nonfinite": 0, "max_abs": 0.001953125}
{"module": "submissions/nsa128.py", "source_sha256": "309e71c21ea3190d38b2ba9ef82cc295bb61b66bebf4aa332c6f757ba83db57a", "case": {"B": 1, "seq_len": 257, "kv_heads": 2, "q_heads": 32, "dim": 64, "selected_blocks": 1, "block_size": 16, "causal": 1}, "update": 1, "seed": 510, "scalar_gate_expected": true, "status": "PASS", "mismatch_count": 0, "nonfinite": 0, "max_abs": 0.03125}
{"module": "submissions/nsa138.py", "source_sha256": "7764382c1c2afb47d47c893999ca3eb665b79953c6dc8b81d34da70cd929d347", "case": {"B": 1, "seq_len": 257, "kv_heads": 2, "q_heads": 32, "dim": 64, "selected_blocks": 1, "block_size": 16, "causal": 1}, "update": 1, "seed": 510, "scalar_gate_expected": true, "status": "PASS", "mismatch_count": 0, "nonfinite": 0, "max_abs": 0.03125}
{"module": "submissions/nsa128.py", "source_sha256": "309e71c21ea3190d38b2ba9ef82cc295bb61b66bebf4aa332c6f757ba83db57a", "case": {"B": 1, "seq_len": 512, "kv_heads": 2, "q_heads": 32, "dim": 64, "selected_blocks": 1, "block_size": 16, "causal": 1}, "update": 0, "seed": 509, "scalar_gate_expected": true, "status": "PASS", "mismatch_count": 0, "nonfinite": 0, "max_abs": 0.001953125}
2026-09-09 14:24:17  [TileLang:tilelang.jit.kernel:INFO] (kernel.py:129): TileLang begins to compile kernel `kernel` with `out_idx=None`
2026-09-09 14:24:23  [TileLang:tilelang.jit.kernel:INFO] (kernel.py:137): TileLang completes to compile kernel `kernel`
{"module": "submissions/nsa138.py", "source_sha256": "7764382c1c2afb47d47c893999ca3eb665b79953c6dc8b81d34da70cd929d347", "case": {"B": 1, "seq_len": 512, "kv_heads": 2, "q_heads": 32, "dim": 64, "selected_blocks": 1, "block_size": 16, "causal": 1}, "update": 0, "seed": 509, "scalar_gate_expected": true, "status": "PASS", "mismatch_count": 0, "nonfinite": 0, "max_abs": 0.001953125}
{"module": "submissions/nsa128.py", "source_sha256": "309e71c21ea3190d38b2ba9ef82cc295bb61b66bebf4aa332c6f757ba83db57a", "case": {"B": 1, "seq_len": 512, "kv_heads": 2, "q_heads": 32, "dim": 64, "selected_blocks": 1, "block_size": 16, "causal": 1}, "update": 1, "seed": 510, "scalar_gate_expected": true, "status": "PASS", "mismatch_count": 0, "nonfinite": 0, "max_abs": 0.03125}
{"module": "submissions/nsa138.py", "source_sha256": "7764382c1c2afb47d47c893999ca3eb665b79953c6dc8b81d34da70cd929d347", "case": {"B": 1, "seq_len": 512, "kv_heads": 2, "q_heads": 32, "dim": 64, "selected_blocks": 1, "block_size": 16, "causal": 1}, "update": 1, "seed": 510, "scalar_gate_expected": true, "status": "PASS", "mismatch_count": 0, "nonfinite": 0, "max_abs": 0.03125}
{"module": "submissions/nsa128.py", "source_sha256": "309e71c21ea3190d38b2ba9ef82cc295bb61b66bebf4aa332c6f757ba83db57a", "case": {"B": 1, "seq_len": 513, "kv_heads": 2, "q_heads": 32, "dim": 64, "selected_blocks": 1, "block_size": 16, "causal": 1}, "update": 0, "seed": 509, "scalar_gate_expected": false, "status": "PASS", "mismatch_count": 0, "nonfinite": 0, "max_abs": 0.001953125}
2026-09-09 14:24:24  [TileLang:tilelang.cache.kernel_cache:WARNING] (kernel_cache.py:342): Found kernel 'kernel' in memory cache. For better performance, consider using `@tilelang.jit` instead of direct kernel caching.
{"module": "submissions/nsa138.py", "source_sha256": "7764382c1c2afb47d47c893999ca3eb665b79953c6dc8b81d34da70cd929d347", "case": {"B": 1, "seq_len": 513, "kv_heads": 2, "q_heads": 32, "dim": 64, "selected_blocks": 1, "block_size": 16, "causal": 1}, "update": 0, "seed": 509, "scalar_gate_expected": false, "status": "PASS", "mismatch_count": 0, "nonfinite": 0, "max_abs": 0.001953125}
{"module": "submissions/nsa128.py", "source_sha256": "309e71c21ea3190d38b2ba9ef82cc295bb61b66bebf4aa332c6f757ba83db57a", "case": {"B": 1, "seq_len": 513, "kv_heads": 2, "q_heads": 32, "dim": 64, "selected_blocks": 1, "block_size": 16, "causal": 1}, "update": 1, "seed": 510, "scalar_gate_expected": false, "status": "PASS", "mismatch_count": 0, "nonfinite": 0, "max_abs": 0.03125}
{"module": "submissions/nsa138.py", "source_sha256": "7764382c1c2afb47d47c893999ca3eb665b79953c6dc8b81d34da70cd929d347", "case": {"B": 1, "seq_len": 513, "kv_heads": 2, "q_heads": 32, "dim": 64, "selected_blocks": 1, "block_size": 16, "causal": 1}, "update": 1, "seed": 510, "scalar_gate_expected": false, "status": "PASS", "mismatch_count": 0, "nonfinite": 0, "max_abs": 0.03125}
{"module": "submissions/nsa128.py", "source_sha256": "309e71c21ea3190d38b2ba9ef82cc295bb61b66bebf4aa332c6f757ba83db57a", "case": {"B": 2, "seq_len": 256, "kv_heads": 2, "q_heads": 32, "dim": 64, "selected_blocks": 1, "block_size": 16, "causal": 1}, "update": 0, "seed": 509, "scalar_gate_expected": true, "status": "PASS", "mismatch_count": 0, "nonfinite": 0, "max_abs": 0.001953125}
2026-09-09 14:24:24  [TileLang:tilelang.jit.kernel:INFO] (kernel.py:129): TileLang begins to compile kernel `kernel` with `out_idx=None`
2026-09-09 14:24:30  [TileLang:tilelang.jit.kernel:INFO] (kernel.py:137): TileLang completes to compile kernel `kernel`
{"module": "submissions/nsa138.py", "source_sha256": "7764382c1c2afb47d47c893999ca3eb665b79953c6dc8b81d34da70cd929d347", "case": {"B": 2, "seq_len": 256, "kv_heads": 2, "q_heads": 32, "dim": 64, "selected_blocks": 1, "block_size": 16, "causal": 1}, "update": 0, "seed": 509, "scalar_gate_expected": true, "status": "PASS", "mismatch_count": 0, "nonfinite": 0, "max_abs": 0.001953125}
{"module": "submissions/nsa128.py", "source_sha256": "309e71c21ea3190d38b2ba9ef82cc295bb61b66bebf4aa332c6f757ba83db57a", "case": {"B": 2, "seq_len": 256, "kv_heads": 2, "q_heads": 32, "dim": 64, "selected_blocks": 1, "block_size": 16, "causal": 1}, "update": 1, "seed": 510, "scalar_gate_expected": true, "status": "PASS", "mismatch_count": 0, "nonfinite": 0, "max_abs": 0.03125}
{"module": "submissions/nsa138.py", "source_sha256": "7764382c1c2afb47d47c893999ca3eb665b79953c6dc8b81d34da70cd929d347", "case": {"B": 2, "seq_len": 256, "kv_heads": 2, "q_heads": 32, "dim": 64, "selected_blocks": 1, "block_size": 16, "causal": 1}, "update": 1, "seed": 510, "scalar_gate_expected": true, "status": "PASS", "mismatch_count": 0, "nonfinite": 0, "max_abs": 0.03125}
{"module": "submissions/nsa128.py", "source_sha256": "309e71c21ea3190d38b2ba9ef82cc295bb61b66bebf4aa332c6f757ba83db57a", "case": {"B": 2, "seq_len": 257, "kv_heads": 2, "q_heads": 32, "dim": 64, "selected_blocks": 1, "block_size": 16, "causal": 1}, "update": 0, "seed": 509, "scalar_gate_expected": false, "status": "PASS", "mismatch_count": 0, "nonfinite": 0, "max_abs": 0.001953125}
2026-09-09 14:24:30  [TileLang:tilelang.cache.kernel_cache:WARNING] (kernel_cache.py:342): Found kernel 'kernel' in memory cache. For better performance, consider using `@tilelang.jit` instead of direct kernel caching.
{"module": "submissions/nsa138.py", "source_sha256": "7764382c1c2afb47d47c893999ca3eb665b79953c6dc8b81d34da70cd929d347", "case": {"B": 2, "seq_len": 257, "kv_heads": 2, "q_heads": 32, "dim": 64, "selected_blocks": 1, "block_size": 16, "causal": 1}, "update": 0, "seed": 509, "scalar_gate_expected": false, "status": "PASS", "mismatch_count": 0, "nonfinite": 0, "max_abs": 0.001953125}
{"module": "submissions/nsa128.py", "source_sha256": "309e71c21ea3190d38b2ba9ef82cc295bb61b66bebf4aa332c6f757ba83db57a", "case": {"B": 2, "seq_len": 257, "kv_heads": 2, "q_heads": 32, "dim": 64, "selected_blocks": 1, "block_size": 16, "causal": 1}, "update": 1, "seed": 510, "scalar_gate_expected": false, "status": "PASS", "mismatch_count": 0, "nonfinite": 0, "max_abs": 0.03125}
{"module": "submissions/nsa138.py", "source_sha256": "7764382c1c2afb47d47c893999ca3eb665b79953c6dc8b81d34da70cd929d347", "case": {"B": 2, "seq_len": 257, "kv_heads": 2, "q_heads": 32, "dim": 64, "selected_blocks": 1, "block_size": 16, "causal": 1}, "update": 1, "seed": 510, "scalar_gate_expected": false, "status": "PASS", "mismatch_count": 0, "nonfinite": 0, "max_abs": 0.03125}
{"stage": "complete", "script": "stress_nsa_h2_small.py"}
{"stage": "begin", "script": "calibrate_oj_protocol.py"}
2026-09-09 14:24:34  [TileLang:tilelang.cache.kernel_cache:WARNING] (kernel_cache.py:342): Found kernel 'kernel' in memory cache. For better performance, consider using `@tilelang.jit` instead of direct kernel caching.
2026-09-09 14:24:34  [TileLang:tilelang.cache.kernel_cache:WARNING] (kernel_cache.py:342): Found kernel 'kernel' in memory cache. For better performance, consider using `@tilelang.jit` instead of direct kernel caching.
{"case_id": 1, "module": "submissions/nsa128.py", "seed": 587, "mode": "public", "median_us": {"cupti": 4.892159999999985}}
{"case_id": 1, "module": "submissions/nsa138.py", "seed": 587, "mode": "public", "median_us": {"cupti": 4.912639999999956}}
{"case_id": 1, "module": "submissions/nsa128.py", "seed": 587, "mode": "current", "median_us": {"cupti": 4.843519999999989}}
{"case_id": 1, "module": "submissions/nsa138.py", "seed": 587, "mode": "current", "median_us": {"cupti": 4.902399999999798}}
2026-09-09 14:24:36  [TileLang:tilelang.cache.kernel_cache:WARNING] (kernel_cache.py:342): Found kernel 'kernel' in memory cache. For better performance, consider using `@tilelang.jit` instead of direct kernel caching.
2026-09-09 14:24:36  [TileLang:tilelang.cache.kernel_cache:WARNING] (kernel_cache.py:342): Found kernel 'kernel' in memory cache. For better performance, consider using `@tilelang.jit` instead of direct kernel caching.
{"case_id": 2, "module": "submissions/nsa128.py", "seed": 587, "mode": "public", "median_us": {"cupti": 5.975040000000008}}
{"case_id": 2, "module": "submissions/nsa138.py", "seed": 587, "mode": "public", "median_us": {"cupti": 5.957119999999959}}
{"case_id": 2, "module": "submissions/nsa128.py", "seed": 587, "mode": "current", "median_us": {"cupti": 5.9673599999999904}}
{"case_id": 2, "module": "submissions/nsa138.py", "seed": 587, "mode": "current", "median_us": {"cupti": 6.010880000000034}}
2026-09-09 14:24:37  [TileLang:tilelang.cache.kernel_cache:WARNING] (kernel_cache.py:342): Found kernel 'kernel' in memory cache. For better performance, consider using `@tilelang.jit` instead of direct kernel caching.
2026-09-09 14:24:38  [TileLang:tilelang.cache.kernel_cache:WARNING] (kernel_cache.py:342): Found kernel 'kernel' in memory cache. For better performance, consider using `@tilelang.jit` instead of direct kernel caching.
{"case_id": 3, "module": "submissions/nsa128.py", "seed": 587, "mode": "public", "median_us": {"cupti": 8.629760000000097}}
{"case_id": 3, "module": "submissions/nsa138.py", "seed": 587, "mode": "public", "median_us": {"cupti": 8.63743999999997}}
{"case_id": 3, "module": "submissions/nsa128.py", "seed": 587, "mode": "current", "median_us": {"cupti": 8.616959999999928}}
{"case_id": 3, "module": "submissions/nsa138.py", "seed": 587, "mode": "current", "median_us": {"cupti": 8.616960000000017}}
2026-09-09 14:24:39  [TileLang:tilelang.cache.kernel_cache:WARNING] (kernel_cache.py:342): Found kernel 'kernel' in memory cache. For better performance, consider using `@tilelang.jit` instead of direct kernel caching.
{"case_id": 4, "module": "submissions/nsa128.py", "seed": 587, "mode": "public", "median_us": {"cupti": 10.41407999999994}}
{"case_id": 4, "module": "submissions/nsa138.py", "seed": 587, "mode": "public", "median_us": {"cupti": 10.35264000000003}}
{"case_id": 4, "module": "submissions/nsa128.py", "seed": 587, "mode": "current", "median_us": {"cupti": 10.421759999999903}}
{"case_id": 4, "module": "submissions/nsa138.py", "seed": 587, "mode": "current", "median_us": {"cupti": 10.414080000000105}}
2026-09-09 14:24:40  [TileLang:tilelang.cache.kernel_cache:WARNING] (kernel_cache.py:342): Found kernel 'kernel' in memory cache. For better performance, consider using `@tilelang.jit` instead of direct kernel caching.
{"case_id": 5, "module": "submissions/nsa128.py", "seed": 587, "mode": "public", "median_us": {"cupti": 24.133119999999927}}
{"case_id": 5, "module": "submissions/nsa138.py", "seed": 587, "mode": "public", "median_us": {"cupti": 24.15104000000003}}
{"case_id": 5, "module": "submissions/nsa128.py", "seed": 587, "mode": "current", "median_us": {"cupti": 24.06400000000009}}
{"case_id": 5, "module": "submissions/nsa138.py", "seed": 587, "mode": "current", "median_us": {"cupti": 24.125439999999944}}
2026-09-09 14:24:42  [TileLang:tilelang.cache.kernel_cache:WARNING] (kernel_cache.py:342): Found kernel 'kernel' in memory cache. For better performance, consider using `@tilelang.jit` instead of direct kernel caching.
{"case_id": 6, "module": "submissions/nsa128.py", "seed": 587, "mode": "public", "median_us": {"cupti": 81.08800000000002}}
{"case_id": 6, "module": "submissions/nsa138.py", "seed": 587, "mode": "public", "median_us": {"cupti": 81.15968000000001}}
{"case_id": 6, "module": "submissions/nsa128.py", "seed": 587, "mode": "current", "median_us": {"cupti": 81.0547199999999}}
{"case_id": 6, "module": "submissions/nsa138.py", "seed": 587, "mode": "current", "median_us": {"cupti": 81.05215999999996}}
2026-09-09 14:24:43  [TileLang:tilelang.cache.kernel_cache:WARNING] (kernel_cache.py:342): Found kernel 'kernel' in memory cache. For better performance, consider using `@tilelang.jit` instead of direct kernel caching.
{"case_id": 7, "module": "submissions/nsa128.py", "seed": 587, "mode": "public", "median_us": {"cupti": 24.04863999999996}}
{"case_id": 7, "module": "submissions/nsa138.py", "seed": 587, "mode": "public", "median_us": {"cupti": 23.974400000000024}}
{"case_id": 7, "module": "submissions/nsa128.py", "seed": 587, "mode": "current", "median_us": {"cupti": 23.997440000000115}}
{"case_id": 7, "module": "submissions/nsa138.py", "seed": 587, "mode": "current", "median_us": {"cupti": 24.020480000000006}}
2026-09-09 14:24:45  [TileLang:tilelang.cache.kernel_cache:WARNING] (kernel_cache.py:342): Found kernel 'kernel' in memory cache. For better performance, consider using `@tilelang.jit` instead of direct kernel caching.
{"case_id": 8, "module": "submissions/nsa128.py", "seed": 587, "mode": "public", "median_us": {"cupti": 40.844800000000035}}
{"case_id": 8, "module": "submissions/nsa138.py", "seed": 587, "mode": "public", "median_us": {"cupti": 40.86016000000007}}
{"case_id": 8, "module": "submissions/nsa128.py", "seed": 587, "mode": "current", "median_us": {"cupti": 40.691199999999895}}
{"case_id": 8, "module": "submissions/nsa138.py", "seed": 587, "mode": "current", "median_us": {"cupti": 40.63999999999993}}
2026-09-09 14:24:46  [TileLang:tilelang.cache.kernel_cache:WARNING] (kernel_cache.py:342): Found kernel 'kernel' in memory cache. For better performance, consider using `@tilelang.jit` instead of direct kernel caching.
{"case_id": 9, "module": "submissions/nsa128.py", "seed": 587, "mode": "public", "median_us": {"cupti": 39.956479999999885}}
{"case_id": 9, "module": "submissions/nsa138.py", "seed": 587, "mode": "public", "median_us": {"cupti": 39.91040000000005}}
{"case_id": 9, "module": "submissions/nsa128.py", "seed": 587, "mode": "current", "median_us": {"cupti": 39.9744000000001}}
{"case_id": 9, "module": "submissions/nsa138.py", "seed": 587, "mode": "current", "median_us": {"cupti": 39.938559999999995}}
2026-09-09 14:24:48  [TileLang:tilelang.cache.kernel_cache:WARNING] (kernel_cache.py:342): Found kernel 'gather_kernel' in memory cache. For better performance, consider using `@tilelang.jit` instead of direct kernel caching.
{"case_id": 10, "module": "submissions/nsa128.py", "seed": 587, "mode": "public", "median_us": {"cupti": 7.070719999999819}}
{"case_id": 10, "module": "submissions/nsa138.py", "seed": 587, "mode": "public", "median_us": {"cupti": 7.103999999999978}}
{"case_id": 10, "module": "submissions/nsa128.py", "seed": 587, "mode": "current", "median_us": {"cupti": 7.165439999999926}}
{"case_id": 10, "module": "submissions/nsa138.py", "seed": 587, "mode": "current", "median_us": {"cupti": 7.185919999999987}}
2026-09-09 14:24:49  [TileLang:tilelang.cache.kernel_cache:WARNING] (kernel_cache.py:342): Found kernel 'gather_kernel' in memory cache. For better performance, consider using `@tilelang.jit` instead of direct kernel caching.
2026-09-09 14:24:49  [TileLang:tilelang.cache.kernel_cache:WARNING] (kernel_cache.py:342): Found kernel 'gather_kernel' in memory cache. For better performance, consider using `@tilelang.jit` instead of direct kernel caching.
{"case_id": 11, "module": "submissions/nsa128.py", "seed": 587, "mode": "public", "median_us": {"cupti": 19.2}}
{"case_id": 11, "module": "submissions/nsa138.py", "seed": 587, "mode": "public", "median_us": {"cupti": 19.141120000000065}}
{"case_id": 11, "module": "submissions/nsa128.py", "seed": 587, "mode": "current", "median_us": {"cupti": 19.107840000000127}}
{"case_id": 11, "module": "submissions/nsa138.py", "seed": 587, "mode": "current", "median_us": {"cupti": 19.128320000000002}}
2026-09-09 14:24:50  [TileLang:tilelang.cache.kernel_cache:WARNING] (kernel_cache.py:342): Found kernel 'kernel' in memory cache. For better performance, consider using `@tilelang.jit` instead of direct kernel caching.
{"case_id": 12, "module": "submissions/nsa128.py", "seed": 587, "mode": "public", "median_us": {"cupti": 60.73344000000017}}
{"case_id": 12, "module": "submissions/nsa138.py", "seed": 587, "mode": "public", "median_us": {"cupti": 60.72575999999995}}
{"case_id": 12, "module": "submissions/nsa128.py", "seed": 587, "mode": "current", "median_us": {"cupti": 61.32223999999993}}
{"case_id": 12, "module": "submissions/nsa138.py", "seed": 587, "mode": "current", "median_us": {"cupti": 61.4195200000002}}
2026-09-09 14:24:52  [TileLang:tilelang.cache.kernel_cache:WARNING] (kernel_cache.py:342): Found kernel 'kernel' in memory cache. For better performance, consider using `@tilelang.jit` instead of direct kernel caching.
2026-09-09 14:24:52  [TileLang:tilelang.cache.kernel_cache:WARNING] (kernel_cache.py:342): Found kernel 'kernel' in memory cache. For better performance, consider using `@tilelang.jit` instead of direct kernel caching.
{"case_id": 13, "module": "submissions/nsa128.py", "seed": 587, "mode": "public", "median_us": {"cupti": 7.700479999999988}}
{"case_id": 13, "module": "submissions/nsa138.py", "seed": 587, "mode": "public", "median_us": {"cupti": 7.518719999999975}}
{"case_id": 13, "module": "submissions/nsa128.py", "seed": 587, "mode": "current", "median_us": {"cupti": 7.751680000000088}}
{"case_id": 13, "module": "submissions/nsa138.py", "seed": 587, "mode": "current", "median_us": {"cupti": 7.55456000000002}}
2026-09-09 14:24:53  [TileLang:tilelang.cache.kernel_cache:WARNING] (kernel_cache.py:342): Found kernel 'kernel' in memory cache. For better performance, consider using `@tilelang.jit` instead of direct kernel caching.
{"case_id": 14, "module": "submissions/nsa128.py", "seed": 587, "mode": "public", "median_us": {"cupti": 16.21504000000001}}
{"case_id": 14, "module": "submissions/nsa138.py", "seed": 587, "mode": "public", "median_us": {"cupti": 16.17919999999991}}
{"case_id": 14, "module": "submissions/nsa128.py", "seed": 587, "mode": "current", "median_us": {"cupti": 16.1919999999999}}
{"case_id": 14, "module": "submissions/nsa138.py", "seed": 587, "mode": "current", "median_us": {"cupti": 16.268799999999942}}
{"stage": "complete", "script": "calibrate_oj_protocol.py"}
{"stage": "begin", "script": "dump_sources.py"}
2026-09-09 14:24:56  [TileLang:tilelang.cache.kernel_cache:WARNING] (kernel_cache.py:342): Found kernel 'kernel' in memory cache. For better performance, consider using `@tilelang.jit` instead of direct kernel caching.
{"case_id": 1, "path": "/data/nsa_codex_20260909_r1/results/sources138/nsa128_case1.cu", "sha256": "8be1153532d3a653b113379c567a72a96a75c1d248fb19b8d1edf30f99722dad"}
2026-09-09 14:24:56  [TileLang:tilelang.cache.kernel_cache:WARNING] (kernel_cache.py:342): Found kernel 'kernel' in memory cache. For better performance, consider using `@tilelang.jit` instead of direct kernel caching.
{"case_id": 2, "path": "/data/nsa_codex_20260909_r1/results/sources138/nsa128_case2.cu", "sha256": "3e070ae804c0016c2b3389bb957b4c99bb4721bb97e80885d3e0c05bdb31c5a6"}
2026-09-09 14:24:56  [TileLang:tilelang.cache.kernel_cache:WARNING] (kernel_cache.py:342): Found kernel 'kernel' in memory cache. For better performance, consider using `@tilelang.jit` instead of direct kernel caching.
{"case_id": 3, "path": "/data/nsa_codex_20260909_r1/results/sources138/nsa128_case3.cu", "sha256": "d47a724e64eaa9f48f20510271150e2c425ab9454166d8b1c588d9ab4ccea59a"}
2026-09-09 14:24:56  [TileLang:tilelang.cache.kernel_cache:WARNING] (kernel_cache.py:342): Found kernel 'kernel' in memory cache. For better performance, consider using `@tilelang.jit` instead of direct kernel caching.
{"case_id": 4, "path": "/data/nsa_codex_20260909_r1/results/sources138/nsa128_case4.cu", "sha256": "6e8715e0be11e3a0aef559f62e61976453aa647de4a81d021c44da4570139e77"}
2026-09-09 14:24:56  [TileLang:tilelang.cache.kernel_cache:WARNING] (kernel_cache.py:342): Found kernel 'kernel' in memory cache. For better performance, consider using `@tilelang.jit` instead of direct kernel caching.
{"case_id": 5, "path": "/data/nsa_codex_20260909_r1/results/sources138/nsa128_case5.cu", "sha256": "958a6c8bf7cdbd7b2ea00cc31f6982f6917dd89fe3a058ad62f220dd4a805bd1"}
2026-09-09 14:24:56  [TileLang:tilelang.cache.kernel_cache:WARNING] (kernel_cache.py:342): Found kernel 'kernel' in memory cache. For better performance, consider using `@tilelang.jit` instead of direct kernel caching.
{"case_id": 6, "path": "/data/nsa_codex_20260909_r1/results/sources138/nsa128_case6.cu", "sha256": "37e9597746b48fbc651e96ff0a322a79320827fb2c3db3ce9fb0176f8dfe6ac6"}
2026-09-09 14:24:57  [TileLang:tilelang.cache.kernel_cache:WARNING] (kernel_cache.py:342): Found kernel 'kernel' in memory cache. For better performance, consider using `@tilelang.jit` instead of direct kernel caching.
{"case_id": 7, "path": "/data/nsa_codex_20260909_r1/results/sources138/nsa128_case7.cu", "sha256": "82c5e78e02cc6f4b09a47766de694807ebd339f3371ab12047330259e227719a"}
2026-09-09 14:24:57  [TileLang:tilelang.cache.kernel_cache:WARNING] (kernel_cache.py:342): Found kernel 'kernel' in memory cache. For better performance, consider using `@tilelang.jit` instead of direct kernel caching.
{"case_id": 8, "path": "/data/nsa_codex_20260909_r1/results/sources138/nsa128_case8.cu", "sha256": "ef1d68eae46695bc8b7c7dd844f24acad64ab951b24ac37fc5729e8203b75906"}
2026-09-09 14:24:57  [TileLang:tilelang.cache.kernel_cache:WARNING] (kernel_cache.py:342): Found kernel 'kernel' in memory cache. For better performance, consider using `@tilelang.jit` instead of direct kernel caching.
{"case_id": 9, "path": "/data/nsa_codex_20260909_r1/results/sources138/nsa128_case9.cu", "sha256": "0b4e0cdd126e53e5b73dc2a98e71ddf586fcc2faf6371f0184240e7feca575ec"}
2026-09-09 14:24:57  [TileLang:tilelang.cache.kernel_cache:WARNING] (kernel_cache.py:342): Found kernel 'gather_kernel' in memory cache. For better performance, consider using `@tilelang.jit` instead of direct kernel caching.
{"case_id": 10, "path": "/data/nsa_codex_20260909_r1/results/sources138/nsa128_case10.cu", "sha256": "71a8a86de1195b264ae0aa6cf0a6176a4b78b18d3ade435b88079bd0b64d77e8"}
2026-09-09 14:24:57  [TileLang:tilelang.cache.kernel_cache:WARNING] (kernel_cache.py:342): Found kernel 'gather_kernel' in memory cache. For better performance, consider using `@tilelang.jit` instead of direct kernel caching.
{"case_id": 11, "path": "/data/nsa_codex_20260909_r1/results/sources138/nsa128_case11.cu", "sha256": "77087f5cd01a2b04c0de1cba131b116362ba697060abec2e90970ad5622e668d"}
2026-09-09 14:24:57  [TileLang:tilelang.cache.kernel_cache:WARNING] (kernel_cache.py:342): Found kernel 'kernel' in memory cache. For better performance, consider using `@tilelang.jit` instead of direct kernel caching.
{"case_id": 12, "path": "/data/nsa_codex_20260909_r1/results/sources138/nsa128_case12.cu", "sha256": "b6617d2506adae51fa29fc7496e88058b940761b645095796df1dd496c3b3493"}
2026-09-09 14:24:57  [TileLang:tilelang.cache.kernel_cache:WARNING] (kernel_cache.py:342): Found kernel 'kernel' in memory cache. For better performance, consider using `@tilelang.jit` instead of direct kernel caching.
{"case_id": 13, "path": "/data/nsa_codex_20260909_r1/results/sources138/nsa128_case13.cu", "sha256": "fce0aa492fb667f9a796b2557061acebece556cd24d4b23ace2fd6afe5317876"}
2026-09-09 14:24:57  [TileLang:tilelang.cache.kernel_cache:WARNING] (kernel_cache.py:342): Found kernel 'kernel' in memory cache. For better performance, consider using `@tilelang.jit` instead of direct kernel caching.
{"case_id": 14, "path": "/data/nsa_codex_20260909_r1/results/sources138/nsa128_case14.cu", "sha256": "184c13c40faceb865fb2837388d6f947055a66a77766edae871160c2add1771e"}
2026-09-09 14:24:59  [TileLang:tilelang.cache.kernel_cache:WARNING] (kernel_cache.py:342): Found kernel 'kernel' in memory cache. For better performance, consider using `@tilelang.jit` instead of direct kernel caching.
{"case_id": 1, "path": "/data/nsa_codex_20260909_r1/results/sources138/nsa138_case1.cu", "sha256": "8be1153532d3a653b113379c567a72a96a75c1d248fb19b8d1edf30f99722dad"}
2026-09-09 14:24:59  [TileLang:tilelang.cache.kernel_cache:WARNING] (kernel_cache.py:342): Found kernel 'kernel' in memory cache. For better performance, consider using `@tilelang.jit` instead of direct kernel caching.
{"case_id": 2, "path": "/data/nsa_codex_20260909_r1/results/sources138/nsa138_case2.cu", "sha256": "3e070ae804c0016c2b3389bb957b4c99bb4721bb97e80885d3e0c05bdb31c5a6"}
2026-09-09 14:24:59  [TileLang:tilelang.cache.kernel_cache:WARNING] (kernel_cache.py:342): Found kernel 'kernel' in memory cache. For better performance, consider using `@tilelang.jit` instead of direct kernel caching.
{"case_id": 3, "path": "/data/nsa_codex_20260909_r1/results/sources138/nsa138_case3.cu", "sha256": "d47a724e64eaa9f48f20510271150e2c425ab9454166d8b1c588d9ab4ccea59a"}
2026-09-09 14:24:59  [TileLang:tilelang.cache.kernel_cache:WARNING] (kernel_cache.py:342): Found kernel 'kernel' in memory cache. For better performance, consider using `@tilelang.jit` instead of direct kernel caching.
{"case_id": 4, "path": "/data/nsa_codex_20260909_r1/results/sources138/nsa138_case4.cu", "sha256": "6e8715e0be11e3a0aef559f62e61976453aa647de4a81d021c44da4570139e77"}
2026-09-09 14:24:59  [TileLang:tilelang.cache.kernel_cache:WARNING] (kernel_cache.py:342): Found kernel 'kernel' in memory cache. For better performance, consider using `@tilelang.jit` instead of direct kernel caching.
{"case_id": 5, "path": "/data/nsa_codex_20260909_r1/results/sources138/nsa138_case5.cu", "sha256": "958a6c8bf7cdbd7b2ea00cc31f6982f6917dd89fe3a058ad62f220dd4a805bd1"}
2026-09-09 14:24:59  [TileLang:tilelang.cache.kernel_cache:WARNING] (kernel_cache.py:342): Found kernel 'kernel' in memory cache. For better performance, consider using `@tilelang.jit` instead of direct kernel caching.
{"case_id": 6, "path": "/data/nsa_codex_20260909_r1/results/sources138/nsa138_case6.cu", "sha256": "37e9597746b48fbc651e96ff0a322a79320827fb2c3db3ce9fb0176f8dfe6ac6"}
2026-09-09 14:25:00  [TileLang:tilelang.cache.kernel_cache:WARNING] (kernel_cache.py:342): Found kernel 'kernel' in memory cache. For better performance, consider using `@tilelang.jit` instead of direct kernel caching.
{"case_id": 7, "path": "/data/nsa_codex_20260909_r1/results/sources138/nsa138_case7.cu", "sha256": "82c5e78e02cc6f4b09a47766de694807ebd339f3371ab12047330259e227719a"}
2026-09-09 14:25:00  [TileLang:tilelang.cache.kernel_cache:WARNING] (kernel_cache.py:342): Found kernel 'kernel' in memory cache. For better performance, consider using `@tilelang.jit` instead of direct kernel caching.
{"case_id": 8, "path": "/data/nsa_codex_20260909_r1/results/sources138/nsa138_case8.cu", "sha256": "ef1d68eae46695bc8b7c7dd844f24acad64ab951b24ac37fc5729e8203b75906"}
2026-09-09 14:25:00  [TileLang:tilelang.cache.kernel_cache:WARNING] (kernel_cache.py:342): Found kernel 'kernel' in memory cache. For better performance, consider using `@tilelang.jit` instead of direct kernel caching.
{"case_id": 9, "path": "/data/nsa_codex_20260909_r1/results/sources138/nsa138_case9.cu", "sha256": "0b4e0cdd126e53e5b73dc2a98e71ddf586fcc2faf6371f0184240e7feca575ec"}
2026-09-09 14:25:00  [TileLang:tilelang.cache.kernel_cache:WARNING] (kernel_cache.py:342): Found kernel 'gather_kernel' in memory cache. For better performance, consider using `@tilelang.jit` instead of direct kernel caching.
{"case_id": 10, "path": "/data/nsa_codex_20260909_r1/results/sources138/nsa138_case10.cu", "sha256": "71a8a86de1195b264ae0aa6cf0a6176a4b78b18d3ade435b88079bd0b64d77e8"}
2026-09-09 14:25:00  [TileLang:tilelang.cache.kernel_cache:WARNING] (kernel_cache.py:342): Found kernel 'gather_kernel' in memory cache. For better performance, consider using `@tilelang.jit` instead of direct kernel caching.
{"case_id": 11, "path": "/data/nsa_codex_20260909_r1/results/sources138/nsa138_case11.cu", "sha256": "77087f5cd01a2b04c0de1cba131b116362ba697060abec2e90970ad5622e668d"}
2026-09-09 14:25:00  [TileLang:tilelang.cache.kernel_cache:WARNING] (kernel_cache.py:342): Found kernel 'kernel' in memory cache. For better performance, consider using `@tilelang.jit` instead of direct kernel caching.
{"case_id": 12, "path": "/data/nsa_codex_20260909_r1/results/sources138/nsa138_case12.cu", "sha256": "b6617d2506adae51fa29fc7496e88058b940761b645095796df1dd496c3b3493"}
2026-09-09 14:25:00  [TileLang:tilelang.cache.kernel_cache:WARNING] (kernel_cache.py:342): Found kernel 'kernel' in memory cache. For better performance, consider using `@tilelang.jit` instead of direct kernel caching.
{"case_id": 13, "path": "/data/nsa_codex_20260909_r1/results/sources138/nsa138_case13.cu", "sha256": "acf63a074c763e617620fa84a1d76f61551b324a06334279c56ece5ae4a1a09b"}
2026-09-09 14:25:00  [TileLang:tilelang.cache.kernel_cache:WARNING] (kernel_cache.py:342): Found kernel 'kernel' in memory cache. For better performance, consider using `@tilelang.jit` instead of direct kernel caching.
{"case_id": 14, "path": "/data/nsa_codex_20260909_r1/results/sources138/nsa138_case14.cu", "sha256": "184c13c40faceb865fb2837388d6f947055a66a77766edae871160c2add1771e"}
{"stage": "complete", "script": "dump_sources.py"}
{"workflow": "complete", "limitation": "Local validation, not OJ score"}
